******************************************************************************
               TMS320C6x Linker PC v7.4.7                      
******************************************************************************
>> Linked Wed Sep 04 09:40:10 2019

OUTPUT FILE NAME:   <040 DIP_SW and LED.out>
ENTRY POINT SYMBOL: "_c_int00"  address: 00004840


MEMORY CONFIGURATION

         name            origin    length      used     unused   attr    fill
----------------------  --------  ---------  --------  --------  ----  --------
  IRAM                  00000000   00030000  00006549  00029ab7  RWIX
  L2RAM                 00030000   00010000  00000000  00010000  RWIX
  EMIFCE0               80000000   10000000  00000000  10000000  RWIX
  EMIFCE1               90000000   10000000  00000000  10000000  RWIX
  EMIFCE2               a0000000   10000000  00000000  10000000  RWIX
  EMIFCE3               b0000000   10000000  00000000  10000000  RWIX


SECTION ALLOCATION MAP

 output                                  attributes/
section   page    origin      length       input sections
--------  ----  ----------  ----------   ----------------
.text      0    00000000    00004b20     
                  00000000    000004c0     rts6700.lib : fputs.obj (.text:_fputs)
                  000004c0    00000460     dsk6713bsl.lib : dsk6713.obj (.text)
                  00000920    00000380     rts6700.lib : memory.obj (.text:_free)
                  00000ca0    00000300                 : _printfi_min.obj (.text:__setfield)
                  00000fa0    000002a0                 : fputc.obj (.text:_fputc)
                  00001240    000002a0                 : setvbuf.obj (.text:_setvbuf)
                  000014e0    00000240                 : _printfi_min.obj (.text:__printfi_minimal)
                  00001720    00000240                 : memory.obj (.text:_malloc)
                  00001960    00000240                 : memcpy62.obj (.text:_memcpy)
                  00001ba0    00000220                 : trgdrv.obj (.text:_HOSTrename)
                  00001dc0    00000220     csl6713.lib : csl.obj (.text:__CSL_init)
                  00001fe0    000001e0     rts6700.lib : lowlev.obj (.text:_getdevice)
                  000021c0    000001c0                 : fseek.obj (.text:_fseek)
                  00002380    000001c0     csl6713.lib : csl_irq.obj (.text:_mux2Tables)
                  00002540    000001a0     dsk6713bsl.lib : dsk6713_led.obj (.text)
                  000026e0    00000180     main.obj (.text)
                  00002860    00000160     rts6700.lib : trgdrv.obj (.text:_HOSTlseek)
                  000029c0    00000160                 : fclose.obj (.text:__closefile)
                  00002b20    00000140                 : trgdrv.obj (.text:_HOSTread)
                  00002c60    00000140     csl6713.lib : csl_timer.obj (.text:_TIMER_open)
                  00002da0    00000120     rts6700.lib : trgdrv.obj (.text:_HOSTopen)
                  00002ec0    00000120                 : trgdrv.obj (.text:_HOSTwrite)
                  00002fe0    00000120     csl6713.lib : csl_timer.obj (.text:_TIMER_reset)
                  00003100    00000120     rts6700.lib : _printfi_min.obj (.text:__pproc_str)
                  00003220    00000120                 : _io_perm.obj (.text:__wrt_ok)
                  00003340    00000120                 : lowlev.obj (.text:_close)
                  00003460    00000120                 : memset.obj (.text:_memset)
                  00003580    00000100                 : trgdrv.obj (.text:_HOSTclose)
                  00003680    00000100                 : trgdrv.obj (.text:_HOSTunlink)
                  00003780    00000100                 : autoinit.obj (.text:__auto_init)
                  00003880    00000100                 : lowlev.obj (.text:_lseek)
                  00003980    00000100                 : printf.obj (.text:_printf)
                  00003a80    00000100                 : lowlev.obj (.text:_write)
                  00003b80    000000e0                 : fopen.obj (.text:__cleanup)
                  00003c60    000000e0                 : fflush.obj (.text:__doflush)
                  00003d40    000000e0                 : _printfi_min.obj (.text:__getarg_diouxp)
                  00003e20    000000e0                 : strasg.obj (.text:__strasg)
                  00003f00    000000e0                 : exit.obj (.text:_exit)
                  00003fe0    000000e0                 : memory.obj (.text:_minsert)
                  000040c0    000000e0                 : memory.obj (.text:_mremove)
                  000041a0    000000c0                 : divu.obj (.text:__divu)
                  00004260    000000c0                 : _printfi_min.obj (.text:__ltostr)
                  00004320    000000c0                 : cpy_tbl.obj (.text:_copy_in)
                  000043e0    000000c0                 : lowlev.obj (.text:_finddevice)
                  000044a0    000000a0     csl6713.lib : csl_irq.obj (.text:__IRQ_init)
                  00004540    000000a0     rts6700.lib : _printfi_min.obj (.text:__pproc_diouxp)
                  000045e0    000000a0                 : trgmsg.obj (.text:_readmsg)
                  00004680    000000a0                 : lowlev.obj (.text:_unlink)
                  00004720    000000a0                 : trgmsg.obj (.text:_writemsg)
                  000047c0    00000080                 : cpp_init.obj (.text:___TI_cpp_init)
                  00004840    00000080                 : boot.obj (.text:_c_int00)
                  000048c0    00000080                 : memccpy.obj (.text:_memccpy)
                  00004940    00000060                 : _printfi_min.obj (.text:__div)
                  000049a0    00000060     dsk6713bsl.lib : dsk6713_dip.obj (.text)
                  00004a00    00000040     rts6700.lib : args_main.obj (.text:__args_main)
                  00004a40    00000020     csl6713.lib : csl.obj (.text:_CSL6713_LIB_)
                  00004a60    00000020     rts6700.lib : _lock.obj (.text:__nop)
                  00004a80    00000020                 : printf.obj (.text:__outc)
                  00004aa0    00000020                 : printf.obj (.text:__outs)
                  00004ac0    00000020                 : exit.obj (.text:_abort)
                  00004ae0    00000020                 : remove.obj (.text:_remove)
                  00004b00    00000020     csl6713.lib : csl_irq.obj (.text)

.bss       0    00000000    00000000     UNINITIALIZED

.data      0    00000000    00000000     UNINITIALIZED

.pinit     0    00000000    00000000     UNINITIALIZED

$BRID      0    00000000    00000090     COPY SECTION
                  00000000    00000054     dsk6713bsl.lib : dsk6713.obj ($BRID)
                  00000054    0000000c                    : dsk6713_dip.obj ($BRID)
                  00000060    00000030                    : dsk6713_led.obj ($BRID)

.stack     0    00004b20    00000800     UNINITIALIZED
                  00004b20    00000008     rts6700.lib : boot.obj (.stack)
                  00004b28    000007f8     --HOLE--

.sysmem    0    00005320    00000800     UNINITIALIZED
                  00005320    00000008     rts6700.lib : memory.obj (.sysmem)
                  00005328    000007f8     --HOLE--

.far       0    00005b20    000005ac     UNINITIALIZED
                  00005b20    00000324     rts6700.lib : defs.obj (.far)
                  00005e44    0000011c                 : lowlev.obj (.far)
                  00005f60    000000f4     csl6713.lib : csl_irq.obj (.far)
                  00006054    00000028                 : csl.obj (.far)
                  0000607c    00000024                 : csl_timer.obj (.far)
                  000060a0    0000000c     rts6700.lib : exit.obj (.far)
                  000060ac    00000008                 : _lock.obj (.far)
                  000060b4    00000008                 : memory.obj (.far)
                  000060bc    00000008                 : trgdrv.obj (.far)
                  000060c4    00000004                 : fopen.obj (.far)
                  000060c8    00000002     dsk6713bsl.lib : dsk6713.obj (.far)
                  000060ca    00000002                    : dsk6713_led.obj (.far)

.cinit     0    000060d0    00000314     
                  000060d0    0000012c     csl6713.lib : csl_irq.obj (.cinit)
                  000061fc    00000004     --HOLE-- [fill = 0]
                  00006200    0000005c     rts6700.lib : defs.obj (.cinit)
                  0000625c    00000004     --HOLE-- [fill = 0]
                  00006260    0000005c                 : lowlev.obj (.cinit)
                  000062bc    00000004     --HOLE-- [fill = 0]
                  000062c0    0000004c     csl6713.lib : csl_timer.obj (.cinit)
                  0000630c    00000004     --HOLE-- [fill = 0]
                  00006310    0000003c                 : csl.obj (.cinit)
                  0000634c    00000004     --HOLE-- [fill = 0]
                  00006350    0000002c     rts6700.lib : exit.obj (.cinit)
                  0000637c    00000004     --HOLE-- [fill = 0]
                  00006380    0000002c                 : memory.obj (.cinit)
                  000063ac    00000004     --HOLE-- [fill = 0]
                  000063b0    0000001c                 : _lock.obj (.cinit)
                  000063cc    00000004     --HOLE-- [fill = 0]
                  000063d0    0000000c                 : fopen.obj (.cinit)
                  000063dc    00000004     --HOLE-- [fill = 0]
                  000063e0    00000004     (.pad.cinit) [fill = 0]

.cio       0    000063e4    00000120     UNINITIALIZED
                  000063e4    00000120     rts6700.lib : trgmsg.obj (.cio)

.const     0    00006504    00000049     
                  00006504    00000020     dsk6713bsl.lib : dsk6713.obj (.const)
                  00006524    00000014     main.obj (.const:.string)
                  00006538    00000013     rts6700.lib : _printfi_min.obj (.const:.string)
                  0000654b    00000002                 : fputs.obj (.const:.string)


GLOBAL SYMBOLS: SORTED ALPHABETICALLY BY Name 

address    name
--------   ----
00000000   $bss
00000000   .bss
00000000   .data
00000000   .text
00004ac0   C$$EXIT
00004798   C$$IO$$
00004a40   _CSL6713_LIB_
000049a8   _DSK6713_DIP_get
000049a0   _DSK6713_DIP_init
00002540   _DSK6713_LED_init
00002568   _DSK6713_LED_off
000025d0   _DSK6713_LED_on
00002634   _DSK6713_LED_toggle
00000898   _DSK6713_getVersion
000004f0   _DSK6713_init
000007f0   _DSK6713_rget
00000804   _DSK6713_rset
000060c8   _DSK6713_version
00000818   _DSK6713_wait
0000086c   _DSK6713_waitusec
00003580   _HOSTclose
00002860   _HOSTlseek
00002da0   _HOSTopen
00002b20   _HOSTread
00001ba0   _HOSTrename
00003680   _HOSTunlink
00002ec0   _HOSTwrite
00002c60   _TIMER_open
00002fe0   _TIMER_reset
000063e4   __CIOBUF_
00001dc0   __CSL_init
0000604c   __IRQ_dispatchTable
00005f88   __IRQ_eventTable
00004b00   __IRQ_hookFetchPacket
000044a0   __IRQ_init
0000600c   __IRQ_intTable
00005320   __STACK_END
00000800   __STACK_SIZE
00000800   __SYSMEM_SIZE
0000607c   __TIMER_deviceTable
0000609c   __TIMER_hBios
00006094   __TIMER_hDev0
00006098   __TIMER_hDev1
00000001   __TI_args_main
000047c0   ___TI_cpp_init
000060a8   ___TI_enable_exit_profile_output
ffffffff   ___TI_pprof_out_hndl
ffffffff   ___TI_prof_data_size
ffffffff   ___TI_prof_data_start
ffffffff   ___binit__
00000000   ___bss__
ffffffff   ___c_args__
000060d0   ___cinit__
00000000   ___data__
00000000   ___edata__
00000000   ___end__
00004b20   ___etext__
ffffffff   ___pinit__
00000000   ___text__
00004a00   __args_main
00003780   __auto_init
000041a0   __c6xabi_divu
00003b80   __cleanup
000060a0   __cleanup_ptr
000029c0   __closefile
000041a0   __divu
00003c60   __doflush
000060a4   __dtors_ptr
00005e40   __ft_end
00005b20   __ftable
000060ac   __lock
00004a60   __nop
000014e0   __printfi_minimal
00004b20   __stack
00003e20   __strasg
00005320   __sys_memory
00005d00   __tmpnams
000060b0   __unlock
00003220   __wrt_ok
00004ac0   _abort
00004840   _c_int00
00003340   _close
00004320   _copy_in
00003f00   _exit
00000fa0   _fputc
00000000   _fputs
00000920   _free
000021c0   _fseek
00003880   _lseek
00002728   _main
00001720   _malloc
000048c0   _memccpy
00001960   _memcpy
00003460   _memset
00003980   _printf
00000fa0   _putc
000045e0   _readmsg
00004ae0   _remove
00001240   _setvbuf
00004680   _unlink
00003a80   _write
00004720   _writemsg
ffffffff   binit
000060d0   cinit
00000000   edata
00000000   end
00004b20   etext
ffffffff   pinit


GLOBAL SYMBOLS: SORTED BY Symbol Address 

address    name
--------   ----
00000000   $bss
00000000   .bss
00000000   .data
00000000   .text
00000000   ___bss__
00000000   ___data__
00000000   ___edata__
00000000   ___end__
00000000   ___text__
00000000   _fputs
00000000   edata
00000000   end
00000001   __TI_args_main
000004f0   _DSK6713_init
000007f0   _DSK6713_rget
00000800   __STACK_SIZE
00000800   __SYSMEM_SIZE
00000804   _DSK6713_rset
00000818   _DSK6713_wait
0000086c   _DSK6713_waitusec
00000898   _DSK6713_getVersion
00000920   _free
00000fa0   _fputc
00000fa0   _putc
00001240   _setvbuf
000014e0   __printfi_minimal
00001720   _malloc
00001960   _memcpy
00001ba0   _HOSTrename
00001dc0   __CSL_init
000021c0   _fseek
00002540   _DSK6713_LED_init
00002568   _DSK6713_LED_off
000025d0   _DSK6713_LED_on
00002634   _DSK6713_LED_toggle
00002728   _main
00002860   _HOSTlseek
000029c0   __closefile
00002b20   _HOSTread
00002c60   _TIMER_open
00002da0   _HOSTopen
00002ec0   _HOSTwrite
00002fe0   _TIMER_reset
00003220   __wrt_ok
00003340   _close
00003460   _memset
00003580   _HOSTclose
00003680   _HOSTunlink
00003780   __auto_init
00003880   _lseek
00003980   _printf
00003a80   _write
00003b80   __cleanup
00003c60   __doflush
00003e20   __strasg
00003f00   _exit
000041a0   __c6xabi_divu
000041a0   __divu
00004320   _copy_in
000044a0   __IRQ_init
000045e0   _readmsg
00004680   _unlink
00004720   _writemsg
00004798   C$$IO$$
000047c0   ___TI_cpp_init
00004840   _c_int00
000048c0   _memccpy
000049a0   _DSK6713_DIP_init
000049a8   _DSK6713_DIP_get
00004a00   __args_main
00004a40   _CSL6713_LIB_
00004a60   __nop
00004ac0   C$$EXIT
00004ac0   _abort
00004ae0   _remove
00004b00   __IRQ_hookFetchPacket
00004b20   ___etext__
00004b20   __stack
00004b20   etext
00005320   __STACK_END
00005320   __sys_memory
00005b20   __ftable
00005d00   __tmpnams
00005e40   __ft_end
00005f88   __IRQ_eventTable
0000600c   __IRQ_intTable
0000604c   __IRQ_dispatchTable
0000607c   __TIMER_deviceTable
00006094   __TIMER_hDev0
00006098   __TIMER_hDev1
0000609c   __TIMER_hBios
000060a0   __cleanup_ptr
000060a4   __dtors_ptr
000060a8   ___TI_enable_exit_profile_output
000060ac   __lock
000060b0   __unlock
000060c8   _DSK6713_version
000060d0   ___cinit__
000060d0   cinit
000063e4   __CIOBUF_
ffffffff   ___TI_pprof_out_hndl
ffffffff   ___TI_prof_data_size
ffffffff   ___TI_prof_data_start
ffffffff   ___binit__
ffffffff   ___c_args__
ffffffff   ___pinit__
ffffffff   binit
ffffffff   pinit

[108 symbols]
