******************************************************************************
               TMS320C6x Linker PC v7.4.15                     
******************************************************************************
>> Linked Fri Dec 25 21:37:12 2015

OUTPUT FILE NAME:   <230 bios dual mikes.out>
ENTRY POINT SYMBOL: "_c_int00"  address: 0000e8c0


MEMORY CONFIGURATION

         name            origin    length      used     unused   attr    fill
----------------------  --------  ---------  --------  --------  ----  --------
  IRAM                  00000000   00040000  0000f351  00030caf  RWIX
  SDRAM                 80000000   00800000  00000000  00800000  RWIX


SECTION ALLOCATION MAP

 output                                  attributes/
section   page    origin      length       input sections
--------  ----  ----------  ----------   ----------------
.prd       0    00000000    00000000     UNINITIALIZED

.pinit     0    00000000    00000000     UNINITIALIZED

.hst       0    00000000    00000000     UNINITIALIZED

.pip       0    00000000    00000000     UNINITIALIZED

.vers      0    00000000    00000040     COPY SECTION
                  00000000    00000040     biosedmacfg.obj (.vers)

$BRID      0    00000000    000000bc     COPY SECTION
                  00000000    00000024     dsk6713bsl.lib : dsk6713_aic23_opencodec.obj ($BRID)
                  00000024    00000014                    : dsk6713_aic23_registers.obj ($BRID)
                  00000038    00000030                    : dsk6713_led.obj ($BRID)
                  00000068    00000054                    : dsk6713.obj ($BRID)

.hwi_vec   0    00000000    00000200     
                  00000000    00000200     biosedmacfg.obj (.hwi_vec)

.text      0    00000200    000047a0     
                  00000200    00001dc0     biosedma.obj (.text)
                  00001fc0    000006c0     dspfft.obj (.text)
                  00002680    00000460     dsk6713bsl.lib : dsk6713.obj (.text)
                  00002ae0    00000300                    : dsk6713_aic23_opencodec.obj (.text)
                  00002de0    00000280     csl6713.lib : csl_edma.obj (.text:_EDMA_open)
                  00003060    00000240     rts6700.lib : memcpy62.obj (.text:_memcpy)
                  000032a0    00000220     csl6713.lib : csl.obj (.text:__CSL_init)
                  000034c0    000001c0                 : csl_irq.obj (.text:_mux2Tables)
                  00003680    000001a0                 : csl_edma.obj (.text:_EDMA_allocTable)
                  00003820    000001a0                 : csl_mcbsp.obj (.text:_MCBSP_reset)
                  000039c0    000001a0     dsk6713bsl.lib : dsk6713_led.obj (.text)
                  00003b60    00000180     bios_NONINST.a67 : gbl_cslpllinit62.o67 (.text)
                  00003ce0    00000180     c67xfastMath.lib : sindp.obj (.text)
                  00003e60    00000140     csl6713.lib : csl_edma.obj (.text:_EDMA_reset)
                  00003fa0    00000140                 : csl_timer.obj (.text:_TIMER_open)
                  000040e0    00000140     dsk6713bsl.lib : dsk6713_aic23_registers.obj (.text)
                  00004220    00000120     csl6713.lib : csl_timer.obj (.text:_TIMER_reset)
                  00004340    00000100                 : csl_mcbsp.obj (.text:_MCBSP_open)
                  00004440    00000100                 : csl_mcbsp.obj (.text:_MCBSP_start)
                  00004540    000000e0     rts6700.lib : strasg.obj (.text:__strasg)
                  00004620    000000c0     csl6713.lib : csl_edma.obj (.text:_EDMA_clearPram)
                  000046e0    000000c0     bios_NONINST.a67 : tsk_stup.o67 (.text)
                  000047a0    000000a0     csl6713.lib : csl_irq.obj (.text:__IRQ_init)
                  00004840    00000060                 : csl_edma.obj (.text:_EDMA_disableChannel)
                  000048a0    00000060                 : csl_edma.obj (.text:_EDMA_enableChannel)
                  00004900    00000020                 : csl.obj (.text:_CSL6713_LIB_)
                  00004920    00000020     rts6700.lib : _lock.obj (.text:__nop)
                  00004940    00000020                 : _lock.obj (.text:__register_lock)
                  00004960    00000020                 : _lock.obj (.text:__register_unlock)
                  00004980    00000020     csl6713.lib : csl_irq.obj (.text)

.far       0    000049a0    00003330     UNINITIALIZED
                  000049a0    00002f14     biosedma.obj (.far)
                  000078b4    000000f4     csl6713.lib : csl_irq.obj (.far)
                  000079a8    000000d8     bios_NONINST.a67 : knl.o67 (.far)
                  00007a80    0000005c                      : tsk.o67 (.far)
                  00007adc    00000054                      : obj_init.o67 (.far)
                  00007b30    00000054     csl6713.lib : csl_edma.obj (.far)
                  00007b84    00000050     bios_NONINST.a67 : tsk_stup.o67 (.far)
                  00007bd4    00000038     csl6713.lib : csl_mcbsp.obj (.far)
                  00007c0c    00000028                 : csl.obj (.far)
                  00007c34    00000028     dsk6713bsl.lib : dsk6713_aic23_registers.obj (.far)
                  00007c5c    00000024     csl6713.lib : csl_timer.obj (.far)
                  00007c80    00000020     bios_NONINST.a67 : sys.o67 (.far)
                  00007ca0    00000010                      : knl_tick.o67 (.far)
                  00007cb0    0000000c                      : utl_putc.o67 (.far)
                  00007cbc    00000008     dsk6713bsl.lib : dsk6713_aic23_opencodec.obj (.far)
                  00007cc4    00000008     rts6700.lib : _lock.obj (.far)
                  00007ccc    00000002     dsk6713bsl.lib : dsk6713.obj (.far)
                  00007cce    00000002                    : dsk6713_led.obj (.far)

.sts       0    00007cd0    00000010     
                  00007cd0    00000010     biosedmacfg.obj (.sts)

.bios      0    00007ce0    00002dc0     
                  00007ce0    000005e0     bios_NONINST.a67 : gbl_setL2CacheMode.o67 (.bios)
                  000082c0    00000540                      : swi.o67 (.bios)
                  00008800    00000460                      : hwi_disp_asm.o67 (.bios)
                  00008c60    000003a0                      : prd.o67 (.bios)
                  00009000    00000260                      : knl_run.o67 (.bios)
                  00009260    000001c0     biosC6000.a67 : clk.o67 (.bios)
                  00009420    000001c0     bios_NONINST.a67 : knl_swit.o67 (.bios)
                  000095e0    000001c0                      : sem_pend.o67 (.bios)
                  000097a0    00000180                      : autoinit.o67 (.bios)
                  00009920    00000180                      : tsk_stup.o67 (.bios)
                  00009aa0    00000160                      : knl_tick.o67 (.bios)
                  00009c00    00000140                      : tsk_exit.o67 (.bios)
                  00009d40    00000120                      : sem_dopo.o67 (.bios)
                  00009e60    00000120                      : tsk_setu.o67 (.bios)
                  00009f80    000000e0                      : gbl_cslcacheinit.o67 (.bios)
                  0000a060    000000c0     biosC6000.a67 : clk_htime.o67 (.bios)
                  0000a120    000000c0     bios_NONINST.a67 : knl_ipos.o67 (.bios)
                  0000a1e0    000000c0                      : knl_post.o67 (.bios)
                  0000a2a0    000000c0                      : lck.o67 (.bios)
                  0000a360    000000c0                      : sys_exit.o67 (.bios)
                  0000a420    000000a0                      : knl_chec.o67 (.bios)
                  0000a4c0    000000a0                      : knl_exit.o67 (.bios)
                  0000a560    00000080                      : fxn.o67 (.bios)
                  0000a5e0    00000080                      : log.o67 (.bios)
                  0000a660    00000080                      : sem_post_asm.o67 (.bios)
                  0000a6e0    00000080                      : sts.o67 (.bios)
                  0000a760    00000060     biosC6000.a67 : clk_start.o67 (.bios)
                  0000a7c0    00000060     bios_NONINST.a67 : hwi_c.o67 (.bios)
                  0000a820    00000060                      : sem_pend_counting.o67 (.bios)
                  0000a880    00000060                      : sys_abor.o67 (.bios)
                  0000a8e0    00000060                      : utl_putc.o67 (.bios)
                  0000a940    00000040     biosC6000.a67 : clk_stop.o67 (.bios)
                  0000a980    00000040     bios_NONINST.a67 : sem_post.o67 (.bios)
                  0000a9c0    00000040                      : utl_doab.o67 (.bios)
                  0000aa00    00000020                      : fxn_c.o67 (.bios)
                  0000aa20    00000020                      : gbl_vers.o67 (.bios)
                  0000aa40    00000020                      : idl.o67 (.bios)
                  0000aa60    00000020                      : utl_doer.o67 (.bios)
                  0000aa80    00000020                      : utl_halt.o67 (.bios)

.data      0    0000aaa0    00000060     
                  0000aaa0    00000060     c67xfastMath.lib : sindp.obj (.data)

.sysdata   0    0000ab00    00001000     UNINITIALIZED
                  0000ab00    00001000     biosedma.obj (.sysdata)

.cinit     0    0000bb00    00000f74     
                  0000bb00    000004e4     biosedmacfg.obj (.cinit)
                  0000bfe4    00000004     --HOLE-- [fill = 0]
                  0000bfe8    0000026c     bios_NONINST.a67 : biosdata.o67 (.cinit)
                  0000c254    00000004     --HOLE-- [fill = 0]
                  0000c258    000001a4                      : knl.o67 (.cinit)
                  0000c3fc    00000004     --HOLE-- [fill = 0]
                  0000c400    0000012c     csl6713.lib : csl_irq.obj (.cinit)
                  0000c52c    00000004     --HOLE-- [fill = 0]
                  0000c530    0000011c     biosedma.obj (.cinit)
                  0000c64c    00000004     --HOLE-- [fill = 0]
                  0000c650    000000b0     bios_NONINST.a67 : swi.o67 (.cinit)
                  0000c700    00000080                      : tsk.o67 (.cinit)
                  0000c780    00000070     csl6713.lib : csl_edma.obj (.cinit)
                  0000c7f0    00000060     bios_NONINST.a67 : tsk_stup.o67 (.cinit)
                  0000c850    00000054     csl6713.lib : csl_mcbsp.obj (.cinit)
                  0000c8a4    00000004     --HOLE-- [fill = 0]
                  0000c8a8    0000004c                 : csl_timer.obj (.cinit)
                  0000c8f4    00000004     --HOLE-- [fill = 0]
                  0000c8f8    0000003c                 : csl.obj (.cinit)
                  0000c934    00000004     --HOLE-- [fill = 0]
                  0000c938    00000034     bios_NONINST.a67 : hwi.o67 (.cinit)
                  0000c96c    00000004     --HOLE-- [fill = 0]
                  0000c970    00000030     dsk6713bsl.lib : dsk6713_aic23_registers.obj (.cinit)
                  0000c9a0    0000002c     bios_NONINST.a67 : utl_putc.o67 (.cinit)
                  0000c9cc    00000004     --HOLE-- [fill = 0]
                  0000c9d0    00000024                      : obj_init.o67 (.cinit)
                  0000c9f4    00000004     --HOLE-- [fill = 0]
                  0000c9f8    0000001c                      : sys.o67 (.cinit)
                  0000ca14    00000004     --HOLE-- [fill = 0]
                  0000ca18    0000001c     rts6700.lib : _lock.obj (.cinit)
                  0000ca34    00000004     --HOLE-- [fill = 0]
                  0000ca38    00000018     bios_NONINST.a67 : knl_tick.o67 (.cinit)
                  0000ca50    0000000c                      : gbl_setL2CacheMode.o67 (.cinit)
                  0000ca5c    00000004     --HOLE-- [fill = 0]
                  0000ca60    0000000c                      : knl_swit.o67 (.cinit)
                  0000ca6c    00000004     --HOLE-- [fill = 0]
                  0000ca70    00000004     (.pad.cinit) [fill = 0]

.args      0    0000ca74    00000004     
                  0000ca74    00000004     --HOLE-- [fill = 0]

.TSK_ping$stk 
*          0    0000ca78    00000800     UNINITIALIZED
                  0000ca78    00000800     biosedmacfg.obj (.TSK_ping$stk)

.TSK_pong$stk 
*          0    0000d278    00000800     UNINITIALIZED
                  0000d278    00000800     biosedmacfg.obj (.TSK_pong$stk)

.stack     0    0000da78    00000800     UNINITIALIZED
                  0000da78    00000800     --HOLE--

.TSK_idle$stk 
*          0    0000e278    00000400     UNINITIALIZED
                  0000e278    00000400     biosedmacfg.obj (.TSK_idle$stk)

.clk       0    0000e678    00000008     UNINITIALIZED
                  0000e678    00000008     biosedmacfg.obj (.clk)

.sysinit   0    0000e680    000003a0     
                  0000e680    00000240     biosedmacfg.obj (.sysinit)
                  0000e8c0    000000c0     bios_NONINST.a67 : boot.o67 (.sysinit)
                  0000e980    00000080                      : tsk_init.o67 (.sysinit)
                  0000ea00    00000020                      : obj_init.o67 (.sysinit)

.bss       0    0000ea20    000002ec     UNINITIALIZED
                  0000ea20    00000100     bios_NONINST.a67 : hwi_disp_asm.o67 (.bss)
                  0000eb20    000000cc                      : biosdata.o67 (.bss)
                  0000ebec    0000009c                      : swi.o67 (.bss)
                  0000ec88    00000048                      : knl.o67 (.bss)
                  0000ecd0    00000018                      : hwi.o67 (.bss)
                  0000ece8    0000000c                      : tsk.o67 (.bss)
                  0000ecf4    00000008                      : clk_data.o67 (.bss)
                  0000ecfc    00000008                      : sys.o67 (.bss)
                  0000ed04    00000004                      : clk_data2.o67 (.bss)
                  0000ed08    00000004                      : gbl_setL2CacheMode.o67 (.bss)

.trace     0    0000ed0c    00000200     
                  0000ed0c    00000200     --HOLE-- [fill = 00000000]

.tsk       0    0000ef0c    00000120     UNINITIALIZED
                  0000ef0c    00000120     biosedmacfg.obj (.tsk)

.sem       0    0000f02c    00000084     UNINITIALIZED
                  0000f02c    00000084     biosedmacfg.obj (.sem)

.gblinit   0    0000f0b0    00000040     
                  0000f0b0    00000040     biosedmacfg.obj (.gblinit)

.sys       0    0000f0f0    00000010     UNINITIALIZED
                  0000f0f0    00000010     biosedmacfg.obj (.sys)

.LOG_system$buf 
*          0    0000f100    00000100     UNINITIALIZED
                  0000f100    00000100     biosedmacfg.obj (.LOG_system$buf)

.const     0    0000f200    000000f9     
                  0000f200    0000004e     bios_NONINST.a67 : tsk_stup.o67 (.const)
                  0000f24e    00000002     --HOLE-- [fill = 0]
                  0000f250    00000040     dsk6713bsl.lib : dsk6713_aic23_opencodec.obj (.const)
                  0000f290    00000023     bios_NONINST.a67 : utl_doab.o67 (.const)
                  0000f2b3    00000022                      : utl_doer.o67 (.const)
                  0000f2d5    00000003     --HOLE-- [fill = 0]
                  0000f2d8    00000020     dsk6713bsl.lib : dsk6713.obj (.const)
                  0000f2f8    00000001     bios_NONINST.a67 : tsk.o67 (.const)

.printf    0    0000f2f9    0000001a     COPY SECTION
                  0000f2f9    0000001a     biosedmacfg.obj (.printf)

.swi       0    0000f2fc    0000002c     UNINITIALIZED
                  0000f2fc    0000002c     biosedmacfg.obj (.swi)

.log       0    0000f328    00000018     
                  0000f328    00000018     biosedmacfg.obj (.log)

.trcdata   0    0000f340    0000000c     
                  0000f340    0000000c     bios_NONINST.a67 : trc.o67 (.trcdata)

.idl       0    0000f34c    00000004     UNINITIALIZED
                  0000f34c    00000004     biosedmacfg.obj (.idl)

.idlcal    0    0000f350    00000004     UNINITIALIZED
                  0000f350    00000004     biosedmacfg.obj (.idlcal)


GLOBAL SYMBOLS: SORTED ALPHABETICALLY BY Name 

address    name
--------   ----
0000ea20   $bss
0000ea20   .bss
0000aaa0   .data
00000200   .text
0000e680   BIOS_init
0000e824   BIOS_start
00000000   BUF$
00000001   BUF_ENABLED
00000001   CLK$
0000e678   CLK_A_TABBEG
00000001   CLK_CALDIV
00000004   CLK_CALMULT
0000dbba   CLK_COUNTSPMS
00000000   CLK_COUNTSPMSHIGH
0000eb48   CLK_D_idletime
0000eb44   CLK_D_isrhook
0000eb40   CLK_D_tabbeg
0000eb3c   CLK_D_timefxn
0000a060   CLK_F_getfhtime
0000a080   CLK_F_gethtime
00009260   CLK_F_getltime
0000a080   CLK_F_getshtime
00009274   CLK_F_isr
000093d4   CLK_F_itime
00008800   CLK_HOOKFXN
00000001   CLK_HTIMEDIV
00000004   CLK_HTIMEMULT
0000dbba   CLK_HTIMEPERLTIME
00004000   CLK_INTBIT
00000001   CLK_LTIMEDIV
00036ee8   CLK_LTIMEMULT
000003e8   CLK_MICROSECS
0000dbba   CLK_PRD
00000000   CLK_PRDHIGH
01940000   CLK_REGS
0000eb38   CLK_R_time
00000020   CLK_TCR
00000000   CLK_TDDR
00000000   CLK_TDDRHIGH
0000a080   CLK_TIMEFXN
00000000   CLK_TIMERNUM
00000001   CLK_USETIMER
0000e67c   CLK_null
00000000   DEV$
00000000   DGN$
00000000   DHL$
00000000   DHL_gChannelsAvailable
00000000   DIO$
00000000   DIO_NUMSWIBASE
00000000   DIO_NUMTSKBASE
00000000   DIO_STATIC
00000000   DPI$
0000a560   FXN_F_nop
0000a568   FXN_F_run
0000a5b8   FXN_F_zero
00000001   GBL$
00005205   GBL_A_VERSION
00000000   GBL_BIGENDIAN
00000000   GBL_C641XL2PRIORITY
00000000   GBL_CACHE
00000001   GBL_CALLCSLCFGINIT
00004e20   GBL_CLKIN
00001770   GBL_CLKTYPE
00001a39   GBL_DSPSUBTYPE
0000003e   GBL_DSPTYPE
00000000   GBL_ENABLEINST
00000042   GBL_FOOTPRINT
00036ee8   GBL_FREQ
00002226   GBL_L2ALLOC
00000000   GBL_L2CONFIGALLOC
00000001   GBL_L2CONFIGURE
00000001   GBL_L2MARMASK
00000000   GBL_L2MARMASK1
00000000   GBL_L2MARMASK2
00000000   GBL_L2MARMASK3
00000000   GBL_L2MARMASK4
00000000   GBL_L2MARMASK5
00000000   GBL_L2MODE
00000000   GBL_L2PRIORITY
00000000   GBL_NULL
00000000   GBL_PROCID
00000000   GBL_ROM
00000000   GBL_SUPPORTCSL
00004000   GBL_TRCMASKVALUE
00000001   GBL_USERINIT
00003b88   GBL_USERINITFXN
00000001   GBL_boot
0000f348   GBL_initdone
0000da78   GBL_stackbeg
0000e277   GBL_stackend
00000000   GIO$
0000aa00   GIO_CREATEFXN
0000aa00   GIO_DELETEFXN
0000aa00   GIO_PENDFXN
0000aa00   GIO_POSTFXN
00000000   HOOK$
00000000   HOOK_KNLID
00000000   HST$
00000000   HST_A_TABBEG
00000000   HST_A_TABEND
00000000   HST_DSM
ffffffff   HST_DSMBUFSEG
00000400   HST_DSMMEMSIZE
0000ebb4   HST_D_chanmask
0000ebb8   HST_D_tabbeg
0000ebbc   HST_D_tabend
00000100   HST_MAXFRAMEALLOWED
00000000   HST_MAXFRAMESET
00000001   HST_NONE
00000000   HST_RTDX
00000001   HWI$
00000000   HWI_A_VECS
00004100   HWI_CFGDISPATCHED
0000ece0   HWI_D_bss
0000ece4   HWI_D_ccmask
0000ecd0   HWI_D_spsave
00008800   HWI_F_dispatch
00000000   HWI_GENERATE_RESET_VEC
0000000a   HWI_INT10
00000000   HWI_INT10$hwi
0000000b   HWI_INT11
00000000   HWI_INT11$hwi
0000000c   HWI_INT12
00000000   HWI_INT12$hwi
0000000d   HWI_INT13
00000000   HWI_INT13$hwi
0000000e   HWI_INT14
00000000   HWI_INT14$hwi
0000000f   HWI_INT15
00000000   HWI_INT15$hwi
00000004   HWI_INT4
00000000   HWI_INT4$hwi
00000005   HWI_INT5
00000000   HWI_INT5$hwi
00000006   HWI_INT6
00000000   HWI_INT6$hwi
00000007   HWI_INT7
00000000   HWI_INT7$hwi
00000008   HWI_INT8
00000000   HWI_INT8$hwi
00000009   HWI_INT9
00000000   HWI_INT9$hwi
082039a3   HWI_INTRMULTHIGH
310718a4   HWI_INTRMULTLOW
00000001   HWI_NMI
00000000   HWI_NMI$hwi
00000000   HWI_POLARITYMASK
00000002   HWI_RESERVED0
00000000   HWI_RESERVED0$hwi
00000003   HWI_RESERVED1
00000000   HWI_RESERVED1$hwi
00000000   HWI_RESET
00000000   HWI_RESET$hwi
00000001   HWI_ZEROTAB
00000000   IDL$
0000f350   IDL_A_CALBEG
0000f34c   IDL_A_TABBEG
00000000   IDL_CALIBRERROR
00000000   IDL_CALIBRFXN
0000eb28   IDL_D_calbeg
0000eb24   IDL_D_calibrate
0000eb20   IDL_D_tabbeg
0000f34c   IDL_END
0000f350   IDL_END$
0000aa40   IDL_F_loop
00000000   IDL_USECLKIDLTIME
ffffffff   IRAM
00000001   ISRC$
000095a0   KNL_glue
0000f2fc   KNL_swi
00000001   KNL_swi$dorta
00000000   KNL_swi$ord
00000000   KNL_swi$pri
00007cd4   KNL_swi$sts
0000f309   KNL_swi$sts$avgfmt
00000002   KNL_swi$sts$filter
00000001   KNL_swi$sts$filtmaxmult
00000001   KNL_swi$sts$filtsummult
0000f2f9   KNL_swi$sts$maxfmt
00007cd0   KNL_swi$sts$stsobj
0000f301   KNL_swi$sts$sumfmt
00000000   KNL_swi$sts$unittype
00000000   KNL_swi$swi
00000001   LCK$
00000001   LOG$
0000f328   LOG_A_TABBEG
0000f340   LOG_A_TABEND
00000001   LOG_A_TABLEN
0000eb2c   LOG_D_system
00000001   LOG_ENABLED
0000a5e0   LOG_F_event
0000f328   LOG_system
0000f100   LOG_system$buf
00000000   LOG_system$datatype
00000000   LOG_system$log
00000040   LOG_system$size
00000000   MBX$
00000001   MEM$
00000000   MEM_MALLOCSEG
00000000   MEM_NULL
00000000   MEM_SEGZERO
00000000   MEM_USEMPC
00000000   MEM_gNumHeap
00000000   MSGQ$
00000000   MSGQ_USEMSGQ
00000000   OBJ$
00000000   PIP$
00000000   PIP_A_TABBEG
00000000   PIP_A_TABEND
00000000   PIP_A_TABLEN
0000eb30   PIP_D_tabbeg
0000eb34   PIP_D_tablen
00000064   PIP_OBJSIZE
00000000   PIP_gNextId
00000000   PIP_gNumEmbed
00000000   POOL$
00000000   POOL_USEPOOL
00000001   PRD$
00000000   PRD_A_TABBEG
00000000   PRD_A_TABEND
00000000   PRD_A_TABLEN
0000eb70   PRD_D_cur
0000eb74   PRD_D_elapsed
0000eb78   PRD_D_prevtim
0000eb7c   PRD_D_scalar
0000eb80   PRD_D_swihandle
0000eb84   PRD_D_tabbeg
0000eb88   PRD_D_tablen
0000eb8c   PRD_D_thook
0000eb6c   PRD_D_tick
00008c60   PRD_F_swi
00008f20   PRD_F_tick
00004000   PRD_SCALAR
00000000   PRD_SWIHANDLE
00009be4   PRD_THOOKFXN
0000e678   PRD_clock
00000001   QUE$
0000eb90   RTA_D_fromHost
0000eb98   RTA_D_logval
0000eba8   RTA_D_stsval
0000eb94   RTA_D_toHost
00000000   RTDX$
00000408   RTDX_BUFMEMSIZE
ffffffff   RTDX_DATAMEMSEG
00000000   RTDX_MODE
00000000   RTDX_USERTDX
00000000   RTDX_USERTEXECUTION
ffffffff   SDRAM
00000001   SEM$
0000f064   SEM_ping
0000f090   SEM_pong
0000f038   SEM_qdma
00000000   SIO$
00000000   STS$
00007cd0   STS_A_TABBEG
00007ce0   STS_A_TABEND
0000a718   STS_F_add
0000a6e0   STS_F_delta
0000a744   STS_F_reset
00000001   SWI$
0000f2fc   SWI_A_TABBEG
0000f328   SWI_A_TABEND
00000001   SWI_A_TABLEN
0000ec04   SWI_D_curfxn
0000ebf4   SWI_D_curmask
0000ec00   SWI_D_curmbox
0000ebf8   SWI_D_curset
0000ebf0   SWI_D_execaddr
0000ec0c   SWI_D_inswi
0000ebfc   SWI_D_lock
0000ec08   SWI_D_rdybeg
0000ec10   SWI_D_rdytab
0000ebec   SWI_D_runaddr
00000000   SWI_EHOOKFXN
000084dc   SWI_EXECFXN
000082c0   SWI_F_enable
000084dc   SWI_F_exec
00008508   SWI_F_iexec
00008330   SWI_F_post
00008598   SWI_F_run
00000000   SWI_IHOOKFXN
00008598   SWI_RUNFXN
00000001   SYS$
0000f0f0   SYS$config
0000a9c0   SYS_ABORTFXN
0000aa60   SYS_ERRORFXN
0000aa80   SYS_EXITFXN
0000a8e0   SYS_PUTCFXN
0000f344   TRC_R_mask
0000f340   TRC_cinit
00000001   TSK$
00000000   TSK_NUM_HOOKS
00000001   TSK_PRIORITY
00000000   TSK_READYFXN
00000000   TSK_STACKSEG
00000400   TSK_STACKSIZE
00000000   TSK_SWITCHFXN
0000aa00   TSK_VCREATEFXN
0000aa00   TSK_VDELETEFXN
0000aa00   TSK_VEXITFXN
0000ef18   TSK_idle
00000000   TSK_idle$ord
00000000   TSK_idle$pri
0000e278   TSK_idle$stack
0000e610   TSK_idle$stkptr
00000000   TSK_idle$tsk
0000ef78   TSK_ping
00000000   TSK_ping$ord
00000001   TSK_ping$pri
0000ca78   TSK_ping$stack
0000d210   TSK_ping$stkptr
00000000   TSK_ping$tsk
0000efd8   TSK_pong
00000000   TSK_pong$ord
00000001   TSK_pong$pri
0000d278   TSK_pong$stack
0000da10   TSK_pong$stkptr
00000000   TSK_pong$tsk
00000000   UDEV$
000049cc   _AIC_data
0000e680   _BIOS_init
0000e824   _BIOS_start
00004ed0   _BITREV256
00001814   _BitReverse
0000dbba   _CLK_COUNTSPMS
0000ecf4   _CLK_DFLTMICROSECS
0000eb68   _CLK_D_countspms
0000eb5c   _CLK_D_dirty
0000ecf8   _CLK_D_microseconds
0000eb60   _CLK_D_prd
0000eb64   _CLK_D_tddr
000093d4   _CLK_F_itime
0000dbba   _CLK_PRD
01940000   _CLK_REGS
00000000   _CLK_TDDR
00000000   _CLK_TIMERNUM
00000001   _CLK_USETIMER
0000eb4c   _CLK_htimeDiv
0000eb50   _CLK_htimeMult
0000ed04   _CLK_htimePerLtime
000093d4   _CLK_itime
0000eb54   _CLK_ltimeDiv
0000eb58   _CLK_ltimeMult
0000a760   _CLK_start
0000a940   _CLK_stop
00004900   _CSL6713_LIB_
000057d0   _DATAIMAG
00004fd0   _DATAREAL
00007cbc   _DSK6713_AIC23_codeccontrolhandle
00007cc0   _DSK6713_AIC23_codecdatahandle
000041a0   _DSK6713_AIC23_config
00002ae0   _DSK6713_AIC23_openCodec
0000417c   _DSK6713_AIC23_rget
000040e0   _DSK6713_AIC23_rset
000039c0   _DSK6713_LED_init
000039e8   _DSK6713_LED_off
00003a50   _DSK6713_LED_on
00003ab4   _DSK6713_LED_toggle
00002a58   _DSK6713_getVersion
000026b0   _DSK6713_init
000029b0   _DSK6713_rget
000029c4   _DSK6713_rset
00007ccc   _DSK6713_version
000029d8   _DSK6713_wait
00002a2c   _DSK6713_waitusec
000018bc   _Downscale
00003680   _EDMA_allocTable
00004620   _EDMA_clearPram
00004840   _EDMA_disableChannel
000048a0   _EDMA_enableChannel
00002de0   _EDMA_open
00003e60   _EDMA_reset
0000aa00   _FXN_F_nop
0000a568   _FXN_F_run
0000a5b8   _FXN_F_zero
000019fc   _FindMagnitudeSquared
00001aa8   _FindMax
00000000   _GBL_CACHE
0000ebc4   _GBL_clkIn
00009f80   _GBL_cslCacheInit
0000ebc8   _GBL_freq
0000aa20   _GBL_getVersion
0000ebc0   _GBL_procId
00003b88   _GBL_setPLLto225MHz
0000aaa0   _HPisdp
00000000   _HST_A_TABBEG
00000000   _HST_A_TABEND
00004100   _HWI_CFGDISPATCHED
0000ecdc   _HWI_D_inhwi
0000ecd0   _HWI_D_spsave
00008800   _HWI_F_dispatch
0000000a   _HWI_INT10
0000000b   _HWI_INT11
0000000c   _HWI_INT12
0000000d   _HWI_INT13
0000000e   _HWI_INT14
0000000f   _HWI_INT15
00000004   _HWI_INT4
00000005   _HWI_INT5
00000006   _HWI_INT6
00000007   _HWI_INT7
00000008   _HWI_INT8
00000009   _HWI_INT9
00000001   _HWI_NMI
00000002   _HWI_RESERVED0
00000003   _HWI_RESERVED1
00000000   _HWI_RESET
0000e270   _HWI_STKBOTTOM
0000da78   _HWI_STKTOP
0000ecd0   _HWI_data
0000a7c0   _HWI_disable
0000ea20   _HWI_dispatchTab
0000a7d8   _HWI_enable
0000a7ec   _HWI_restore
00001bc0   _HalfCopyFlip
00001c44   _HalfCopyTrue
0000aa40   _IDL_loop
ffffffff   _IRAM
00001d00   _InitializeFFT
0000ec90   _KNL_alarm
0000a420   _KNL_check
0000ecb4   _KNL_curqueue
0000eca4   _KNL_curtask
0000ecac   _KNL_curtime
00007a48   _KNL_dummy
0000a514   _KNL_enter
0000a4c0   _KNL_exit
0000a454   _KNL_idle
0000eccc   _KNL_idlefxn
0000ec98   _KNL_inactive
0000a120   _KNL_ipost
0000a47c   _KNL_max
0000ecb8   _KNL_maxqueue
0000a1e0   _KNL_post
0000eca8   _KNL_prevtask
0000ec9c   _KNL_priority
000079a8   _KNL_queues
00009000   _KNL_run
00009420   _KNL_saveIsrFrame
0000eca0   _KNL_set
0000ec94   _KNL_setpri
0000f2fc   _KNL_swi
0000ecb0   _KNL_swiptr
000094ec   _KNL_switch
0000ecc0   _KNL_tcreatefxn
0000ecc4   _KNL_tdeletefxn
00009be4   _KNL_tick
0000ecc8   _KNL_treadyfxn
0000ecbc   _KNL_tswitchfxn
0000ec88   _KNL_wFlag
0000ec8c   _KNL_wList
0000a2d0   _LCK_pend
0000a2a0   _LCK_post
0000f328   _LOG_A_TABBEG
0000f340   _LOG_A_TABEND
00000001   _LOG_A_TABLEN
0000eb2c   _LOG_D_system
0000a5e0   _LOG_event
0000f328   _LOG_system
00004340   _MCBSP_open
00003820   _MCBSP_reset
00004440   _MCBSP_start
0000ebcc   _MEM_D_NUMSEGMENTS
0000ebd4   _MEM_D_freelist
0000ebd8   _MEM_D_lockaddr
0000ebd0   _MEM_D_memtab
0000ebdc   _MEM_D_unlockaddr
00000000   _MEM_memtab
00001338   _MoveData
00001eb4   _MultiplyComplex
0000ea00   _OBJ_init
00007b14   _OBJ_segtab
00007adc   _OBJ_table
00000000   _PIP_A_TABBEG
00000000   _PIP_A_TABEND
0000eb6c   _PRD_D_tick
0000e678   _PRD_clock
ffffffff   _SDRAM
0000a820   _SEM_pend
000095e0   _SEM_pendEnterKnl
0000f064   _SEM_ping
0000f090   _SEM_pong
0000a660   _SEM_post
0000a660   _SEM_postBinary
0000a980   _SEM_postEnterKnl
0000f038   _SEM_qdma
00007cd0   _STS_A_TABBEG
00007ce0   _STS_A_TABEND
0000a718   _STS_add
0000a6e0   _STS_delta
0000a744   _STS_reset
0000ec04   _SWI_D_curfxn
0000ebf4   _SWI_D_curmask
0000ebf8   _SWI_D_curset
0000ebf0   _SWI_D_execaddr
0000ec0c   _SWI_D_inswi
0000ebfc   _SWI_D_lock
0000ec08   _SWI_D_rdybeg
0000ebec   _SWI_D_runaddr
0000ebec   _SWI_data
00008330   _SWI_post
0000ebe0   _SYS
0000ed0c   _SYS_PUTCBEG
0000ef0b   _SYS_PUTCEND
0000a880   _SYS_abort
0000a360   _SYS_exit
00007c80   _SYS_exitStack
0000ecfc   _SYS_exitStackPtr
0000ed00   _SYS_exitStackTop
00003fa0   _TIMER_open
00004220   _TIMER_reset
000067d0   _TRANSIMAG
00005fd0   _TRANSREAL
0000f344   _TRC_R_mask
0000ecf0   _TSK
00007a80   _TSK_ATTRS
00007a9c   _TSK_config
00009c00   _TSK_exit
0000ef18   _TSK_idle
0000e980   _TSK_init
0000ece8   _TSK_nTasks
0000ecec   _TSK_pid
0000ef78   _TSK_ping
00001188   _TSK_ping_ftn
0000efd8   _TSK_pong
00001260   _TSK_pong_ftn
00009e60   _TSK_setup
000099e0   _TSK_startup
00007abc   _TSK_timerSem
000049d0   _TWIDDLE256
0000a9c0   _UTL_doAbort
0000aa60   _UTL_doError
0000a8e0   _UTL_doPutc
0000aa80   _UTL_halt
000073d0   _XDATAIMAG
00006fd0   _XDATAREAL
000093f0   __CLK_lat1beg
0000941c   __CLK_lat1end
000032a0   __CSL_init
00008114   __GBL_setL2CacheMode
0000ebe8   __HOOK_NUMHOOKS
0000ebe4   __HOOK_knlId
00008800   __HWI_lat1beg
00008980   __HWI_lat1end
00008980   __HWI_lat2beg
00008b20   __HWI_lat2end1
00008aac   __HWI_lat2end2
00008b40   __HWI_lat3beg
00008c40   __HWI_lat3end1
00008adc   __HWI_lat3end2
000079a0   __IRQ_dispatchTable
000078dc   __IRQ_eventTable
00004980   __IRQ_hookFetchPacket
000047a0   __IRQ_init
00007960   __IRQ_intTable
0000a5e0   __LOG_lat1beg
00007c04   __MCBSP_hDev0
00007c08   __MCBSP_hDev1
00007bac   __MEM_mutex
00009d40   __SEM_dopost
0000e278   __STACK_END
00000800   __STACK_SIZE
0000846c   __SWI_lat1beg
00008520   __SWI_lat1end
00008524   __SWI_lat2beg
00008594   __SWI_lat2end
000082c0   __SWI_lat3beg
0000832c   __SWI_lat3end
00007c5c   __TIMER_deviceTable
00007c7c   __TIMER_hBios
00007c74   __TIMER_hDev0
00007c78   __TIMER_hDev1
00007b84   __TSK_mutex
ffffffff   ___TI_pprof_out_hndl
ffffffff   ___TI_prof_data_size
ffffffff   ___TI_prof_data_start
ffffffff   ___binit__
0000ea20   ___bss__
ffffffff   ___c_args__
0000bb00   ___cinit__
0000aaa0   ___data__
0000ab00   ___edata__
0000ed0c   ___end__
000049a0   ___etext__
ffffffff   ___pinit__
00000200   ___text__
000097a0   __auto_init
00007cc4   __lock
00004920   __nop
00004940   __register_lock
00004960   __register_unlock
0000da78   __stack
00004540   __strasg
00007cc8   __unlock
0000e8c0   _c_int00
0000102c   _c_int8
00007818   _cfgEdmaPing_rx
00007848   _cfgEdmaPing_tx
00007830   _cfgEdmaPong_rx
00007860   _cfgEdmaPong_tx
000077dc   _cfgEdma_rx
00007800   _cfgEdma_tx
00007878   _cfgQdma_ping
00007890   _cfgQdma_pong
000049a0   _config1
00001fc0   _dfft
000049c8   _hCodec
000077d4   _hEdmaPing_rx
000077f8   _hEdmaPing_tx
000077d8   _hEdmaPong_rx
000077fc   _hEdmaPong_tx
000077d0   _hEdma_rx
000077f4   _hEdma_tx
00000234   _init
00000200   _main
00003060   _memcpy
00000ffc   _output_sample
0000ab00   _rx_ping
0000af00   _rx_pong
00003cfc   _sin
00003cfc   _sindp
00007b44   _tccAllocTable
0000b300   _tx_ping
0000b700   _tx_pong
00003b60   _wait500nS
ffffffff   binit
0000bb00   cinit
0000ab00   edata
0000ed0c   end
000049a0   etext
00000000   hwi0
00000020   hwi1
00000140   hwi10
00000160   hwi11
00000180   hwi12
000001a0   hwi13
000001c0   hwi14
000001e0   hwi15
00000040   hwi2
00000060   hwi3
00000080   hwi4
000000a0   hwi5
000000c0   hwi6
000000e0   hwi7
00000100   hwi8
00000120   hwi9
ffffffff   pinit


GLOBAL SYMBOLS: SORTED BY Symbol Address 

address    name
--------   ----
00000000   BUF$
00000000   CLK_COUNTSPMSHIGH
00000000   CLK_PRDHIGH
00000000   CLK_TDDR
00000000   CLK_TDDRHIGH
00000000   CLK_TIMERNUM
00000000   DEV$
00000000   DGN$
00000000   DHL$
00000000   DHL_gChannelsAvailable
00000000   DIO$
00000000   DIO_NUMSWIBASE
00000000   DIO_NUMTSKBASE
00000000   DIO_STATIC
00000000   DPI$
00000000   GBL_BIGENDIAN
00000000   GBL_C641XL2PRIORITY
00000000   GBL_CACHE
00000000   GBL_ENABLEINST
00000000   GBL_L2CONFIGALLOC
00000000   GBL_L2MARMASK1
00000000   GBL_L2MARMASK2
00000000   GBL_L2MARMASK3
00000000   GBL_L2MARMASK4
00000000   GBL_L2MARMASK5
00000000   GBL_L2MODE
00000000   GBL_L2PRIORITY
00000000   GBL_NULL
00000000   GBL_PROCID
00000000   GBL_ROM
00000000   GBL_SUPPORTCSL
00000000   GIO$
00000000   HOOK$
00000000   HOOK_KNLID
00000000   HST$
00000000   HST_A_TABBEG
00000000   HST_A_TABEND
00000000   HST_DSM
00000000   HST_MAXFRAMESET
00000000   HST_RTDX
00000000   HWI_A_VECS
00000000   HWI_GENERATE_RESET_VEC
00000000   HWI_INT10$hwi
00000000   HWI_INT11$hwi
00000000   HWI_INT12$hwi
00000000   HWI_INT13$hwi
00000000   HWI_INT14$hwi
00000000   HWI_INT15$hwi
00000000   HWI_INT4$hwi
00000000   HWI_INT5$hwi
00000000   HWI_INT6$hwi
00000000   HWI_INT7$hwi
00000000   HWI_INT8$hwi
00000000   HWI_INT9$hwi
00000000   HWI_NMI$hwi
00000000   HWI_POLARITYMASK
00000000   HWI_RESERVED0$hwi
00000000   HWI_RESERVED1$hwi
00000000   HWI_RESET
00000000   HWI_RESET$hwi
00000000   IDL$
00000000   IDL_CALIBRERROR
00000000   IDL_CALIBRFXN
00000000   IDL_USECLKIDLTIME
00000000   KNL_swi$ord
00000000   KNL_swi$pri
00000000   KNL_swi$sts$unittype
00000000   KNL_swi$swi
00000000   LOG_system$datatype
00000000   LOG_system$log
00000000   MBX$
00000000   MEM_MALLOCSEG
00000000   MEM_NULL
00000000   MEM_SEGZERO
00000000   MEM_USEMPC
00000000   MEM_gNumHeap
00000000   MSGQ$
00000000   MSGQ_USEMSGQ
00000000   OBJ$
00000000   PIP$
00000000   PIP_A_TABBEG
00000000   PIP_A_TABEND
00000000   PIP_A_TABLEN
00000000   PIP_gNextId
00000000   PIP_gNumEmbed
00000000   POOL$
00000000   POOL_USEPOOL
00000000   PRD_A_TABBEG
00000000   PRD_A_TABEND
00000000   PRD_A_TABLEN
00000000   PRD_SWIHANDLE
00000000   RTDX$
00000000   RTDX_MODE
00000000   RTDX_USERTDX
00000000   RTDX_USERTEXECUTION
00000000   SIO$
00000000   STS$
00000000   SWI_EHOOKFXN
00000000   SWI_IHOOKFXN
00000000   TSK_NUM_HOOKS
00000000   TSK_READYFXN
00000000   TSK_STACKSEG
00000000   TSK_SWITCHFXN
00000000   TSK_idle$ord
00000000   TSK_idle$pri
00000000   TSK_idle$tsk
00000000   TSK_ping$ord
00000000   TSK_ping$tsk
00000000   TSK_pong$ord
00000000   TSK_pong$tsk
00000000   UDEV$
00000000   _CLK_TDDR
00000000   _CLK_TIMERNUM
00000000   _GBL_CACHE
00000000   _HST_A_TABBEG
00000000   _HST_A_TABEND
00000000   _HWI_RESET
00000000   _MEM_memtab
00000000   _PIP_A_TABBEG
00000000   _PIP_A_TABEND
00000000   hwi0
00000001   BUF_ENABLED
00000001   CLK$
00000001   CLK_CALDIV
00000001   CLK_HTIMEDIV
00000001   CLK_LTIMEDIV
00000001   CLK_USETIMER
00000001   GBL$
00000001   GBL_CALLCSLCFGINIT
00000001   GBL_L2CONFIGURE
00000001   GBL_L2MARMASK
00000001   GBL_USERINIT
00000001   GBL_boot
00000001   HST_NONE
00000001   HWI$
00000001   HWI_NMI
00000001   HWI_ZEROTAB
00000001   ISRC$
00000001   KNL_swi$dorta
00000001   KNL_swi$sts$filtmaxmult
00000001   KNL_swi$sts$filtsummult
00000001   LCK$
00000001   LOG$
00000001   LOG_A_TABLEN
00000001   LOG_ENABLED
00000001   MEM$
00000001   PRD$
00000001   QUE$
00000001   SEM$
00000001   SWI$
00000001   SWI_A_TABLEN
00000001   SYS$
00000001   TSK$
00000001   TSK_PRIORITY
00000001   TSK_ping$pri
00000001   TSK_pong$pri
00000001   _CLK_USETIMER
00000001   _HWI_NMI
00000001   _LOG_A_TABLEN
00000002   HWI_RESERVED0
00000002   KNL_swi$sts$filter
00000002   _HWI_RESERVED0
00000003   HWI_RESERVED1
00000003   _HWI_RESERVED1
00000004   CLK_CALMULT
00000004   CLK_HTIMEMULT
00000004   HWI_INT4
00000004   _HWI_INT4
00000005   HWI_INT5
00000005   _HWI_INT5
00000006   HWI_INT6
00000006   _HWI_INT6
00000007   HWI_INT7
00000007   _HWI_INT7
00000008   HWI_INT8
00000008   _HWI_INT8
00000009   HWI_INT9
00000009   _HWI_INT9
0000000a   HWI_INT10
0000000a   _HWI_INT10
0000000b   HWI_INT11
0000000b   _HWI_INT11
0000000c   HWI_INT12
0000000c   _HWI_INT12
0000000d   HWI_INT13
0000000d   _HWI_INT13
0000000e   HWI_INT14
0000000e   _HWI_INT14
0000000f   HWI_INT15
0000000f   _HWI_INT15
00000020   CLK_TCR
00000020   hwi1
0000003e   GBL_DSPTYPE
00000040   LOG_system$size
00000040   hwi2
00000042   GBL_FOOTPRINT
00000060   hwi3
00000064   PIP_OBJSIZE
00000080   hwi4
000000a0   hwi5
000000c0   hwi6
000000e0   hwi7
00000100   HST_MAXFRAMEALLOWED
00000100   hwi8
00000120   hwi9
00000140   hwi10
00000160   hwi11
00000180   hwi12
000001a0   hwi13
000001c0   hwi14
000001e0   hwi15
00000200   .text
00000200   ___text__
00000200   _main
00000234   _init
000003e8   CLK_MICROSECS
00000400   HST_DSMMEMSIZE
00000400   TSK_STACKSIZE
00000408   RTDX_BUFMEMSIZE
00000800   __STACK_SIZE
00000ffc   _output_sample
0000102c   _c_int8
00001188   _TSK_ping_ftn
00001260   _TSK_pong_ftn
00001338   _MoveData
00001770   GBL_CLKTYPE
00001814   _BitReverse
000018bc   _Downscale
000019fc   _FindMagnitudeSquared
00001a39   GBL_DSPSUBTYPE
00001aa8   _FindMax
00001bc0   _HalfCopyFlip
00001c44   _HalfCopyTrue
00001d00   _InitializeFFT
00001eb4   _MultiplyComplex
00001fc0   _dfft
00002226   GBL_L2ALLOC
000026b0   _DSK6713_init
000029b0   _DSK6713_rget
000029c4   _DSK6713_rset
000029d8   _DSK6713_wait
00002a2c   _DSK6713_waitusec
00002a58   _DSK6713_getVersion
00002ae0   _DSK6713_AIC23_openCodec
00002de0   _EDMA_open
00003060   _memcpy
000032a0   __CSL_init
00003680   _EDMA_allocTable
00003820   _MCBSP_reset
000039c0   _DSK6713_LED_init
000039e8   _DSK6713_LED_off
00003a50   _DSK6713_LED_on
00003ab4   _DSK6713_LED_toggle
00003b60   _wait500nS
00003b88   GBL_USERINITFXN
00003b88   _GBL_setPLLto225MHz
00003cfc   _sin
00003cfc   _sindp
00003e60   _EDMA_reset
00003fa0   _TIMER_open
00004000   CLK_INTBIT
00004000   GBL_TRCMASKVALUE
00004000   PRD_SCALAR
000040e0   _DSK6713_AIC23_rset
00004100   HWI_CFGDISPATCHED
00004100   _HWI_CFGDISPATCHED
0000417c   _DSK6713_AIC23_rget
000041a0   _DSK6713_AIC23_config
00004220   _TIMER_reset
00004340   _MCBSP_open
00004440   _MCBSP_start
00004540   __strasg
00004620   _EDMA_clearPram
000047a0   __IRQ_init
00004840   _EDMA_disableChannel
000048a0   _EDMA_enableChannel
00004900   _CSL6713_LIB_
00004920   __nop
00004940   __register_lock
00004960   __register_unlock
00004980   __IRQ_hookFetchPacket
000049a0   ___etext__
000049a0   _config1
000049a0   etext
000049c8   _hCodec
000049cc   _AIC_data
000049d0   _TWIDDLE256
00004e20   GBL_CLKIN
00004ed0   _BITREV256
00004fd0   _DATAREAL
00005205   GBL_A_VERSION
000057d0   _DATAIMAG
00005fd0   _TRANSREAL
000067d0   _TRANSIMAG
00006fd0   _XDATAREAL
000073d0   _XDATAIMAG
000077d0   _hEdma_rx
000077d4   _hEdmaPing_rx
000077d8   _hEdmaPong_rx
000077dc   _cfgEdma_rx
000077f4   _hEdma_tx
000077f8   _hEdmaPing_tx
000077fc   _hEdmaPong_tx
00007800   _cfgEdma_tx
00007818   _cfgEdmaPing_rx
00007830   _cfgEdmaPong_rx
00007848   _cfgEdmaPing_tx
00007860   _cfgEdmaPong_tx
00007878   _cfgQdma_ping
00007890   _cfgQdma_pong
000078dc   __IRQ_eventTable
00007960   __IRQ_intTable
000079a0   __IRQ_dispatchTable
000079a8   _KNL_queues
00007a48   _KNL_dummy
00007a80   _TSK_ATTRS
00007a9c   _TSK_config
00007abc   _TSK_timerSem
00007adc   _OBJ_table
00007b14   _OBJ_segtab
00007b44   _tccAllocTable
00007b84   __TSK_mutex
00007bac   __MEM_mutex
00007c04   __MCBSP_hDev0
00007c08   __MCBSP_hDev1
00007c5c   __TIMER_deviceTable
00007c74   __TIMER_hDev0
00007c78   __TIMER_hDev1
00007c7c   __TIMER_hBios
00007c80   _SYS_exitStack
00007cbc   _DSK6713_AIC23_codeccontrolhandle
00007cc0   _DSK6713_AIC23_codecdatahandle
00007cc4   __lock
00007cc8   __unlock
00007ccc   _DSK6713_version
00007cd0   KNL_swi$sts$stsobj
00007cd0   STS_A_TABBEG
00007cd0   _STS_A_TABBEG
00007cd4   KNL_swi$sts
00007ce0   STS_A_TABEND
00007ce0   _STS_A_TABEND
00008114   __GBL_setL2CacheMode
000082c0   SWI_F_enable
000082c0   __SWI_lat3beg
0000832c   __SWI_lat3end
00008330   SWI_F_post
00008330   _SWI_post
0000846c   __SWI_lat1beg
000084dc   SWI_EXECFXN
000084dc   SWI_F_exec
00008508   SWI_F_iexec
00008520   __SWI_lat1end
00008524   __SWI_lat2beg
00008594   __SWI_lat2end
00008598   SWI_F_run
00008598   SWI_RUNFXN
00008800   CLK_HOOKFXN
00008800   HWI_F_dispatch
00008800   _HWI_F_dispatch
00008800   __HWI_lat1beg
00008980   __HWI_lat1end
00008980   __HWI_lat2beg
00008aac   __HWI_lat2end2
00008adc   __HWI_lat3end2
00008b20   __HWI_lat2end1
00008b40   __HWI_lat3beg
00008c40   __HWI_lat3end1
00008c60   PRD_F_swi
00008f20   PRD_F_tick
00009000   _KNL_run
00009260   CLK_F_getltime
00009274   CLK_F_isr
000093d4   CLK_F_itime
000093d4   _CLK_F_itime
000093d4   _CLK_itime
000093f0   __CLK_lat1beg
0000941c   __CLK_lat1end
00009420   _KNL_saveIsrFrame
000094ec   _KNL_switch
000095a0   KNL_glue
000095e0   _SEM_pendEnterKnl
000097a0   __auto_init
000099e0   _TSK_startup
00009be4   PRD_THOOKFXN
00009be4   _KNL_tick
00009c00   _TSK_exit
00009d40   __SEM_dopost
00009e60   _TSK_setup
00009f80   _GBL_cslCacheInit
0000a060   CLK_F_getfhtime
0000a080   CLK_F_gethtime
0000a080   CLK_F_getshtime
0000a080   CLK_TIMEFXN
0000a120   _KNL_ipost
0000a1e0   _KNL_post
0000a2a0   _LCK_post
0000a2d0   _LCK_pend
0000a360   _SYS_exit
0000a420   _KNL_check
0000a454   _KNL_idle
0000a47c   _KNL_max
0000a4c0   _KNL_exit
0000a514   _KNL_enter
0000a560   FXN_F_nop
0000a568   FXN_F_run
0000a568   _FXN_F_run
0000a5b8   FXN_F_zero
0000a5b8   _FXN_F_zero
0000a5e0   LOG_F_event
0000a5e0   _LOG_event
0000a5e0   __LOG_lat1beg
0000a660   _SEM_post
0000a660   _SEM_postBinary
0000a6e0   STS_F_delta
0000a6e0   _STS_delta
0000a718   STS_F_add
0000a718   _STS_add
0000a744   STS_F_reset
0000a744   _STS_reset
0000a760   _CLK_start
0000a7c0   _HWI_disable
0000a7d8   _HWI_enable
0000a7ec   _HWI_restore
0000a820   _SEM_pend
0000a880   _SYS_abort
0000a8e0   SYS_PUTCFXN
0000a8e0   _UTL_doPutc
0000a940   _CLK_stop
0000a980   _SEM_postEnterKnl
0000a9c0   SYS_ABORTFXN
0000a9c0   _UTL_doAbort
0000aa00   GIO_CREATEFXN
0000aa00   GIO_DELETEFXN
0000aa00   GIO_PENDFXN
0000aa00   GIO_POSTFXN
0000aa00   TSK_VCREATEFXN
0000aa00   TSK_VDELETEFXN
0000aa00   TSK_VEXITFXN
0000aa00   _FXN_F_nop
0000aa20   _GBL_getVersion
0000aa40   IDL_F_loop
0000aa40   _IDL_loop
0000aa60   SYS_ERRORFXN
0000aa60   _UTL_doError
0000aa80   SYS_EXITFXN
0000aa80   _UTL_halt
0000aaa0   .data
0000aaa0   _HPisdp
0000aaa0   ___data__
0000ab00   ___edata__
0000ab00   _rx_ping
0000ab00   edata
0000af00   _rx_pong
0000b300   _tx_ping
0000b700   _tx_pong
0000bb00   ___cinit__
0000bb00   cinit
0000ca78   TSK_ping$stack
0000d210   TSK_ping$stkptr
0000d278   TSK_pong$stack
0000da10   TSK_pong$stkptr
0000da78   GBL_stackbeg
0000da78   _HWI_STKTOP
0000da78   __stack
0000dbba   CLK_COUNTSPMS
0000dbba   CLK_HTIMEPERLTIME
0000dbba   CLK_PRD
0000dbba   _CLK_COUNTSPMS
0000dbba   _CLK_PRD
0000e270   _HWI_STKBOTTOM
0000e277   GBL_stackend
0000e278   TSK_idle$stack
0000e278   __STACK_END
0000e610   TSK_idle$stkptr
0000e678   CLK_A_TABBEG
0000e678   PRD_clock
0000e678   _PRD_clock
0000e67c   CLK_null
0000e680   BIOS_init
0000e680   _BIOS_init
0000e824   BIOS_start
0000e824   _BIOS_start
0000e8c0   _c_int00
0000e980   _TSK_init
0000ea00   _OBJ_init
0000ea20   $bss
0000ea20   .bss
0000ea20   _HWI_dispatchTab
0000ea20   ___bss__
0000eb20   IDL_D_tabbeg
0000eb24   IDL_D_calibrate
0000eb28   IDL_D_calbeg
0000eb2c   LOG_D_system
0000eb2c   _LOG_D_system
0000eb30   PIP_D_tabbeg
0000eb34   PIP_D_tablen
0000eb38   CLK_R_time
0000eb3c   CLK_D_timefxn
0000eb40   CLK_D_tabbeg
0000eb44   CLK_D_isrhook
0000eb48   CLK_D_idletime
0000eb4c   _CLK_htimeDiv
0000eb50   _CLK_htimeMult
0000eb54   _CLK_ltimeDiv
0000eb58   _CLK_ltimeMult
0000eb5c   _CLK_D_dirty
0000eb60   _CLK_D_prd
0000eb64   _CLK_D_tddr
0000eb68   _CLK_D_countspms
0000eb6c   PRD_D_tick
0000eb6c   _PRD_D_tick
0000eb70   PRD_D_cur
0000eb74   PRD_D_elapsed
0000eb78   PRD_D_prevtim
0000eb7c   PRD_D_scalar
0000eb80   PRD_D_swihandle
0000eb84   PRD_D_tabbeg
0000eb88   PRD_D_tablen
0000eb8c   PRD_D_thook
0000eb90   RTA_D_fromHost
0000eb94   RTA_D_toHost
0000eb98   RTA_D_logval
0000eba8   RTA_D_stsval
0000ebb4   HST_D_chanmask
0000ebb8   HST_D_tabbeg
0000ebbc   HST_D_tabend
0000ebc0   _GBL_procId
0000ebc4   _GBL_clkIn
0000ebc8   _GBL_freq
0000ebcc   _MEM_D_NUMSEGMENTS
0000ebd0   _MEM_D_memtab
0000ebd4   _MEM_D_freelist
0000ebd8   _MEM_D_lockaddr
0000ebdc   _MEM_D_unlockaddr
0000ebe0   _SYS
0000ebe4   __HOOK_knlId
0000ebe8   __HOOK_NUMHOOKS
0000ebec   SWI_D_runaddr
0000ebec   _SWI_D_runaddr
0000ebec   _SWI_data
0000ebf0   SWI_D_execaddr
0000ebf0   _SWI_D_execaddr
0000ebf4   SWI_D_curmask
0000ebf4   _SWI_D_curmask
0000ebf8   SWI_D_curset
0000ebf8   _SWI_D_curset
0000ebfc   SWI_D_lock
0000ebfc   _SWI_D_lock
0000ec00   SWI_D_curmbox
0000ec04   SWI_D_curfxn
0000ec04   _SWI_D_curfxn
0000ec08   SWI_D_rdybeg
0000ec08   _SWI_D_rdybeg
0000ec0c   SWI_D_inswi
0000ec0c   _SWI_D_inswi
0000ec10   SWI_D_rdytab
0000ec88   _KNL_wFlag
0000ec8c   _KNL_wList
0000ec90   _KNL_alarm
0000ec94   _KNL_setpri
0000ec98   _KNL_inactive
0000ec9c   _KNL_priority
0000eca0   _KNL_set
0000eca4   _KNL_curtask
0000eca8   _KNL_prevtask
0000ecac   _KNL_curtime
0000ecb0   _KNL_swiptr
0000ecb4   _KNL_curqueue
0000ecb8   _KNL_maxqueue
0000ecbc   _KNL_tswitchfxn
0000ecc0   _KNL_tcreatefxn
0000ecc4   _KNL_tdeletefxn
0000ecc8   _KNL_treadyfxn
0000eccc   _KNL_idlefxn
0000ecd0   HWI_D_spsave
0000ecd0   _HWI_D_spsave
0000ecd0   _HWI_data
0000ecdc   _HWI_D_inhwi
0000ece0   HWI_D_bss
0000ece4   HWI_D_ccmask
0000ece8   _TSK_nTasks
0000ecec   _TSK_pid
0000ecf0   _TSK
0000ecf4   _CLK_DFLTMICROSECS
0000ecf8   _CLK_D_microseconds
0000ecfc   _SYS_exitStackPtr
0000ed00   _SYS_exitStackTop
0000ed04   _CLK_htimePerLtime
0000ed0c   _SYS_PUTCBEG
0000ed0c   ___end__
0000ed0c   end
0000ef0b   _SYS_PUTCEND
0000ef18   TSK_idle
0000ef18   _TSK_idle
0000ef78   TSK_ping
0000ef78   _TSK_ping
0000efd8   TSK_pong
0000efd8   _TSK_pong
0000f038   SEM_qdma
0000f038   _SEM_qdma
0000f064   SEM_ping
0000f064   _SEM_ping
0000f090   SEM_pong
0000f090   _SEM_pong
0000f0f0   SYS$config
0000f100   LOG_system$buf
0000f2f9   KNL_swi$sts$maxfmt
0000f2fc   KNL_swi
0000f2fc   SWI_A_TABBEG
0000f2fc   _KNL_swi
0000f301   KNL_swi$sts$sumfmt
0000f309   KNL_swi$sts$avgfmt
0000f328   LOG_A_TABBEG
0000f328   LOG_system
0000f328   SWI_A_TABEND
0000f328   _LOG_A_TABBEG
0000f328   _LOG_system
0000f340   LOG_A_TABEND
0000f340   TRC_cinit
0000f340   _LOG_A_TABEND
0000f344   TRC_R_mask
0000f344   _TRC_R_mask
0000f348   GBL_initdone
0000f34c   IDL_A_TABBEG
0000f34c   IDL_END
0000f350   IDL_A_CALBEG
0000f350   IDL_END$
00036ee8   CLK_LTIMEMULT
00036ee8   GBL_FREQ
01940000   CLK_REGS
01940000   _CLK_REGS
082039a3   HWI_INTRMULTHIGH
310718a4   HWI_INTRMULTLOW
ffffffff   HST_DSMBUFSEG
ffffffff   IRAM
ffffffff   RTDX_DATAMEMSEG
ffffffff   SDRAM
ffffffff   _IRAM
ffffffff   _SDRAM
ffffffff   ___TI_pprof_out_hndl
ffffffff   ___TI_prof_data_size
ffffffff   ___TI_prof_data_start
ffffffff   ___binit__
ffffffff   ___c_args__
ffffffff   ___pinit__
ffffffff   binit
ffffffff   pinit

[647 symbols]
