<?xml version="1.0"?>
<link_info>
   <banner>TMS320C6x Linker PC v7.4.14</banner>
   <copyright>Copyright (c) 1996-2015 Texas Instruments Incorporated</copyright>
   <link_time>0x55da485d</link_time>
   <output_file>060 BSL AUDIO INT.out</output_file>
   <entry_point>
      <name>_c_int00</name>
      <address>0x80003480</address>
   </entry_point>
   <input_file_list>
      <input_file id="fl-2">
         <path>.\</path>
         <kind>object</kind>
         <file>Vectors_poll.obj</file>
         <name>Vectors_poll.obj</name>
      </input_file>
      <input_file id="fl-3">
         <path>.\</path>
         <kind>object</kind>
         <file>audio.obj</file>
         <name>audio.obj</name>
      </input_file>
      <input_file id="fl-4">
         <path>.\</path>
         <kind>object</kind>
         <file>c6713dskinit.obj</file>
         <name>c6713dskinit.obj</name>
      </input_file>
      <input_file id="fl-5">
         <path>.\</path>
         <kind>object</kind>
         <file>piano.obj</file>
         <name>piano.obj</name>
      </input_file>
      <input_file id="fl-82">
         <path>D:\Program Files\ti\ccsv6\tools\compiler\c6000_7.4.14\lib\</path>
         <kind>archive</kind>
         <file>rts6700.lib</file>
         <name>boot.obj</name>
      </input_file>
      <input_file id="fl-83">
         <path>D:\Program Files\ti\ccsv6\tools\compiler\c6000_7.4.14\lib\</path>
         <kind>archive</kind>
         <file>rts6700.lib</file>
         <name>divd.obj</name>
      </input_file>
      <input_file id="fl-84">
         <path>D:\Program Files\ti\ccsv6\tools\compiler\c6000_7.4.14\lib\</path>
         <kind>archive</kind>
         <file>rts6700.lib</file>
         <name>exit.obj</name>
      </input_file>
      <input_file id="fl-85">
         <path>D:\Program Files\ti\ccsv6\tools\compiler\c6000_7.4.14\lib\</path>
         <kind>archive</kind>
         <file>rts6700.lib</file>
         <name>frcmpyd_div.obj</name>
      </input_file>
      <input_file id="fl-86">
         <path>D:\Program Files\ti\ccsv6\tools\compiler\c6000_7.4.14\lib\</path>
         <kind>archive</kind>
         <file>rts6700.lib</file>
         <name>llshift.obj</name>
      </input_file>
      <input_file id="fl-87">
         <path>D:\Program Files\ti\ccsv6\tools\compiler\c6000_7.4.14\lib\</path>
         <kind>archive</kind>
         <file>rts6700.lib</file>
         <name>mpyll.obj</name>
      </input_file>
      <input_file id="fl-88">
         <path>D:\Program Files\ti\ccsv6\tools\compiler\c6000_7.4.14\lib\</path>
         <kind>archive</kind>
         <file>rts6700.lib</file>
         <name>args_main.obj</name>
      </input_file>
      <input_file id="fl-89">
         <path>D:\Program Files\ti\ccsv6\tools\compiler\c6000_7.4.14\lib\</path>
         <kind>archive</kind>
         <file>rts6700.lib</file>
         <name>autoinit.obj</name>
      </input_file>
      <input_file id="fl-8a">
         <path>D:\Program Files\ti\ccsv6\tools\compiler\c6000_7.4.14\lib\</path>
         <kind>archive</kind>
         <file>rts6700.lib</file>
         <name>cpp_init.obj</name>
      </input_file>
      <input_file id="fl-8b">
         <path>D:\Program Files\ti\ccsv6\tools\compiler\c6000_7.4.14\lib\</path>
         <kind>archive</kind>
         <file>rts6700.lib</file>
         <name>cpy_tbl.obj</name>
      </input_file>
      <input_file id="fl-8c">
         <path>D:\Program Files\ti\ccsv6\tools\compiler\c6000_7.4.14\lib\</path>
         <kind>archive</kind>
         <file>rts6700.lib</file>
         <name>memcpy62.obj</name>
      </input_file>
      <input_file id="fl-8d">
         <path>D:\DT Docs on D\CCS\libraries\dsk6713\lib\</path>
         <kind>archive</kind>
         <file>dsk6713bsl.lib</file>
         <name>dsk6713.obj</name>
      </input_file>
      <input_file id="fl-8e">
         <path>D:\DT Docs on D\CCS\libraries\dsk6713\lib\</path>
         <kind>archive</kind>
         <file>dsk6713bsl.lib</file>
         <name>dsk6713_aic23_opencodec.obj</name>
      </input_file>
      <input_file id="fl-8f">
         <path>D:\DT Docs on D\CCS\libraries\dsk6713\lib\</path>
         <kind>archive</kind>
         <file>dsk6713bsl.lib</file>
         <name>dsk6713_aic23_registers.obj</name>
      </input_file>
      <input_file id="fl-90">
         <path>D:\DT Docs on D\CCS\libraries\dsk6713\lib\</path>
         <kind>archive</kind>
         <file>dsk6713bsl.lib</file>
         <name>dsk6713_dip.obj</name>
      </input_file>
      <input_file id="fl-91">
         <path>D:\DT Docs on D\CCS\libraries\dsk6713\lib\</path>
         <kind>archive</kind>
         <file>dsk6713bsl.lib</file>
         <name>dsk6713_led.obj</name>
      </input_file>
      <input_file id="fl-92">
         <path>D:\DT Docs on D\CCS\libraries\cslupdate\lib_3x\</path>
         <kind>archive</kind>
         <file>csl6713.lib</file>
         <name>csl.obj</name>
      </input_file>
      <input_file id="fl-93">
         <path>D:\DT Docs on D\CCS\libraries\cslupdate\lib_3x\</path>
         <kind>archive</kind>
         <file>csl6713.lib</file>
         <name>csl_irq.obj</name>
      </input_file>
      <input_file id="fl-94">
         <path>D:\DT Docs on D\CCS\libraries\cslupdate\lib_3x\</path>
         <kind>archive</kind>
         <file>csl6713.lib</file>
         <name>csl_mcbsp.obj</name>
      </input_file>
      <input_file id="fl-95">
         <path>D:\DT Docs on D\CCS\libraries\cslupdate\lib_3x\</path>
         <kind>archive</kind>
         <file>csl6713.lib</file>
         <name>csl_timer.obj</name>
      </input_file>
      <input_file id="fl-96">
         <path>D:\Program Files\ti\ccsv6\tools\compiler\c6000_7.4.14\lib\</path>
         <kind>archive</kind>
         <file>rts6700.lib</file>
         <name>strasg.obj</name>
      </input_file>
   </input_file_list>
   <object_component_list>
      <object_component id="oc-12">
         <name>.vecs</name>
         <load_address>0x0</load_address>
         <run_address>0x0</run_address>
         <size>0x200</size>
         <input_file_ref idref="fl-2"/>
      </object_component>
      <object_component id="oc-91">
         <name>.text:__divd</name>
         <load_address>0x80000000</load_address>
         <run_address>0x80000000</run_address>
         <size>0x720</size>
         <input_file_ref idref="fl-83"/>
      </object_component>
      <object_component id="oc-81">
         <name>.text</name>
         <load_address>0x80000720</load_address>
         <run_address>0x80000720</run_address>
         <size>0x720</size>
         <input_file_ref idref="fl-4"/>
      </object_component>
      <object_component id="oc-82">
         <name>.text</name>
         <load_address>0x80000e40</load_address>
         <run_address>0x80000e40</run_address>
         <size>0x5e0</size>
         <input_file_ref idref="fl-5"/>
      </object_component>
      <object_component id="oc-4a">
         <name>.text</name>
         <load_address>0x80001420</load_address>
         <run_address>0x80001420</run_address>
         <size>0x460</size>
         <input_file_ref idref="fl-8d"/>
      </object_component>
      <object_component id="oc-4e">
         <name>.text</name>
         <load_address>0x80001880</load_address>
         <run_address>0x80001880</run_address>
         <size>0x300</size>
         <input_file_ref idref="fl-8e"/>
      </object_component>
      <object_component id="oc-7a">
         <name>.text:_memcpy</name>
         <load_address>0x80001b80</load_address>
         <run_address>0x80001b80</run_address>
         <size>0x240</size>
         <input_file_ref idref="fl-8c"/>
      </object_component>
      <object_component id="oc-80">
         <name>.text:__CSL_init</name>
         <load_address>0x80001dc0</load_address>
         <run_address>0x80001dc0</run_address>
         <size>0x220</size>
         <input_file_ref idref="fl-92"/>
      </object_component>
      <object_component id="oc-88">
         <name>.text:_IRQ_map</name>
         <load_address>0x80001fe0</load_address>
         <run_address>0x80001fe0</run_address>
         <size>0x1c0</size>
         <input_file_ref idref="fl-93"/>
      </object_component>
      <object_component id="oc-92">
         <name>.text:_mux2Tables</name>
         <load_address>0x800021a0</load_address>
         <run_address>0x800021a0</run_address>
         <size>0x1c0</size>
         <input_file_ref idref="fl-93"/>
      </object_component>
      <object_component id="oc-7e">
         <name>.text:_MCBSP_reset</name>
         <load_address>0x80002360</load_address>
         <run_address>0x80002360</run_address>
         <size>0x1a0</size>
         <input_file_ref idref="fl-94"/>
      </object_component>
      <object_component id="oc-58">
         <name>.text</name>
         <load_address>0x80002500</load_address>
         <run_address>0x80002500</run_address>
         <size>0x1a0</size>
         <input_file_ref idref="fl-91"/>
      </object_component>
      <object_component id="oc-84">
         <name>.text:_TIMER_open</name>
         <load_address>0x800026a0</load_address>
         <run_address>0x800026a0</run_address>
         <size>0x140</size>
         <input_file_ref idref="fl-95"/>
      </object_component>
      <object_component id="oc-96">
         <name>.text:__frcmpyd_div</name>
         <load_address>0x800027e0</load_address>
         <run_address>0x800027e0</run_address>
         <size>0x140</size>
         <input_file_ref idref="fl-85"/>
      </object_component>
      <object_component id="oc-52">
         <name>.text</name>
         <load_address>0x80002920</load_address>
         <run_address>0x80002920</run_address>
         <size>0x140</size>
         <input_file_ref idref="fl-8f"/>
      </object_component>
      <object_component id="oc-93">
         <name>.text:_TIMER_reset</name>
         <load_address>0x80002a60</load_address>
         <run_address>0x80002a60</run_address>
         <size>0x120</size>
         <input_file_ref idref="fl-95"/>
      </object_component>
      <object_component id="oc-7c">
         <name>.text</name>
         <load_address>0x80002b80</load_address>
         <run_address>0x80002b80</run_address>
         <size>0x120</size>
         <input_file_ref idref="fl-3"/>
      </object_component>
      <object_component id="oc-77">
         <name>.text:_MCBSP_open</name>
         <load_address>0x80002ca0</load_address>
         <run_address>0x80002ca0</run_address>
         <size>0x100</size>
         <input_file_ref idref="fl-94"/>
      </object_component>
      <object_component id="oc-78">
         <name>.text:_MCBSP_start</name>
         <load_address>0x80002da0</load_address>
         <run_address>0x80002da0</run_address>
         <size>0x100</size>
         <input_file_ref idref="fl-94"/>
      </object_component>
      <object_component id="oc-73">
         <name>.text:__auto_init</name>
         <load_address>0x80002ea0</load_address>
         <run_address>0x80002ea0</run_address>
         <size>0x100</size>
         <input_file_ref idref="fl-89"/>
      </object_component>
      <object_component id="oc-76">
         <name>.text:__strasg</name>
         <load_address>0x80002fa0</load_address>
         <run_address>0x80002fa0</run_address>
         <size>0xe0</size>
         <input_file_ref idref="fl-96"/>
      </object_component>
      <object_component id="oc-75">
         <name>.text:_exit</name>
         <load_address>0x80003080</load_address>
         <run_address>0x80003080</run_address>
         <size>0xe0</size>
         <input_file_ref idref="fl-84"/>
      </object_component>
      <object_component id="oc-79">
         <name>.text:_copy_in</name>
         <load_address>0x80003160</load_address>
         <run_address>0x80003160</run_address>
         <size>0xc0</size>
         <input_file_ref idref="fl-8b"/>
      </object_component>
      <object_component id="oc-83">
         <name>.text:__IRQ_init</name>
         <load_address>0x80003220</load_address>
         <run_address>0x80003220</run_address>
         <size>0xa0</size>
         <input_file_ref idref="fl-93"/>
      </object_component>
      <object_component id="oc-97">
         <name>.text:__mpyll</name>
         <load_address>0x800032c0</load_address>
         <run_address>0x800032c0</run_address>
         <size>0xa0</size>
         <input_file_ref idref="fl-87"/>
      </object_component>
      <object_component id="oc-94">
         <name>.text:_setMux</name>
         <load_address>0x80003360</load_address>
         <run_address>0x80003360</run_address>
         <size>0xa0</size>
         <input_file_ref idref="fl-93"/>
      </object_component>
      <object_component id="oc-7b">
         <name>.text:___TI_cpp_init</name>
         <load_address>0x80003400</load_address>
         <run_address>0x80003400</run_address>
         <size>0x80</size>
         <input_file_ref idref="fl-8a"/>
      </object_component>
      <object_component id="oc-10">
         <name>.text:_c_int00</name>
         <load_address>0x80003480</load_address>
         <run_address>0x80003480</run_address>
         <size>0x80</size>
         <input_file_ref idref="fl-82"/>
      </object_component>
      <object_component id="oc-95">
         <name>.text:__llshru</name>
         <load_address>0x80003500</load_address>
         <run_address>0x80003500</run_address>
         <size>0x60</size>
         <input_file_ref idref="fl-86"/>
      </object_component>
      <object_component id="oc-56">
         <name>.text</name>
         <load_address>0x80003560</load_address>
         <run_address>0x80003560</run_address>
         <size>0x60</size>
         <input_file_ref idref="fl-90"/>
      </object_component>
      <object_component id="oc-8c">
         <name>.text:_IRQ_enable</name>
         <load_address>0x800035c0</load_address>
         <run_address>0x800035c0</run_address>
         <size>0x40</size>
         <input_file_ref idref="fl-93"/>
      </object_component>
      <object_component id="oc-89">
         <name>.text:_IRQ_reset</name>
         <load_address>0x80003600</load_address>
         <run_address>0x80003600</run_address>
         <size>0x40</size>
         <input_file_ref idref="fl-93"/>
      </object_component>
      <object_component id="oc-74">
         <name>.text:__args_main</name>
         <load_address>0x80003640</load_address>
         <run_address>0x80003640</run_address>
         <size>0x40</size>
         <input_file_ref idref="fl-88"/>
      </object_component>
      <object_component id="oc-11">
         <name>.text</name>
         <load_address>0x80003680</load_address>
         <run_address>0x80003680</run_address>
         <size>0x20</size>
         <input_file_ref idref="fl-2"/>
      </object_component>
      <object_component id="oc-7f">
         <name>.text:_CSL6713_LIB_</name>
         <load_address>0x800036a0</load_address>
         <run_address>0x800036a0</run_address>
         <size>0x20</size>
         <input_file_ref idref="fl-92"/>
      </object_component>
      <object_component id="oc-85">
         <name>.text:_IRQ_globalDisable</name>
         <load_address>0x800036c0</load_address>
         <run_address>0x800036c0</run_address>
         <size>0x20</size>
         <input_file_ref idref="fl-93"/>
      </object_component>
      <object_component id="oc-8a">
         <name>.text:_IRQ_globalEnable</name>
         <load_address>0x800036e0</load_address>
         <run_address>0x800036e0</run_address>
         <size>0x20</size>
         <input_file_ref idref="fl-93"/>
      </object_component>
      <object_component id="oc-8b">
         <name>.text:_IRQ_nmiEnable</name>
         <load_address>0x80003700</load_address>
         <run_address>0x80003700</run_address>
         <size>0x20</size>
         <input_file_ref idref="fl-93"/>
      </object_component>
      <object_component id="oc-87">
         <name>.text:_IRQ_setVecs</name>
         <load_address>0x80003720</load_address>
         <run_address>0x80003720</run_address>
         <size>0x20</size>
         <input_file_ref idref="fl-93"/>
      </object_component>
      <object_component id="oc-86">
         <name>.text:_MCBSP_getXmtEventId</name>
         <load_address>0x80003740</load_address>
         <run_address>0x80003740</run_address>
         <size>0x20</size>
         <input_file_ref idref="fl-94"/>
      </object_component>
      <object_component id="oc-90">
         <name>.text:_MCBSP_read</name>
         <load_address>0x80003760</load_address>
         <run_address>0x80003760</run_address>
         <size>0x20</size>
         <input_file_ref idref="fl-94"/>
      </object_component>
      <object_component id="oc-8f">
         <name>.text:_MCBSP_rrdy</name>
         <load_address>0x80003780</load_address>
         <run_address>0x80003780</run_address>
         <size>0x20</size>
         <input_file_ref idref="fl-94"/>
      </object_component>
      <object_component id="oc-8e">
         <name>.text:_MCBSP_write</name>
         <load_address>0x800037a0</load_address>
         <run_address>0x800037a0</run_address>
         <size>0x20</size>
         <input_file_ref idref="fl-94"/>
      </object_component>
      <object_component id="oc-8d">
         <name>.text:_MCBSP_xrdy</name>
         <load_address>0x800037c0</load_address>
         <run_address>0x800037c0</run_address>
         <size>0x20</size>
         <input_file_ref idref="fl-94"/>
      </object_component>
      <object_component id="oc-7d">
         <name>.text:_abort</name>
         <load_address>0x800037e0</load_address>
         <run_address>0x800037e0</run_address>
         <size>0x20</size>
         <input_file_ref idref="fl-84"/>
      </object_component>
      <object_component id="oc-60">
         <name>.text</name>
         <load_address>0x80003800</load_address>
         <run_address>0x80003800</run_address>
         <size>0x20</size>
         <input_file_ref idref="fl-93"/>
      </object_component>
      <object_component id="oc-18">
         <name>.far</name>
         <uninitialized>true</uninitialized>
         <run_address>0x80004020</run_address>
         <size>0x288</size>
         <input_file_ref idref="fl-3"/>
      </object_component>
      <object_component id="oc-22">
         <name>.far</name>
         <uninitialized>true</uninitialized>
         <run_address>0x8000445c</run_address>
         <size>0x4</size>
         <input_file_ref idref="fl-5"/>
      </object_component>
      <object_component id="oc-2f">
         <name>.far</name>
         <uninitialized>true</uninitialized>
         <run_address>0x80004448</run_address>
         <size>0xc</size>
         <input_file_ref idref="fl-84"/>
      </object_component>
      <object_component id="oc-4b">
         <name>.far</name>
         <uninitialized>true</uninitialized>
         <run_address>0x80004460</run_address>
         <size>0x2</size>
         <input_file_ref idref="fl-8d"/>
      </object_component>
      <object_component id="oc-4f">
         <name>.far</name>
         <uninitialized>true</uninitialized>
         <run_address>0x80004454</run_address>
         <size>0x8</size>
         <input_file_ref idref="fl-8e"/>
      </object_component>
      <object_component id="oc-54">
         <name>.far</name>
         <uninitialized>true</uninitialized>
         <run_address>0x800043fc</run_address>
         <size>0x28</size>
         <input_file_ref idref="fl-8f"/>
      </object_component>
      <object_component id="oc-59">
         <name>.far</name>
         <uninitialized>true</uninitialized>
         <run_address>0x80004462</run_address>
         <size>0x2</size>
         <input_file_ref idref="fl-91"/>
      </object_component>
      <object_component id="oc-5c">
         <name>.far</name>
         <uninitialized>true</uninitialized>
         <run_address>0x800043d4</run_address>
         <size>0x28</size>
         <input_file_ref idref="fl-92"/>
      </object_component>
      <object_component id="oc-62">
         <name>.far</name>
         <uninitialized>true</uninitialized>
         <run_address>0x800042a8</run_address>
         <size>0xf4</size>
         <input_file_ref idref="fl-93"/>
      </object_component>
      <object_component id="oc-67">
         <name>.far</name>
         <uninitialized>true</uninitialized>
         <run_address>0x8000439c</run_address>
         <size>0x38</size>
         <input_file_ref idref="fl-94"/>
      </object_component>
      <object_component id="oc-6c">
         <name>.far</name>
         <uninitialized>true</uninitialized>
         <run_address>0x80004424</run_address>
         <size>0x24</size>
         <input_file_ref idref="fl-95"/>
      </object_component>
      <object_component id="oc-27">
         <name>.stack</name>
         <uninitialized>true</uninitialized>
         <run_address>0x80003820</run_address>
         <size>0x8</size>
         <input_file_ref idref="fl-82"/>
      </object_component>
      <object_component id="oc-b1">
         <name>.stack</name>
         <uninitialized>true</uninitialized>
         <run_address>0x80003820</run_address>
         <size>0x0</size>
      </object_component>
      <object_component id="oc-61">
         <name>.cinit</name>
         <load_address>0x80004468</load_address>
         <run_address>0x80004468</run_address>
         <size>0x12c</size>
         <input_file_ref idref="fl-93"/>
      </object_component>
      <object_component id="oc-17">
         <name>.cinit</name>
         <load_address>0x80004598</load_address>
         <run_address>0x80004598</run_address>
         <size>0x98</size>
         <input_file_ref idref="fl-3"/>
      </object_component>
      <object_component id="oc-66">
         <name>.cinit</name>
         <load_address>0x80004630</load_address>
         <run_address>0x80004630</run_address>
         <size>0x54</size>
         <input_file_ref idref="fl-94"/>
      </object_component>
      <object_component id="oc-6b">
         <name>.cinit</name>
         <load_address>0x80004688</load_address>
         <run_address>0x80004688</run_address>
         <size>0x4c</size>
         <input_file_ref idref="fl-95"/>
      </object_component>
      <object_component id="oc-5b">
         <name>.cinit</name>
         <load_address>0x800046d8</load_address>
         <run_address>0x800046d8</run_address>
         <size>0x3c</size>
         <input_file_ref idref="fl-92"/>
      </object_component>
      <object_component id="oc-53">
         <name>.cinit</name>
         <load_address>0x80004718</load_address>
         <run_address>0x80004718</run_address>
         <size>0x30</size>
         <input_file_ref idref="fl-8f"/>
      </object_component>
      <object_component id="oc-2e">
         <name>.cinit</name>
         <load_address>0x80004748</load_address>
         <run_address>0x80004748</run_address>
         <size>0x2c</size>
         <input_file_ref idref="fl-84"/>
      </object_component>
      <object_component id="oc-21">
         <name>.cinit</name>
         <load_address>0x80004778</load_address>
         <run_address>0x80004778</run_address>
         <size>0xc</size>
         <input_file_ref idref="fl-5"/>
      </object_component>
      <object_component id="oc-50">
         <name>.const</name>
         <load_address>0x8000478c</load_address>
         <run_address>0x8000478c</run_address>
         <size>0x40</size>
         <input_file_ref idref="fl-8e"/>
      </object_component>
      <object_component id="oc-4c">
         <name>.const</name>
         <load_address>0x800047cc</load_address>
         <run_address>0x800047cc</run_address>
         <size>0x20</size>
         <input_file_ref idref="fl-8d"/>
      </object_component>
      <object_component id="oc-13">
         <name>.debug_info</name>
         <load_address>0x0</load_address>
         <run_address>0x0</run_address>
         <size>0x10b</size>
         <input_file_ref idref="fl-2"/>
      </object_component>
      <object_component id="oc-16">
         <name>.debug_info</name>
         <load_address>0x10b</load_address>
         <run_address>0x10b</run_address>
         <size>0xdb7</size>
         <input_file_ref idref="fl-3"/>
      </object_component>
      <object_component id="oc-1c">
         <name>.debug_info</name>
         <load_address>0xec2</load_address>
         <run_address>0xec2</run_address>
         <size>0x1258</size>
         <input_file_ref idref="fl-4"/>
      </object_component>
      <object_component id="oc-20">
         <name>.debug_info</name>
         <load_address>0x211a</load_address>
         <run_address>0x211a</run_address>
         <size>0xd1b</size>
         <input_file_ref idref="fl-5"/>
      </object_component>
      <object_component id="oc-26">
         <name>.debug_info</name>
         <load_address>0x2e35</load_address>
         <run_address>0x2e35</run_address>
         <size>0x711</size>
         <input_file_ref idref="fl-82"/>
      </object_component>
      <object_component id="oc-2a">
         <name>.debug_info</name>
         <load_address>0x3546</load_address>
         <run_address>0x3546</run_address>
         <size>0x988</size>
         <input_file_ref idref="fl-83"/>
      </object_component>
      <object_component id="oc-2d">
         <name>.debug_info</name>
         <load_address>0x3ece</load_address>
         <run_address>0x3ece</run_address>
         <size>0x808</size>
         <input_file_ref idref="fl-84"/>
      </object_component>
      <object_component id="oc-32">
         <name>.debug_info</name>
         <load_address>0x46d6</load_address>
         <run_address>0x46d6</run_address>
         <size>0x6aa</size>
         <input_file_ref idref="fl-85"/>
      </object_component>
      <object_component id="oc-35">
         <name>.debug_info</name>
         <load_address>0x4d80</load_address>
         <run_address>0x4d80</run_address>
         <size>0x697</size>
         <input_file_ref idref="fl-86"/>
      </object_component>
      <object_component id="oc-38">
         <name>.debug_info</name>
         <load_address>0x5417</load_address>
         <run_address>0x5417</run_address>
         <size>0x6bd</size>
         <input_file_ref idref="fl-87"/>
      </object_component>
      <object_component id="oc-3b">
         <name>.debug_info</name>
         <load_address>0x5ad4</load_address>
         <run_address>0x5ad4</run_address>
         <size>0x6e7</size>
         <input_file_ref idref="fl-88"/>
      </object_component>
      <object_component id="oc-3e">
         <name>.debug_info</name>
         <load_address>0x61bb</load_address>
         <run_address>0x61bb</run_address>
         <size>0x87a</size>
         <input_file_ref idref="fl-89"/>
      </object_component>
      <object_component id="oc-41">
         <name>.debug_info</name>
         <load_address>0x6a35</load_address>
         <run_address>0x6a35</run_address>
         <size>0x6f2</size>
         <input_file_ref idref="fl-8a"/>
      </object_component>
      <object_component id="oc-44">
         <name>.debug_info</name>
         <load_address>0x7127</load_address>
         <run_address>0x7127</run_address>
         <size>0x7e8</size>
         <input_file_ref idref="fl-8b"/>
      </object_component>
      <object_component id="oc-47">
         <name>.debug_info</name>
         <load_address>0x790f</load_address>
         <run_address>0x790f</run_address>
         <size>0x79e</size>
         <input_file_ref idref="fl-8c"/>
      </object_component>
      <object_component id="oc-5e">
         <name>.debug_info</name>
         <load_address>0x80ad</load_address>
         <run_address>0x80ad</run_address>
         <size>0xa13</size>
         <input_file_ref idref="fl-92"/>
      </object_component>
      <object_component id="oc-64">
         <name>.debug_info</name>
         <load_address>0x8ac0</load_address>
         <run_address>0x8ac0</run_address>
         <size>0xf4d</size>
         <input_file_ref idref="fl-93"/>
      </object_component>
      <object_component id="oc-69">
         <name>.debug_info</name>
         <load_address>0x9a0d</load_address>
         <run_address>0x9a0d</run_address>
         <size>0xe0d</size>
         <input_file_ref idref="fl-94"/>
      </object_component>
      <object_component id="oc-6e">
         <name>.debug_info</name>
         <load_address>0xa81a</load_address>
         <run_address>0xa81a</run_address>
         <size>0x93b</size>
         <input_file_ref idref="fl-95"/>
      </object_component>
      <object_component id="oc-70">
         <name>.debug_info</name>
         <load_address>0xb155</load_address>
         <run_address>0xb155</run_address>
         <size>0xdc</size>
         <input_file_ref idref="fl-96"/>
      </object_component>
      <object_component id="oc-bd">
         <name>.debug_info</name>
         <load_address>0xb231</load_address>
         <run_address>0xb231</run_address>
         <size>0x6e</size>
      </object_component>
      <object_component id="oc-14">
         <name>.debug_line</name>
         <load_address>0x0</load_address>
         <run_address>0x0</run_address>
         <size>0xcd</size>
         <input_file_ref idref="fl-2"/>
      </object_component>
      <object_component id="oc-1a">
         <name>.debug_line</name>
         <load_address>0xcd</load_address>
         <run_address>0xcd</run_address>
         <size>0xa2</size>
         <input_file_ref idref="fl-3"/>
      </object_component>
      <object_component id="oc-1e">
         <name>.debug_line</name>
         <load_address>0x16f</load_address>
         <run_address>0x16f</run_address>
         <size>0x157</size>
         <input_file_ref idref="fl-4"/>
      </object_component>
      <object_component id="oc-24">
         <name>.debug_line</name>
         <load_address>0x2c6</load_address>
         <run_address>0x2c6</run_address>
         <size>0xf4</size>
         <input_file_ref idref="fl-5"/>
      </object_component>
      <object_component id="oc-28">
         <name>.debug_line</name>
         <load_address>0x3ba</load_address>
         <run_address>0x3ba</run_address>
         <size>0x3d</size>
         <input_file_ref idref="fl-82"/>
      </object_component>
      <object_component id="oc-2b">
         <name>.debug_line</name>
         <load_address>0x3f7</load_address>
         <run_address>0x3f7</run_address>
         <size>0x3c</size>
         <input_file_ref idref="fl-83"/>
      </object_component>
      <object_component id="oc-30">
         <name>.debug_line</name>
         <load_address>0x433</load_address>
         <run_address>0x433</run_address>
         <size>0x4f</size>
         <input_file_ref idref="fl-84"/>
      </object_component>
      <object_component id="oc-33">
         <name>.debug_line</name>
         <load_address>0x482</load_address>
         <run_address>0x482</run_address>
         <size>0x3e</size>
         <input_file_ref idref="fl-85"/>
      </object_component>
      <object_component id="oc-36">
         <name>.debug_line</name>
         <load_address>0x4c0</load_address>
         <run_address>0x4c0</run_address>
         <size>0x3f</size>
         <input_file_ref idref="fl-86"/>
      </object_component>
      <object_component id="oc-39">
         <name>.debug_line</name>
         <load_address>0x4ff</load_address>
         <run_address>0x4ff</run_address>
         <size>0x3d</size>
         <input_file_ref idref="fl-87"/>
      </object_component>
      <object_component id="oc-3c">
         <name>.debug_line</name>
         <load_address>0x53c</load_address>
         <run_address>0x53c</run_address>
         <size>0x41</size>
         <input_file_ref idref="fl-88"/>
      </object_component>
      <object_component id="oc-3f">
         <name>.debug_line</name>
         <load_address>0x57d</load_address>
         <run_address>0x57d</run_address>
         <size>0x47</size>
         <input_file_ref idref="fl-89"/>
      </object_component>
      <object_component id="oc-42">
         <name>.debug_line</name>
         <load_address>0x5c4</load_address>
         <run_address>0x5c4</run_address>
         <size>0x45</size>
         <input_file_ref idref="fl-8a"/>
      </object_component>
      <object_component id="oc-45">
         <name>.debug_line</name>
         <load_address>0x609</load_address>
         <run_address>0x609</run_address>
         <size>0x44</size>
         <input_file_ref idref="fl-8b"/>
      </object_component>
      <object_component id="oc-48">
         <name>.debug_line</name>
         <load_address>0x64d</load_address>
         <run_address>0x64d</run_address>
         <size>0x4e</size>
         <input_file_ref idref="fl-8c"/>
      </object_component>
      <object_component id="oc-5f">
         <name>.debug_line</name>
         <load_address>0x69b</load_address>
         <run_address>0x69b</run_address>
         <size>0x6a</size>
         <input_file_ref idref="fl-92"/>
      </object_component>
      <object_component id="oc-65">
         <name>.debug_line</name>
         <load_address>0x705</load_address>
         <run_address>0x705</run_address>
         <size>0x159</size>
         <input_file_ref idref="fl-93"/>
      </object_component>
      <object_component id="oc-6a">
         <name>.debug_line</name>
         <load_address>0x85e</load_address>
         <run_address>0x85e</run_address>
         <size>0x128</size>
         <input_file_ref idref="fl-94"/>
      </object_component>
      <object_component id="oc-6f">
         <name>.debug_line</name>
         <load_address>0x986</load_address>
         <run_address>0x986</run_address>
         <size>0xa4</size>
         <input_file_ref idref="fl-95"/>
      </object_component>
      <object_component id="oc-71">
         <name>.debug_line</name>
         <load_address>0xa2a</load_address>
         <run_address>0xa2a</run_address>
         <size>0x48</size>
         <input_file_ref idref="fl-96"/>
      </object_component>
      <object_component id="oc-15">
         <name>.debug_abbrev</name>
         <load_address>0x0</load_address>
         <run_address>0x0</run_address>
         <size>0x21</size>
         <input_file_ref idref="fl-2"/>
      </object_component>
      <object_component id="oc-1b">
         <name>.debug_abbrev</name>
         <load_address>0x21</load_address>
         <run_address>0x21</run_address>
         <size>0x143</size>
         <input_file_ref idref="fl-3"/>
      </object_component>
      <object_component id="oc-1f">
         <name>.debug_abbrev</name>
         <load_address>0x164</load_address>
         <run_address>0x164</run_address>
         <size>0x17c</size>
         <input_file_ref idref="fl-4"/>
      </object_component>
      <object_component id="oc-25">
         <name>.debug_abbrev</name>
         <load_address>0x2e0</load_address>
         <run_address>0x2e0</run_address>
         <size>0x120</size>
         <input_file_ref idref="fl-5"/>
      </object_component>
      <object_component id="oc-29">
         <name>.debug_abbrev</name>
         <load_address>0x400</load_address>
         <run_address>0x400</run_address>
         <size>0xfe</size>
         <input_file_ref idref="fl-82"/>
      </object_component>
      <object_component id="oc-2c">
         <name>.debug_abbrev</name>
         <load_address>0x4fe</load_address>
         <run_address>0x4fe</run_address>
         <size>0xf5</size>
         <input_file_ref idref="fl-83"/>
      </object_component>
      <object_component id="oc-31">
         <name>.debug_abbrev</name>
         <load_address>0x5f3</load_address>
         <run_address>0x5f3</run_address>
         <size>0x119</size>
         <input_file_ref idref="fl-84"/>
      </object_component>
      <object_component id="oc-34">
         <name>.debug_abbrev</name>
         <load_address>0x70c</load_address>
         <run_address>0x70c</run_address>
         <size>0x9a</size>
         <input_file_ref idref="fl-85"/>
      </object_component>
      <object_component id="oc-37">
         <name>.debug_abbrev</name>
         <load_address>0x7a6</load_address>
         <run_address>0x7a6</run_address>
         <size>0xa3</size>
         <input_file_ref idref="fl-86"/>
      </object_component>
      <object_component id="oc-3a">
         <name>.debug_abbrev</name>
         <load_address>0x849</load_address>
         <run_address>0x849</run_address>
         <size>0xa3</size>
         <input_file_ref idref="fl-87"/>
      </object_component>
      <object_component id="oc-3d">
         <name>.debug_abbrev</name>
         <load_address>0x8ec</load_address>
         <run_address>0x8ec</run_address>
         <size>0xe1</size>
         <input_file_ref idref="fl-88"/>
      </object_component>
      <object_component id="oc-40">
         <name>.debug_abbrev</name>
         <load_address>0x9cd</load_address>
         <run_address>0x9cd</run_address>
         <size>0x13f</size>
         <input_file_ref idref="fl-89"/>
      </object_component>
      <object_component id="oc-43">
         <name>.debug_abbrev</name>
         <load_address>0xb0c</load_address>
         <run_address>0xb0c</run_address>
         <size>0xdd</size>
         <input_file_ref idref="fl-8a"/>
      </object_component>
      <object_component id="oc-46">
         <name>.debug_abbrev</name>
         <load_address>0xbe9</load_address>
         <run_address>0xbe9</run_address>
         <size>0x10c</size>
         <input_file_ref idref="fl-8b"/>
      </object_component>
      <object_component id="oc-49">
         <name>.debug_abbrev</name>
         <load_address>0xcf5</load_address>
         <run_address>0xcf5</run_address>
         <size>0xd5</size>
         <input_file_ref idref="fl-8c"/>
      </object_component>
      <object_component id="oc-5d">
         <name>.debug_abbrev</name>
         <load_address>0xdca</load_address>
         <run_address>0xdca</run_address>
         <size>0x165</size>
         <input_file_ref idref="fl-92"/>
      </object_component>
      <object_component id="oc-63">
         <name>.debug_abbrev</name>
         <load_address>0xf2f</load_address>
         <run_address>0xf2f</run_address>
         <size>0x1b7</size>
         <input_file_ref idref="fl-93"/>
      </object_component>
      <object_component id="oc-68">
         <name>.debug_abbrev</name>
         <load_address>0x10e6</load_address>
         <run_address>0x10e6</run_address>
         <size>0x1a3</size>
         <input_file_ref idref="fl-94"/>
      </object_component>
      <object_component id="oc-6d">
         <name>.debug_abbrev</name>
         <load_address>0x1289</load_address>
         <run_address>0x1289</run_address>
         <size>0x1ed</size>
         <input_file_ref idref="fl-95"/>
      </object_component>
      <object_component id="oc-72">
         <name>.debug_abbrev</name>
         <load_address>0x1476</load_address>
         <run_address>0x1476</run_address>
         <size>0x3b</size>
         <input_file_ref idref="fl-96"/>
      </object_component>
      <object_component id="oc-be">
         <name>.debug_abbrev</name>
         <load_address>0x14b1</load_address>
         <run_address>0x14b1</run_address>
         <size>0xd</size>
      </object_component>
      <object_component id="oc-19">
         <name>.debug_frame</name>
         <load_address>0x0</load_address>
         <run_address>0x0</run_address>
         <size>0x27b</size>
         <input_file_ref idref="fl-3"/>
      </object_component>
      <object_component id="oc-1d">
         <name>.debug_frame</name>
         <load_address>0x27b</load_address>
         <run_address>0x27b</run_address>
         <size>0x34f</size>
         <input_file_ref idref="fl-4"/>
      </object_component>
      <object_component id="oc-23">
         <name>.debug_frame</name>
         <load_address>0x5ca</load_address>
         <run_address>0x5ca</run_address>
         <size>0x297</size>
         <input_file_ref idref="fl-5"/>
      </object_component>
      <object_component id="oc-4d">
         <name>$BRID</name>
         <load_address>0x0</load_address>
         <run_address>0x0</run_address>
         <size>0x54</size>
         <input_file_ref idref="fl-8d"/>
      </object_component>
      <object_component id="oc-51">
         <name>$BRID</name>
         <load_address>0x54</load_address>
         <run_address>0x54</run_address>
         <size>0x24</size>
         <input_file_ref idref="fl-8e"/>
      </object_component>
      <object_component id="oc-55">
         <name>$BRID</name>
         <load_address>0x78</load_address>
         <run_address>0x78</run_address>
         <size>0x14</size>
         <input_file_ref idref="fl-8f"/>
      </object_component>
      <object_component id="oc-57">
         <name>$BRID</name>
         <load_address>0x8c</load_address>
         <run_address>0x8c</run_address>
         <size>0xc</size>
         <input_file_ref idref="fl-90"/>
      </object_component>
      <object_component id="oc-5a">
         <name>$BRID</name>
         <load_address>0x98</load_address>
         <run_address>0x98</run_address>
         <size>0x30</size>
         <input_file_ref idref="fl-91"/>
      </object_component>
   </object_component_list>
   <logical_group_list>
      <logical_group id="lg-2">
         <name>.vecs</name>
         <load_address>0x0</load_address>
         <run_address>0x0</run_address>
         <size>0x200</size>
         <contents>
            <object_component_ref idref="oc-12"/>
         </contents>
      </logical_group>
      <logical_group id="lg-3">
         <name>.text</name>
         <load_address>0x80000000</load_address>
         <run_address>0x80000000</run_address>
         <size>0x3820</size>
         <contents>
            <object_component_ref idref="oc-91"/>
            <object_component_ref idref="oc-81"/>
            <object_component_ref idref="oc-82"/>
            <object_component_ref idref="oc-4a"/>
            <object_component_ref idref="oc-4e"/>
            <object_component_ref idref="oc-7a"/>
            <object_component_ref idref="oc-80"/>
            <object_component_ref idref="oc-88"/>
            <object_component_ref idref="oc-92"/>
            <object_component_ref idref="oc-7e"/>
            <object_component_ref idref="oc-58"/>
            <object_component_ref idref="oc-84"/>
            <object_component_ref idref="oc-96"/>
            <object_component_ref idref="oc-52"/>
            <object_component_ref idref="oc-93"/>
            <object_component_ref idref="oc-7c"/>
            <object_component_ref idref="oc-77"/>
            <object_component_ref idref="oc-78"/>
            <object_component_ref idref="oc-73"/>
            <object_component_ref idref="oc-76"/>
            <object_component_ref idref="oc-75"/>
            <object_component_ref idref="oc-79"/>
            <object_component_ref idref="oc-83"/>
            <object_component_ref idref="oc-97"/>
            <object_component_ref idref="oc-94"/>
            <object_component_ref idref="oc-7b"/>
            <object_component_ref idref="oc-10"/>
            <object_component_ref idref="oc-95"/>
            <object_component_ref idref="oc-56"/>
            <object_component_ref idref="oc-8c"/>
            <object_component_ref idref="oc-89"/>
            <object_component_ref idref="oc-74"/>
            <object_component_ref idref="oc-11"/>
            <object_component_ref idref="oc-7f"/>
            <object_component_ref idref="oc-85"/>
            <object_component_ref idref="oc-8a"/>
            <object_component_ref idref="oc-8b"/>
            <object_component_ref idref="oc-87"/>
            <object_component_ref idref="oc-86"/>
            <object_component_ref idref="oc-90"/>
            <object_component_ref idref="oc-8f"/>
            <object_component_ref idref="oc-8e"/>
            <object_component_ref idref="oc-8d"/>
            <object_component_ref idref="oc-7d"/>
            <object_component_ref idref="oc-60"/>
         </contents>
      </logical_group>
      <logical_group id="lg-4">
         <name>.rtdx_text</name>
         <run_address>0x0</run_address>
         <size>0x0</size>
         <contents>
         </contents>
      </logical_group>
      <logical_group id="lg-5">
         <name>.far</name>
         <run_address>0x80004020</run_address>
         <size>0x444</size>
         <contents>
            <object_component_ref idref="oc-18"/>
            <object_component_ref idref="oc-22"/>
            <object_component_ref idref="oc-2f"/>
            <object_component_ref idref="oc-4b"/>
            <object_component_ref idref="oc-4f"/>
            <object_component_ref idref="oc-54"/>
            <object_component_ref idref="oc-59"/>
            <object_component_ref idref="oc-5c"/>
            <object_component_ref idref="oc-62"/>
            <object_component_ref idref="oc-67"/>
            <object_component_ref idref="oc-6c"/>
         </contents>
      </logical_group>
      <logical_group id="lg-6">
         <name>.stack</name>
         <run_address>0x80003820</run_address>
         <size>0x800</size>
         <contents>
            <object_component_ref idref="oc-27"/>
            <object_component_ref idref="oc-b1"/>
         </contents>
      </logical_group>
      <logical_group id="lg-7">
         <name>.bss</name>
         <run_address>0x80000000</run_address>
         <size>0x0</size>
         <contents>
         </contents>
      </logical_group>
      <logical_group id="lg-8">
         <name>.cinit</name>
         <load_address>0x80004468</load_address>
         <run_address>0x80004468</run_address>
         <size>0x324</size>
         <contents>
            <object_component_ref idref="oc-61"/>
            <object_component_ref idref="oc-17"/>
            <object_component_ref idref="oc-66"/>
            <object_component_ref idref="oc-6b"/>
            <object_component_ref idref="oc-5b"/>
            <object_component_ref idref="oc-53"/>
            <object_component_ref idref="oc-2e"/>
            <object_component_ref idref="oc-21"/>
         </contents>
      </logical_group>
      <logical_group id="lg-9">
         <name>.pinit</name>
         <run_address>0x0</run_address>
         <size>0x0</size>
         <contents>
         </contents>
      </logical_group>
      <logical_group id="lg-a">
         <name>.cio</name>
         <run_address>0x0</run_address>
         <size>0x0</size>
         <contents>
         </contents>
      </logical_group>
      <logical_group id="lg-b">
         <name>.const</name>
         <load_address>0x8000478c</load_address>
         <run_address>0x8000478c</run_address>
         <size>0x60</size>
         <contents>
            <object_component_ref idref="oc-50"/>
            <object_component_ref idref="oc-4c"/>
         </contents>
      </logical_group>
      <logical_group id="lg-c">
         <name>.data</name>
         <run_address>0x80000000</run_address>
         <size>0x0</size>
         <contents>
         </contents>
      </logical_group>
      <logical_group id="lg-d">
         <name>.rtdx_data</name>
         <run_address>0x0</run_address>
         <size>0x0</size>
         <contents>
         </contents>
      </logical_group>
      <logical_group id="lg-e">
         <name>.switch</name>
         <run_address>0x0</run_address>
         <size>0x0</size>
         <contents>
         </contents>
      </logical_group>
      <logical_group id="lg-f">
         <name>.sysmem</name>
         <run_address>0x0</run_address>
         <size>0x0</size>
         <contents>
         </contents>
      </logical_group>
      <logical_group id="lg-a6">
         <name>.debug_info</name>
         <load_address>0x0</load_address>
         <run_address>0x0</run_address>
         <size>0xb29f</size>
         <contents>
            <object_component_ref idref="oc-13"/>
            <object_component_ref idref="oc-16"/>
            <object_component_ref idref="oc-1c"/>
            <object_component_ref idref="oc-20"/>
            <object_component_ref idref="oc-26"/>
            <object_component_ref idref="oc-2a"/>
            <object_component_ref idref="oc-2d"/>
            <object_component_ref idref="oc-32"/>
            <object_component_ref idref="oc-35"/>
            <object_component_ref idref="oc-38"/>
            <object_component_ref idref="oc-3b"/>
            <object_component_ref idref="oc-3e"/>
            <object_component_ref idref="oc-41"/>
            <object_component_ref idref="oc-44"/>
            <object_component_ref idref="oc-47"/>
            <object_component_ref idref="oc-5e"/>
            <object_component_ref idref="oc-64"/>
            <object_component_ref idref="oc-69"/>
            <object_component_ref idref="oc-6e"/>
            <object_component_ref idref="oc-70"/>
            <object_component_ref idref="oc-bd"/>
         </contents>
      </logical_group>
      <logical_group id="lg-a8">
         <name>.debug_line</name>
         <load_address>0x0</load_address>
         <run_address>0x0</run_address>
         <size>0xa72</size>
         <contents>
            <object_component_ref idref="oc-14"/>
            <object_component_ref idref="oc-1a"/>
            <object_component_ref idref="oc-1e"/>
            <object_component_ref idref="oc-24"/>
            <object_component_ref idref="oc-28"/>
            <object_component_ref idref="oc-2b"/>
            <object_component_ref idref="oc-30"/>
            <object_component_ref idref="oc-33"/>
            <object_component_ref idref="oc-36"/>
            <object_component_ref idref="oc-39"/>
            <object_component_ref idref="oc-3c"/>
            <object_component_ref idref="oc-3f"/>
            <object_component_ref idref="oc-42"/>
            <object_component_ref idref="oc-45"/>
            <object_component_ref idref="oc-48"/>
            <object_component_ref idref="oc-5f"/>
            <object_component_ref idref="oc-65"/>
            <object_component_ref idref="oc-6a"/>
            <object_component_ref idref="oc-6f"/>
            <object_component_ref idref="oc-71"/>
         </contents>
      </logical_group>
      <logical_group id="lg-aa">
         <name>.debug_abbrev</name>
         <load_address>0x0</load_address>
         <run_address>0x0</run_address>
         <size>0x14be</size>
         <contents>
            <object_component_ref idref="oc-15"/>
            <object_component_ref idref="oc-1b"/>
            <object_component_ref idref="oc-1f"/>
            <object_component_ref idref="oc-25"/>
            <object_component_ref idref="oc-29"/>
            <object_component_ref idref="oc-2c"/>
            <object_component_ref idref="oc-31"/>
            <object_component_ref idref="oc-34"/>
            <object_component_ref idref="oc-37"/>
            <object_component_ref idref="oc-3a"/>
            <object_component_ref idref="oc-3d"/>
            <object_component_ref idref="oc-40"/>
            <object_component_ref idref="oc-43"/>
            <object_component_ref idref="oc-46"/>
            <object_component_ref idref="oc-49"/>
            <object_component_ref idref="oc-5d"/>
            <object_component_ref idref="oc-63"/>
            <object_component_ref idref="oc-68"/>
            <object_component_ref idref="oc-6d"/>
            <object_component_ref idref="oc-72"/>
            <object_component_ref idref="oc-be"/>
         </contents>
      </logical_group>
      <logical_group id="lg-ac">
         <name>.debug_frame</name>
         <load_address>0x0</load_address>
         <run_address>0x0</run_address>
         <size>0x861</size>
         <contents>
            <object_component_ref idref="oc-19"/>
            <object_component_ref idref="oc-1d"/>
            <object_component_ref idref="oc-23"/>
         </contents>
      </logical_group>
      <logical_group id="lg-ae">
         <name>$BRID</name>
         <load_address>0x0</load_address>
         <run_address>0x0</run_address>
         <size>0xc8</size>
         <contents>
            <object_component_ref idref="oc-4d"/>
            <object_component_ref idref="oc-51"/>
            <object_component_ref idref="oc-55"/>
            <object_component_ref idref="oc-57"/>
            <object_component_ref idref="oc-5a"/>
         </contents>
      </logical_group>
   </logical_group_list>
   <placement_map>
      <memory_area>
         <name>VECS</name>
         <page_id>0x0</page_id>
         <origin>0x0</origin>
         <length>0x200</length>
         <used_space>0x200</used_space>
         <unused_space>0x0</unused_space>
         <attributes>RWIX</attributes>
         <usage_details>
            <allocated_space>
               <start_address>0x0</start_address>
               <size>0x200</size>
               <logical_group_ref idref="lg-2"/>
            </allocated_space>
         </usage_details>
      </memory_area>
      <memory_area>
         <name>PMEM</name>
         <page_id>0x0</page_id>
         <origin>0x200</origin>
         <length>0xfe00</length>
         <used_space>0x0</used_space>
         <unused_space>0xfe00</unused_space>
         <attributes>RWIX</attributes>
         <usage_details>
         </usage_details>
      </memory_area>
      <memory_area>
         <name>BMEM</name>
         <page_id>0x0</page_id>
         <origin>0x80000000</origin>
         <length>0x1000000</length>
         <used_space>0x47e8</used_space>
         <unused_space>0xffb818</unused_space>
         <attributes>RWIX</attributes>
         <usage_details>
            <allocated_space>
               <start_address>0x80000000</start_address>
               <size>0x0</size>
               <logical_group_ref idref="lg-c"/>
            </allocated_space>
            <allocated_space>
               <start_address>0x80000000</start_address>
               <size>0x0</size>
               <logical_group_ref idref="lg-7"/>
            </allocated_space>
            <allocated_space>
               <start_address>0x80000000</start_address>
               <size>0x3820</size>
               <logical_group_ref idref="lg-3"/>
            </allocated_space>
            <allocated_space>
               <start_address>0x80003820</start_address>
               <size>0x800</size>
               <logical_group_ref idref="lg-6"/>
            </allocated_space>
            <allocated_space>
               <start_address>0x80004020</start_address>
               <size>0x444</size>
               <logical_group_ref idref="lg-5"/>
            </allocated_space>
            <available_space>
               <start_address>0x80004464</start_address>
               <size>0x4</size>
            </available_space>
            <allocated_space>
               <start_address>0x80004468</start_address>
               <size>0x324</size>
               <logical_group_ref idref="lg-8"/>
            </allocated_space>
            <allocated_space>
               <start_address>0x8000478c</start_address>
               <size>0x60</size>
               <logical_group_ref idref="lg-b"/>
            </allocated_space>
            <available_space>
               <start_address>0x800047ec</start_address>
               <size>0xffb814</size>
            </available_space>
         </usage_details>
      </memory_area>
   </placement_map>
   <symbol_table>
      <symbol id="sm-0">
         <name>cinit</name>
         <value>0x80004468</value>
      </symbol>
      <symbol id="sm-1">
         <name>___cinit__</name>
         <value>0x80004468</value>
      </symbol>
      <symbol id="sm-2">
         <name>pinit</name>
         <value>0xffffffff</value>
      </symbol>
      <symbol id="sm-3">
         <name>___pinit__</name>
         <value>0xffffffff</value>
      </symbol>
      <symbol id="sm-4">
         <name>binit</name>
         <value>0xffffffff</value>
      </symbol>
      <symbol id="sm-5">
         <name>___binit__</name>
         <value>0xffffffff</value>
      </symbol>
      <symbol id="sm-6">
         <name>__STACK_SIZE</name>
         <value>0x800</value>
      </symbol>
      <symbol id="sm-7">
         <name>__STACK_END</name>
         <value>0x80004020</value>
      </symbol>
      <symbol id="sm-8">
         <name>___c_args__</name>
         <value>0xffffffff</value>
      </symbol>
      <symbol id="sm-9">
         <name>.text</name>
         <value>0x80000000</value>
      </symbol>
      <symbol id="sm-a">
         <name>___text__</name>
         <value>0x80000000</value>
      </symbol>
      <symbol id="sm-b">
         <name>etext</name>
         <value>0x80003820</value>
      </symbol>
      <symbol id="sm-c">
         <name>___etext__</name>
         <value>0x80003820</value>
      </symbol>
      <symbol id="sm-d">
         <name>.data</name>
         <value>0x80000000</value>
      </symbol>
      <symbol id="sm-e">
         <name>___data__</name>
         <value>0x80000000</value>
      </symbol>
      <symbol id="sm-f">
         <name>edata</name>
         <value>0x80000000</value>
      </symbol>
      <symbol id="sm-10">
         <name>___edata__</name>
         <value>0x80000000</value>
      </symbol>
      <symbol id="sm-11">
         <name>.bss</name>
         <value>0x80000000</value>
      </symbol>
      <symbol id="sm-12">
         <name>___bss__</name>
         <value>0x80000000</value>
      </symbol>
      <symbol id="sm-13">
         <name>end</name>
         <value>0x80000000</value>
      </symbol>
      <symbol id="sm-14">
         <name>___end__</name>
         <value>0x80000000</value>
      </symbol>
      <symbol id="sm-15">
         <name>___TI_pprof_out_hndl</name>
         <value>0xffffffff</value>
      </symbol>
      <symbol id="sm-16">
         <name>___TI_prof_data_start</name>
         <value>0xffffffff</value>
      </symbol>
      <symbol id="sm-17">
         <name>___TI_prof_data_size</name>
         <value>0xffffffff</value>
      </symbol>
      <symbol id="sm-18">
         <name>$bss</name>
         <value>0x80000000</value>
      </symbol>
      <symbol id="sm-4a">
         <name>_vector10</name>
         <value>0x140</value>
         <object_component_ref idref="oc-12"/>
      </symbol>
      <symbol id="sm-4b">
         <name>_vector11</name>
         <value>0x160</value>
         <object_component_ref idref="oc-12"/>
      </symbol>
      <symbol id="sm-4c">
         <name>_vector12</name>
         <value>0x180</value>
         <object_component_ref idref="oc-12"/>
      </symbol>
      <symbol id="sm-4d">
         <name>_vector13</name>
         <value>0x1a0</value>
         <object_component_ref idref="oc-12"/>
      </symbol>
      <symbol id="sm-4e">
         <name>_vector14</name>
         <value>0x1c0</value>
         <object_component_ref idref="oc-12"/>
      </symbol>
      <symbol id="sm-4f">
         <name>_vector15</name>
         <value>0x1e0</value>
         <object_component_ref idref="oc-12"/>
      </symbol>
      <symbol id="sm-50">
         <name>_vectors</name>
         <value>0x0</value>
         <object_component_ref idref="oc-12"/>
      </symbol>
      <symbol id="sm-51">
         <name>_vector1</name>
         <value>0x20</value>
         <object_component_ref idref="oc-12"/>
      </symbol>
      <symbol id="sm-52">
         <name>_vector3</name>
         <value>0x60</value>
         <object_component_ref idref="oc-12"/>
      </symbol>
      <symbol id="sm-53">
         <name>_vector2</name>
         <value>0x40</value>
         <object_component_ref idref="oc-12"/>
      </symbol>
      <symbol id="sm-54">
         <name>_vector5</name>
         <value>0xa0</value>
         <object_component_ref idref="oc-12"/>
      </symbol>
      <symbol id="sm-55">
         <name>_vector4</name>
         <value>0x80</value>
         <object_component_ref idref="oc-12"/>
      </symbol>
      <symbol id="sm-56">
         <name>_vector7</name>
         <value>0xe0</value>
         <object_component_ref idref="oc-12"/>
      </symbol>
      <symbol id="sm-57">
         <name>_vector6</name>
         <value>0xc0</value>
         <object_component_ref idref="oc-12"/>
      </symbol>
      <symbol id="sm-58">
         <name>_vector9</name>
         <value>0x120</value>
         <object_component_ref idref="oc-12"/>
      </symbol>
      <symbol id="sm-59">
         <name>_vector8</name>
         <value>0x100</value>
         <object_component_ref idref="oc-12"/>
      </symbol>
      <symbol id="sm-72">
         <name>_main</name>
         <value>0x80002bc8</value>
         <object_component_ref idref="oc-7c"/>
      </symbol>
      <symbol id="sm-73">
         <name>_config</name>
         <value>0x8000404c</value>
         <object_component_ref idref="oc-18"/>
      </symbol>
      <symbol id="sm-74">
         <name>_hCodec</name>
         <value>0x800042a4</value>
         <object_component_ref idref="oc-18"/>
      </symbol>
      <symbol id="sm-75">
         <name>_CODECEventId</name>
         <value>0x80004024</value>
         <object_component_ref idref="oc-18"/>
      </symbol>
      <symbol id="sm-76">
         <name>_poll</name>
         <value>0x80004028</value>
         <object_component_ref idref="oc-18"/>
      </symbol>
      <symbol id="sm-77">
         <name>_fs</name>
         <value>0x80004078</value>
         <object_component_ref idref="oc-18"/>
      </symbol>
      <symbol id="sm-78">
         <name>_sine_table</name>
         <value>0x8000407c</value>
         <object_component_ref idref="oc-18"/>
      </symbol>
      <symbol id="sm-79">
         <name>_config1</name>
         <value>0x8000427c</value>
         <object_component_ref idref="oc-18"/>
      </symbol>
      <symbol id="sm-7a">
         <name>_AIC_data</name>
         <value>0x80004020</value>
         <object_component_ref idref="oc-18"/>
      </symbol>
      <symbol id="sm-7b">
         <name>_hAIC23_handle</name>
         <value>0x80004074</value>
         <object_component_ref idref="oc-18"/>
      </symbol>
      <symbol id="sm-7c">
         <name>_AIC23CfgData</name>
         <value>0x8000402c</value>
         <object_component_ref idref="oc-18"/>
      </symbol>
      <symbol id="sm-bc">
         <name>_comm_poll</name>
         <value>0x80000744</value>
         <object_component_ref idref="oc-81"/>
      </symbol>
      <symbol id="sm-bd">
         <name>_output_left_sample</name>
         <value>0x800009dc</value>
         <object_component_ref idref="oc-81"/>
      </symbol>
      <symbol id="sm-be">
         <name>_comm_intr</name>
         <value>0x80000778</value>
         <object_component_ref idref="oc-81"/>
      </symbol>
      <symbol id="sm-bf">
         <name>_input_left_sample</name>
         <value>0x80000ca0</value>
         <object_component_ref idref="oc-81"/>
      </symbol>
      <symbol id="sm-c0">
         <name>_output_sample</name>
         <value>0x800008c8</value>
         <object_component_ref idref="oc-81"/>
      </symbol>
      <symbol id="sm-c1">
         <name>_c6713_dsk_init</name>
         <value>0x80000720</value>
         <object_component_ref idref="oc-81"/>
      </symbol>
      <symbol id="sm-c2">
         <name>_input_right_sample</name>
         <value>0x80000d68</value>
         <object_component_ref idref="oc-81"/>
      </symbol>
      <symbol id="sm-c3">
         <name>_input_sample</name>
         <value>0x80000b9c</value>
         <object_component_ref idref="oc-81"/>
      </symbol>
      <symbol id="sm-c4">
         <name>_output_right_sample</name>
         <value>0x80000abc</value>
         <object_component_ref idref="oc-81"/>
      </symbol>
      <symbol id="sm-11c">
         <name>_InitializeTable</name>
         <value>0x80000e40</value>
         <object_component_ref idref="oc-82"/>
      </symbol>
      <symbol id="sm-11d">
         <name>_Volume</name>
         <value>0x8000445c</value>
         <object_component_ref idref="oc-22"/>
      </symbol>
      <symbol id="sm-11e">
         <name>_MySin</name>
         <value>0x8000116c</value>
         <object_component_ref idref="oc-82"/>
      </symbol>
      <symbol id="sm-11f">
         <name>_MakeMusic</name>
         <value>0x80000f40</value>
         <object_component_ref idref="oc-82"/>
      </symbol>
      <symbol id="sm-12b">
         <name>_c_int00</name>
         <value>0x80003480</value>
         <object_component_ref idref="oc-10"/>
      </symbol>
      <symbol id="sm-12c">
         <name>__stack</name>
         <value>0x80003820</value>
         <object_component_ref idref="oc-27"/>
      </symbol>
      <symbol id="sm-136">
         <name>__divd</name>
         <value>0x80000000</value>
         <object_component_ref idref="oc-91"/>
      </symbol>
      <symbol id="sm-146">
         <name>C$$EXIT</name>
         <value>0x800037e0</value>
         <object_component_ref idref="oc-7d"/>
      </symbol>
      <symbol id="sm-147">
         <name>_exit</name>
         <value>0x80003080</value>
         <object_component_ref idref="oc-75"/>
      </symbol>
      <symbol id="sm-148">
         <name>___TI_enable_exit_profile_output</name>
         <value>0x80004450</value>
         <object_component_ref idref="oc-2f"/>
      </symbol>
      <symbol id="sm-149">
         <name>_abort</name>
         <value>0x800037e0</value>
         <object_component_ref idref="oc-7d"/>
      </symbol>
      <symbol id="sm-14a">
         <name>__cleanup_ptr</name>
         <value>0x80004448</value>
         <object_component_ref idref="oc-2f"/>
      </symbol>
      <symbol id="sm-14b">
         <name>__dtors_ptr</name>
         <value>0x8000444c</value>
         <object_component_ref idref="oc-2f"/>
      </symbol>
      <symbol id="sm-155">
         <name>__frcmpyd_div</name>
         <value>0x800027e0</value>
         <object_component_ref idref="oc-96"/>
      </symbol>
      <symbol id="sm-15f">
         <name>__llshru</name>
         <value>0x80003500</value>
         <object_component_ref idref="oc-95"/>
      </symbol>
      <symbol id="sm-169">
         <name>__mpyll</name>
         <value>0x800032c0</value>
         <object_component_ref idref="oc-97"/>
      </symbol>
      <symbol id="sm-173">
         <name>__args_main</name>
         <value>0x80003640</value>
         <object_component_ref idref="oc-74"/>
      </symbol>
      <symbol id="sm-174">
         <name>__TI_args_main</name>
         <value>0x1</value>
      </symbol>
      <symbol id="sm-17e">
         <name>__auto_init</name>
         <value>0x80002ea0</value>
         <object_component_ref idref="oc-73"/>
      </symbol>
      <symbol id="sm-188">
         <name>___TI_cpp_init</name>
         <value>0x80003400</value>
         <object_component_ref idref="oc-7b"/>
      </symbol>
      <symbol id="sm-192">
         <name>_copy_in</name>
         <value>0x80003160</value>
         <object_component_ref idref="oc-79"/>
      </symbol>
      <symbol id="sm-19c">
         <name>_memcpy</name>
         <value>0x80001b80</value>
         <object_component_ref idref="oc-7a"/>
      </symbol>
      <symbol id="sm-1a6">
         <name>_DSK6713_init</name>
         <value>0x80001450</value>
         <object_component_ref idref="oc-4a"/>
      </symbol>
      <symbol id="sm-1a7">
         <name>_DSK6713_version</name>
         <value>0x80004460</value>
         <object_component_ref idref="oc-4b"/>
      </symbol>
      <symbol id="sm-1a8">
         <name>_DSK6713_rget</name>
         <value>0x80001750</value>
         <object_component_ref idref="oc-4a"/>
      </symbol>
      <symbol id="sm-1a9">
         <name>_DSK6713_wait</name>
         <value>0x80001778</value>
         <object_component_ref idref="oc-4a"/>
      </symbol>
      <symbol id="sm-1aa">
         <name>_DSK6713_rset</name>
         <value>0x80001764</value>
         <object_component_ref idref="oc-4a"/>
      </symbol>
      <symbol id="sm-1ab">
         <name>_DSK6713_waitusec</name>
         <value>0x800017cc</value>
         <object_component_ref idref="oc-4a"/>
      </symbol>
      <symbol id="sm-1ac">
         <name>_DSK6713_getVersion</name>
         <value>0x800017f8</value>
         <object_component_ref idref="oc-4a"/>
      </symbol>
      <symbol id="sm-1b6">
         <name>_DSK6713_AIC23_codeccontrolhandle</name>
         <value>0x80004454</value>
         <object_component_ref idref="oc-4f"/>
      </symbol>
      <symbol id="sm-1b7">
         <name>_DSK6713_AIC23_codecdatahandle</name>
         <value>0x80004458</value>
         <object_component_ref idref="oc-4f"/>
      </symbol>
      <symbol id="sm-1b8">
         <name>_DSK6713_AIC23_openCodec</name>
         <value>0x80001880</value>
         <object_component_ref idref="oc-4e"/>
      </symbol>
      <symbol id="sm-1c2">
         <name>_DSK6713_AIC23_config</name>
         <value>0x800029e0</value>
         <object_component_ref idref="oc-52"/>
      </symbol>
      <symbol id="sm-1c3">
         <name>_DSK6713_AIC23_rget</name>
         <value>0x800029bc</value>
         <object_component_ref idref="oc-52"/>
      </symbol>
      <symbol id="sm-1c4">
         <name>_DSK6713_AIC23_rset</name>
         <value>0x80002920</value>
         <object_component_ref idref="oc-52"/>
      </symbol>
      <symbol id="sm-1ca">
         <name>_DSK6713_DIP_init</name>
         <value>0x80003560</value>
         <object_component_ref idref="oc-56"/>
      </symbol>
      <symbol id="sm-1cb">
         <name>_DSK6713_DIP_get</name>
         <value>0x80003568</value>
         <object_component_ref idref="oc-56"/>
      </symbol>
      <symbol id="sm-1d3">
         <name>_DSK6713_LED_init</name>
         <value>0x80002500</value>
         <object_component_ref idref="oc-58"/>
      </symbol>
      <symbol id="sm-1d4">
         <name>_DSK6713_LED_on</name>
         <value>0x80002590</value>
         <object_component_ref idref="oc-58"/>
      </symbol>
      <symbol id="sm-1d5">
         <name>_DSK6713_LED_toggle</name>
         <value>0x800025f4</value>
         <object_component_ref idref="oc-58"/>
      </symbol>
      <symbol id="sm-1d6">
         <name>_DSK6713_LED_off</name>
         <value>0x80002528</value>
         <object_component_ref idref="oc-58"/>
      </symbol>
      <symbol id="sm-1e6">
         <name>_CSL6713_LIB_</name>
         <value>0x800036a0</value>
         <object_component_ref idref="oc-7f"/>
      </symbol>
      <symbol id="sm-1e7">
         <name>__CSL_init</name>
         <value>0x80001dc0</value>
         <object_component_ref idref="oc-80"/>
      </symbol>
      <symbol id="sm-209">
         <name>_IRQ_setVecs</name>
         <value>0x80003720</value>
         <object_component_ref idref="oc-87"/>
      </symbol>
      <symbol id="sm-20a">
         <name>__IRQ_eventTable</name>
         <value>0x800042d0</value>
         <object_component_ref idref="oc-62"/>
      </symbol>
      <symbol id="sm-20b">
         <name>_IRQ_nmiEnable</name>
         <value>0x80003700</value>
         <object_component_ref idref="oc-8b"/>
      </symbol>
      <symbol id="sm-20c">
         <name>_IRQ_reset</name>
         <value>0x80003600</value>
         <object_component_ref idref="oc-89"/>
      </symbol>
      <symbol id="sm-20d">
         <name>__IRQ_intTable</name>
         <value>0x80004354</value>
         <object_component_ref idref="oc-62"/>
      </symbol>
      <symbol id="sm-20e">
         <name>_IRQ_globalEnable</name>
         <value>0x800036e0</value>
         <object_component_ref idref="oc-8a"/>
      </symbol>
      <symbol id="sm-20f">
         <name>_IRQ_globalDisable</name>
         <value>0x800036c0</value>
         <object_component_ref idref="oc-85"/>
      </symbol>
      <symbol id="sm-210">
         <name>_IRQ_map</name>
         <value>0x80001fe0</value>
         <object_component_ref idref="oc-88"/>
      </symbol>
      <symbol id="sm-211">
         <name>__IRQ_init</name>
         <value>0x80003220</value>
         <object_component_ref idref="oc-83"/>
      </symbol>
      <symbol id="sm-212">
         <name>_IRQ_enable</name>
         <value>0x800035c0</value>
         <object_component_ref idref="oc-8c"/>
      </symbol>
      <symbol id="sm-213">
         <name>__IRQ_dispatchTable</name>
         <value>0x80004394</value>
         <object_component_ref idref="oc-62"/>
      </symbol>
      <symbol id="sm-214">
         <name>__IRQ_hookFetchPacket</name>
         <value>0x80003800</value>
         <object_component_ref idref="oc-60"/>
      </symbol>
      <symbol id="sm-230">
         <name>_MCBSP_reset</name>
         <value>0x80002360</value>
         <object_component_ref idref="oc-7e"/>
      </symbol>
      <symbol id="sm-231">
         <name>_MCBSP_read</name>
         <value>0x80003760</value>
         <object_component_ref idref="oc-90"/>
      </symbol>
      <symbol id="sm-232">
         <name>_MCBSP_getXmtEventId</name>
         <value>0x80003740</value>
         <object_component_ref idref="oc-86"/>
      </symbol>
      <symbol id="sm-233">
         <name>_MCBSP_open</name>
         <value>0x80002ca0</value>
         <object_component_ref idref="oc-77"/>
      </symbol>
      <symbol id="sm-234">
         <name>__MCBSP_hDev0</name>
         <value>0x800043cc</value>
         <object_component_ref idref="oc-67"/>
      </symbol>
      <symbol id="sm-235">
         <name>__MCBSP_hDev1</name>
         <value>0x800043d0</value>
         <object_component_ref idref="oc-67"/>
      </symbol>
      <symbol id="sm-236">
         <name>_MCBSP_start</name>
         <value>0x80002da0</value>
         <object_component_ref idref="oc-78"/>
      </symbol>
      <symbol id="sm-237">
         <name>_MCBSP_rrdy</name>
         <value>0x80003780</value>
         <object_component_ref idref="oc-8f"/>
      </symbol>
      <symbol id="sm-238">
         <name>_MCBSP_xrdy</name>
         <value>0x800037c0</value>
         <object_component_ref idref="oc-8d"/>
      </symbol>
      <symbol id="sm-239">
         <name>_MCBSP_write</name>
         <value>0x800037a0</value>
         <object_component_ref idref="oc-8e"/>
      </symbol>
      <symbol id="sm-249">
         <name>_TIMER_reset</name>
         <value>0x80002a60</value>
         <object_component_ref idref="oc-93"/>
      </symbol>
      <symbol id="sm-24a">
         <name>_TIMER_open</name>
         <value>0x800026a0</value>
         <object_component_ref idref="oc-84"/>
      </symbol>
      <symbol id="sm-24b">
         <name>__TIMER_hDev0</name>
         <value>0x8000443c</value>
         <object_component_ref idref="oc-6c"/>
      </symbol>
      <symbol id="sm-24c">
         <name>__TIMER_hDev1</name>
         <value>0x80004440</value>
         <object_component_ref idref="oc-6c"/>
      </symbol>
      <symbol id="sm-24d">
         <name>__TIMER_hBios</name>
         <value>0x80004444</value>
         <object_component_ref idref="oc-6c"/>
      </symbol>
      <symbol id="sm-24e">
         <name>__TIMER_deviceTable</name>
         <value>0x80004424</value>
         <object_component_ref idref="oc-6c"/>
      </symbol>
      <symbol id="sm-256">
         <name>__strasg</name>
         <value>0x80002fa0</value>
         <object_component_ref idref="oc-76"/>
      </symbol>
   </symbol_table>
</link_info>
