******************************************************************************
               TMS320C6x Linker PC v7.4.15                     
******************************************************************************
>> Linked Mon Dec 21 00:09:01 2015

OUTPUT FILE NAME:   <200 rounding.out>
ENTRY POINT SYMBOL: "_c_int00"  address: 00000a20


MEMORY CONFIGURATION

         name            origin    length      used     unused   attr    fill
----------------------  --------  ---------  --------  --------  ----  --------
  IRAM                  00000000   00030000  00001340  0002ecc0  RWIX
  L2RAM                 00030000   00010000  00000000  00010000  RWIX
  EMIFCE0               80000000   10000000  00000000  10000000  RWIX
  EMIFCE1               90000000   10000000  00000000  10000000  RWIX
  EMIFCE2               a0000000   10000000  00000000  10000000  RWIX
  EMIFCE3               b0000000   10000000  00000000  10000000  RWIX


SECTION ALLOCATION MAP

 output                                  attributes/
section   page    origin      length       input sections
--------  ----  ----------  ----------   ----------------
.bss       0    00000000    00000000     UNINITIALIZED

.data      0    00000000    00000000     UNINITIALIZED

.pinit     0    00000000    00000000     UNINITIALIZED

.text      0    00000000    00000b00     
                  00000000    000004c0     main.obj (.text)
                  000004c0    00000240     rts6700.lib : memcpy62.obj (.text:_memcpy)
                  00000700    00000100                 : autoinit.obj (.text:__auto_init)
                  00000800    000000e0                 : exit.obj (.text:_exit)
                  000008e0    000000c0                 : cpy_tbl.obj (.text:_copy_in)
                  000009a0    00000080                 : cpp_init.obj (.text:___TI_cpp_init)
                  00000a20    00000080                 : boot.obj (.text:_c_int00)
                  00000aa0    00000040                 : args_main.obj (.text:__args_main)
                  00000ae0    00000020                 : exit.obj (.text:_abort)

.stack     0    00000b00    00000800     UNINITIALIZED
                  00000b00    00000008     rts6700.lib : boot.obj (.stack)
                  00000b08    000007f8     --HOLE--

.cinit     0    00001300    00000034     
                  00001300    0000002c     rts6700.lib : exit.obj (.cinit)
                  0000132c    00000004     --HOLE-- [fill = 0]
                  00001330    00000004     (.pad.cinit) [fill = 0]

.far       0    00001334    0000000c     UNINITIALIZED
                  00001334    0000000c     rts6700.lib : exit.obj (.far)


GLOBAL SYMBOLS: SORTED ALPHABETICALLY BY Name 

address    name
--------   ----
00000000   $bss
00000000   .bss
00000000   .data
00000000   .text
00000ae0   C$$EXIT
00001300   __STACK_END
00000800   __STACK_SIZE
00000001   __TI_args_main
000009a0   ___TI_cpp_init
0000133c   ___TI_enable_exit_profile_output
ffffffff   ___TI_pprof_out_hndl
ffffffff   ___TI_prof_data_size
ffffffff   ___TI_prof_data_start
ffffffff   ___binit__
00000000   ___bss__
ffffffff   ___c_args__
00001300   ___cinit__
00000000   ___data__
00000000   ___edata__
00000000   ___end__
00000b00   ___etext__
ffffffff   ___pinit__
00000000   ___text__
00000aa0   __args_main
00000700   __auto_init
00001334   __cleanup_ptr
00001338   __dtors_ptr
00000b00   __stack
00000ae0   _abort
00000a20   _c_int00
000008e0   _copy_in
00000800   _exit
00000000   _main
000004c0   _memcpy
00000360   _roundd
000003dc   _roundf
00000434   _roundf2
ffffffff   binit
00001300   cinit
00000000   edata
00000000   end
00000b00   etext
ffffffff   pinit


GLOBAL SYMBOLS: SORTED BY Symbol Address 

address    name
--------   ----
00000000   $bss
00000000   .bss
00000000   .data
00000000   .text
00000000   ___bss__
00000000   ___data__
00000000   ___edata__
00000000   ___end__
00000000   ___text__
00000000   _main
00000000   edata
00000000   end
00000001   __TI_args_main
00000360   _roundd
000003dc   _roundf
00000434   _roundf2
000004c0   _memcpy
00000700   __auto_init
00000800   __STACK_SIZE
00000800   _exit
000008e0   _copy_in
000009a0   ___TI_cpp_init
00000a20   _c_int00
00000aa0   __args_main
00000ae0   C$$EXIT
00000ae0   _abort
00000b00   ___etext__
00000b00   __stack
00000b00   etext
00001300   __STACK_END
00001300   ___cinit__
00001300   cinit
00001334   __cleanup_ptr
00001338   __dtors_ptr
0000133c   ___TI_enable_exit_profile_output
ffffffff   ___TI_pprof_out_hndl
ffffffff   ___TI_prof_data_size
ffffffff   ___TI_prof_data_start
ffffffff   ___binit__
ffffffff   ___c_args__
ffffffff   ___pinit__
ffffffff   binit
ffffffff   pinit

[43 symbols]
