******************************************************************************
               TMS320C6x Linker PC v7.4.7                      
******************************************************************************
>> Linked Wed Oct 16 10:36:29 2019

OUTPUT FILE NAME:   <590 bios queue 1.out>
ENTRY POINT SYMBOL: "_c_int00"  address: 00007f20


MEMORY CONFIGURATION

         name            origin    length      used     unused   attr    fill
----------------------  --------  ---------  --------  --------  ----  --------
  IRAM                  00000000   00040000  0000a4a5  00035b5b  RWIX
  SDRAM                 80000000   00800000  00001000  007ff000  RWIX


SECTION ALLOCATION MAP

 output                                  attributes/
section   page    origin      length       input sections
--------  ----  ----------  ----------   ----------------
.vers      0    00000000    00000038     COPY SECTION
                  00000000    00000038     quecfg.obj (.vers)

.hwi_vec   0    00000000    00000200     
                  00000000    00000200     quecfg.obj (.hwi_vec)

.data      0    00000000    00000000     UNINITIALIZED

.bios      0    00000200    000047a0     
                  00000200    00000600     lnkrtdx.a67 : rtdx.o67 (.bios)
                  00000800    000005e0     bios.a67 : gbl_setL2CacheMode.o67 (.bios)
                  00000de0    00000540              : swi.o67 (.bios)
                  00001320    00000460              : hwi_disp_asm.o67 (.bios)
                  00001780    000003a0              : prd.o67 (.bios)
                  00001b20    000002c0              : knl_run.o67 (.bios)
                  00001de0    000002c0              : rta.o67 (.bios)
                  000020a0    000002c0              : sem_pend.o67 (.bios)
                  00002360    00000280              : mem_allo.o67 (.bios:.near)
                  000025e0    00000280              : mem_free.o67 (.bios:.near)
                  00002860    00000260              : knl_tick.o67 (.bios)
                  00002ac0    00000240              : pip.o67 (.bios)
                  00002d00    00000220              : sem_dopo.o67 (.bios)
                  00002f20    00000200              : tsk_setu.o67 (.bios)
                  00003120    000001c0              : knl_swit.o67 (.bios)
                  000032e0    000001c0     biosC6000.a67 : clk.o67 (.bios)
                  000034a0    000001a0     bios.a67 : tsk_exit.o67 (.bios)
                  00003640    00000180              : autoinit.o67 (.bios)
                  000037c0    00000180              : tsk_stup.o67 (.bios)
                  00003940    00000140              : knl_chec.o67 (.bios)
                  00003a80    000000e0              : gbl_cslcacheinit.o67 (.bios)
                  00003b60    000000e0              : knl_exit.o67 (.bios)
                  00003c40    000000e0              : sem_post.o67 (.bios)
                  00003d20    000000e0              : sem_post_asm.o67 (.bios)
                  00003e00    000000e0     biosC6000.a67 : clk_meas.o67 (.bios)
                  00003ee0    000000c0     bios.a67 : knl_ipos.o67 (.bios)
                  00003fa0    000000c0              : knl_post.o67 (.bios)
                  00004060    000000c0              : lck.o67 (.bios)
                  00004120    000000c0              : sys_exit.o67 (.bios)
                  000041e0    000000c0     biosC6000.a67 : clk_htime.o67 (.bios)
                  000042a0    00000080     bios.a67 : fxn.o67 (.bios)
                  00004320    00000080              : idl_busy.o67 (.bios)
                  000043a0    00000080              : log.o67 (.bios)
                  00004420    00000080              : sts.o67 (.bios)
                  000044a0    00000080     biosC6000.a67 : idl_cal.o67 (.bios)
                  00004520    00000060     bios.a67 : sys_erro.o67 (.bios:.near)
                  00004580    00000060              : hwi_c.o67 (.bios)
                  000045e0    00000060              : que_get.o67 (.bios)
                  00004640    00000060              : sem_pend_counting.o67 (.bios)
                  000046a0    00000060              : sys_abor.o67 (.bios)
                  00004700    00000060              : utl_putc.o67 (.bios)
                  00004760    00000060     biosC6000.a67 : clk_start.o67 (.bios)
                  000047c0    00000040     bios.a67 : idl_stub.o67 (.bios)
                  00004800    00000040              : rta_andn.o67 (.bios)
                  00004840    00000040              : utl_doab.o67 (.bios)
                  00004880    00000040     biosC6000.a67 : clk_stop.o67 (.bios)
                  000048c0    00000020     bios.a67 : fxn_c.o67 (.bios)
                  000048e0    00000020              : gbl_vers.o67 (.bios)
                  00004900    00000020              : idl.o67 (.bios)
                  00004920    00000020              : log_printf.o67 (.bios)
                  00004940    00000020              : sts_set.o67 (.bios)
                  00004960    00000020              : utl_doer.o67 (.bios)
                  00004980    00000020              : utl_halt.o67 (.bios)

.cinit     0    000049a0    00000fec     
                  000049a0    000007c4     quecfg.obj (.cinit)
                  00005164    00000004     --HOLE-- [fill = 0]
                  00005168    0000026c     bios.a67 : biosdata.o67 (.cinit)
                  000053d4    00000004     --HOLE-- [fill = 0]
                  000053d8    000001a4              : knl.o67 (.cinit)
                  0000557c    00000004     --HOLE-- [fill = 0]
                  00005580    000000b0              : swi.o67 (.cinit)
                  00005630    00000080              : tsk.o67 (.cinit)
                  000056b0    00000060              : tsk_stup.o67 (.cinit)
                  00005710    0000005c     lnkrtdx.a67 : rtdx.o67 (.cinit)
                  0000576c    00000004     --HOLE-- [fill = 0]
                  00005770    0000004c     bios.a67 : rta.o67 (.cinit)
                  000057bc    00000004     --HOLE-- [fill = 0]
                  000057c0    0000004c     rtdx.lib : buffer1.o62 (.cinit)
                  0000580c    00000004     --HOLE-- [fill = 0]
                  00005810    00000034     bios.a67 : hwi.o67 (.cinit)
                  00005844    00000004     --HOLE-- [fill = 0]
                  00005848    0000002c              : utl_putc.o67 (.cinit)
                  00005874    00000004     --HOLE-- [fill = 0]
                  00005878    0000002c     rts6700.lib : exit.obj (.cinit)
                  000058a4    00000004     --HOLE-- [fill = 0]
                  000058a8    00000024     bios.a67 : obj_init.o67 (.cinit)
                  000058cc    00000004     --HOLE-- [fill = 0]
                  000058d0    0000001c              : sys.o67 (.cinit)
                  000058ec    00000004     --HOLE-- [fill = 0]
                  000058f0    0000001c     rts6700.lib : _lock.obj (.cinit)
                  0000590c    00000004     --HOLE-- [fill = 0]
                  00005910    0000001c                 : atexit.obj (.cinit)
                  0000592c    00000004     --HOLE-- [fill = 0]
                  00005930    00000018     bios.a67 : knl_tick.o67 (.cinit)
                  00005948    0000000c              : gbl_setL2CacheMode.o67 (.cinit)
                  00005954    00000004     --HOLE-- [fill = 0]
                  00005958    0000000c              : idl_busy.o67 (.cinit)
                  00005964    00000004     --HOLE-- [fill = 0]
                  00005968    0000000c              : knl_swit.o67 (.cinit)
                  00005974    00000004     --HOLE-- [fill = 0]
                  00005978    0000000c     rts6700.lib : sinit.obj (.cinit)
                  00005984    00000004     --HOLE-- [fill = 0]
                  00005988    00000004     (.pad.cinit) [fill = 0]

.hst1      0    0000598c    00000010     UNINITIALIZED
                  0000598c    00000010     quecfg.obj (.hst1)

.args      0    0000599c    00000004     
                  0000599c    00000004     --HOLE-- [fill = 0]

.rtdx_text 
*          0    000059a0    00000ea0     
                  000059a0    00000400     rtdx.lib : rtdx_mon.o62 (.rtdx_text:_RTDX_Poll)
                  00005da0    00000340              : buffer1.o62 (.rtdx_text:_RTDX_Buffer_WriteCB)
                  000060e0    00000300              : buffer1.o62 (.rtdx_text:_RTDX_write_next)
                  000063e0    00000140              : rtdx_mon.o62 (.rtdx_text:_RTDX_Mon_Queue)
                  00006520    000000e0              : buffer1.o62 (.rtdx_text:_claim)
                  00006600    00000080              : rtdx_mon.o62 (.rtdx_text:_RTDX_Init_RT_Monitor)
                  00006680    00000060              : buffer1.o62 (.rtdx_text:_RTDX_Buffer_Initialize)
                  000066e0    00000060              : buffer2.o62 (.rtdx_text:_RTDX_Buffer_ReadCB)
                  00006740    00000040              : buffer1.o62 (.rtdx_text:_RTDX_Buffer_Size)
                  00006780    00000040              : rtdx_mon.o62 (.rtdx_text:_RTDX_Final_RT_Monitor)
                  000067c0    00000020              : buffer2.o62 (.rtdx_text:_RTDX_Buffer_Read)
                  000067e0    00000020              : buffer1.o62 (.rtdx_text:_RTDX_Buffer_Write)
                  00006800    00000020              : rtdx_mon.o62 (.rtdx_text:_RTDX_checksum)
                  00006820    00000020              : intr_tgt.o62 (.rtdx_text)

.text      0    00006840    00000b20     
                  00006840    000003c0     queue.obj (.text)
                  00006c00    00000240     rts6700.lib : memcpy62.obj (.text:_memcpy)
                  00006e40    00000180     bios.a67 : gbl_cslpllinit62.o67 (.text)
                  00006fc0    00000160     rts6700.lib : sinit.obj (.text:_call_dtors)
                  00007120    000000e0                 : atexit.obj (.text:_atexit)
                  00007200    000000c0     bios.a67 : tsk_stup.o67 (.text)
                  000072c0    00000040     rts6700.lib : sinit.obj (.text:___add_dtor)
                  00007300    00000020                 : _lock.obj (.text:__nop)
                  00007320    00000020                 : _lock.obj (.text:__register_lock)
                  00007340    00000020                 : _lock.obj (.text:__register_unlock)

.IRAM$heap 
*          0    00007360    00000800     UNINITIALIZED
                  00007360    00000800     --HOLE--

.sysinit   0    00007b60    00000520     
                  00007b60    000002e0     quecfg.obj (.sysinit)
                  00007e40    000000e0     bios.a67 : mem_init.o67 (.sysinit)
                  00007f20    000000c0              : boot.o67 (.sysinit)
                  00007fe0    00000080              : tsk_init.o67 (.sysinit)
                  00008060    00000020              : obj_init.o67 (.sysinit)

.rtdx_data 
*          0    00008080    0000044c     UNINITIALIZED
                  00008080    00000410     quecfg.obj (.rtdx_data)
                  00008490    00000020     rtdx.lib : buffer1.o62 (.rtdx_data)
                  000084b0    0000001c              : rtdx_mon.o62 (.rtdx_data)

.trace     0    000084cc    00000200     
                  000084cc    00000200     --HOLE-- [fill = 00000000]

.mem       0    000086cc    00000004     UNINITIALIZED
                  000086cc    00000004     quecfg.obj (.mem)

.const     0    000086d0    000000fd     
                  000086d0    00000060     queue.obj (.const:.string)
                  00008730    0000004e     bios.a67 : tsk_stup.o67 (.const)
                  0000877e    00000023              : utl_doab.o67 (.const)
                  000087a1    00000022              : utl_doer.o67 (.const)
                  000087c3    00000004              : mem_allo.o67 (.const)
                  000087c7    00000004              : mem_free.o67 (.const)
                  000087cb    00000001     --HOLE-- [fill = 0]
                  000087cc    00000001              : tsk.o67 (.const)

.printf    0    000087cd    00000090     COPY SECTION
                  000087cd    00000090     quecfg.obj (.printf)

.log       0    000087d0    00000030     
                  000087d0    00000030     quecfg.obj (.log)

.LOG0$buf 
*          0    00008800    00000400     UNINITIALIZED
                  00008800    00000400     quecfg.obj (.LOG0$buf)

.TSK0$stk 
*          0    00008c00    00000400     UNINITIALIZED
                  00008c00    00000400     quecfg.obj (.TSK0$stk)

.TSK_idle$stk 
*          0    00009000    00000400     UNINITIALIZED
                  00009000    00000400     quecfg.obj (.TSK_idle$stk)

.stack     0    00009400    00000400     UNINITIALIZED
                  00009400    00000400     --HOLE--

.far       0    00009800    000003b4     UNINITIALIZED
                  00009800    00000188     rts6700.lib : atexit.obj (.far)
                  00009988    000000d8     bios.a67 : knl.o67 (.far)
                  00009a60    0000005c              : tsk.o67 (.far)
                  00009abc    00000054              : obj_init.o67 (.far)
                  00009b10    00000050              : tsk_stup.o67 (.far)
                  00009b60    00000020              : sys.o67 (.far)
                  00009b80    00000010              : knl_tick.o67 (.far)
                  00009b90    0000000c              : utl_putc.o67 (.far)
                  00009b9c    0000000c     rts6700.lib : exit.obj (.far)
                  00009ba8    00000008                 : _lock.obj (.far)
                  00009bb0    00000004                 : sinit.obj (.far)

.bss       0    00009bb4    00000354     UNINITIALIZED
                  00009bb4    00000100     bios.a67 : hwi_disp_asm.o67 (.bss)
                  00009cb4    000000cc              : biosdata.o67 (.bss)
                  00009d80    0000009c              : swi.o67 (.bss)
                  00009e1c    00000048              : knl.o67 (.bss)
                  00009e64    00000038     quecfg.obj (.bss)
                  00009e9c    00000018     bios.a67 : hwi.o67 (.bss)
                  00009eb4    00000018     lnkrtdx.a67 : rtdx.o67 (.bss)
                  00009ecc    00000010     rtdx.lib : buffer1.o62 (.bss)
                  00009edc    0000000c     bios.a67 : tsk.o67 (.bss)
                  00009ee8    00000008              : clk_data.o67 (.bss)
                  00009ef0    00000008              : sys.o67 (.bss)
                  00009ef8    00000004              : clk_data2.o67 (.bss)
                  00009efc    00000004              : gbl_setL2CacheMode.o67 (.bss)
                  00009f00    00000004              : idl_busy.o67 (.bss)
                  00009f04    00000004              : mem_asm.o67 (.bss)

.pip       0    00009f08    000000c8     UNINITIALIZED
                  00009f08    000000c8     quecfg.obj (.pip)

.sem       0    00009fd0    0000002c     UNINITIALIZED
                  00009fd0    0000002c     quecfg.obj (.sem)

.LOG_system$buf 
*          0    0000a000    00000100     UNINITIALIZED
                  0000a000    00000100     quecfg.obj (.LOG_system$buf)

.hst0      0    0000a100    00000100     UNINITIALIZED
                  0000a100    00000100     quecfg.obj (.hst0)

.tsk       0    0000a200    000000c0     UNINITIALIZED
                  0000a200    000000c0     quecfg.obj (.tsk)

.sts       0    0000a2c0    00000060     
                  0000a2c0    00000060     quecfg.obj (.sts)

.gblinit   0    0000a320    00000058     
                  0000a320    00000058     quecfg.obj (.gblinit)

.swi       0    0000a378    00000058     UNINITIALIZED
                  0000a378    00000058     quecfg.obj (.swi)

.hst       0    0000a3d0    0000003c     UNINITIALIZED
                  0000a3d0    0000003c     quecfg.obj (.hst)

.switch    0    0000a40c    00000028     
                  0000a40c    00000028     rtdx.lib : rtdx_mon.o62 (.switch)

.prd       0    0000a434    00000020     UNINITIALIZED
                  0000a434    00000020     quecfg.obj (.prd)

.idl       0    0000a454    00000010     UNINITIALIZED
                  0000a454    00000010     quecfg.obj (.idl)

.idlcal    0    0000a464    00000010     UNINITIALIZED
                  0000a464    00000010     quecfg.obj (.idlcal)

.sys       0    0000a474    00000010     UNINITIALIZED
                  0000a474    00000010     quecfg.obj (.sys)

.pinit     0    0000a484    0000000c     
                  0000a484    00000004     rtdx.lib : buffer1.o62 (.pinit)
                  0000a488    00000004              : rtdx_mon.o62 (.pinit)
                  0000a48c    00000004     --HOLE-- [fill = 0]

.trcdata   0    0000a490    0000000c     
                  0000a490    0000000c     bios.a67 : trc.o67 (.trcdata)

.clk       0    0000a49c    00000008     UNINITIALIZED
                  0000a49c    00000008     quecfg.obj (.clk)

.que       0    0000a4a4    00000008     UNINITIALIZED
                  0000a4a4    00000008     quecfg.obj (.que)

.SDRAM$heap 
*          0    80000000    00001000     UNINITIALIZED
                  80000000    00001000     --HOLE--


GLOBAL SYMBOLS: SORTED ALPHABETICALLY BY Name 

address    name
--------   ----
00009bb4   $bss
00009bb4   .bss
00000000   .data
00006840   .text
00007d1c   BIOS$$CLKOFF
00007cdc   BIOS$$CLKON
00007b60   BIOS_init
00007d84   BIOS_start
00000000   BUF$
00000001   BUF_ENABLED
00000001   CLK$
0000a49c   CLK_A_TABBEG
00000001   CLK_CALDIV
00000004   CLK_CALMULT
0000dbba   CLK_COUNTSPMS
00000000   CLK_COUNTSPMSHIGH
00009cdc   CLK_D_idletime
00009cd8   CLK_D_isrhook
00009cd4   CLK_D_tabbeg
00009cd0   CLK_D_timefxn
000041e0   CLK_F_getfhtime
00004200   CLK_F_gethtime
000032e0   CLK_F_getltime
00004200   CLK_F_getshtime
000032f4   CLK_F_isr
00003454   CLK_F_itime
00001320   CLK_HOOKFXN
00000001   CLK_HTIMEDIV
00000004   CLK_HTIMEMULT
0000dbba   CLK_HTIMEPERLTIME
00004000   CLK_INTBIT
00000001   CLK_LTIMEDIV
00036ee8   CLK_LTIMEMULT
000003e8   CLK_MICROSECS
0000dbba   CLK_PRD
00000000   CLK_PRDHIGH
01940000   CLK_REGS
00009ccc   CLK_R_time
00000020   CLK_TCR
00000000   CLK_TDDR
00000000   CLK_TDDRHIGH
00004200   CLK_TIMEFXN
00000000   CLK_TIMERNUM
00000001   CLK_USETIMER
0000a4a0   CLK_null
00000000   DEV$
00000000   DGN$
00000000   DHL$
00000000   DHL_gChannelsAvailable
00000000   DIO$
00000000   DIO_NUMSWIBASE
00000000   DIO_NUMTSKBASE
00000000   DIO_STATIC
00000000   DPI$
000042a0   FXN_F_nop
000042a8   FXN_F_run
000042f8   FXN_F_zero
00000001   GBL$
00005205   GBL_A_VERSION
00000000   GBL_BIGENDIAN
00000000   GBL_C641XL2PRIORITY
00000000   GBL_CACHE
00000001   GBL_CALLCSLCFGINIT
00004e20   GBL_CLKIN
00001770   GBL_CLKTYPE
00001a39   GBL_DSPSUBTYPE
0000003e   GBL_DSPTYPE
00000001   GBL_ENABLEINST
00000042   GBL_FOOTPRINT
00036ee8   GBL_FREQ
00002226   GBL_L2ALLOC
00000000   GBL_L2CONFIGALLOC
00000001   GBL_L2CONFIGURE
00000001   GBL_L2MARMASK
00000000   GBL_L2MARMASK1
00000000   GBL_L2MARMASK2
00000000   GBL_L2MARMASK3
00000000   GBL_L2MARMASK4
00000000   GBL_L2MARMASK5
00000000   GBL_L2MODE
00000000   GBL_L2PRIORITY
00000000   GBL_NULL
00000000   GBL_PROCID
00000000   GBL_ROM
00000000   GBL_SUPPORTCSL
0000dbef   GBL_TRCMASKVALUE
00000001   GBL_USERINIT
00006e68   GBL_USERINITFXN
00000001   GBL_boot
0000a498   GBL_initdone
00009400   GBL_stackbeg
000097ff   GBL_stackend
00000000   GIO$
000048c0   GIO_CREATEFXN
000048c0   GIO_DELETEFXN
000048c0   GIO_PENDFXN
000048c0   GIO_POSTFXN
00000000   HOOK$
00000000   HOOK_KNLID
00000001   HST$
0000a3d0   HST_A_TABBEG
0000a40c   HST_A_TABEND
00000000   HST_DSM
00009e80   HST_DSMBUFSEG
00000400   HST_DSMMEMSIZE
00009d48   HST_D_chanmask
00009d4c   HST_D_tabbeg
00009d50   HST_D_tabend
000000ff   HST_MAXFRAMEALLOWED
00000040   HST_MAXFRAMESET
00000000   HST_NONE
00000001   HST_RTDX
00000001   HWI$
00000000   HWI_A_VECS
00004008   HWI_CFGDISPATCHED
00009eac   HWI_D_bss
00009eb0   HWI_D_ccmask
00009e9c   HWI_D_spsave
00001320   HWI_F_dispatch
00000000   HWI_GENERATE_RESET_VEC
0000000a   HWI_INT10
00000000   HWI_INT10$hwi
0000000b   HWI_INT11
00000000   HWI_INT11$hwi
0000000c   HWI_INT12
00000000   HWI_INT12$hwi
0000000d   HWI_INT13
00000000   HWI_INT13$hwi
0000000e   HWI_INT14
00000000   HWI_INT14$hwi
0000000f   HWI_INT15
00000000   HWI_INT15$hwi
00000004   HWI_INT4
00000000   HWI_INT4$hwi
00000005   HWI_INT5
00000000   HWI_INT5$hwi
00000006   HWI_INT6
00000000   HWI_INT6$hwi
00000007   HWI_INT7
00000000   HWI_INT7$hwi
00000008   HWI_INT8
00000000   HWI_INT8$hwi
00000009   HWI_INT9
00000000   HWI_INT9$hwi
082039a3   HWI_INTRMULTHIGH
310718a4   HWI_INTRMULTLOW
00000001   HWI_NMI
00000000   HWI_NMI$hwi
00000000   HWI_POLARITYMASK
00000002   HWI_RESERVED0
00000000   HWI_RESERVED0$hwi
00000003   HWI_RESERVED1
00000000   HWI_RESERVED1$hwi
00000000   HWI_RESET
00000000   HWI_RESET$hwi
00000001   HWI_ZEROTAB
00000001   IDL$
0000a464   IDL_A_CALBEG
0000a454   IDL_A_TABBEG
00000006   IDL_CALIBRERROR
000047c0   IDL_CALIBRFXN
00009f00   IDL_D_busyObj
00009cbc   IDL_D_calbeg
00009cb8   IDL_D_calibrate
00009cb4   IDL_D_tabbeg
0000a460   IDL_END
0000a470   IDL_END$
00004320   IDL_F_busy
000044a0   IDL_F_calibrate
00004900   IDL_F_loop
000047c0   IDL_F_stub
00000001   IDL_USECLKIDLTIME
0000a314   IDL_busyObj
00008858   IDL_busyObj$avgfmt
00000001   IDL_busyObj$filter
00000001   IDL_busyObj$iA
00000000   IDL_busyObj$iB
00000001   IDL_busyObj$iC
00008852   IDL_busyObj$maxfmt
00000000   IDL_busyObj$operation
0000a310   IDL_busyObj$stsobj
00008855   IDL_busyObj$sumfmt
00000002   IDL_busyObj$unittype
0000a454   IDL_cpuLoad
0000a464   IDL_cpuLoad$
00009e80   IRAM
00007360   IRAM$B
00000800   IRAM$L
00000001   ISRC$
000032a0   KNL_glue
0000a378   KNL_swi
00000001   KNL_swi$dorta
00000000   KNL_swi$ord
00000000   KNL_swi$pri
0000a2d4   KNL_swi$sts
000087fa   KNL_swi$sts$avgfmt
00000002   KNL_swi$sts$filter
00000001   KNL_swi$sts$filtmaxmult
00000001   KNL_swi$sts$filtsummult
000087ea   KNL_swi$sts$maxfmt
0000a2d0   KNL_swi$sts$stsobj
000087f2   KNL_swi$sts$sumfmt
00000000   KNL_swi$sts$unittype
00000000   KNL_swi$swi
00000001   LCK$
00000200   LNK_F_checkBufferCall
00000280   LNK_F_dataPump
00000220   LNK_F_getChanPtr
00000278   LNK_F_init
000007c4   LNK_F_readCallBack
0000a458   LNK_dataPump
0000a468   LNK_dataPump$
00009eb8   LNK_dspFrameReadyMask
00009eb4   LNK_dspFrameRequestMask
00000520   LNK_newin
00000660   LNK_newout
00000294   LNK_rcloop
00000360   LNK_rdrtry
00009ec0   LNK_readDone
00009ec4   LNK_readFail
00009ebc   LNK_readPend
00000370   LNK_rrloop
00009ec8   LNK_writeFail
00000444   LNK_wrloop
00000434   LNK_wrrtry
00000001   LOG$
000087e8   LOG0
00008800   LOG0$buf
00000001   LOG0$datatype
00000000   LOG0$log
00000100   LOG0$size
000087d0   LOG_A_TABBEG
00008800   LOG_A_TABEND
00000002   LOG_A_TABLEN
00009cc0   LOG_D_system
00000001   LOG_ENABLED
000043a0   LOG_F_event
000087d0   LOG_system
0000a000   LOG_system$buf
00000000   LOG_system$datatype
00000000   LOG_system$log
00000040   LOG_system$size
00000000   MBX$
00000001   MEM$
00009e80   MEM_MALLOCSEG
00000000   MEM_NULL
00009e80   MEM_SEGZERO
00000000   MEM_USEMPC
00000002   MEM_gNumHeap
00000000   MSGQ$
00000000   MSGQ_USEMSGQ
00000000   OBJ$
00000000   PIP$
00009f08   PIP_A_TABBEG
00009fd0   PIP_A_TABEND
00000002   PIP_A_TABLEN
00009cc4   PIP_D_tabbeg
00009cc8   PIP_D_tablen
00002b54   PIP_F_give
00002b54   PIP_F_probe
00002c28   PIP_F_start
00002ac0   PIP_F_take
00000064   PIP_OBJSIZE
00000000   PIP_gNextId
00000002   PIP_gNumEmbed
00000000   POOL$
00000000   POOL_USEPOOL
00000001   PRD$
0000a434   PRD0
0000a450   PRD0$aaa
00000000   PRD0$mode
00000001   PRD0$ord
00000064   PRD0$period
00000000   PRD0$prd
0000a2c4   PRD0$sts
000087df   PRD0$sts$avgfmt
00000000   PRD0$sts$filter
000087cd   PRD0$sts$maxfmt
0000a2c0   PRD0$sts$stsobj
000087d6   PRD0$sts$sumfmt
00000002   PRD0$sts$unittype
0000a434   PRD_A_TABBEG
0000a454   PRD_A_TABEND
00000001   PRD_A_TABLEN
00009d04   PRD_D_cur
00009d08   PRD_D_elapsed
00009d0c   PRD_D_prevtim
00009d10   PRD_D_scalar
00009d14   PRD_D_swihandle
00009d18   PRD_D_tabbeg
00009d1c   PRD_D_tablen
00009d20   PRD_D_thook
00009d00   PRD_D_tick
00001780   PRD_F_swi
00001a40   PRD_F_tick
00000004   PRD_SCALAR
0000a3a4   PRD_SWIHANDLE
00002aa0   PRD_THOOKFXN
0000a49c   PRD_clock
0000a3a4   PRD_swi
00000001   PRD_swi$dorta
00000000   PRD_swi$ord
00000001   PRD_swi$pri
0000a2e4   PRD_swi$sts
00008814   PRD_swi$sts$avgfmt
00000002   PRD_swi$sts$filter
00000001   PRD_swi$sts$filtmaxmult
00000001   PRD_swi$sts$filtsummult
00008804   PRD_swi$sts$maxfmt
0000a2e0   PRD_swi$sts$stsobj
0000880c   PRD_swi$sts$sumfmt
00000000   PRD_swi$sts$unittype
00000000   PRD_swi$swi
00000001   QUE$
0000a4a4   QUE0
00009d24   RTA_D_fromHost
00009d2c   RTA_D_logval
00009d3c   RTA_D_stsval
00009d28   RTA_D_toHost
00004800   RTA_F_andn
00001ed8   RTA_F_dispatch
00001de0   RTA_F_getlog
00001e24   RTA_F_getsts
00004820   RTA_F_or
00001e6c   RTA_F_readblk
00001e98   RTA_F_resetmem
00001e8c   RTA_F_writeword
0000a45c   RTA_dispatcher
0000a46c   RTA_dispatcher$
00001f28   RTA_execute
0000a3d4   RTA_fromHost
0000598c   RTA_fromHost$buf
00000004   RTA_fromHost$framesize
00000000   RTA_fromHost$hst
00000001   RTA_fromHost$id
00000000   RTA_fromHost$mode
00009f08   RTA_fromHost$pipe
00009f38   RTA_fromHost$pipe$aaa
00009f68   RTA_fromHost$pipe$bbb
00009e84   RTA_fromHost$pipe$dtab
00009f0c   RTA_fromHost$pipe$rd
00009f3c   RTA_fromHost$pipe$wr
0000a3dc   RTA_fromHost$rtdx
0000a3f0   RTA_toHost
0000a100   RTA_toHost$buf
00000040   RTA_toHost$framesize
00000000   RTA_toHost$hst
00000000   RTA_toHost$id
00000001   RTA_toHost$mode
00009f6c   RTA_toHost$pipe
00009f9c   RTA_toHost$pipe$aaa
00009fcc   RTA_toHost$pipe$bbb
00009e90   RTA_toHost$pipe$dtab
00009f70   RTA_toHost$pipe$rd
00009fa0   RTA_toHost$pipe$wr
0000a3f8   RTA_toHost$rtdx
00000001   RTDX$
00000408   RTDX_BUFMEMSIZE
00009e80   RTDX_DATAMEMSEG
00000000   RTDX_MODE
00000001   RTDX_NORMALIZED_HDR
00000001   RTDX_USERTDX
00000000   RTDX_USERTEXECUTION
00009e7c   SDRAM
80000000   SDRAM$B
00001000   SDRAM$L
00000001   SEM$
00009fdc   SEM0
00000000   SIO$
00000001   STS$
0000a2c0   STS_A_TABBEG
0000a320   STS_A_TABEND
00004458   STS_F_add
00004420   STS_F_delta
00004484   STS_F_reset
00000001   SWI$
0000a378   SWI_A_TABBEG
0000a3d0   SWI_A_TABEND
00000002   SWI_A_TABLEN
00009d98   SWI_D_curfxn
00009d88   SWI_D_curmask
00009d94   SWI_D_curmbox
00009d8c   SWI_D_curset
00009d84   SWI_D_execaddr
00009da0   SWI_D_inswi
00009d90   SWI_D_lock
00009d9c   SWI_D_rdybeg
00009da4   SWI_D_rdytab
00009d80   SWI_D_runaddr
00000000   SWI_EHOOKFXN
00000ffc   SWI_EXECFXN
00000de0   SWI_F_enable
00000ffc   SWI_F_exec
00001028   SWI_F_iexec
00000e50   SWI_F_post
000010b8   SWI_F_run
00000000   SWI_IHOOKFXN
000010b8   SWI_RUNFXN
00000001   SYS$
0000a474   SYS$config
00004840   SYS_ABORTFXN
00004960   SYS_ERRORFXN
00004980   SYS_EXITFXN
00004700   SYS_PUTCFXN
0000a494   TRC_R_mask
0000a490   TRC_cinit
00000001   TSK$
0000a26c   TSK0
00000001   TSK0$ord
00000001   TSK0$pri
00008c00   TSK0$stack
00008f98   TSK0$stkptr
0000a304   TSK0$sts
00008848   TSK0$sts$avgfmt
00000002   TSK0$sts$filter
00000001   TSK0$sts$filtmaxmult
00000001   TSK0$sts$filtsummult
00008838   TSK0$sts$maxfmt
0000a300   TSK0$sts$stsobj
00008840   TSK0$sts$sumfmt
00000000   TSK0$sts$unittype
00000000   TSK0$tsk
00000000   TSK_NUM_HOOKS
00000001   TSK_PRIORITY
00000000   TSK_READYFXN
00000000   TSK_STACKSEG
00000400   TSK_STACKSIZE
00000000   TSK_SWITCHFXN
000048c0   TSK_VCREATEFXN
000048c0   TSK_VDELETEFXN
000048c0   TSK_VEXITFXN
0000a20c   TSK_idle
00000000   TSK_idle$ord
00000000   TSK_idle$pri
00009000   TSK_idle$stack
00009398   TSK_idle$stkptr
0000a2f4   TSK_idle$sts
0000882e   TSK_idle$sts$avgfmt
00000002   TSK_idle$sts$filter
00000001   TSK_idle$sts$filtmaxmult
00000001   TSK_idle$sts$filtsummult
0000881e   TSK_idle$sts$maxfmt
0000a2f0   TSK_idle$sts$stsobj
00008826   TSK_idle$sts$sumfmt
00000000   TSK_idle$sts$unittype
00000000   TSK_idle$tsk
00000000   UDEV$
00007b60   _BIOS_init
00007d84   _BIOS_start
0000dbba   _CLK_COUNTSPMS
00009ee8   _CLK_DFLTMICROSECS
00009cfc   _CLK_D_countspms
00009cf0   _CLK_D_dirty
00009eec   _CLK_D_microseconds
00009cf4   _CLK_D_prd
00009cf8   _CLK_D_tddr
00003454   _CLK_F_itime
0000dbba   _CLK_PRD
01940000   _CLK_REGS
00000000   _CLK_TDDR
00000000   _CLK_TIMERNUM
00000001   _CLK_USETIMER
00009ce0   _CLK_htimeDiv
00009ce4   _CLK_htimeMult
00009ef8   _CLK_htimePerLtime
00003454   _CLK_itime
00009ce8   _CLK_ltimeDiv
00009cec   _CLK_ltimeMult
00003e00   _CLK_measure
00004760   _CLK_start
00004880   _CLK_stop
000048c0   _FXN_F_nop
000042a8   _FXN_F_run
000042f8   _FXN_F_zero
00000000   _GBL_CACHE
00009d58   _GBL_clkIn
00003a80   _GBL_cslCacheInit
00009d5c   _GBL_freq
000048e0   _GBL_getVersion
00009d54   _GBL_procId
00006e68   _GBL_setPLLto225MHz
0000a3d0   _HST_A_TABBEG
0000a40c   _HST_A_TABEND
00004008   _HWI_CFGDISPATCHED
00009ea8   _HWI_D_inhwi
00009e9c   _HWI_D_spsave
00001320   _HWI_F_dispatch
0000000a   _HWI_INT10
0000000b   _HWI_INT11
0000000c   _HWI_INT12
0000000d   _HWI_INT13
0000000e   _HWI_INT14
0000000f   _HWI_INT15
00000004   _HWI_INT4
00000005   _HWI_INT5
00000006   _HWI_INT6
00000007   _HWI_INT7
00000008   _HWI_INT8
00000009   _HWI_INT9
00000001   _HWI_NMI
00000002   _HWI_RESERVED0
00000003   _HWI_RESERVED1
00000000   _HWI_RESET
000097f8   _HWI_STKBOTTOM
00009400   _HWI_STKTOP
00009e9c   _HWI_data
00004580   _HWI_disable
00009bb4   _HWI_dispatchTab
00004598   _HWI_enable
000045ac   _HWI_restore
0000a314   _IDL_busyObj
0000a454   _IDL_cpuLoad
00004900   _IDL_loop
00009e80   _IRAM
00007360   _IRAM_base
00000800   _IRAM_length
00009e24   _KNL_alarm
00003940   _KNL_check
00009e48   _KNL_curqueue
00009e38   _KNL_curtask
00009e40   _KNL_curtime
00009a28   _KNL_dummy
00003bb4   _KNL_enter
00003b60   _KNL_exit
00003a18   _KNL_idle
00009e60   _KNL_idlefxn
00009e2c   _KNL_inactive
00003ee0   _KNL_ipost
00003a3c   _KNL_max
00009e4c   _KNL_maxqueue
00003fa0   _KNL_post
00009e3c   _KNL_prevtask
00009e30   _KNL_priority
00009988   _KNL_queues
00001b20   _KNL_run
00003120   _KNL_saveIsrFrame
00009e34   _KNL_set
00009e28   _KNL_setpri
0000a378   _KNL_swi
00009e44   _KNL_swiptr
000031ec   _KNL_switch
00009e54   _KNL_tcreatefxn
00009e58   _KNL_tdeletefxn
00002aa0   _KNL_tick
00009e5c   _KNL_treadyfxn
00009e50   _KNL_tswitchfxn
00009e1c   _KNL_wFlag
00009e20   _KNL_wList
00004090   _LCK_pend
00004060   _LCK_post
0000a458   _LNK_dataPump
00009eb8   _LNK_dspFrameReadyMask
00009eb4   _LNK_dspFrameRequestMask
00009ec0   _LNK_readDone
00009ec4   _LNK_readFail
00009ebc   _LNK_readPend
00009ec8   _LNK_writeFail
000087e8   _LOG0
000087d0   _LOG_A_TABBEG
00008800   _LOG_A_TABEND
00000002   _LOG_A_TABLEN
00009cc0   _LOG_D_system
000043a0   _LOG_event
00004920   _LOG_printf
000087d0   _LOG_system
00009f04   _MEM
00009d60   _MEM_D_NUMSEGMENTS
00009d68   _MEM_D_freelist
00009d6c   _MEM_D_lockaddr
00009d64   _MEM_D_memtab
00009d70   _MEM_D_unlockaddr
00002360   _MEM_alloc
000025e0   _MEM_free
00007e40   _MEM_init
00009e64   _MEM_memtab
00008060   _OBJ_init
00009af4   _OBJ_segtab
00009abc   _OBJ_table
00009f08   _PIP_A_TABBEG
00009fd0   _PIP_A_TABEND
0000a434   _PRD0
00006ae4   _PRD0_ftn
00009d00   _PRD_D_tick
0000a49c   _PRD_clock
0000a3a4   _PRD_swi
0000a4a4   _QUE0
000045e0   _QUE_get
00004608   _QUE_put
0000a45c   _RTA_dispatcher
0000a3d4   _RTA_fromHost
0000a3f0   _RTA_toHost
00008080   _RTDX_Buffer
0000848c   _RTDX_Buffer_End
00006680   _RTDX_Buffer_Initialize
000067c0   _RTDX_Buffer_Read
000066e0   _RTDX_Buffer_ReadCB
00006740   _RTDX_Buffer_Size
00008488   _RTDX_Buffer_Start
000067e0   _RTDX_Buffer_Write
00005da0   _RTDX_Buffer_WriteCB
00006780   _RTDX_Final_RT_Monitor
00006600   _RTDX_Init_RT_Monitor
00000002   _RTDX_JTAGONLY
00006820   _RTDX_Mask_IER
000063e0   _RTDX_Mon_Queue
000059a0   _RTDX_Poll
00000000   _RTDX_interrupt_mask
0000849c   _RTDX_writing
00009e7c   _SDRAM
80000000   _SDRAM_base
00001000   _SDRAM_length
00009fdc   _SEM0
00004640   _SEM_pend
000020a0   _SEM_pendEnterKnl
00003d20   _SEM_post
00003d20   _SEM_postBinary
00003c40   _SEM_postEnterKnl
0000a2c0   _STS_A_TABBEG
0000a320   _STS_A_TABEND
00004458   _STS_add
00004420   _STS_delta
00004484   _STS_reset
00004940   _STS_set
00009d98   _SWI_D_curfxn
00009d88   _SWI_D_curmask
00009d8c   _SWI_D_curset
00009d84   _SWI_D_execaddr
00009da0   _SWI_D_inswi
00009d90   _SWI_D_lock
00009d9c   _SWI_D_rdybeg
00009d80   _SWI_D_runaddr
00009d80   _SWI_data
00000e50   _SWI_post
00009d74   _SYS
000084cc   _SYS_PUTCBEG
000086cb   _SYS_PUTCEND
000046a0   _SYS_abort
00004520   _SYS_error
00004120   _SYS_exit
00009b60   _SYS_exitStack
00009ef0   _SYS_exitStackPtr
00009ef4   _SYS_exitStackTop
0000a494   _TRC_R_mask
00009ee4   _TSK
0000a26c   _TSK0
00006b18   _TSK0_ftn
00009a60   _TSK_ATTRS
00009a7c   _TSK_config
000034a0   _TSK_exit
0000a20c   _TSK_idle
00007fe0   _TSK_init
00009edc   _TSK_nTasks
00009ee0   _TSK_pid
00002f20   _TSK_setup
00003880   _TSK_startup
00009a9c   _TSK_timerSem
00004840   _UTL_doAbort
00004960   _UTL_doError
00004700   _UTL_doPutc
00004980   _UTL_halt
00003470   __CLK_lat1beg
0000349c   __CLK_lat1end
00000c34   __GBL_setL2CacheMode
00009d7c   __HOOK_NUMHOOKS
00009d78   __HOOK_knlId
00001320   __HWI_lat1beg
000014a0   __HWI_lat1end
000014a0   __HWI_lat2beg
00001640   __HWI_lat2end1
000015cc   __HWI_lat2end2
00001660   __HWI_lat3beg
00001760   __HWI_lat3end1
000015fc   __HWI_lat3end2
00004320   __IDL_lat1beg
00004370   __IDL_lat1end
00003990   __KNL_lat1beg
00003a18   __KNL_lat1end
000043a0   __LOG_lat1beg
00009b38   __MEM_mutex
000045e0   __QUE_lat1beg
00004600   __QUE_lat1end
00004608   __QUE_lat2beg
00004620   __QUE_lat2end
00001e98   __RTA_lat1beg
00001ed0   __RTA_lat1end
00002d00   __SEM_dopost
00009800   __STACK_END
00000400   __STACK_SIZE
00000f8c   __SWI_lat1beg
00001040   __SWI_lat1end
00001044   __SWI_lat2beg
000010b4   __SWI_lat2end
00000de0   __SWI_lat3beg
00000e4c   __SWI_lat3end
00009b10   __TSK_mutex
00009ba4   ___TI_enable_exit_profile_output
ffffffff   ___TI_pprof_out_hndl
ffffffff   ___TI_prof_data_size
ffffffff   ___TI_prof_data_start
000072c0   ___add_dtor
00009800   ___atexit_func_id__
ffffffff   ___binit__
00009bb4   ___bss__
ffffffff   ___c_args__
000049a0   ___cinit__
00000000   ___data__
00000000   ___edata__
00009f08   ___end__
00007360   ___etext__
0000a484   ___pinit__
00006840   ___text__
00003640   __auto_init
00009b9c   __cleanup_ptr
00009ba0   __dtors_ptr
00009ba8   __lock
00007300   __nop
00007320   __register_lock
00007340   __register_unlock
00009400   __stack
00009bac   __unlock
00007120   _atexit
00007f20   _c_int00
00006fc0   _call_dtors
00009bb0   _dtors
000068ac   _main
00006c00   _memcpy
00009ed4   _rtdxNullChanCnt
00009ed8   _rtdxNullFuncCnt
00008490   _rtdx_buffer_state
000084b0   _rtdx_mon_state
00006e40   _wait500nS
ffffffff   binit
000049a0   cinit
00000000   edata
00009f08   end
00007360   etext
00000000   hwi0
00000020   hwi1
00000140   hwi10
00000160   hwi11
00000180   hwi12
000001a0   hwi13
000001c0   hwi14
000001e0   hwi15
00000040   hwi2
00000060   hwi3
00000080   hwi4
000000a0   hwi5
000000c0   hwi6
000000e0   hwi7
00000100   hwi8
00000120   hwi9
0000a484   pinit


GLOBAL SYMBOLS: SORTED BY Symbol Address 

address    name
--------   ----
00000000   .data
00000000   BUF$
00000000   CLK_COUNTSPMSHIGH
00000000   CLK_PRDHIGH
00000000   CLK_TDDR
00000000   CLK_TDDRHIGH
00000000   CLK_TIMERNUM
00000000   DEV$
00000000   DGN$
00000000   DHL$
00000000   DHL_gChannelsAvailable
00000000   DIO$
00000000   DIO_NUMSWIBASE
00000000   DIO_NUMTSKBASE
00000000   DIO_STATIC
00000000   DPI$
00000000   GBL_BIGENDIAN
00000000   GBL_C641XL2PRIORITY
00000000   GBL_CACHE
00000000   GBL_L2CONFIGALLOC
00000000   GBL_L2MARMASK1
00000000   GBL_L2MARMASK2
00000000   GBL_L2MARMASK3
00000000   GBL_L2MARMASK4
00000000   GBL_L2MARMASK5
00000000   GBL_L2MODE
00000000   GBL_L2PRIORITY
00000000   GBL_NULL
00000000   GBL_PROCID
00000000   GBL_ROM
00000000   GBL_SUPPORTCSL
00000000   GIO$
00000000   HOOK$
00000000   HOOK_KNLID
00000000   HST_DSM
00000000   HST_NONE
00000000   HWI_A_VECS
00000000   HWI_GENERATE_RESET_VEC
00000000   HWI_INT10$hwi
00000000   HWI_INT11$hwi
00000000   HWI_INT12$hwi
00000000   HWI_INT13$hwi
00000000   HWI_INT14$hwi
00000000   HWI_INT15$hwi
00000000   HWI_INT4$hwi
00000000   HWI_INT5$hwi
00000000   HWI_INT6$hwi
00000000   HWI_INT7$hwi
00000000   HWI_INT8$hwi
00000000   HWI_INT9$hwi
00000000   HWI_NMI$hwi
00000000   HWI_POLARITYMASK
00000000   HWI_RESERVED0$hwi
00000000   HWI_RESERVED1$hwi
00000000   HWI_RESET
00000000   HWI_RESET$hwi
00000000   IDL_busyObj$iB
00000000   IDL_busyObj$operation
00000000   KNL_swi$ord
00000000   KNL_swi$pri
00000000   KNL_swi$sts$unittype
00000000   KNL_swi$swi
00000000   LOG0$log
00000000   LOG_system$datatype
00000000   LOG_system$log
00000000   MBX$
00000000   MEM_NULL
00000000   MEM_USEMPC
00000000   MSGQ$
00000000   MSGQ_USEMSGQ
00000000   OBJ$
00000000   PIP$
00000000   PIP_gNextId
00000000   POOL$
00000000   POOL_USEPOOL
00000000   PRD0$mode
00000000   PRD0$prd
00000000   PRD0$sts$filter
00000000   PRD_swi$ord
00000000   PRD_swi$sts$unittype
00000000   PRD_swi$swi
00000000   RTA_fromHost$hst
00000000   RTA_fromHost$mode
00000000   RTA_toHost$hst
00000000   RTA_toHost$id
00000000   RTDX_MODE
00000000   RTDX_USERTEXECUTION
00000000   SIO$
00000000   SWI_EHOOKFXN
00000000   SWI_IHOOKFXN
00000000   TSK0$sts$unittype
00000000   TSK0$tsk
00000000   TSK_NUM_HOOKS
00000000   TSK_READYFXN
00000000   TSK_STACKSEG
00000000   TSK_SWITCHFXN
00000000   TSK_idle$ord
00000000   TSK_idle$pri
00000000   TSK_idle$sts$unittype
00000000   TSK_idle$tsk
00000000   UDEV$
00000000   _CLK_TDDR
00000000   _CLK_TIMERNUM
00000000   _GBL_CACHE
00000000   _HWI_RESET
00000000   _RTDX_interrupt_mask
00000000   ___data__
00000000   ___edata__
00000000   edata
00000000   hwi0
00000001   BUF_ENABLED
00000001   CLK$
00000001   CLK_CALDIV
00000001   CLK_HTIMEDIV
00000001   CLK_LTIMEDIV
00000001   CLK_USETIMER
00000001   GBL$
00000001   GBL_CALLCSLCFGINIT
00000001   GBL_ENABLEINST
00000001   GBL_L2CONFIGURE
00000001   GBL_L2MARMASK
00000001   GBL_USERINIT
00000001   GBL_boot
00000001   HST$
00000001   HST_RTDX
00000001   HWI$
00000001   HWI_NMI
00000001   HWI_ZEROTAB
00000001   IDL$
00000001   IDL_USECLKIDLTIME
00000001   IDL_busyObj$filter
00000001   IDL_busyObj$iA
00000001   IDL_busyObj$iC
00000001   ISRC$
00000001   KNL_swi$dorta
00000001   KNL_swi$sts$filtmaxmult
00000001   KNL_swi$sts$filtsummult
00000001   LCK$
00000001   LOG$
00000001   LOG0$datatype
00000001   LOG_ENABLED
00000001   MEM$
00000001   PRD$
00000001   PRD0$ord
00000001   PRD_A_TABLEN
00000001   PRD_swi$dorta
00000001   PRD_swi$pri
00000001   PRD_swi$sts$filtmaxmult
00000001   PRD_swi$sts$filtsummult
00000001   QUE$
00000001   RTA_fromHost$id
00000001   RTA_toHost$mode
00000001   RTDX$
00000001   RTDX_NORMALIZED_HDR
00000001   RTDX_USERTDX
00000001   SEM$
00000001   STS$
00000001   SWI$
00000001   SYS$
00000001   TSK$
00000001   TSK0$ord
00000001   TSK0$pri
00000001   TSK0$sts$filtmaxmult
00000001   TSK0$sts$filtsummult
00000001   TSK_PRIORITY
00000001   TSK_idle$sts$filtmaxmult
00000001   TSK_idle$sts$filtsummult
00000001   _CLK_USETIMER
00000001   _HWI_NMI
00000002   HWI_RESERVED0
00000002   IDL_busyObj$unittype
00000002   KNL_swi$sts$filter
00000002   LOG_A_TABLEN
00000002   MEM_gNumHeap
00000002   PIP_A_TABLEN
00000002   PIP_gNumEmbed
00000002   PRD0$sts$unittype
00000002   PRD_swi$sts$filter
00000002   SWI_A_TABLEN
00000002   TSK0$sts$filter
00000002   TSK_idle$sts$filter
00000002   _HWI_RESERVED0
00000002   _LOG_A_TABLEN
00000002   _RTDX_JTAGONLY
00000003   HWI_RESERVED1
00000003   _HWI_RESERVED1
00000004   CLK_CALMULT
00000004   CLK_HTIMEMULT
00000004   HWI_INT4
00000004   PRD_SCALAR
00000004   RTA_fromHost$framesize
00000004   _HWI_INT4
00000005   HWI_INT5
00000005   _HWI_INT5
00000006   HWI_INT6
00000006   IDL_CALIBRERROR
00000006   _HWI_INT6
00000007   HWI_INT7
00000007   _HWI_INT7
00000008   HWI_INT8
00000008   _HWI_INT8
00000009   HWI_INT9
00000009   _HWI_INT9
0000000a   HWI_INT10
0000000a   _HWI_INT10
0000000b   HWI_INT11
0000000b   _HWI_INT11
0000000c   HWI_INT12
0000000c   _HWI_INT12
0000000d   HWI_INT13
0000000d   _HWI_INT13
0000000e   HWI_INT14
0000000e   _HWI_INT14
0000000f   HWI_INT15
0000000f   _HWI_INT15
00000020   CLK_TCR
00000020   hwi1
0000003e   GBL_DSPTYPE
00000040   HST_MAXFRAMESET
00000040   LOG_system$size
00000040   RTA_toHost$framesize
00000040   hwi2
00000042   GBL_FOOTPRINT
00000060   hwi3
00000064   PIP_OBJSIZE
00000064   PRD0$period
00000080   hwi4
000000a0   hwi5
000000c0   hwi6
000000e0   hwi7
000000ff   HST_MAXFRAMEALLOWED
00000100   LOG0$size
00000100   hwi8
00000120   hwi9
00000140   hwi10
00000160   hwi11
00000180   hwi12
000001a0   hwi13
000001c0   hwi14
000001e0   hwi15
00000200   LNK_F_checkBufferCall
00000220   LNK_F_getChanPtr
00000278   LNK_F_init
00000280   LNK_F_dataPump
00000294   LNK_rcloop
00000360   LNK_rdrtry
00000370   LNK_rrloop
000003e8   CLK_MICROSECS
00000400   HST_DSMMEMSIZE
00000400   TSK_STACKSIZE
00000400   __STACK_SIZE
00000408   RTDX_BUFMEMSIZE
00000434   LNK_wrrtry
00000444   LNK_wrloop
00000520   LNK_newin
00000660   LNK_newout
000007c4   LNK_F_readCallBack
00000800   IRAM$L
00000800   _IRAM_length
00000c34   __GBL_setL2CacheMode
00000de0   SWI_F_enable
00000de0   __SWI_lat3beg
00000e4c   __SWI_lat3end
00000e50   SWI_F_post
00000e50   _SWI_post
00000f8c   __SWI_lat1beg
00000ffc   SWI_EXECFXN
00000ffc   SWI_F_exec
00001000   SDRAM$L
00001000   _SDRAM_length
00001028   SWI_F_iexec
00001040   __SWI_lat1end
00001044   __SWI_lat2beg
000010b4   __SWI_lat2end
000010b8   SWI_F_run
000010b8   SWI_RUNFXN
00001320   CLK_HOOKFXN
00001320   HWI_F_dispatch
00001320   _HWI_F_dispatch
00001320   __HWI_lat1beg
000014a0   __HWI_lat1end
000014a0   __HWI_lat2beg
000015cc   __HWI_lat2end2
000015fc   __HWI_lat3end2
00001640   __HWI_lat2end1
00001660   __HWI_lat3beg
00001760   __HWI_lat3end1
00001770   GBL_CLKTYPE
00001780   PRD_F_swi
00001a39   GBL_DSPSUBTYPE
00001a40   PRD_F_tick
00001b20   _KNL_run
00001de0   RTA_F_getlog
00001e24   RTA_F_getsts
00001e6c   RTA_F_readblk
00001e8c   RTA_F_writeword
00001e98   RTA_F_resetmem
00001e98   __RTA_lat1beg
00001ed0   __RTA_lat1end
00001ed8   RTA_F_dispatch
00001f28   RTA_execute
000020a0   _SEM_pendEnterKnl
00002226   GBL_L2ALLOC
00002360   _MEM_alloc
000025e0   _MEM_free
00002aa0   PRD_THOOKFXN
00002aa0   _KNL_tick
00002ac0   PIP_F_take
00002b54   PIP_F_give
00002b54   PIP_F_probe
00002c28   PIP_F_start
00002d00   __SEM_dopost
00002f20   _TSK_setup
00003120   _KNL_saveIsrFrame
000031ec   _KNL_switch
000032a0   KNL_glue
000032e0   CLK_F_getltime
000032f4   CLK_F_isr
00003454   CLK_F_itime
00003454   _CLK_F_itime
00003454   _CLK_itime
00003470   __CLK_lat1beg
0000349c   __CLK_lat1end
000034a0   _TSK_exit
00003640   __auto_init
00003880   _TSK_startup
00003940   _KNL_check
00003990   __KNL_lat1beg
00003a18   _KNL_idle
00003a18   __KNL_lat1end
00003a3c   _KNL_max
00003a80   _GBL_cslCacheInit
00003b60   _KNL_exit
00003bb4   _KNL_enter
00003c40   _SEM_postEnterKnl
00003d20   _SEM_post
00003d20   _SEM_postBinary
00003e00   _CLK_measure
00003ee0   _KNL_ipost
00003fa0   _KNL_post
00004000   CLK_INTBIT
00004008   HWI_CFGDISPATCHED
00004008   _HWI_CFGDISPATCHED
00004060   _LCK_post
00004090   _LCK_pend
00004120   _SYS_exit
000041e0   CLK_F_getfhtime
00004200   CLK_F_gethtime
00004200   CLK_F_getshtime
00004200   CLK_TIMEFXN
000042a0   FXN_F_nop
000042a8   FXN_F_run
000042a8   _FXN_F_run
000042f8   FXN_F_zero
000042f8   _FXN_F_zero
00004320   IDL_F_busy
00004320   __IDL_lat1beg
00004370   __IDL_lat1end
000043a0   LOG_F_event
000043a0   _LOG_event
000043a0   __LOG_lat1beg
00004420   STS_F_delta
00004420   _STS_delta
00004458   STS_F_add
00004458   _STS_add
00004484   STS_F_reset
00004484   _STS_reset
000044a0   IDL_F_calibrate
00004520   _SYS_error
00004580   _HWI_disable
00004598   _HWI_enable
000045ac   _HWI_restore
000045e0   _QUE_get
000045e0   __QUE_lat1beg
00004600   __QUE_lat1end
00004608   _QUE_put
00004608   __QUE_lat2beg
00004620   __QUE_lat2end
00004640   _SEM_pend
000046a0   _SYS_abort
00004700   SYS_PUTCFXN
00004700   _UTL_doPutc
00004760   _CLK_start
000047c0   IDL_CALIBRFXN
000047c0   IDL_F_stub
00004800   RTA_F_andn
00004820   RTA_F_or
00004840   SYS_ABORTFXN
00004840   _UTL_doAbort
00004880   _CLK_stop
000048c0   GIO_CREATEFXN
000048c0   GIO_DELETEFXN
000048c0   GIO_PENDFXN
000048c0   GIO_POSTFXN
000048c0   TSK_VCREATEFXN
000048c0   TSK_VDELETEFXN
000048c0   TSK_VEXITFXN
000048c0   _FXN_F_nop
000048e0   _GBL_getVersion
00004900   IDL_F_loop
00004900   _IDL_loop
00004920   _LOG_printf
00004940   _STS_set
00004960   SYS_ERRORFXN
00004960   _UTL_doError
00004980   SYS_EXITFXN
00004980   _UTL_halt
000049a0   ___cinit__
000049a0   cinit
00004e20   GBL_CLKIN
00005205   GBL_A_VERSION
0000598c   RTA_fromHost$buf
000059a0   _RTDX_Poll
00005da0   _RTDX_Buffer_WriteCB
000063e0   _RTDX_Mon_Queue
00006600   _RTDX_Init_RT_Monitor
00006680   _RTDX_Buffer_Initialize
000066e0   _RTDX_Buffer_ReadCB
00006740   _RTDX_Buffer_Size
00006780   _RTDX_Final_RT_Monitor
000067c0   _RTDX_Buffer_Read
000067e0   _RTDX_Buffer_Write
00006820   _RTDX_Mask_IER
00006840   .text
00006840   ___text__
000068ac   _main
00006ae4   _PRD0_ftn
00006b18   _TSK0_ftn
00006c00   _memcpy
00006e40   _wait500nS
00006e68   GBL_USERINITFXN
00006e68   _GBL_setPLLto225MHz
00006fc0   _call_dtors
00007120   _atexit
000072c0   ___add_dtor
00007300   __nop
00007320   __register_lock
00007340   __register_unlock
00007360   IRAM$B
00007360   _IRAM_base
00007360   ___etext__
00007360   etext
00007b60   BIOS_init
00007b60   _BIOS_init
00007cdc   BIOS$$CLKON
00007d1c   BIOS$$CLKOFF
00007d84   BIOS_start
00007d84   _BIOS_start
00007e40   _MEM_init
00007f20   _c_int00
00007fe0   _TSK_init
00008060   _OBJ_init
00008080   _RTDX_Buffer
00008488   _RTDX_Buffer_Start
0000848c   _RTDX_Buffer_End
00008490   _rtdx_buffer_state
0000849c   _RTDX_writing
000084b0   _rtdx_mon_state
000084cc   _SYS_PUTCBEG
000086cb   _SYS_PUTCEND
000087cd   PRD0$sts$maxfmt
000087d0   LOG_A_TABBEG
000087d0   LOG_system
000087d0   _LOG_A_TABBEG
000087d0   _LOG_system
000087d6   PRD0$sts$sumfmt
000087df   PRD0$sts$avgfmt
000087e8   LOG0
000087e8   _LOG0
000087ea   KNL_swi$sts$maxfmt
000087f2   KNL_swi$sts$sumfmt
000087fa   KNL_swi$sts$avgfmt
00008800   LOG0$buf
00008800   LOG_A_TABEND
00008800   _LOG_A_TABEND
00008804   PRD_swi$sts$maxfmt
0000880c   PRD_swi$sts$sumfmt
00008814   PRD_swi$sts$avgfmt
0000881e   TSK_idle$sts$maxfmt
00008826   TSK_idle$sts$sumfmt
0000882e   TSK_idle$sts$avgfmt
00008838   TSK0$sts$maxfmt
00008840   TSK0$sts$sumfmt
00008848   TSK0$sts$avgfmt
00008852   IDL_busyObj$maxfmt
00008855   IDL_busyObj$sumfmt
00008858   IDL_busyObj$avgfmt
00008c00   TSK0$stack
00008f98   TSK0$stkptr
00009000   TSK_idle$stack
00009398   TSK_idle$stkptr
00009400   GBL_stackbeg
00009400   _HWI_STKTOP
00009400   __stack
000097f8   _HWI_STKBOTTOM
000097ff   GBL_stackend
00009800   __STACK_END
00009800   ___atexit_func_id__
00009988   _KNL_queues
00009a28   _KNL_dummy
00009a60   _TSK_ATTRS
00009a7c   _TSK_config
00009a9c   _TSK_timerSem
00009abc   _OBJ_table
00009af4   _OBJ_segtab
00009b10   __TSK_mutex
00009b38   __MEM_mutex
00009b60   _SYS_exitStack
00009b9c   __cleanup_ptr
00009ba0   __dtors_ptr
00009ba4   ___TI_enable_exit_profile_output
00009ba8   __lock
00009bac   __unlock
00009bb0   _dtors
00009bb4   $bss
00009bb4   .bss
00009bb4   _HWI_dispatchTab
00009bb4   ___bss__
00009cb4   IDL_D_tabbeg
00009cb8   IDL_D_calibrate
00009cbc   IDL_D_calbeg
00009cc0   LOG_D_system
00009cc0   _LOG_D_system
00009cc4   PIP_D_tabbeg
00009cc8   PIP_D_tablen
00009ccc   CLK_R_time
00009cd0   CLK_D_timefxn
00009cd4   CLK_D_tabbeg
00009cd8   CLK_D_isrhook
00009cdc   CLK_D_idletime
00009ce0   _CLK_htimeDiv
00009ce4   _CLK_htimeMult
00009ce8   _CLK_ltimeDiv
00009cec   _CLK_ltimeMult
00009cf0   _CLK_D_dirty
00009cf4   _CLK_D_prd
00009cf8   _CLK_D_tddr
00009cfc   _CLK_D_countspms
00009d00   PRD_D_tick
00009d00   _PRD_D_tick
00009d04   PRD_D_cur
00009d08   PRD_D_elapsed
00009d0c   PRD_D_prevtim
00009d10   PRD_D_scalar
00009d14   PRD_D_swihandle
00009d18   PRD_D_tabbeg
00009d1c   PRD_D_tablen
00009d20   PRD_D_thook
00009d24   RTA_D_fromHost
00009d28   RTA_D_toHost
00009d2c   RTA_D_logval
00009d3c   RTA_D_stsval
00009d48   HST_D_chanmask
00009d4c   HST_D_tabbeg
00009d50   HST_D_tabend
00009d54   _GBL_procId
00009d58   _GBL_clkIn
00009d5c   _GBL_freq
00009d60   _MEM_D_NUMSEGMENTS
00009d64   _MEM_D_memtab
00009d68   _MEM_D_freelist
00009d6c   _MEM_D_lockaddr
00009d70   _MEM_D_unlockaddr
00009d74   _SYS
00009d78   __HOOK_knlId
00009d7c   __HOOK_NUMHOOKS
00009d80   SWI_D_runaddr
00009d80   _SWI_D_runaddr
00009d80   _SWI_data
00009d84   SWI_D_execaddr
00009d84   _SWI_D_execaddr
00009d88   SWI_D_curmask
00009d88   _SWI_D_curmask
00009d8c   SWI_D_curset
00009d8c   _SWI_D_curset
00009d90   SWI_D_lock
00009d90   _SWI_D_lock
00009d94   SWI_D_curmbox
00009d98   SWI_D_curfxn
00009d98   _SWI_D_curfxn
00009d9c   SWI_D_rdybeg
00009d9c   _SWI_D_rdybeg
00009da0   SWI_D_inswi
00009da0   _SWI_D_inswi
00009da4   SWI_D_rdytab
00009e1c   _KNL_wFlag
00009e20   _KNL_wList
00009e24   _KNL_alarm
00009e28   _KNL_setpri
00009e2c   _KNL_inactive
00009e30   _KNL_priority
00009e34   _KNL_set
00009e38   _KNL_curtask
00009e3c   _KNL_prevtask
00009e40   _KNL_curtime
00009e44   _KNL_swiptr
00009e48   _KNL_curqueue
00009e4c   _KNL_maxqueue
00009e50   _KNL_tswitchfxn
00009e54   _KNL_tcreatefxn
00009e58   _KNL_tdeletefxn
00009e5c   _KNL_treadyfxn
00009e60   _KNL_idlefxn
00009e64   _MEM_memtab
00009e7c   SDRAM
00009e7c   _SDRAM
00009e80   HST_DSMBUFSEG
00009e80   IRAM
00009e80   MEM_MALLOCSEG
00009e80   MEM_SEGZERO
00009e80   RTDX_DATAMEMSEG
00009e80   _IRAM
00009e84   RTA_fromHost$pipe$dtab
00009e90   RTA_toHost$pipe$dtab
00009e9c   HWI_D_spsave
00009e9c   _HWI_D_spsave
00009e9c   _HWI_data
00009ea8   _HWI_D_inhwi
00009eac   HWI_D_bss
00009eb0   HWI_D_ccmask
00009eb4   LNK_dspFrameRequestMask
00009eb4   _LNK_dspFrameRequestMask
00009eb8   LNK_dspFrameReadyMask
00009eb8   _LNK_dspFrameReadyMask
00009ebc   LNK_readPend
00009ebc   _LNK_readPend
00009ec0   LNK_readDone
00009ec0   _LNK_readDone
00009ec4   LNK_readFail
00009ec4   _LNK_readFail
00009ec8   LNK_writeFail
00009ec8   _LNK_writeFail
00009ed4   _rtdxNullChanCnt
00009ed8   _rtdxNullFuncCnt
00009edc   _TSK_nTasks
00009ee0   _TSK_pid
00009ee4   _TSK
00009ee8   _CLK_DFLTMICROSECS
00009eec   _CLK_D_microseconds
00009ef0   _SYS_exitStackPtr
00009ef4   _SYS_exitStackTop
00009ef8   _CLK_htimePerLtime
00009f00   IDL_D_busyObj
00009f04   _MEM
00009f08   PIP_A_TABBEG
00009f08   RTA_fromHost$pipe
00009f08   _PIP_A_TABBEG
00009f08   ___end__
00009f08   end
00009f0c   RTA_fromHost$pipe$rd
00009f38   RTA_fromHost$pipe$aaa
00009f3c   RTA_fromHost$pipe$wr
00009f68   RTA_fromHost$pipe$bbb
00009f6c   RTA_toHost$pipe
00009f70   RTA_toHost$pipe$rd
00009f9c   RTA_toHost$pipe$aaa
00009fa0   RTA_toHost$pipe$wr
00009fcc   RTA_toHost$pipe$bbb
00009fd0   PIP_A_TABEND
00009fd0   _PIP_A_TABEND
00009fdc   SEM0
00009fdc   _SEM0
0000a000   LOG_system$buf
0000a100   RTA_toHost$buf
0000a20c   TSK_idle
0000a20c   _TSK_idle
0000a26c   TSK0
0000a26c   _TSK0
0000a2c0   PRD0$sts$stsobj
0000a2c0   STS_A_TABBEG
0000a2c0   _STS_A_TABBEG
0000a2c4   PRD0$sts
0000a2d0   KNL_swi$sts$stsobj
0000a2d4   KNL_swi$sts
0000a2e0   PRD_swi$sts$stsobj
0000a2e4   PRD_swi$sts
0000a2f0   TSK_idle$sts$stsobj
0000a2f4   TSK_idle$sts
0000a300   TSK0$sts$stsobj
0000a304   TSK0$sts
0000a310   IDL_busyObj$stsobj
0000a314   IDL_busyObj
0000a314   _IDL_busyObj
0000a320   STS_A_TABEND
0000a320   _STS_A_TABEND
0000a378   KNL_swi
0000a378   SWI_A_TABBEG
0000a378   _KNL_swi
0000a3a4   PRD_SWIHANDLE
0000a3a4   PRD_swi
0000a3a4   _PRD_swi
0000a3d0   HST_A_TABBEG
0000a3d0   SWI_A_TABEND
0000a3d0   _HST_A_TABBEG
0000a3d4   RTA_fromHost
0000a3d4   _RTA_fromHost
0000a3dc   RTA_fromHost$rtdx
0000a3f0   RTA_toHost
0000a3f0   _RTA_toHost
0000a3f8   RTA_toHost$rtdx
0000a40c   HST_A_TABEND
0000a40c   _HST_A_TABEND
0000a434   PRD0
0000a434   PRD_A_TABBEG
0000a434   _PRD0
0000a450   PRD0$aaa
0000a454   IDL_A_TABBEG
0000a454   IDL_cpuLoad
0000a454   PRD_A_TABEND
0000a454   _IDL_cpuLoad
0000a458   LNK_dataPump
0000a458   _LNK_dataPump
0000a45c   RTA_dispatcher
0000a45c   _RTA_dispatcher
0000a460   IDL_END
0000a464   IDL_A_CALBEG
0000a464   IDL_cpuLoad$
0000a468   LNK_dataPump$
0000a46c   RTA_dispatcher$
0000a470   IDL_END$
0000a474   SYS$config
0000a484   ___pinit__
0000a484   pinit
0000a490   TRC_cinit
0000a494   TRC_R_mask
0000a494   _TRC_R_mask
0000a498   GBL_initdone
0000a49c   CLK_A_TABBEG
0000a49c   PRD_clock
0000a49c   _PRD_clock
0000a4a0   CLK_null
0000a4a4   QUE0
0000a4a4   _QUE0
0000dbba   CLK_COUNTSPMS
0000dbba   CLK_HTIMEPERLTIME
0000dbba   CLK_PRD
0000dbba   _CLK_COUNTSPMS
0000dbba   _CLK_PRD
0000dbef   GBL_TRCMASKVALUE
00036ee8   CLK_LTIMEMULT
00036ee8   GBL_FREQ
01940000   CLK_REGS
01940000   _CLK_REGS
082039a3   HWI_INTRMULTHIGH
310718a4   HWI_INTRMULTLOW
80000000   SDRAM$B
80000000   _SDRAM_base
ffffffff   ___TI_pprof_out_hndl
ffffffff   ___TI_prof_data_size
ffffffff   ___TI_prof_data_start
ffffffff   ___binit__
ffffffff   ___c_args__
ffffffff   binit

[753 symbols]
