<?xml version="1.0"?>
<link_info>
   <banner>TMS320C6x Linker PC v7.4.15</banner>
   <copyright>Copyright (c) 1996-2015 Texas Instruments Incorporated</copyright>
   <link_time>0x55e8d741</link_time>
   <output_file>145 bios semaphore.out</output_file>
   <entry_point>
      <name>_c_int00</name>
      <address>0x8c40</address>
   </entry_point>
   <input_file_list>
      <input_file id="fl-2">
         <path>.\</path>
         <kind>object</kind>
         <file>sem.obj</file>
         <name>sem.obj</name>
      </input_file>
      <input_file id="fl-3">
         <path>.\</path>
         <kind>object</kind>
         <file>semaphorecfg.obj</file>
         <name>semaphorecfg.obj</name>
      </input_file>
      <input_file id="fl-4">
         <path>.\</path>
         <kind>object</kind>
         <file>semaphorecfg_c.obj</file>
         <name>semaphorecfg_c.obj</name>
      </input_file>
      <input_file id="fl-89">
         <path>D:\Program Files\ti\bios_5_42_01_09\packages\ti\bios\lib\</path>
         <kind>archive</kind>
         <file>biosC6000.a67</file>
         <name>clk_htime.o67</name>
      </input_file>
      <input_file id="fl-8a">
         <path>D:\Program Files\ti\bios_5_42_01_09\packages\ti\bios\lib\</path>
         <kind>archive</kind>
         <file>bios.a67</file>
         <name>biosdata.o67</name>
      </input_file>
      <input_file id="fl-8b">
         <path>D:\Program Files\ti\bios_5_42_01_09\packages\ti\bios\lib\</path>
         <kind>archive</kind>
         <file>bios.a67</file>
         <name>hwi_disp_asm.o67</name>
      </input_file>
      <input_file id="fl-8c">
         <path>D:\Program Files\ti\bios_5_42_01_09\packages\ti\bios\lib\</path>
         <kind>archive</kind>
         <file>bios.a67</file>
         <name>idl_stub.o67</name>
      </input_file>
      <input_file id="fl-8d">
         <path>D:\Program Files\ti\bios_5_42_01_09\packages\ti\bios\lib\</path>
         <kind>archive</kind>
         <file>lnkrtdx.a67</file>
         <name>rtdx.o67</name>
      </input_file>
      <input_file id="fl-8e">
         <path>D:\Program Files\ti\bios_5_42_01_09\packages\ti\bios\lib\</path>
         <kind>archive</kind>
         <file>bios.a67</file>
         <name>swi.o67</name>
      </input_file>
      <input_file id="fl-8f">
         <path>D:\Program Files\ti\bios_5_42_01_09\packages\ti\bios\lib\</path>
         <kind>archive</kind>
         <file>bios.a67</file>
         <name>fxn_c.o67</name>
      </input_file>
      <input_file id="fl-90">
         <path>D:\Program Files\ti\bios_5_42_01_09\packages\ti\bios\lib\</path>
         <kind>archive</kind>
         <file>bios.a67</file>
         <name>gbl_cslpllinit62.o67</name>
      </input_file>
      <input_file id="fl-91">
         <path>D:\Program Files\ti\bios_5_42_01_09\packages\ti\bios\lib\</path>
         <kind>archive</kind>
         <file>bios.a67</file>
         <name>knl_tick.o67</name>
      </input_file>
      <input_file id="fl-92">
         <path>D:\Program Files\ti\bios_5_42_01_09\packages\ti\bios\lib\</path>
         <kind>archive</kind>
         <file>bios.a67</file>
         <name>utl_doab.o67</name>
      </input_file>
      <input_file id="fl-93">
         <path>D:\Program Files\ti\bios_5_42_01_09\packages\ti\bios\lib\</path>
         <kind>archive</kind>
         <file>bios.a67</file>
         <name>utl_doer.o67</name>
      </input_file>
      <input_file id="fl-94">
         <path>D:\Program Files\ti\bios_5_42_01_09\packages\ti\bios\lib\</path>
         <kind>archive</kind>
         <file>bios.a67</file>
         <name>utl_putc.o67</name>
      </input_file>
      <input_file id="fl-95">
         <path>D:\Program Files\ti\bios_5_42_01_09\packages\ti\bios\lib\</path>
         <kind>archive</kind>
         <file>bios.a67</file>
         <name>utl_halt.o67</name>
      </input_file>
      <input_file id="fl-96">
         <path>D:\Program Files\ti\bios_5_42_01_09\packages\ti\bios\lib\</path>
         <kind>archive</kind>
         <file>biosC6000.a67</file>
         <name>clk.o67</name>
      </input_file>
      <input_file id="fl-97">
         <path>D:\Program Files\ti\bios_5_42_01_09\packages\ti\bios\lib\</path>
         <kind>archive</kind>
         <file>bios.a67</file>
         <name>fxn.o67</name>
      </input_file>
      <input_file id="fl-98">
         <path>D:\Program Files\ti\bios_5_42_01_09\packages\ti\bios\lib\</path>
         <kind>archive</kind>
         <file>bios.a67</file>
         <name>boot.o67</name>
      </input_file>
      <input_file id="fl-99">
         <path>D:\Program Files\ti\bios_5_42_01_09\packages\ti\bios\lib\</path>
         <kind>archive</kind>
         <file>bios.a67</file>
         <name>trc.o67</name>
      </input_file>
      <input_file id="fl-9a">
         <path>D:\Program Files\ti\bios_5_42_01_09\packages\ti\bios\lib\</path>
         <kind>archive</kind>
         <file>bios.a67</file>
         <name>hwi.o67</name>
      </input_file>
      <input_file id="fl-9b">
         <path>D:\Program Files\ti\bios_5_42_01_09\packages\ti\bios\lib\</path>
         <kind>archive</kind>
         <file>bios.a67</file>
         <name>idl_busy.o67</name>
      </input_file>
      <input_file id="fl-9c">
         <path>D:\Program Files\ti\bios_5_42_01_09\packages\ti\bios\lib\</path>
         <kind>archive</kind>
         <file>biosC6000.a67</file>
         <name>idl_cal.o67</name>
      </input_file>
      <input_file id="fl-9d">
         <path>D:\Program Files\ti\bios_5_42_01_09\packages\ti\bios\lib\</path>
         <kind>archive</kind>
         <file>bios.a67</file>
         <name>idl.o67</name>
      </input_file>
      <input_file id="fl-9e">
         <path>D:\Program Files\ti\bios_5_42_01_09\packages\ti\bios\lib\</path>
         <kind>archive</kind>
         <file>bios.a67</file>
         <name>knl_swit.o67</name>
      </input_file>
      <input_file id="fl-9f">
         <path>D:\Program Files\ti\bios_5_42_01_09\packages\ti\bios\lib\</path>
         <kind>archive</kind>
         <file>bios.a67</file>
         <name>log.o67</name>
      </input_file>
      <input_file id="fl-a0">
         <path>D:\Program Files\ti\bios_5_42_01_09\packages\ti\bios\lib\</path>
         <kind>archive</kind>
         <file>bios.a67</file>
         <name>pip.o67</name>
      </input_file>
      <input_file id="fl-a1">
         <path>D:\Program Files\ti\bios_5_42_01_09\packages\ti\bios\lib\</path>
         <kind>archive</kind>
         <file>bios.a67</file>
         <name>prd.o67</name>
      </input_file>
      <input_file id="fl-a2">
         <path>D:\Program Files\ti\bios_5_42_01_09\packages\ti\bios\lib\</path>
         <kind>archive</kind>
         <file>bios.a67</file>
         <name>rta.o67</name>
      </input_file>
      <input_file id="fl-a3">
         <path>D:\Program Files\ti\bios_5_42_01_09\packages\ti\bios\lib\</path>
         <kind>archive</kind>
         <file>bios.a67</file>
         <name>rta_andn.o67</name>
      </input_file>
      <input_file id="fl-a4">
         <path>D:\Program Files\ti\bios_5_42_01_09\packages\ti\bios\lib\</path>
         <kind>archive</kind>
         <file>bios.a67</file>
         <name>sts.o67</name>
      </input_file>
      <input_file id="fl-a5">
         <path>D:\Program Files\ti\bios_5_42_01_09\packages\ti\bios\lib\</path>
         <kind>archive</kind>
         <file>bios.a67</file>
         <name>clk_data.o67</name>
      </input_file>
      <input_file id="fl-a6">
         <path>D:\Program Files\ti\bios_5_42_01_09\packages\ti\bios\lib\</path>
         <kind>archive</kind>
         <file>bios.a67</file>
         <name>clk_data2.o67</name>
      </input_file>
      <input_file id="fl-a7">
         <path>D:\Program Files\ti\bios_5_42_01_09\packages\ti\bios\lib\</path>
         <kind>archive</kind>
         <file>biosC6000.a67</file>
         <name>clk_meas.o67</name>
      </input_file>
      <input_file id="fl-a8">
         <path>D:\Program Files\ti\bios_5_42_01_09\packages\ti\bios\lib\</path>
         <kind>archive</kind>
         <file>biosC6000.a67</file>
         <name>clk_start.o67</name>
      </input_file>
      <input_file id="fl-a9">
         <path>D:\Program Files\ti\bios_5_42_01_09\packages\ti\bios\lib\</path>
         <kind>archive</kind>
         <file>biosC6000.a67</file>
         <name>clk_stop.o67</name>
      </input_file>
      <input_file id="fl-aa">
         <path>D:\DT Docs on D\CCS\libraries\cslupdate\lib_3x\</path>
         <kind>archive</kind>
         <file>csl6713.lib</file>
         <name>csl.obj</name>
      </input_file>
      <input_file id="fl-ab">
         <path>D:\DT Docs on D\CCS\libraries\dsk6713\lib\</path>
         <kind>archive</kind>
         <file>dsk6713bsl.lib</file>
         <name>dsk6713_dip.obj</name>
      </input_file>
      <input_file id="fl-ac">
         <path>D:\DT Docs on D\CCS\libraries\dsk6713\lib\</path>
         <kind>archive</kind>
         <file>dsk6713bsl.lib</file>
         <name>dsk6713_led.obj</name>
      </input_file>
      <input_file id="fl-ad">
         <path>D:\DT Docs on D\CCS\libraries\dsk6713\lib\</path>
         <kind>archive</kind>
         <file>dsk6713bsl.lib</file>
         <name>dsk6713.obj</name>
      </input_file>
      <input_file id="fl-ae">
         <path>D:\Program Files\ti\bios_5_42_01_09\packages\ti\bios\lib\</path>
         <kind>archive</kind>
         <file>bios.a67</file>
         <name>gbl_cslcacheinit.o67</name>
      </input_file>
      <input_file id="fl-af">
         <path>D:\Program Files\ti\bios_5_42_01_09\packages\ti\bios\lib\</path>
         <kind>archive</kind>
         <file>bios.a67</file>
         <name>gbl_vers.o67</name>
      </input_file>
      <input_file id="fl-b0">
         <path>D:\Program Files\ti\bios_5_42_01_09\packages\ti\bios\lib\</path>
         <kind>archive</kind>
         <file>bios.a67</file>
         <name>hwi_c.o67</name>
      </input_file>
      <input_file id="fl-b1">
         <path>D:\Program Files\ti\bios_5_42_01_09\packages\ti\bios\lib\</path>
         <kind>archive</kind>
         <file>bios.a67</file>
         <name>knl.o67</name>
      </input_file>
      <input_file id="fl-b2">
         <path>D:\Program Files\ti\bios_5_42_01_09\packages\ti\bios\lib\</path>
         <kind>archive</kind>
         <file>bios.a67</file>
         <name>knl_exit.o67</name>
      </input_file>
      <input_file id="fl-b3">
         <path>D:\Program Files\ti\bios_5_42_01_09\packages\ti\bios\lib\</path>
         <kind>archive</kind>
         <file>bios.a67</file>
         <name>knl_chec.o67</name>
      </input_file>
      <input_file id="fl-b4">
         <path>D:\Program Files\ti\bios_5_42_01_09\packages\ti\bios\lib\</path>
         <kind>archive</kind>
         <file>bios.a67</file>
         <name>knl_post.o67</name>
      </input_file>
      <input_file id="fl-b5">
         <path>D:\Program Files\ti\bios_5_42_01_09\packages\ti\bios\lib\</path>
         <kind>archive</kind>
         <file>bios.a67</file>
         <name>knl_ipos.o67</name>
      </input_file>
      <input_file id="fl-b6">
         <path>D:\Program Files\ti\bios_5_42_01_09\packages\ti\bios\lib\</path>
         <kind>archive</kind>
         <file>bios.a67</file>
         <name>knl_run.o67</name>
      </input_file>
      <input_file id="fl-b7">
         <path>D:\Program Files\ti\bios_5_42_01_09\packages\ti\bios\lib\</path>
         <kind>archive</kind>
         <file>bios.a67</file>
         <name>obj_init.o67</name>
      </input_file>
      <input_file id="fl-b8">
         <path>D:\Program Files\ti\bios_5_42_01_09\packages\ti\rtdx\lib\c6000\</path>
         <kind>archive</kind>
         <file>rtdx.lib</file>
         <name>buffer2.o62</name>
      </input_file>
      <input_file id="fl-b9">
         <path>D:\Program Files\ti\bios_5_42_01_09\packages\ti\rtdx\lib\c6000\</path>
         <kind>archive</kind>
         <file>rtdx.lib</file>
         <name>buffer1.o62</name>
      </input_file>
      <input_file id="fl-ba">
         <path>D:\Program Files\ti\bios_5_42_01_09\packages\ti\rtdx\lib\c6000\</path>
         <kind>archive</kind>
         <file>rtdx.lib</file>
         <name>intr_tgt.o62</name>
      </input_file>
      <input_file id="fl-bb">
         <path>D:\Program Files\ti\bios_5_42_01_09\packages\ti\rtdx\lib\c6000\</path>
         <kind>archive</kind>
         <file>rtdx.lib</file>
         <name>rtdx_mon.o62</name>
      </input_file>
      <input_file id="fl-bc">
         <path>D:\Program Files\ti\bios_5_42_01_09\packages\ti\bios\lib\</path>
         <kind>archive</kind>
         <file>bios.a67</file>
         <name>sem_pend_binary.o67</name>
      </input_file>
      <input_file id="fl-bd">
         <path>D:\Program Files\ti\bios_5_42_01_09\packages\ti\bios\lib\</path>
         <kind>archive</kind>
         <file>bios.a67</file>
         <name>sem_pend.o67</name>
      </input_file>
      <input_file id="fl-be">
         <path>D:\Program Files\ti\bios_5_42_01_09\packages\ti\bios\lib\</path>
         <kind>archive</kind>
         <file>bios.a67</file>
         <name>sem_post_asm.o67</name>
      </input_file>
      <input_file id="fl-bf">
         <path>D:\Program Files\ti\bios_5_42_01_09\packages\ti\bios\lib\</path>
         <kind>archive</kind>
         <file>bios.a67</file>
         <name>sem_post.o67</name>
      </input_file>
      <input_file id="fl-c0">
         <path>D:\Program Files\ti\bios_5_42_01_09\packages\ti\bios\lib\</path>
         <kind>archive</kind>
         <file>bios.a67</file>
         <name>sts_set.o67</name>
      </input_file>
      <input_file id="fl-c1">
         <path>D:\DT Docs on D\CCS\libraries\cslupdate\lib_3x\</path>
         <kind>archive</kind>
         <file>csl6713.lib</file>
         <name>csl_timer.obj</name>
      </input_file>
      <input_file id="fl-c2">
         <path>D:\Program Files\ti\bios_5_42_01_09\packages\ti\bios\lib\</path>
         <kind>archive</kind>
         <file>bios.a67</file>
         <name>tsk.o67</name>
      </input_file>
      <input_file id="fl-c3">
         <path>D:\Program Files\ti\bios_5_42_01_09\packages\ti\bios\lib\</path>
         <kind>archive</kind>
         <file>bios.a67</file>
         <name>tsk_exit.o67</name>
      </input_file>
      <input_file id="fl-c4">
         <path>D:\Program Files\ti\bios_5_42_01_09\packages\ti\bios\lib\</path>
         <kind>archive</kind>
         <file>bios.a67</file>
         <name>sys_exit.o67</name>
      </input_file>
      <input_file id="fl-c5">
         <path>D:\Program Files\ti\bios_5_42_01_09\packages\ti\bios\lib\</path>
         <kind>archive</kind>
         <file>bios.a67</file>
         <name>sys.o67</name>
      </input_file>
      <input_file id="fl-c6">
         <path>D:\Program Files\ti\bios_5_42_01_09\packages\ti\bios\lib\</path>
         <kind>archive</kind>
         <file>bios.a67</file>
         <name>tsk_init.o67</name>
      </input_file>
      <input_file id="fl-c7">
         <path>D:\Program Files\ti\bios_5_42_01_09\packages\ti\bios\lib\</path>
         <kind>archive</kind>
         <file>bios.a67</file>
         <name>tsk_setu.o67</name>
      </input_file>
      <input_file id="fl-c8">
         <path>D:\Program Files\ti\bios_5_42_01_09\packages\ti\bios\lib\</path>
         <kind>archive</kind>
         <file>bios.a67</file>
         <name>tsk_stup.o67</name>
      </input_file>
      <input_file id="fl-c9">
         <path>D:\Program Files\ti\bios_5_42_01_09\packages\ti\bios\lib\</path>
         <kind>archive</kind>
         <file>bios.a67</file>
         <name>lck.o67</name>
      </input_file>
      <input_file id="fl-ca">
         <path>D:\Program Files\ti\bios_5_42_01_09\packages\ti\bios\lib\</path>
         <kind>archive</kind>
         <file>bios.a67</file>
         <name>sem_pend_counting.o67</name>
      </input_file>
      <input_file id="fl-cb">
         <path>D:\Program Files\ti\bios_5_42_01_09\packages\ti\bios\lib\</path>
         <kind>archive</kind>
         <file>bios.a67</file>
         <name>sys_abor.o67</name>
      </input_file>
      <input_file id="fl-cc">
         <path>D:\Program Files\ti\bios_5_42_01_09\packages\ti\bios\lib\</path>
         <kind>archive</kind>
         <file>bios.a67</file>
         <name>gbl_setL2CacheMode.o67</name>
      </input_file>
      <input_file id="fl-cd">
         <path>D:\DT Docs on D\CCS\libraries\cslupdate\lib_3x\</path>
         <kind>archive</kind>
         <file>csl6713.lib</file>
         <name>csl_irq.obj</name>
      </input_file>
      <input_file id="fl-ce">
         <path>D:\Program Files\ti\bios_5_42_01_09\packages\ti\bios\lib\</path>
         <kind>archive</kind>
         <file>bios.a67</file>
         <name>sem_dopo.o67</name>
      </input_file>
      <input_file id="fl-cf">
         <path>D:\Program Files\ti\bios_5_42_01_09\packages\ti\bios\lib\</path>
         <kind>archive</kind>
         <file>bios.a67</file>
         <name>autoinit.o67</name>
      </input_file>
      <input_file id="fl-d0">
         <path>D:\Program Files\ti\ccsv6\tools\compiler\c6000_7.4.15\lib\</path>
         <kind>archive</kind>
         <file>rts6700.lib</file>
         <name>_lock.obj</name>
      </input_file>
      <input_file id="fl-d1">
         <path>D:\Program Files\ti\ccsv6\tools\compiler\c6000_7.4.15\lib\</path>
         <kind>archive</kind>
         <file>rts6700.lib</file>
         <name>strasg.obj</name>
      </input_file>
      <input_file id="fl-d2">
         <path>D:\Program Files\ti\ccsv6\tools\compiler\c6000_7.4.15\lib\</path>
         <kind>archive</kind>
         <file>rts6700.lib</file>
         <name>atexit.obj</name>
      </input_file>
      <input_file id="fl-d3">
         <path>D:\Program Files\ti\ccsv6\tools\compiler\c6000_7.4.15\lib\</path>
         <kind>archive</kind>
         <file>rts6700.lib</file>
         <name>sinit.obj</name>
      </input_file>
      <input_file id="fl-d4">
         <path>D:\Program Files\ti\ccsv6\tools\compiler\c6000_7.4.15\lib\</path>
         <kind>archive</kind>
         <file>rts6700.lib</file>
         <name>exit.obj</name>
      </input_file>
      <input_file id="fl-d5">
         <path>D:\Program Files\ti\ccsv6\tools\compiler\c6000_7.4.15\lib\</path>
         <kind>archive</kind>
         <file>rts6700.lib</file>
         <name>memcpy62.obj</name>
      </input_file>
   </input_file_list>
   <object_component_list>
      <object_component id="oc-70">
         <name>.vers</name>
         <load_address>0x0</load_address>
         <run_address>0x0</run_address>
         <size>0x40</size>
         <input_file_ref idref="fl-3"/>
      </object_component>
      <object_component id="oc-5a">
         <name>.clk</name>
         <uninitialized>true</uninitialized>
         <run_address>0xb2b4</run_address>
         <size>0x8</size>
         <input_file_ref idref="fl-3"/>
      </object_component>
      <object_component id="oc-5b">
         <name>.prd</name>
         <uninitialized>true</uninitialized>
         <run_address>0xb268</run_address>
         <size>0x20</size>
         <input_file_ref idref="fl-3"/>
      </object_component>
      <object_component id="oc-7">
         <name>HWI_A_VECS</name>
         <load_address>0x0</load_address>
         <run_address>0x0</run_address>
         <size>0x0</size>
      </object_component>
      <object_component id="oc-62">
         <name>.hwi_vec</name>
         <load_address>0x0</load_address>
         <run_address>0x0</run_address>
         <size>0x200</size>
         <input_file_ref idref="fl-3"/>
      </object_component>
      <object_component id="oc-63">
         <name>.swi</name>
         <uninitialized>true</uninitialized>
         <run_address>0xb120</run_address>
         <size>0x84</size>
         <input_file_ref idref="fl-3"/>
      </object_component>
      <object_component id="oc-64">
         <name>.tsk</name>
         <uninitialized>true</uninitialized>
         <run_address>0xaad0</run_address>
         <size>0x1e0</size>
         <input_file_ref idref="fl-3"/>
      </object_component>
      <object_component id="oc-6b">
         <name>.idl</name>
         <uninitialized>true</uninitialized>
         <run_address>0xacec</run_address>
         <size>0x10</size>
         <input_file_ref idref="fl-3"/>
      </object_component>
      <object_component id="oc-6a">
         <name>.idlcal</name>
         <uninitialized>true</uninitialized>
         <run_address>0xb288</run_address>
         <size>0x10</size>
         <input_file_ref idref="fl-3"/>
      </object_component>
      <object_component id="oc-55">
         <name>.bss</name>
         <uninitialized>true</uninitialized>
         <run_address>0xa880</run_address>
         <size>0x18</size>
         <input_file_ref idref="fl-3"/>
      </object_component>
      <object_component id="oc-79">
         <name>.bss</name>
         <uninitialized>true</uninitialized>
         <run_address>0xa6a0</run_address>
         <size>0xcc</size>
         <input_file_ref idref="fl-8a"/>
      </object_component>
      <object_component id="oc-7b">
         <name>.bss</name>
         <uninitialized>true</uninitialized>
         <run_address>0xa5a0</run_address>
         <size>0x100</size>
         <input_file_ref idref="fl-8b"/>
      </object_component>
      <object_component id="oc-82">
         <name>.bss</name>
         <uninitialized>true</uninitialized>
         <run_address>0xa868</run_address>
         <size>0x18</size>
         <input_file_ref idref="fl-8d"/>
      </object_component>
      <object_component id="oc-88">
         <name>.bss</name>
         <uninitialized>true</uninitialized>
         <run_address>0xa76c</run_address>
         <size>0x9c</size>
         <input_file_ref idref="fl-8e"/>
      </object_component>
      <object_component id="oc-b6">
         <name>.bss</name>
         <uninitialized>true</uninitialized>
         <run_address>0xa850</run_address>
         <size>0x18</size>
         <input_file_ref idref="fl-9a"/>
      </object_component>
      <object_component id="oc-b8">
         <name>.bss</name>
         <uninitialized>true</uninitialized>
         <run_address>0xa8cc</run_address>
         <size>0x4</size>
         <input_file_ref idref="fl-9b"/>
      </object_component>
      <object_component id="oc-e4">
         <name>.bss</name>
         <uninitialized>true</uninitialized>
         <run_address>0xa8b4</run_address>
         <size>0x8</size>
         <input_file_ref idref="fl-a5"/>
      </object_component>
      <object_component id="oc-e7">
         <name>.bss</name>
         <uninitialized>true</uninitialized>
         <run_address>0xa8c4</run_address>
         <size>0x4</size>
         <input_file_ref idref="fl-a6"/>
      </object_component>
      <object_component id="oc-110">
         <name>.bss</name>
         <uninitialized>true</uninitialized>
         <run_address>0xa808</run_address>
         <size>0x48</size>
         <input_file_ref idref="fl-b1"/>
      </object_component>
      <object_component id="oc-132">
         <name>.bss</name>
         <uninitialized>true</uninitialized>
         <run_address>0xa898</run_address>
         <size>0x10</size>
         <input_file_ref idref="fl-b9"/>
      </object_component>
      <object_component id="oc-15b">
         <name>.bss</name>
         <uninitialized>true</uninitialized>
         <run_address>0xa8a8</run_address>
         <size>0xc</size>
         <input_file_ref idref="fl-c2"/>
      </object_component>
      <object_component id="oc-169">
         <name>.bss</name>
         <uninitialized>true</uninitialized>
         <run_address>0xa8bc</run_address>
         <size>0x8</size>
         <input_file_ref idref="fl-c5"/>
      </object_component>
      <object_component id="oc-18a">
         <name>.bss</name>
         <uninitialized>true</uninitialized>
         <run_address>0xa8c8</run_address>
         <size>0x4</size>
         <input_file_ref idref="fl-cc"/>
      </object_component>
      <object_component id="oc-95">
         <name>.far</name>
         <uninitialized>true</uninitialized>
         <run_address>0x84e0</run_address>
         <size>0x10</size>
         <input_file_ref idref="fl-91"/>
      </object_component>
      <object_component id="oc-a2">
         <name>.far</name>
         <uninitialized>true</uninitialized>
         <run_address>0x84f0</run_address>
         <size>0xc</size>
         <input_file_ref idref="fl-94"/>
      </object_component>
      <object_component id="oc-f7">
         <name>.far</name>
         <uninitialized>true</uninitialized>
         <run_address>0x8474</run_address>
         <size>0x28</size>
         <input_file_ref idref="fl-aa"/>
      </object_component>
      <object_component id="oc-fe">
         <name>.far</name>
         <uninitialized>true</uninitialized>
         <run_address>0x8516</run_address>
         <size>0x2</size>
         <input_file_ref idref="fl-ac"/>
      </object_component>
      <object_component id="oc-101">
         <name>.far</name>
         <uninitialized>true</uninitialized>
         <run_address>0x8514</run_address>
         <size>0x2</size>
         <input_file_ref idref="fl-ad"/>
      </object_component>
      <object_component id="oc-113">
         <name>.far</name>
         <uninitialized>true</uninitialized>
         <run_address>0x829c</run_address>
         <size>0xd8</size>
         <input_file_ref idref="fl-b1"/>
      </object_component>
      <object_component id="oc-12b">
         <name>.far</name>
         <uninitialized>true</uninitialized>
         <run_address>0x83d0</run_address>
         <size>0x54</size>
         <input_file_ref idref="fl-b7"/>
      </object_component>
      <object_component id="oc-157">
         <name>.far</name>
         <uninitialized>true</uninitialized>
         <run_address>0x849c</run_address>
         <size>0x24</size>
         <input_file_ref idref="fl-c1"/>
      </object_component>
      <object_component id="oc-15e">
         <name>.far</name>
         <uninitialized>true</uninitialized>
         <run_address>0x8374</run_address>
         <size>0x5c</size>
         <input_file_ref idref="fl-c2"/>
      </object_component>
      <object_component id="oc-16c">
         <name>.far</name>
         <uninitialized>true</uninitialized>
         <run_address>0x84c0</run_address>
         <size>0x20</size>
         <input_file_ref idref="fl-c5"/>
      </object_component>
      <object_component id="oc-179">
         <name>.far</name>
         <uninitialized>true</uninitialized>
         <run_address>0x8424</run_address>
         <size>0x50</size>
         <input_file_ref idref="fl-c8"/>
      </object_component>
      <object_component id="oc-192">
         <name>.far</name>
         <uninitialized>true</uninitialized>
         <run_address>0x81a8</run_address>
         <size>0xf4</size>
         <input_file_ref idref="fl-cd"/>
      </object_component>
      <object_component id="oc-1a0">
         <name>.far</name>
         <uninitialized>true</uninitialized>
         <run_address>0x8508</run_address>
         <size>0x8</size>
         <input_file_ref idref="fl-d0"/>
      </object_component>
      <object_component id="oc-1a8">
         <name>.far</name>
         <uninitialized>true</uninitialized>
         <run_address>0x8020</run_address>
         <size>0x188</size>
         <input_file_ref idref="fl-d2"/>
      </object_component>
      <object_component id="oc-1ad">
         <name>.far</name>
         <uninitialized>true</uninitialized>
         <run_address>0x8510</run_address>
         <size>0x4</size>
         <input_file_ref idref="fl-d3"/>
      </object_component>
      <object_component id="oc-1b2">
         <name>.far</name>
         <uninitialized>true</uninitialized>
         <run_address>0x84fc</run_address>
         <size>0xc</size>
         <input_file_ref idref="fl-d4"/>
      </object_component>
      <object_component id="oc-6e">
         <name>.sem</name>
         <uninitialized>true</uninitialized>
         <run_address>0xb214</run_address>
         <size>0x2c</size>
         <input_file_ref idref="fl-3"/>
      </object_component>
      <object_component id="oc-84">
         <name>.bios</name>
         <load_address>0x200</load_address>
         <run_address>0x200</run_address>
         <size>0x600</size>
         <input_file_ref idref="fl-8d"/>
      </object_component>
      <object_component id="oc-18d">
         <name>.bios</name>
         <load_address>0x800</load_address>
         <run_address>0x800</run_address>
         <size>0x5e0</size>
         <input_file_ref idref="fl-cc"/>
      </object_component>
      <object_component id="oc-49">
         <name>.bios</name>
         <load_address>0xde0</load_address>
         <run_address>0xde0</run_address>
         <size>0x540</size>
         <input_file_ref idref="fl-8e"/>
      </object_component>
      <object_component id="oc-4a">
         <name>.bios</name>
         <load_address>0x1320</load_address>
         <run_address>0x1320</run_address>
         <size>0x460</size>
         <input_file_ref idref="fl-8b"/>
      </object_component>
      <object_component id="oc-d3">
         <name>.bios</name>
         <load_address>0x1780</load_address>
         <run_address>0x1780</run_address>
         <size>0x3a0</size>
         <input_file_ref idref="fl-a1"/>
      </object_component>
      <object_component id="oc-126">
         <name>.bios</name>
         <load_address>0x1b20</load_address>
         <run_address>0x1b20</run_address>
         <size>0x2c0</size>
         <input_file_ref idref="fl-b6"/>
      </object_component>
      <object_component id="oc-d8">
         <name>.bios</name>
         <load_address>0x1de0</load_address>
         <run_address>0x1de0</run_address>
         <size>0x2c0</size>
         <input_file_ref idref="fl-a2"/>
      </object_component>
      <object_component id="oc-147">
         <name>.bios</name>
         <load_address>0x20a0</load_address>
         <run_address>0x20a0</run_address>
         <size>0x2c0</size>
         <input_file_ref idref="fl-bd"/>
      </object_component>
      <object_component id="oc-4d">
         <name>.bios</name>
         <load_address>0x2360</load_address>
         <run_address>0x2360</run_address>
         <size>0x260</size>
         <input_file_ref idref="fl-91"/>
      </object_component>
      <object_component id="oc-cf">
         <name>.bios</name>
         <load_address>0x25c0</load_address>
         <run_address>0x25c0</run_address>
         <size>0x240</size>
         <input_file_ref idref="fl-a0"/>
      </object_component>
      <object_component id="oc-197">
         <name>.bios</name>
         <load_address>0x2800</load_address>
         <run_address>0x2800</run_address>
         <size>0x220</size>
         <input_file_ref idref="fl-ce"/>
      </object_component>
      <object_component id="oc-173">
         <name>.bios</name>
         <load_address>0x2a20</load_address>
         <run_address>0x2a20</run_address>
         <size>0x200</size>
         <input_file_ref idref="fl-c7"/>
      </object_component>
      <object_component id="oc-c7">
         <name>.bios</name>
         <load_address>0x2c20</load_address>
         <run_address>0x2c20</run_address>
         <size>0x1c0</size>
         <input_file_ref idref="fl-9e"/>
      </object_component>
      <object_component id="oc-a8">
         <name>.bios</name>
         <load_address>0x2de0</load_address>
         <run_address>0x2de0</run_address>
         <size>0x1c0</size>
         <input_file_ref idref="fl-96"/>
      </object_component>
      <object_component id="oc-162">
         <name>.bios</name>
         <load_address>0x2fa0</load_address>
         <run_address>0x2fa0</run_address>
         <size>0x1a0</size>
         <input_file_ref idref="fl-c3"/>
      </object_component>
      <object_component id="oc-19b">
         <name>.bios</name>
         <load_address>0x3140</load_address>
         <run_address>0x3140</run_address>
         <size>0x180</size>
         <input_file_ref idref="fl-cf"/>
      </object_component>
      <object_component id="oc-17a">
         <name>.bios</name>
         <load_address>0x32c0</load_address>
         <run_address>0x32c0</run_address>
         <size>0x180</size>
         <input_file_ref idref="fl-c8"/>
      </object_component>
      <object_component id="oc-119">
         <name>.bios</name>
         <load_address>0x3440</load_address>
         <run_address>0x3440</run_address>
         <size>0x140</size>
         <input_file_ref idref="fl-b3"/>
      </object_component>
      <object_component id="oc-105">
         <name>.bios</name>
         <load_address>0x3580</load_address>
         <run_address>0x3580</run_address>
         <size>0xe0</size>
         <input_file_ref idref="fl-ae"/>
      </object_component>
      <object_component id="oc-116">
         <name>.bios</name>
         <load_address>0x3660</load_address>
         <run_address>0x3660</run_address>
         <size>0xe0</size>
         <input_file_ref idref="fl-b2"/>
      </object_component>
      <object_component id="oc-14f">
         <name>.bios</name>
         <load_address>0x3740</load_address>
         <run_address>0x3740</run_address>
         <size>0xe0</size>
         <input_file_ref idref="fl-bf"/>
      </object_component>
      <object_component id="oc-14a">
         <name>.bios</name>
         <load_address>0x3820</load_address>
         <run_address>0x3820</run_address>
         <size>0xe0</size>
         <input_file_ref idref="fl-be"/>
      </object_component>
      <object_component id="oc-ea">
         <name>.bios</name>
         <load_address>0x3900</load_address>
         <run_address>0x3900</run_address>
         <size>0xe0</size>
         <input_file_ref idref="fl-a7"/>
      </object_component>
      <object_component id="oc-122">
         <name>.bios</name>
         <load_address>0x39e0</load_address>
         <run_address>0x39e0</run_address>
         <size>0xc0</size>
         <input_file_ref idref="fl-b5"/>
      </object_component>
      <object_component id="oc-11e">
         <name>.bios</name>
         <load_address>0x3aa0</load_address>
         <run_address>0x3aa0</run_address>
         <size>0xc0</size>
         <input_file_ref idref="fl-b4"/>
      </object_component>
      <object_component id="oc-17f">
         <name>.bios</name>
         <load_address>0x3b60</load_address>
         <run_address>0x3b60</run_address>
         <size>0xc0</size>
         <input_file_ref idref="fl-c9"/>
      </object_component>
      <object_component id="oc-166">
         <name>.bios</name>
         <load_address>0x3c20</load_address>
         <run_address>0x3c20</run_address>
         <size>0xc0</size>
         <input_file_ref idref="fl-c4"/>
      </object_component>
      <object_component id="oc-4b">
         <name>.bios</name>
         <load_address>0x3ce0</load_address>
         <run_address>0x3ce0</run_address>
         <size>0xc0</size>
         <input_file_ref idref="fl-89"/>
      </object_component>
      <object_component id="oc-ac">
         <name>.bios</name>
         <load_address>0x3da0</load_address>
         <run_address>0x3da0</run_address>
         <size>0x80</size>
         <input_file_ref idref="fl-97"/>
      </object_component>
      <object_component id="oc-ba">
         <name>.bios</name>
         <load_address>0x3e20</load_address>
         <run_address>0x3e20</run_address>
         <size>0x80</size>
         <input_file_ref idref="fl-9b"/>
      </object_component>
      <object_component id="oc-cb">
         <name>.bios</name>
         <load_address>0x3ea0</load_address>
         <run_address>0x3ea0</run_address>
         <size>0x80</size>
         <input_file_ref idref="fl-9f"/>
      </object_component>
      <object_component id="oc-e0">
         <name>.bios</name>
         <load_address>0x3f20</load_address>
         <run_address>0x3f20</run_address>
         <size>0x80</size>
         <input_file_ref idref="fl-a4"/>
      </object_component>
      <object_component id="oc-be">
         <name>.bios</name>
         <load_address>0x3fa0</load_address>
         <run_address>0x3fa0</run_address>
         <size>0x80</size>
         <input_file_ref idref="fl-9c"/>
      </object_component>
      <object_component id="oc-10c">
         <name>.bios</name>
         <load_address>0x4020</load_address>
         <run_address>0x4020</run_address>
         <size>0x60</size>
         <input_file_ref idref="fl-b0"/>
      </object_component>
      <object_component id="oc-142">
         <name>.bios</name>
         <load_address>0x4080</load_address>
         <run_address>0x4080</run_address>
         <size>0x60</size>
         <input_file_ref idref="fl-bc"/>
      </object_component>
      <object_component id="oc-182">
         <name>.bios</name>
         <load_address>0x40e0</load_address>
         <run_address>0x40e0</run_address>
         <size>0x60</size>
         <input_file_ref idref="fl-ca"/>
      </object_component>
      <object_component id="oc-187">
         <name>.bios</name>
         <load_address>0x4140</load_address>
         <run_address>0x4140</run_address>
         <size>0x60</size>
         <input_file_ref idref="fl-cb"/>
      </object_component>
      <object_component id="oc-4c">
         <name>.bios</name>
         <load_address>0x41a0</load_address>
         <run_address>0x41a0</run_address>
         <size>0x60</size>
         <input_file_ref idref="fl-94"/>
      </object_component>
      <object_component id="oc-ee">
         <name>.bios</name>
         <load_address>0x4200</load_address>
         <run_address>0x4200</run_address>
         <size>0x60</size>
         <input_file_ref idref="fl-a8"/>
      </object_component>
      <object_component id="oc-46">
         <name>.bios</name>
         <load_address>0x4260</load_address>
         <run_address>0x4260</run_address>
         <size>0x40</size>
         <input_file_ref idref="fl-8c"/>
      </object_component>
      <object_component id="oc-dc">
         <name>.bios</name>
         <load_address>0x42a0</load_address>
         <run_address>0x42a0</run_address>
         <size>0x40</size>
         <input_file_ref idref="fl-a3"/>
      </object_component>
      <object_component id="oc-45">
         <name>.bios</name>
         <load_address>0x42e0</load_address>
         <run_address>0x42e0</run_address>
         <size>0x40</size>
         <input_file_ref idref="fl-92"/>
      </object_component>
      <object_component id="oc-f2">
         <name>.bios</name>
         <load_address>0x4320</load_address>
         <run_address>0x4320</run_address>
         <size>0x40</size>
         <input_file_ref idref="fl-a9"/>
      </object_component>
      <object_component id="oc-50">
         <name>.bios</name>
         <load_address>0x4360</load_address>
         <run_address>0x4360</run_address>
         <size>0x20</size>
         <input_file_ref idref="fl-8f"/>
      </object_component>
      <object_component id="oc-108">
         <name>.bios</name>
         <load_address>0x4380</load_address>
         <run_address>0x4380</run_address>
         <size>0x20</size>
         <input_file_ref idref="fl-af"/>
      </object_component>
      <object_component id="oc-c2">
         <name>.bios</name>
         <load_address>0x43a0</load_address>
         <run_address>0x43a0</run_address>
         <size>0x20</size>
         <input_file_ref idref="fl-9d"/>
      </object_component>
      <object_component id="oc-152">
         <name>.bios</name>
         <load_address>0x43c0</load_address>
         <run_address>0x43c0</run_address>
         <size>0x20</size>
         <input_file_ref idref="fl-c0"/>
      </object_component>
      <object_component id="oc-4f">
         <name>.bios</name>
         <load_address>0x43e0</load_address>
         <run_address>0x43e0</run_address>
         <size>0x20</size>
         <input_file_ref idref="fl-93"/>
      </object_component>
      <object_component id="oc-4e">
         <name>.bios</name>
         <load_address>0x4400</load_address>
         <run_address>0x4400</run_address>
         <size>0x20</size>
         <input_file_ref idref="fl-95"/>
      </object_component>
      <object_component id="oc-136">
         <name>.pinit</name>
         <load_address>0x8974</load_address>
         <run_address>0x8974</run_address>
         <size>0x4</size>
         <input_file_ref idref="fl-b9"/>
      </object_component>
      <object_component id="oc-13f">
         <name>.pinit</name>
         <load_address>0x8978</load_address>
         <run_address>0x8978</run_address>
         <size>0x4</size>
         <input_file_ref idref="fl-bb"/>
      </object_component>
      <object_component id="oc-59">
         <name>.sys</name>
         <uninitialized>true</uninitialized>
         <run_address>0xb298</run_address>
         <size>0x10</size>
         <input_file_ref idref="fl-3"/>
      </object_component>
      <object_component id="oc-100">
         <name>.text</name>
         <load_address>0x4420</load_address>
         <run_address>0x4420</run_address>
         <size>0x460</size>
         <input_file_ref idref="fl-ad"/>
      </object_component>
      <object_component id="oc-1b8">
         <name>.text</name>
         <load_address>0x4880</load_address>
         <run_address>0x4880</run_address>
         <size>0x360</size>
         <input_file_ref idref="fl-2"/>
      </object_component>
      <object_component id="oc-1c1">
         <name>.text:_memcpy</name>
         <load_address>0x4be0</load_address>
         <run_address>0x4be0</run_address>
         <size>0x240</size>
         <input_file_ref idref="fl-d5"/>
      </object_component>
      <object_component id="oc-1c4">
         <name>.text:__CSL_init</name>
         <load_address>0x4e20</load_address>
         <run_address>0x4e20</run_address>
         <size>0x220</size>
         <input_file_ref idref="fl-aa"/>
      </object_component>
      <object_component id="oc-1d2">
         <name>.text:_mux2Tables</name>
         <load_address>0x5040</load_address>
         <run_address>0x5040</run_address>
         <size>0x1c0</size>
         <input_file_ref idref="fl-cd"/>
      </object_component>
      <object_component id="oc-fd">
         <name>.text</name>
         <load_address>0x5200</load_address>
         <run_address>0x5200</run_address>
         <size>0x1a0</size>
         <input_file_ref idref="fl-ac"/>
      </object_component>
      <object_component id="oc-47">
         <name>.text</name>
         <load_address>0x53a0</load_address>
         <run_address>0x53a0</run_address>
         <size>0x180</size>
         <input_file_ref idref="fl-90"/>
      </object_component>
      <object_component id="oc-1d4">
         <name>.text:_call_dtors</name>
         <load_address>0x5520</load_address>
         <run_address>0x5520</run_address>
         <size>0x160</size>
         <input_file_ref idref="fl-d3"/>
      </object_component>
      <object_component id="oc-1cc">
         <name>.text:_TIMER_open</name>
         <load_address>0x5680</load_address>
         <run_address>0x5680</run_address>
         <size>0x140</size>
         <input_file_ref idref="fl-c1"/>
      </object_component>
      <object_component id="oc-1d3">
         <name>.text:_TIMER_reset</name>
         <load_address>0x57c0</load_address>
         <run_address>0x57c0</run_address>
         <size>0x120</size>
         <input_file_ref idref="fl-c1"/>
      </object_component>
      <object_component id="oc-1bc">
         <name>.text:__strasg</name>
         <load_address>0x58e0</load_address>
         <run_address>0x58e0</run_address>
         <size>0xe0</size>
         <input_file_ref idref="fl-d1"/>
      </object_component>
      <object_component id="oc-1c9">
         <name>.text:_atexit</name>
         <load_address>0x59c0</load_address>
         <run_address>0x59c0</run_address>
         <size>0xe0</size>
         <input_file_ref idref="fl-d2"/>
      </object_component>
      <object_component id="oc-176">
         <name>.text</name>
         <load_address>0x5aa0</load_address>
         <run_address>0x5aa0</run_address>
         <size>0xc0</size>
         <input_file_ref idref="fl-c8"/>
      </object_component>
      <object_component id="oc-1cb">
         <name>.text:__IRQ_init</name>
         <load_address>0x5b60</load_address>
         <run_address>0x5b60</run_address>
         <size>0xa0</size>
         <input_file_ref idref="fl-cd"/>
      </object_component>
      <object_component id="oc-fb">
         <name>.text</name>
         <load_address>0x5c00</load_address>
         <run_address>0x5c00</run_address>
         <size>0x60</size>
         <input_file_ref idref="fl-ab"/>
      </object_component>
      <object_component id="oc-1d1">
         <name>.text:___add_dtor</name>
         <load_address>0x5c60</load_address>
         <run_address>0x5c60</run_address>
         <size>0x40</size>
         <input_file_ref idref="fl-d3"/>
      </object_component>
      <object_component id="oc-1c3">
         <name>.text:_CSL6713_LIB_</name>
         <load_address>0x5ca0</load_address>
         <run_address>0x5ca0</run_address>
         <size>0x20</size>
         <input_file_ref idref="fl-aa"/>
      </object_component>
      <object_component id="oc-1c2">
         <name>.text:__nop</name>
         <load_address>0x5cc0</load_address>
         <run_address>0x5cc0</run_address>
         <size>0x20</size>
         <input_file_ref idref="fl-d0"/>
      </object_component>
      <object_component id="oc-1bf">
         <name>.text:__register_lock</name>
         <load_address>0x5ce0</load_address>
         <run_address>0x5ce0</run_address>
         <size>0x20</size>
         <input_file_ref idref="fl-d0"/>
      </object_component>
      <object_component id="oc-1c0">
         <name>.text:__register_unlock</name>
         <load_address>0x5d00</load_address>
         <run_address>0x5d00</run_address>
         <size>0x20</size>
         <input_file_ref idref="fl-d0"/>
      </object_component>
      <object_component id="oc-190">
         <name>.text</name>
         <load_address>0x5d20</load_address>
         <run_address>0x5d20</run_address>
         <size>0x20</size>
         <input_file_ref idref="fl-cd"/>
      </object_component>
      <object_component id="oc-57">
         <name>.cinit</name>
         <load_address>0x5d40</load_address>
         <run_address>0x5d40</run_address>
         <size>0xa3c</size>
         <input_file_ref idref="fl-3"/>
      </object_component>
      <object_component id="oc-7a">
         <name>.cinit</name>
         <load_address>0x6780</load_address>
         <run_address>0x6780</run_address>
         <size>0x26c</size>
         <input_file_ref idref="fl-8a"/>
      </object_component>
      <object_component id="oc-112">
         <name>.cinit</name>
         <load_address>0x69f0</load_address>
         <run_address>0x69f0</run_address>
         <size>0x1a4</size>
         <input_file_ref idref="fl-b1"/>
      </object_component>
      <object_component id="oc-191">
         <name>.cinit</name>
         <load_address>0x6b98</load_address>
         <run_address>0x6b98</run_address>
         <size>0x12c</size>
         <input_file_ref idref="fl-cd"/>
      </object_component>
      <object_component id="oc-89">
         <name>.cinit</name>
         <load_address>0x6cc8</load_address>
         <run_address>0x6cc8</run_address>
         <size>0xb0</size>
         <input_file_ref idref="fl-8e"/>
      </object_component>
      <object_component id="oc-15d">
         <name>.cinit</name>
         <load_address>0x6d78</load_address>
         <run_address>0x6d78</run_address>
         <size>0x80</size>
         <input_file_ref idref="fl-c2"/>
      </object_component>
      <object_component id="oc-178">
         <name>.cinit</name>
         <load_address>0x6df8</load_address>
         <run_address>0x6df8</run_address>
         <size>0x60</size>
         <input_file_ref idref="fl-c8"/>
      </object_component>
      <object_component id="oc-83">
         <name>.cinit</name>
         <load_address>0x6e58</load_address>
         <run_address>0x6e58</run_address>
         <size>0x5c</size>
         <input_file_ref idref="fl-8d"/>
      </object_component>
      <object_component id="oc-d7">
         <name>.cinit</name>
         <load_address>0x6eb8</load_address>
         <run_address>0x6eb8</run_address>
         <size>0x4c</size>
         <input_file_ref idref="fl-a2"/>
      </object_component>
      <object_component id="oc-156">
         <name>.cinit</name>
         <load_address>0x6f08</load_address>
         <run_address>0x6f08</run_address>
         <size>0x4c</size>
         <input_file_ref idref="fl-c1"/>
      </object_component>
      <object_component id="oc-134">
         <name>.cinit</name>
         <load_address>0x6f58</load_address>
         <run_address>0x6f58</run_address>
         <size>0x4c</size>
         <input_file_ref idref="fl-b9"/>
      </object_component>
      <object_component id="oc-f6">
         <name>.cinit</name>
         <load_address>0x6fa8</load_address>
         <run_address>0x6fa8</run_address>
         <size>0x3c</size>
         <input_file_ref idref="fl-aa"/>
      </object_component>
      <object_component id="oc-b7">
         <name>.cinit</name>
         <load_address>0x6fe8</load_address>
         <run_address>0x6fe8</run_address>
         <size>0x34</size>
         <input_file_ref idref="fl-9a"/>
      </object_component>
      <object_component id="oc-a1">
         <name>.cinit</name>
         <load_address>0x7020</load_address>
         <run_address>0x7020</run_address>
         <size>0x2c</size>
         <input_file_ref idref="fl-94"/>
      </object_component>
      <object_component id="oc-1b1">
         <name>.cinit</name>
         <load_address>0x7050</load_address>
         <run_address>0x7050</run_address>
         <size>0x2c</size>
         <input_file_ref idref="fl-d4"/>
      </object_component>
      <object_component id="oc-12a">
         <name>.cinit</name>
         <load_address>0x7080</load_address>
         <run_address>0x7080</run_address>
         <size>0x24</size>
         <input_file_ref idref="fl-b7"/>
      </object_component>
      <object_component id="oc-16b">
         <name>.cinit</name>
         <load_address>0x70a8</load_address>
         <run_address>0x70a8</run_address>
         <size>0x1c</size>
         <input_file_ref idref="fl-c5"/>
      </object_component>
      <object_component id="oc-19f">
         <name>.cinit</name>
         <load_address>0x70c8</load_address>
         <run_address>0x70c8</run_address>
         <size>0x1c</size>
         <input_file_ref idref="fl-d0"/>
      </object_component>
      <object_component id="oc-1a7">
         <name>.cinit</name>
         <load_address>0x70e8</load_address>
         <run_address>0x70e8</run_address>
         <size>0x1c</size>
         <input_file_ref idref="fl-d2"/>
      </object_component>
      <object_component id="oc-94">
         <name>.cinit</name>
         <load_address>0x7108</load_address>
         <run_address>0x7108</run_address>
         <size>0x18</size>
         <input_file_ref idref="fl-91"/>
      </object_component>
      <object_component id="oc-18c">
         <name>.cinit</name>
         <load_address>0x7120</load_address>
         <run_address>0x7120</run_address>
         <size>0xc</size>
         <input_file_ref idref="fl-cc"/>
      </object_component>
      <object_component id="oc-b9">
         <name>.cinit</name>
         <load_address>0x7130</load_address>
         <run_address>0x7130</run_address>
         <size>0xc</size>
         <input_file_ref idref="fl-9b"/>
      </object_component>
      <object_component id="oc-c6">
         <name>.cinit</name>
         <load_address>0x7140</load_address>
         <run_address>0x7140</run_address>
         <size>0xc</size>
         <input_file_ref idref="fl-9e"/>
      </object_component>
      <object_component id="oc-1ac">
         <name>.cinit</name>
         <load_address>0x7150</load_address>
         <run_address>0x7150</run_address>
         <size>0xc</size>
         <input_file_ref idref="fl-d3"/>
      </object_component>
      <object_component id="oc-1c6">
         <name>.switch</name>
         <load_address>0xb240</load_address>
         <run_address>0xb240</run_address>
         <size>0x28</size>
         <input_file_ref idref="fl-bb"/>
      </object_component>
      <object_component id="oc-56">
         <name>.gblinit</name>
         <load_address>0xb1a4</load_address>
         <run_address>0xb1a4</run_address>
         <size>0x70</size>
         <input_file_ref idref="fl-3"/>
      </object_component>
      <object_component id="oc-6f">
         <name>.sysinit</name>
         <load_address>0x8980</load_address>
         <run_address>0x8980</run_address>
         <size>0x2c0</size>
         <input_file_ref idref="fl-3"/>
      </object_component>
      <object_component id="oc-48">
         <name>.sysinit</name>
         <load_address>0x8c40</load_address>
         <run_address>0x8c40</run_address>
         <size>0xc0</size>
         <input_file_ref idref="fl-98"/>
      </object_component>
      <object_component id="oc-16f">
         <name>.sysinit</name>
         <load_address>0x8d00</load_address>
         <run_address>0x8d00</run_address>
         <size>0x80</size>
         <input_file_ref idref="fl-c6"/>
      </object_component>
      <object_component id="oc-12c">
         <name>.sysinit</name>
         <load_address>0x8d80</load_address>
         <run_address>0x8d80</run_address>
         <size>0x20</size>
         <input_file_ref idref="fl-b7"/>
      </object_component>
      <object_component id="oc-b5">
         <name>.trcdata</name>
         <load_address>0xb2a8</load_address>
         <run_address>0xb2a8</run_address>
         <size>0xc</size>
         <input_file_ref idref="fl-99"/>
      </object_component>
      <object_component id="oc-58">
         <name>.rtdx_data</name>
         <uninitialized>true</uninitialized>
         <run_address>0x8518</run_address>
         <size>0x410</size>
         <input_file_ref idref="fl-3"/>
      </object_component>
      <object_component id="oc-135">
         <name>.rtdx_data</name>
         <uninitialized>true</uninitialized>
         <run_address>0x8928</run_address>
         <size>0x20</size>
         <input_file_ref idref="fl-b9"/>
      </object_component>
      <object_component id="oc-13e">
         <name>.rtdx_data</name>
         <uninitialized>true</uninitialized>
         <run_address>0x8948</run_address>
         <size>0x1c</size>
         <input_file_ref idref="fl-bb"/>
      </object_component>
      <object_component id="oc-1b9">
         <name>.rtdx_text:_RTDX_Poll</name>
         <load_address>0x7180</load_address>
         <run_address>0x7180</run_address>
         <size>0x400</size>
         <input_file_ref idref="fl-bb"/>
      </object_component>
      <object_component id="oc-1c8">
         <name>.rtdx_text:_RTDX_Buffer_WriteCB</name>
         <load_address>0x7580</load_address>
         <run_address>0x7580</run_address>
         <size>0x340</size>
         <input_file_ref idref="fl-b9"/>
      </object_component>
      <object_component id="oc-1cf">
         <name>.rtdx_text:_RTDX_write_next</name>
         <load_address>0x78c0</load_address>
         <run_address>0x78c0</run_address>
         <size>0x300</size>
         <input_file_ref idref="fl-b9"/>
      </object_component>
      <object_component id="oc-1d0">
         <name>.rtdx_text:_RTDX_Mon_Queue</name>
         <load_address>0x7bc0</load_address>
         <run_address>0x7bc0</run_address>
         <size>0x140</size>
         <input_file_ref idref="fl-bb"/>
      </object_component>
      <object_component id="oc-1ce">
         <name>.rtdx_text:_claim</name>
         <load_address>0x7d00</load_address>
         <run_address>0x7d00</run_address>
         <size>0xe0</size>
         <input_file_ref idref="fl-b9"/>
      </object_component>
      <object_component id="oc-1be">
         <name>.rtdx_text:_RTDX_Init_RT_Monitor</name>
         <load_address>0x7de0</load_address>
         <run_address>0x7de0</run_address>
         <size>0x80</size>
         <input_file_ref idref="fl-bb"/>
      </object_component>
      <object_component id="oc-1bd">
         <name>.rtdx_text:_RTDX_Buffer_Initialize</name>
         <load_address>0x7e60</load_address>
         <run_address>0x7e60</run_address>
         <size>0x60</size>
         <input_file_ref idref="fl-b9"/>
      </object_component>
      <object_component id="oc-1c7">
         <name>.rtdx_text:_RTDX_Buffer_ReadCB</name>
         <load_address>0x7ec0</load_address>
         <run_address>0x7ec0</run_address>
         <size>0x60</size>
         <input_file_ref idref="fl-b8"/>
      </object_component>
      <object_component id="oc-1cd">
         <name>.rtdx_text:_RTDX_Buffer_Size</name>
         <load_address>0x7f20</load_address>
         <run_address>0x7f20</run_address>
         <size>0x40</size>
         <input_file_ref idref="fl-b9"/>
      </object_component>
      <object_component id="oc-1ca">
         <name>.rtdx_text:_RTDX_Final_RT_Monitor</name>
         <load_address>0x7f60</load_address>
         <run_address>0x7f60</run_address>
         <size>0x40</size>
         <input_file_ref idref="fl-bb"/>
      </object_component>
      <object_component id="oc-1ba">
         <name>.rtdx_text:_RTDX_Buffer_Read</name>
         <load_address>0x7fa0</load_address>
         <run_address>0x7fa0</run_address>
         <size>0x20</size>
         <input_file_ref idref="fl-b8"/>
      </object_component>
      <object_component id="oc-1bb">
         <name>.rtdx_text:_RTDX_Buffer_Write</name>
         <load_address>0x7fc0</load_address>
         <run_address>0x7fc0</run_address>
         <size>0x20</size>
         <input_file_ref idref="fl-b9"/>
      </object_component>
      <object_component id="oc-1c5">
         <name>.rtdx_text:_RTDX_checksum</name>
         <load_address>0x7fe0</load_address>
         <run_address>0x7fe0</run_address>
         <size>0x20</size>
         <input_file_ref idref="fl-bb"/>
      </object_component>
      <object_component id="oc-13a">
         <name>.rtdx_text</name>
         <load_address>0x8000</load_address>
         <run_address>0x8000</run_address>
         <size>0x20</size>
         <input_file_ref idref="fl-ba"/>
      </object_component>
      <object_component id="oc-65">
         <name>.TSK_idle$stk</name>
         <uninitialized>true</uninitialized>
         <run_address>0x9da0</run_address>
         <size>0x400</size>
         <input_file_ref idref="fl-3"/>
      </object_component>
      <object_component id="oc-66">
         <name>.TSK0$stk</name>
         <uninitialized>true</uninitialized>
         <run_address>0x8da0</run_address>
         <size>0x400</size>
         <input_file_ref idref="fl-3"/>
      </object_component>
      <object_component id="oc-67">
         <name>.TSK1$stk</name>
         <uninitialized>true</uninitialized>
         <run_address>0x91a0</run_address>
         <size>0x400</size>
         <input_file_ref idref="fl-3"/>
      </object_component>
      <object_component id="oc-68">
         <name>.TSK2$stk</name>
         <uninitialized>true</uninitialized>
         <run_address>0x95a0</run_address>
         <size>0x400</size>
         <input_file_ref idref="fl-3"/>
      </object_component>
      <object_component id="oc-69">
         <name>.TSK3$stk</name>
         <uninitialized>true</uninitialized>
         <run_address>0x99a0</run_address>
         <size>0x400</size>
         <input_file_ref idref="fl-3"/>
      </object_component>
      <object_component id="oc-6c">
         <name>.LOG_system$buf</name>
         <uninitialized>true</uninitialized>
         <run_address>0xad00</run_address>
         <size>0x100</size>
         <input_file_ref idref="fl-3"/>
      </object_component>
      <object_component id="oc-5e">
         <name>.hst1</name>
         <uninitialized>true</uninitialized>
         <run_address>0x8964</run_address>
         <size>0x10</size>
         <input_file_ref idref="fl-3"/>
      </object_component>
      <object_component id="oc-61">
         <name>.hst0</name>
         <uninitialized>true</uninitialized>
         <run_address>0xae00</run_address>
         <size>0x100</size>
         <input_file_ref idref="fl-3"/>
      </object_component>
      <object_component id="oc-17b">
         <name>.const</name>
         <load_address>0xafc8</load_address>
         <run_address>0xafc8</run_address>
         <size>0x4e</size>
         <input_file_ref idref="fl-c8"/>
      </object_component>
      <object_component id="oc-99">
         <name>.const</name>
         <load_address>0xb016</load_address>
         <run_address>0xb016</run_address>
         <size>0x23</size>
         <input_file_ref idref="fl-92"/>
      </object_component>
      <object_component id="oc-9d">
         <name>.const</name>
         <load_address>0xb039</load_address>
         <run_address>0xb039</run_address>
         <size>0x22</size>
         <input_file_ref idref="fl-93"/>
      </object_component>
      <object_component id="oc-102">
         <name>.const</name>
         <load_address>0xb05c</load_address>
         <run_address>0xb05c</run_address>
         <size>0x20</size>
         <input_file_ref idref="fl-ad"/>
      </object_component>
      <object_component id="oc-15f">
         <name>.const</name>
         <load_address>0xb07c</load_address>
         <run_address>0xb07c</run_address>
         <size>0x1</size>
         <input_file_ref idref="fl-c2"/>
      </object_component>
      <object_component id="oc-5c">
         <name>.printf</name>
         <load_address>0xb07d</load_address>
         <run_address>0xb07d</run_address>
         <size>0xf8</size>
         <input_file_ref idref="fl-3"/>
      </object_component>
      <object_component id="oc-b1">
         <name>.args</name>
         <load_address>0x717c</load_address>
         <run_address>0x717c</run_address>
         <size>0x0</size>
         <input_file_ref idref="fl-98"/>
      </object_component>
      <object_component id="oc-3b">
         <name>_SYS_PUTCBEG</name>
         <load_address>0xa8d0</load_address>
         <run_address>0xa8d0</run_address>
         <size>0x0</size>
      </object_component>
      <object_component id="oc-3d">
         <name>_SYS_PUTCEND</name>
         <load_address>0xaad0</load_address>
         <run_address>0xaad0</run_address>
         <size>0x0</size>
      </object_component>
      <object_component id="oc-5f">
         <name>.hst</name>
         <uninitialized>true</uninitialized>
         <run_address>0xacb0</run_address>
         <size>0x3c</size>
         <input_file_ref idref="fl-3"/>
      </object_component>
      <object_component id="oc-6d">
         <name>.log</name>
         <load_address>0x7164</load_address>
         <run_address>0x7164</run_address>
         <size>0x18</size>
         <input_file_ref idref="fl-3"/>
      </object_component>
      <object_component id="oc-60">
         <name>.pip</name>
         <uninitialized>true</uninitialized>
         <run_address>0xaf00</run_address>
         <size>0xc8</size>
         <input_file_ref idref="fl-3"/>
      </object_component>
      <object_component id="oc-5d">
         <name>.sts</name>
         <load_address>0xb080</load_address>
         <run_address>0xb080</run_address>
         <size>0xa0</size>
         <input_file_ref idref="fl-3"/>
      </object_component>
      <object_component id="oc-43">
         <name>GBL_stackbeg</name>
         <uninitialized>true</uninitialized>
         <run_address>0xa1a0</run_address>
         <size>0x0</size>
      </object_component>
      <object_component id="oc-b2">
         <name>.stack</name>
         <uninitialized>true</uninitialized>
         <run_address>0xa1a0</run_address>
         <size>0x0</size>
         <input_file_ref idref="fl-98"/>
      </object_component>
      <object_component id="oc-211">
         <name>.stack</name>
         <uninitialized>true</uninitialized>
         <run_address>0xa1a0</run_address>
         <size>0x0</size>
      </object_component>
      <object_component id="oc-51">
         <name>.debug_info</name>
         <load_address>0x0</load_address>
         <run_address>0x0</run_address>
         <size>0x14d2</size>
         <input_file_ref idref="fl-2"/>
      </object_component>
      <object_component id="oc-71">
         <name>.debug_info</name>
         <load_address>0x14d2</load_address>
         <run_address>0x14d2</run_address>
         <size>0x345</size>
         <input_file_ref idref="fl-3"/>
      </object_component>
      <object_component id="oc-74">
         <name>.debug_info</name>
         <load_address>0x1817</load_address>
         <run_address>0x1817</run_address>
         <size>0x5d1</size>
         <input_file_ref idref="fl-4"/>
      </object_component>
      <object_component id="oc-76">
         <name>.debug_info</name>
         <load_address>0x1de8</load_address>
         <run_address>0x1de8</run_address>
         <size>0xf8</size>
         <input_file_ref idref="fl-89"/>
      </object_component>
      <object_component id="oc-7c">
         <name>.debug_info</name>
         <load_address>0x1ee0</load_address>
         <run_address>0x1ee0</run_address>
         <size>0xb9</size>
         <input_file_ref idref="fl-8b"/>
      </object_component>
      <object_component id="oc-7f">
         <name>.debug_info</name>
         <load_address>0x1f99</load_address>
         <run_address>0x1f99</run_address>
         <size>0xaf</size>
         <input_file_ref idref="fl-8c"/>
      </object_component>
      <object_component id="oc-85">
         <name>.debug_info</name>
         <load_address>0x2048</load_address>
         <run_address>0x2048</run_address>
         <size>0x1a5</size>
         <input_file_ref idref="fl-8d"/>
      </object_component>
      <object_component id="oc-8a">
         <name>.debug_info</name>
         <load_address>0x21ed</load_address>
         <run_address>0x21ed</run_address>
         <size>0x13c</size>
         <input_file_ref idref="fl-8e"/>
      </object_component>
      <object_component id="oc-8d">
         <name>.debug_info</name>
         <load_address>0x2329</load_address>
         <run_address>0x2329</run_address>
         <size>0x607</size>
         <input_file_ref idref="fl-8f"/>
      </object_component>
      <object_component id="oc-90">
         <name>.debug_info</name>
         <load_address>0x2930</load_address>
         <run_address>0x2930</run_address>
         <size>0x6f0</size>
         <input_file_ref idref="fl-90"/>
      </object_component>
      <object_component id="oc-93">
         <name>.debug_info</name>
         <load_address>0x3020</load_address>
         <run_address>0x3020</run_address>
         <size>0xf1f</size>
         <input_file_ref idref="fl-91"/>
      </object_component>
      <object_component id="oc-98">
         <name>.debug_info</name>
         <load_address>0x3f3f</load_address>
         <run_address>0x3f3f</run_address>
         <size>0x7fd</size>
         <input_file_ref idref="fl-92"/>
      </object_component>
      <object_component id="oc-9c">
         <name>.debug_info</name>
         <load_address>0x473c</load_address>
         <run_address>0x473c</run_address>
         <size>0x7ea</size>
         <input_file_ref idref="fl-93"/>
      </object_component>
      <object_component id="oc-a0">
         <name>.debug_info</name>
         <load_address>0x4f26</load_address>
         <run_address>0x4f26</run_address>
         <size>0x6d9</size>
         <input_file_ref idref="fl-94"/>
      </object_component>
      <object_component id="oc-a5">
         <name>.debug_info</name>
         <load_address>0x55ff</load_address>
         <run_address>0x55ff</run_address>
         <size>0x690</size>
         <input_file_ref idref="fl-95"/>
      </object_component>
      <object_component id="oc-a9">
         <name>.debug_info</name>
         <load_address>0x5c8f</load_address>
         <run_address>0x5c8f</run_address>
         <size>0x112</size>
         <input_file_ref idref="fl-96"/>
      </object_component>
      <object_component id="oc-ad">
         <name>.debug_info</name>
         <load_address>0x5da1</load_address>
         <run_address>0x5da1</run_address>
         <size>0x106</size>
         <input_file_ref idref="fl-97"/>
      </object_component>
      <object_component id="oc-b0">
         <name>.debug_info</name>
         <load_address>0x5ea7</load_address>
         <run_address>0x5ea7</run_address>
         <size>0x65a</size>
         <input_file_ref idref="fl-98"/>
      </object_component>
      <object_component id="oc-bb">
         <name>.debug_info</name>
         <load_address>0x6501</load_address>
         <run_address>0x6501</run_address>
         <size>0xaf</size>
         <input_file_ref idref="fl-9b"/>
      </object_component>
      <object_component id="oc-bf">
         <name>.debug_info</name>
         <load_address>0x65b0</load_address>
         <run_address>0x65b0</run_address>
         <size>0xb8</size>
         <input_file_ref idref="fl-9c"/>
      </object_component>
      <object_component id="oc-c3">
         <name>.debug_info</name>
         <load_address>0x6668</load_address>
         <run_address>0x6668</run_address>
         <size>0xaa</size>
         <input_file_ref idref="fl-9d"/>
      </object_component>
      <object_component id="oc-c8">
         <name>.debug_info</name>
         <load_address>0x6712</load_address>
         <run_address>0x6712</run_address>
         <size>0x11b</size>
         <input_file_ref idref="fl-9e"/>
      </object_component>
      <object_component id="oc-cc">
         <name>.debug_info</name>
         <load_address>0x682d</load_address>
         <run_address>0x682d</run_address>
         <size>0xaa</size>
         <input_file_ref idref="fl-9f"/>
      </object_component>
      <object_component id="oc-d0">
         <name>.debug_info</name>
         <load_address>0x68d7</load_address>
         <run_address>0x68d7</run_address>
         <size>0x10c</size>
         <input_file_ref idref="fl-a0"/>
      </object_component>
      <object_component id="oc-d4">
         <name>.debug_info</name>
         <load_address>0x69e3</load_address>
         <run_address>0x69e3</run_address>
         <size>0xd8</size>
         <input_file_ref idref="fl-a1"/>
      </object_component>
      <object_component id="oc-d9">
         <name>.debug_info</name>
         <load_address>0x6abb</load_address>
         <run_address>0x6abb</run_address>
         <size>0x1c2</size>
         <input_file_ref idref="fl-a2"/>
      </object_component>
      <object_component id="oc-dd">
         <name>.debug_info</name>
         <load_address>0x6c7d</load_address>
         <run_address>0x6c7d</run_address>
         <size>0xdb</size>
         <input_file_ref idref="fl-a3"/>
      </object_component>
      <object_component id="oc-e1">
         <name>.debug_info</name>
         <load_address>0x6d58</load_address>
         <run_address>0x6d58</run_address>
         <size>0x106</size>
         <input_file_ref idref="fl-a4"/>
      </object_component>
      <object_component id="oc-e5">
         <name>.debug_info</name>
         <load_address>0x6e5e</load_address>
         <run_address>0x6e5e</run_address>
         <size>0x60b</size>
         <input_file_ref idref="fl-a5"/>
      </object_component>
      <object_component id="oc-e8">
         <name>.debug_info</name>
         <load_address>0x7469</load_address>
         <run_address>0x7469</run_address>
         <size>0x5e5</size>
         <input_file_ref idref="fl-a6"/>
      </object_component>
      <object_component id="oc-eb">
         <name>.debug_info</name>
         <load_address>0x7a4e</load_address>
         <run_address>0x7a4e</run_address>
         <size>0xb7</size>
         <input_file_ref idref="fl-a7"/>
      </object_component>
      <object_component id="oc-ef">
         <name>.debug_info</name>
         <load_address>0x7b05</load_address>
         <run_address>0x7b05</run_address>
         <size>0xb4</size>
         <input_file_ref idref="fl-a8"/>
      </object_component>
      <object_component id="oc-f3">
         <name>.debug_info</name>
         <load_address>0x7bb9</load_address>
         <run_address>0x7bb9</run_address>
         <size>0xb1</size>
         <input_file_ref idref="fl-a9"/>
      </object_component>
      <object_component id="oc-f9">
         <name>.debug_info</name>
         <load_address>0x7c6a</load_address>
         <run_address>0x7c6a</run_address>
         <size>0xa13</size>
         <input_file_ref idref="fl-aa"/>
      </object_component>
      <object_component id="oc-104">
         <name>.debug_info</name>
         <load_address>0x867d</load_address>
         <run_address>0x867d</run_address>
         <size>0x7ee</size>
         <input_file_ref idref="fl-ae"/>
      </object_component>
      <object_component id="oc-109">
         <name>.debug_info</name>
         <load_address>0x8e6b</load_address>
         <run_address>0x8e6b</run_address>
         <size>0xb9</size>
         <input_file_ref idref="fl-af"/>
      </object_component>
      <object_component id="oc-10d">
         <name>.debug_info</name>
         <load_address>0x8f24</load_address>
         <run_address>0x8f24</run_address>
         <size>0x116</size>
         <input_file_ref idref="fl-b0"/>
      </object_component>
      <object_component id="oc-111">
         <name>.debug_info</name>
         <load_address>0x903a</load_address>
         <run_address>0x903a</run_address>
         <size>0xbd9</size>
         <input_file_ref idref="fl-b1"/>
      </object_component>
      <object_component id="oc-115">
         <name>.debug_info</name>
         <load_address>0x9c13</load_address>
         <run_address>0x9c13</run_address>
         <size>0xbb1</size>
         <input_file_ref idref="fl-b2"/>
      </object_component>
      <object_component id="oc-11a">
         <name>.debug_info</name>
         <load_address>0xa7c4</load_address>
         <run_address>0xa7c4</run_address>
         <size>0x109</size>
         <input_file_ref idref="fl-b3"/>
      </object_component>
      <object_component id="oc-11d">
         <name>.debug_info</name>
         <load_address>0xa8cd</load_address>
         <run_address>0xa8cd</run_address>
         <size>0x8c8</size>
         <input_file_ref idref="fl-b4"/>
      </object_component>
      <object_component id="oc-121">
         <name>.debug_info</name>
         <load_address>0xb195</load_address>
         <run_address>0xb195</run_address>
         <size>0x981</size>
         <input_file_ref idref="fl-b5"/>
      </object_component>
      <object_component id="oc-125">
         <name>.debug_info</name>
         <load_address>0xbb16</load_address>
         <run_address>0xbb16</run_address>
         <size>0xe4a</size>
         <input_file_ref idref="fl-b6"/>
      </object_component>
      <object_component id="oc-129">
         <name>.debug_info</name>
         <load_address>0xc960</load_address>
         <run_address>0xc960</run_address>
         <size>0x6b8</size>
         <input_file_ref idref="fl-b7"/>
      </object_component>
      <object_component id="oc-12f">
         <name>.debug_info</name>
         <load_address>0xd018</load_address>
         <run_address>0xd018</run_address>
         <size>0xa7f</size>
         <input_file_ref idref="fl-b8"/>
      </object_component>
      <object_component id="oc-133">
         <name>.debug_info</name>
         <load_address>0xda97</load_address>
         <run_address>0xda97</run_address>
         <size>0x1201</size>
         <input_file_ref idref="fl-b9"/>
      </object_component>
      <object_component id="oc-139">
         <name>.debug_info</name>
         <load_address>0xec98</load_address>
         <run_address>0xec98</run_address>
         <size>0x5c1</size>
         <input_file_ref idref="fl-ba"/>
      </object_component>
      <object_component id="oc-13d">
         <name>.debug_info</name>
         <load_address>0xf259</load_address>
         <run_address>0xf259</run_address>
         <size>0xc80</size>
         <input_file_ref idref="fl-bb"/>
      </object_component>
      <object_component id="oc-143">
         <name>.debug_info</name>
         <load_address>0xfed9</load_address>
         <run_address>0xfed9</run_address>
         <size>0xc0</size>
         <input_file_ref idref="fl-bc"/>
      </object_component>
      <object_component id="oc-146">
         <name>.debug_info</name>
         <load_address>0xff99</load_address>
         <run_address>0xff99</run_address>
         <size>0x1032</size>
         <input_file_ref idref="fl-bd"/>
      </object_component>
      <object_component id="oc-14b">
         <name>.debug_info</name>
         <load_address>0x10fcb</load_address>
         <run_address>0x10fcb</run_address>
         <size>0xbd</size>
         <input_file_ref idref="fl-be"/>
      </object_component>
      <object_component id="oc-14e">
         <name>.debug_info</name>
         <load_address>0x11088</load_address>
         <run_address>0x11088</run_address>
         <size>0xc5e</size>
         <input_file_ref idref="fl-bf"/>
      </object_component>
      <object_component id="oc-153">
         <name>.debug_info</name>
         <load_address>0x11ce6</load_address>
         <run_address>0x11ce6</run_address>
         <size>0xaa</size>
         <input_file_ref idref="fl-c0"/>
      </object_component>
      <object_component id="oc-159">
         <name>.debug_info</name>
         <load_address>0x11d90</load_address>
         <run_address>0x11d90</run_address>
         <size>0x93b</size>
         <input_file_ref idref="fl-c1"/>
      </object_component>
      <object_component id="oc-15c">
         <name>.debug_info</name>
         <load_address>0x126cb</load_address>
         <run_address>0x126cb</run_address>
         <size>0xa57</size>
         <input_file_ref idref="fl-c2"/>
      </object_component>
      <object_component id="oc-161">
         <name>.debug_info</name>
         <load_address>0x13122</load_address>
         <run_address>0x13122</run_address>
         <size>0xda7</size>
         <input_file_ref idref="fl-c3"/>
      </object_component>
      <object_component id="oc-165">
         <name>.debug_info</name>
         <load_address>0x13ec9</load_address>
         <run_address>0x13ec9</run_address>
         <size>0x7a6</size>
         <input_file_ref idref="fl-c4"/>
      </object_component>
      <object_component id="oc-16a">
         <name>.debug_info</name>
         <load_address>0x1466f</load_address>
         <run_address>0x1466f</run_address>
         <size>0x659</size>
         <input_file_ref idref="fl-c5"/>
      </object_component>
      <object_component id="oc-16e">
         <name>.debug_info</name>
         <load_address>0x14cc8</load_address>
         <run_address>0x14cc8</run_address>
         <size>0x970</size>
         <input_file_ref idref="fl-c6"/>
      </object_component>
      <object_component id="oc-172">
         <name>.debug_info</name>
         <load_address>0x15638</load_address>
         <run_address>0x15638</run_address>
         <size>0xcf1</size>
         <input_file_ref idref="fl-c7"/>
      </object_component>
      <object_component id="oc-177">
         <name>.debug_info</name>
         <load_address>0x16329</load_address>
         <run_address>0x16329</run_address>
         <size>0xfe5</size>
         <input_file_ref idref="fl-c8"/>
      </object_component>
      <object_component id="oc-17e">
         <name>.debug_info</name>
         <load_address>0x1730e</load_address>
         <run_address>0x1730e</run_address>
         <size>0xbb3</size>
         <input_file_ref idref="fl-c9"/>
      </object_component>
[...]
      </symbol>
      <symbol id="sm-4e1">
         <name>_CSL6713_LIB_</name>
         <value>0x5ca0</value>
         <object_component_ref idref="oc-1c3"/>
      </symbol>
      <symbol id="sm-4e2">
         <name>__CSL_init</name>
         <value>0x4e20</value>
         <object_component_ref idref="oc-1c4"/>
      </symbol>
      <symbol id="sm-4e8">
         <name>_DSK6713_DIP_init</name>
         <value>0x5c00</value>
         <object_component_ref idref="oc-fb"/>
      </symbol>
      <symbol id="sm-4e9">
         <name>_DSK6713_DIP_get</name>
         <value>0x5c08</value>
         <object_component_ref idref="oc-fb"/>
      </symbol>
      <symbol id="sm-4f1">
         <name>_DSK6713_LED_init</name>
         <value>0x5200</value>
         <object_component_ref idref="oc-fd"/>
      </symbol>
      <symbol id="sm-4f2">
         <name>_DSK6713_LED_on</name>
         <value>0x5290</value>
         <object_component_ref idref="oc-fd"/>
      </symbol>
      <symbol id="sm-4f3">
         <name>_DSK6713_LED_toggle</name>
         <value>0x52f4</value>
         <object_component_ref idref="oc-fd"/>
      </symbol>
      <symbol id="sm-4f4">
         <name>_DSK6713_LED_off</name>
         <value>0x5228</value>
         <object_component_ref idref="oc-fd"/>
      </symbol>
      <symbol id="sm-4fe">
         <name>_DSK6713_init</name>
         <value>0x4450</value>
         <object_component_ref idref="oc-100"/>
      </symbol>
      <symbol id="sm-4ff">
         <name>_DSK6713_version</name>
         <value>0x8514</value>
         <object_component_ref idref="oc-101"/>
      </symbol>
      <symbol id="sm-500">
         <name>_DSK6713_rget</name>
         <value>0x4750</value>
         <object_component_ref idref="oc-100"/>
      </symbol>
      <symbol id="sm-501">
         <name>_DSK6713_wait</name>
         <value>0x4778</value>
         <object_component_ref idref="oc-100"/>
      </symbol>
      <symbol id="sm-502">
         <name>_DSK6713_rset</name>
         <value>0x4764</value>
         <object_component_ref idref="oc-100"/>
      </symbol>
      <symbol id="sm-503">
         <name>_DSK6713_waitusec</name>
         <value>0x47cc</value>
         <object_component_ref idref="oc-100"/>
      </symbol>
      <symbol id="sm-504">
         <name>_DSK6713_getVersion</name>
         <value>0x47f8</value>
         <object_component_ref idref="oc-100"/>
      </symbol>
      <symbol id="sm-50e">
         <name>_GBL_cslCacheInit</name>
         <value>0x3580</value>
         <object_component_ref idref="oc-105"/>
      </symbol>
      <symbol id="sm-516">
         <name>GBL_A_VERSION</name>
         <value>0x5205</value>
      </symbol>
      <symbol id="sm-517">
         <name>_GBL_getVersion</name>
         <value>0x4380</value>
         <object_component_ref idref="oc-108"/>
      </symbol>
      <symbol id="sm-51f">
         <name>_HWI_restore</name>
         <value>0x404c</value>
         <object_component_ref idref="oc-10c"/>
      </symbol>
      <symbol id="sm-520">
         <name>_HWI_enable</name>
         <value>0x4038</value>
         <object_component_ref idref="oc-10c"/>
      </symbol>
      <symbol id="sm-521">
         <name>_HWI_disable</name>
         <value>0x4020</value>
         <object_component_ref idref="oc-10c"/>
      </symbol>
      <symbol id="sm-52d">
         <name>_KNL_maxqueue</name>
         <value>0xa838</value>
         <object_component_ref idref="oc-110"/>
      </symbol>
      <symbol id="sm-52e">
         <name>_KNL_inactive</name>
         <value>0xa818</value>
         <object_component_ref idref="oc-110"/>
      </symbol>
      <symbol id="sm-52f">
         <name>_KNL_tswitchfxn</name>
         <value>0xa83c</value>
         <object_component_ref idref="oc-110"/>
      </symbol>
      <symbol id="sm-530">
         <name>_KNL_setpri</name>
         <value>0xa814</value>
         <object_component_ref idref="oc-110"/>
      </symbol>
      <symbol id="sm-531">
         <name>_KNL_swiptr</name>
         <value>0xa830</value>
         <object_component_ref idref="oc-110"/>
      </symbol>
      <symbol id="sm-532">
         <name>_KNL_dummy</name>
         <value>0x833c</value>
         <object_component_ref idref="oc-113"/>
      </symbol>
      <symbol id="sm-533">
         <name>_KNL_curtask</name>
         <value>0xa824</value>
         <object_component_ref idref="oc-110"/>
      </symbol>
      <symbol id="sm-534">
         <name>_KNL_curqueue</name>
         <value>0xa834</value>
         <object_component_ref idref="oc-110"/>
      </symbol>
      <symbol id="sm-535">
         <name>_KNL_wList</name>
         <value>0xa80c</value>
         <object_component_ref idref="oc-110"/>
      </symbol>
      <symbol id="sm-536">
         <name>_KNL_curtime</name>
         <value>0xa82c</value>
         <object_component_ref idref="oc-110"/>
      </symbol>
      <symbol id="sm-537">
         <name>_KNL_set</name>
         <value>0xa820</value>
         <object_component_ref idref="oc-110"/>
      </symbol>
      <symbol id="sm-538">
         <name>_KNL_alarm</name>
         <value>0xa810</value>
         <object_component_ref idref="oc-110"/>
      </symbol>
      <symbol id="sm-539">
         <name>_KNL_prevtask</name>
         <value>0xa828</value>
         <object_component_ref idref="oc-110"/>
      </symbol>
      <symbol id="sm-53a">
         <name>_KNL_queues</name>
         <value>0x829c</value>
         <object_component_ref idref="oc-113"/>
      </symbol>
      <symbol id="sm-53b">
         <name>_KNL_idlefxn</name>
         <value>0xa84c</value>
         <object_component_ref idref="oc-110"/>
      </symbol>
      <symbol id="sm-53c">
         <name>_KNL_priority</name>
         <value>0xa81c</value>
         <object_component_ref idref="oc-110"/>
      </symbol>
      <symbol id="sm-53d">
         <name>_KNL_treadyfxn</name>
         <value>0xa848</value>
         <object_component_ref idref="oc-110"/>
      </symbol>
      <symbol id="sm-53e">
         <name>_KNL_tcreatefxn</name>
         <value>0xa840</value>
         <object_component_ref idref="oc-110"/>
      </symbol>
      <symbol id="sm-53f">
         <name>_KNL_wFlag</name>
         <value>0xa808</value>
         <object_component_ref idref="oc-110"/>
      </symbol>
      <symbol id="sm-540">
         <name>_KNL_tdeletefxn</name>
         <value>0xa844</value>
         <object_component_ref idref="oc-110"/>
      </symbol>
      <symbol id="sm-54a">
         <name>_KNL_exit</name>
         <value>0x3660</value>
         <object_component_ref idref="oc-116"/>
      </symbol>
      <symbol id="sm-54b">
         <name>_KNL_enter</name>
         <value>0x36b4</value>
         <object_component_ref idref="oc-116"/>
      </symbol>
      <symbol id="sm-553">
         <name>__KNL_lat1beg</name>
         <value>0x3490</value>
         <object_component_ref idref="oc-119"/>
      </symbol>
      <symbol id="sm-554">
         <name>__KNL_lat1end</name>
         <value>0x3518</value>
         <object_component_ref idref="oc-119"/>
      </symbol>
      <symbol id="sm-555">
         <name>_KNL_max</name>
         <value>0x353c</value>
         <object_component_ref idref="oc-119"/>
      </symbol>
      <symbol id="sm-556">
         <name>_KNL_check</name>
         <value>0x3440</value>
         <object_component_ref idref="oc-119"/>
      </symbol>
      <symbol id="sm-557">
         <name>_KNL_idle</name>
         <value>0x3518</value>
         <object_component_ref idref="oc-119"/>
      </symbol>
      <symbol id="sm-561">
         <name>_KNL_post</name>
         <value>0x3aa0</value>
         <object_component_ref idref="oc-11e"/>
      </symbol>
      <symbol id="sm-56b">
         <name>_KNL_ipost</name>
         <value>0x39e0</value>
         <object_component_ref idref="oc-122"/>
      </symbol>
      <symbol id="sm-575">
         <name>_KNL_run</name>
         <value>0x1b20</value>
         <object_component_ref idref="oc-126"/>
      </symbol>
      <symbol id="sm-583">
         <name>_OBJ_table</name>
         <value>0x83d0</value>
         <object_component_ref idref="oc-12b"/>
      </symbol>
      <symbol id="sm-584">
         <name>_OBJ_init</name>
         <value>0x8d80</value>
         <object_component_ref idref="oc-12c"/>
      </symbol>
      <symbol id="sm-585">
         <name>_OBJ_segtab</name>
         <value>0x8408</value>
         <object_component_ref idref="oc-12b"/>
      </symbol>
      <symbol id="sm-591">
         <name>_RTDX_Buffer_ReadCB</name>
         <value>0x7ec0</value>
         <object_component_ref idref="oc-1c7"/>
      </symbol>
      <symbol id="sm-592">
         <name>RTDX_NORMALIZED_HDR</name>
         <value>0x1</value>
      </symbol>
      <symbol id="sm-593">
         <name>_RTDX_Buffer_Read</name>
         <value>0x7fa0</value>
         <object_component_ref idref="oc-1ba"/>
      </symbol>
      <symbol id="sm-5af">
         <name>_rtdx_buffer_state</name>
         <value>0x8928</value>
         <object_component_ref idref="oc-135"/>
      </symbol>
      <symbol id="sm-5b0">
         <name>_RTDX_Buffer_WriteCB</name>
         <value>0x7580</value>
         <object_component_ref idref="oc-1c8"/>
      </symbol>
      <symbol id="sm-5b1">
         <name>_rtdxNullChanCnt</name>
         <value>0xa8a0</value>
         <object_component_ref idref="oc-132"/>
      </symbol>
      <symbol id="sm-5b2">
         <name>_RTDX_writing</name>
         <value>0x8934</value>
         <object_component_ref idref="oc-135"/>
      </symbol>
      <symbol id="sm-5b3">
         <name>_RTDX_Buffer_Initialize</name>
         <value>0x7e60</value>
         <object_component_ref idref="oc-1bd"/>
      </symbol>
      <symbol id="sm-5b4">
         <name>_RTDX_Buffer_Write</name>
         <value>0x7fc0</value>
         <object_component_ref idref="oc-1bb"/>
      </symbol>
      <symbol id="sm-5b5">
         <name>_rtdxNullFuncCnt</name>
         <value>0xa8a4</value>
         <object_component_ref idref="oc-132"/>
      </symbol>
      <symbol id="sm-5b6">
         <name>_RTDX_Buffer_Size</name>
         <value>0x7f20</value>
         <object_component_ref idref="oc-1cd"/>
      </symbol>
      <symbol id="sm-5c0">
         <name>_RTDX_Mask_IER</name>
         <value>0x8000</value>
         <object_component_ref idref="oc-13a"/>
      </symbol>
      <symbol id="sm-5d8">
         <name>_RTDX_Mon_Queue</name>
         <value>0x7bc0</value>
         <object_component_ref idref="oc-1d0"/>
      </symbol>
      <symbol id="sm-5d9">
         <name>_rtdx_mon_state</name>
         <value>0x8948</value>
         <object_component_ref idref="oc-13e"/>
      </symbol>
      <symbol id="sm-5da">
         <name>_RTDX_JTAGONLY</name>
         <value>0x2</value>
      </symbol>
      <symbol id="sm-5db">
         <name>_RTDX_Final_RT_Monitor</name>
         <value>0x7f60</value>
         <object_component_ref idref="oc-1ca"/>
      </symbol>
      <symbol id="sm-5dc">
         <name>_RTDX_Poll</name>
         <value>0x7180</value>
         <object_component_ref idref="oc-1b9"/>
      </symbol>
      <symbol id="sm-5dd">
         <name>_RTDX_Init_RT_Monitor</name>
         <value>0x7de0</value>
         <object_component_ref idref="oc-1be"/>
      </symbol>
      <symbol id="sm-5e5">
         <name>_SEM_pendBinary</name>
         <value>0x4080</value>
         <object_component_ref idref="oc-142"/>
      </symbol>
      <symbol id="sm-5ef">
         <name>_SEM_pendEnterKnl</name>
         <value>0x20a0</value>
         <object_component_ref idref="oc-147"/>
      </symbol>
      <symbol id="sm-5f7">
         <name>_SEM_postBinary</name>
         <value>0x3820</value>
         <object_component_ref idref="oc-14a"/>
      </symbol>
      <symbol id="sm-5f8">
         <name>_SEM_post</name>
         <value>0x3820</value>
         <object_component_ref idref="oc-14a"/>
      </symbol>
      <symbol id="sm-602">
         <name>_SEM_postEnterKnl</name>
         <value>0x3740</value>
         <object_component_ref idref="oc-14f"/>
      </symbol>
      <symbol id="sm-60a">
         <name>_STS_set</name>
         <value>0x43c0</value>
         <object_component_ref idref="oc-152"/>
      </symbol>
      <symbol id="sm-61a">
         <name>_TIMER_reset</name>
         <value>0x57c0</value>
         <object_component_ref idref="oc-1d3"/>
      </symbol>
      <symbol id="sm-61b">
         <name>_TIMER_open</name>
         <value>0x5680</value>
         <object_component_ref idref="oc-1cc"/>
      </symbol>
      <symbol id="sm-61c">
         <name>__TIMER_hDev0</name>
         <value>0x84b4</value>
         <object_component_ref idref="oc-157"/>
      </symbol>
      <symbol id="sm-61d">
         <name>__TIMER_hDev1</name>
         <value>0x84b8</value>
         <object_component_ref idref="oc-157"/>
      </symbol>
      <symbol id="sm-61e">
         <name>__TIMER_hBios</name>
         <value>0x84bc</value>
         <object_component_ref idref="oc-157"/>
      </symbol>
      <symbol id="sm-61f">
         <name>__TIMER_deviceTable</name>
         <value>0x849c</value>
         <object_component_ref idref="oc-157"/>
      </symbol>
      <symbol id="sm-62d">
         <name>_TSK_nTasks</name>
         <value>0xa8a8</value>
         <object_component_ref idref="oc-15b"/>
      </symbol>
      <symbol id="sm-62e">
         <name>_TSK_config</name>
         <value>0x8390</value>
         <object_component_ref idref="oc-15e"/>
      </symbol>
      <symbol id="sm-62f">
         <name>_TSK</name>
         <value>0xa8b0</value>
         <object_component_ref idref="oc-15b"/>
      </symbol>
      <symbol id="sm-630">
         <name>_TSK_timerSem</name>
         <value>0x83b0</value>
         <object_component_ref idref="oc-15e"/>
      </symbol>
      <symbol id="sm-631">
         <name>_TSK_pid</name>
         <value>0xa8ac</value>
         <object_component_ref idref="oc-15b"/>
      </symbol>
      <symbol id="sm-632">
         <name>_TSK_ATTRS</name>
         <value>0x8374</value>
         <object_component_ref idref="oc-15e"/>
      </symbol>
      <symbol id="sm-63c">
         <name>_TSK_exit</name>
         <value>0x2fa0</value>
         <object_component_ref idref="oc-162"/>
      </symbol>
      <symbol id="sm-646">
         <name>_SYS_exit</name>
         <value>0x3c20</value>
         <object_component_ref idref="oc-166"/>
      </symbol>
      <symbol id="sm-652">
         <name>_SYS_exitStack</name>
         <value>0x84c0</value>
         <object_component_ref idref="oc-16c"/>
      </symbol>
      <symbol id="sm-653">
         <name>_SYS_exitStackPtr</name>
         <value>0xa8bc</value>
         <object_component_ref idref="oc-169"/>
      </symbol>
      <symbol id="sm-654">
         <name>_SYS_exitStackTop</name>
         <value>0xa8c0</value>
         <object_component_ref idref="oc-169"/>
      </symbol>
      <symbol id="sm-65e">
         <name>_TSK_init</name>
         <value>0x8d00</value>
         <object_component_ref idref="oc-16f"/>
      </symbol>
      <symbol id="sm-668">
         <name>_TSK_setup</name>
         <value>0x2a20</value>
         <object_component_ref idref="oc-173"/>
      </symbol>
      <symbol id="sm-67a">
         <name>__MEM_mutex</name>
         <value>0x844c</value>
         <object_component_ref idref="oc-179"/>
      </symbol>
      <symbol id="sm-67b">
         <name>_TSK_startup</name>
         <value>0x3380</value>
         <object_component_ref idref="oc-17a"/>
      </symbol>
      <symbol id="sm-67c">
         <name>__TSK_mutex</name>
         <value>0x8424</value>
         <object_component_ref idref="oc-179"/>
      </symbol>
      <symbol id="sm-686">
         <name>_LCK_pend</name>
         <value>0x3b90</value>
         <object_component_ref idref="oc-17f"/>
      </symbol>
      <symbol id="sm-687">
         <name>_LCK_post</name>
         <value>0x3b60</value>
         <object_component_ref idref="oc-17f"/>
      </symbol>
      <symbol id="sm-68f">
         <name>_SEM_pend</name>
         <value>0x40e0</value>
         <object_component_ref idref="oc-182"/>
      </symbol>
      <symbol id="sm-699">
         <name>_SYS_abort</name>
         <value>0x4140</value>
         <object_component_ref idref="oc-187"/>
      </symbol>
      <symbol id="sm-6a7">
         <name>__GBL_setL2CacheMode</name>
         <value>0xc34</value>
         <object_component_ref idref="oc-18d"/>
      </symbol>
      <symbol id="sm-6b9">
         <name>__IRQ_eventTable</name>
         <value>0x81d0</value>
         <object_component_ref idref="oc-192"/>
      </symbol>
      <symbol id="sm-6ba">
         <name>__IRQ_intTable</name>
         <value>0x8254</value>
         <object_component_ref idref="oc-192"/>
      </symbol>
      <symbol id="sm-6bb">
         <name>__IRQ_init</name>
         <value>0x5b60</value>
         <object_component_ref idref="oc-1cb"/>
      </symbol>
      <symbol id="sm-6bc">
         <name>__IRQ_dispatchTable</name>
         <value>0x8294</value>
         <object_component_ref idref="oc-192"/>
      </symbol>
      <symbol id="sm-6bd">
         <name>__IRQ_hookFetchPacket</name>
         <value>0x5d20</value>
         <object_component_ref idref="oc-190"/>
      </symbol>
      <symbol id="sm-6c7">
         <name>__SEM_dopost</name>
         <value>0x2800</value>
         <object_component_ref idref="oc-197"/>
      </symbol>
      <symbol id="sm-6d1">
         <name>__auto_init</name>
         <value>0x3140</value>
         <object_component_ref idref="oc-19b"/>
      </symbol>
      <symbol id="sm-6e3">
         <name>__unlock</name>
         <value>0x850c</value>
         <object_component_ref idref="oc-1a0"/>
      </symbol>
      <symbol id="sm-6e4">
         <name>__lock</name>
         <value>0x8508</value>
         <object_component_ref idref="oc-1a0"/>
      </symbol>
      <symbol id="sm-6e5">
         <name>__register_lock</name>
         <value>0x5ce0</value>
         <object_component_ref idref="oc-1bf"/>
      </symbol>
      <symbol id="sm-6e6">
         <name>__nop</name>
         <value>0x5cc0</value>
         <object_component_ref idref="oc-1c2"/>
      </symbol>
      <symbol id="sm-6e7">
         <name>__register_unlock</name>
         <value>0x5d00</value>
         <object_component_ref idref="oc-1c0"/>
      </symbol>
      <symbol id="sm-6ef">
         <name>__strasg</name>
         <value>0x58e0</value>
         <object_component_ref idref="oc-1bc"/>
      </symbol>
      <symbol id="sm-6fd">
         <name>_atexit</name>
         <value>0x59c0</value>
         <object_component_ref idref="oc-1c9"/>
      </symbol>
      <symbol id="sm-6fe">
         <name>___atexit_func_id__</name>
         <value>0x8020</value>
         <object_component_ref idref="oc-1a8"/>
      </symbol>
      <symbol id="sm-70e">
         <name>_dtors</name>
         <value>0x8510</value>
         <object_component_ref idref="oc-1ad"/>
      </symbol>
      <symbol id="sm-70f">
         <name>_call_dtors</name>
         <value>0x5520</value>
         <object_component_ref idref="oc-1d4"/>
      </symbol>
      <symbol id="sm-710">
         <name>___add_dtor</name>
         <value>0x5c60</value>
         <object_component_ref idref="oc-1d1"/>
      </symbol>
      <symbol id="sm-71c">
         <name>___TI_enable_exit_profile_output</name>
         <value>0x8504</value>
         <object_component_ref idref="oc-1b2"/>
      </symbol>
      <symbol id="sm-71d">
         <name>__cleanup_ptr</name>
         <value>0x84fc</value>
         <object_component_ref idref="oc-1b2"/>
      </symbol>
      <symbol id="sm-71e">
         <name>__dtors_ptr</name>
         <value>0x8500</value>
         <object_component_ref idref="oc-1b2"/>
      </symbol>
      <symbol id="sm-728">
         <name>_memcpy</name>
         <value>0x4be0</value>
         <object_component_ref idref="oc-1c1"/>
      </symbol>
   </symbol_table>
</link_info>
