******************************************************************************
               TMS320C6x Linker PC v7.4.14                     
******************************************************************************
>> Linked Fri Sep 18 10:13:58 2015

OUTPUT FILE NAME:   <050 CSL BSL XINT.out>
ENTRY POINT SYMBOL: "_c_int00"  address: 00002140


MEMORY CONFIGURATION

         name            origin    length      used     unused   attr    fill
----------------------  --------  ---------  --------  --------  ----  --------
  VECS                  00000000   00000200  00000200  00000000  RWIX
  BOOT                  00000200   00000200  00000000  00000200  RWIX
  IRAM                  00000400   00007c00  000021f4  00005a0c  RWIX
  IRAM2                 00008000   0002c000  00000950  0002b6b0  RWIX
  SRAM_EXT              80000000   01000000  00000000  01000000  RWIX
  FLASH                 90000000   00020000  00000000  00020000  RWIX


SECTION ALLOCATION MAP

 output                                  attributes/
section   page    origin      length       input sections
--------  ----  ----------  ----------   ----------------
$BRID      0    00000000    00000090     COPY SECTION
                  00000000    00000054     dsk6713bsl.lib : dsk6713.obj ($BRID)
                  00000054    0000000c                    : dsk6713_dip.obj ($BRID)
                  00000060    00000030                    : dsk6713_led.obj ($BRID)

.vecs      0    00000000    00000200     
                  00000000    00000200     Vectors_intr4567.obj (.vecs)

.bss       0    00000400    00000000     UNINITIALIZED

.text      0    00000400    00001fe0     
                  00000400    00000460     dsk6713bsl.lib : dsk6713.obj (.text)
                  00000860    00000440     inter.obj (.text:retain)
                  00000ca0    00000380     inter.obj (.text)
                  00001020    00000240     rts6700.lib : memcpy62.obj (.text:_memcpy)
                  00001260    00000220     csl6713.lib : csl.obj (.text:__CSL_init)
                  00001480    000001c0                 : csl_irq.obj (.text:_IRQ_map)
                  00001640    000001c0                 : csl_irq.obj (.text:_mux2Tables)
                  00001800    000001a0     dsk6713bsl.lib : dsk6713_led.obj (.text)
                  000019a0    00000140     csl6713.lib : csl_timer.obj (.text:_TIMER_open)
                  00001ae0    00000120                 : csl_timer.obj (.text:_TIMER_reset)
                  00001c00    00000100     rts6700.lib : autoinit.obj (.text:__auto_init)
                  00001d00    000000e0                 : strasg.obj (.text:__strasg)
                  00001de0    000000e0                 : exit.obj (.text:_exit)
                  00001ec0    000000c0                 : cpy_tbl.obj (.text:_copy_in)
                  00001f80    000000a0     csl6713.lib : csl_irq.obj (.text:__IRQ_init)
                  00002020    000000a0                 : csl_irq.obj (.text:_setMux)
                  000020c0    00000080     rts6700.lib : cpp_init.obj (.text:___TI_cpp_init)
                  00002140    00000080                 : boot.obj (.text:_c_int00)
                  000021c0    00000060     dsk6713bsl.lib : dsk6713_dip.obj (.text)
                  00002220    00000040     csl6713.lib : csl_irq.obj (.text:_IRQ_enable)
                  00002260    00000040                 : csl_irq.obj (.text:_IRQ_reset)
                  000022a0    00000040     rts6700.lib : args_main.obj (.text:__args_main)
                  000022e0    00000020     Vectors_intr4567.obj (.text)
                  00002300    00000020     csl6713.lib : csl.obj (.text:_CSL6713_LIB_)
                  00002320    00000020                 : csl_irq.obj (.text:_IRQ_globalDisable)
                  00002340    00000020                 : csl_irq.obj (.text:_IRQ_globalEnable)
                  00002360    00000020                 : csl_irq.obj (.text:_IRQ_nmiEnable)
                  00002380    00000020                 : csl_irq.obj (.text:_IRQ_setVecs)
                  000023a0    00000020     rts6700.lib : exit.obj (.text:_abort)
                  000023c0    00000020     csl6713.lib : csl_irq.obj (.text)

.cinit     0    000023e0    000001f4     
                  000023e0    0000012c     csl6713.lib : csl_irq.obj (.cinit)
                  0000250c    00000004     --HOLE-- [fill = 0]
                  00002510    0000004c                 : csl_timer.obj (.cinit)
                  0000255c    00000004     --HOLE-- [fill = 0]
                  00002560    0000003c                 : csl.obj (.cinit)
                  0000259c    00000004     --HOLE-- [fill = 0]
                  000025a0    0000002c     rts6700.lib : exit.obj (.cinit)
                  000025cc    00000004     --HOLE-- [fill = 0]
                  000025d0    00000004     (.pad.cinit) [fill = 0]

.const     0    000025d4    00000020     
                  000025d4    00000020     dsk6713bsl.lib : dsk6713.obj (.const)

.stack     0    00008000    00000800     UNINITIALIZED
                  00008000    00000008     rts6700.lib : boot.obj (.stack)
                  00008008    000007f8     --HOLE--

.far       0    00008800    00000150     UNINITIALIZED
                  00008800    000000f4     csl6713.lib : csl_irq.obj (.far)
                  000088f4    00000028                 : csl.obj (.far)
                  0000891c    00000024                 : csl_timer.obj (.far)
                  00008940    0000000c     rts6700.lib : exit.obj (.far)
                  0000894c    00000002     dsk6713bsl.lib : dsk6713.obj (.far)
                  0000894e    00000002                    : dsk6713_led.obj (.far)


GLOBAL SYMBOLS: SORTED ALPHABETICALLY BY Name 

address    name
--------   ----
00000400   $bss
00000400   .bss
00000400   .text
000023a0   C$$EXIT
00002300   _CSL6713_LIB_
000021c8   _DSK6713_DIP_get
000021c0   _DSK6713_DIP_init
00001800   _DSK6713_LED_init
00001828   _DSK6713_LED_off
00001890   _DSK6713_LED_on
000018f4   _DSK6713_LED_toggle
000007d8   _DSK6713_getVersion
00000430   _DSK6713_init
00000730   _DSK6713_rget
00000744   _DSK6713_rset
0000894c   _DSK6713_version
00000758   _DSK6713_wait
000007ac   _DSK6713_waitusec
00002220   _IRQ_enable
00002320   _IRQ_globalDisable
00002340   _IRQ_globalEnable
00001480   _IRQ_map
00002360   _IRQ_nmiEnable
00002260   _IRQ_reset
00002380   _IRQ_setVecs
000019a0   _TIMER_open
00001ae0   _TIMER_reset
00001260   __CSL_init
000088ec   __IRQ_dispatchTable
00008828   __IRQ_eventTable
000023c0   __IRQ_hookFetchPacket
00001f80   __IRQ_init
000088ac   __IRQ_intTable
00008800   __STACK_END
00000800   __STACK_SIZE
0000891c   __TIMER_deviceTable
0000893c   __TIMER_hBios
00008934   __TIMER_hDev0
00008938   __TIMER_hDev1
00000001   __TI_args_main
000020c0   ___TI_cpp_init
00008948   ___TI_enable_exit_profile_output
ffffffff   ___TI_pprof_out_hndl
ffffffff   ___TI_prof_data_size
ffffffff   ___TI_prof_data_start
ffffffff   ___binit__
00000400   ___bss__
ffffffff   ___c_args__
000023e0   ___cinit__
00000400   ___end__
000023e0   ___etext__
ffffffff   ___pinit__
00000400   ___text__
000022a0   __args_main
00001c00   __auto_init
00008940   __cleanup_ptr
00008944   __dtors_ptr
00008000   __stack
00001d00   __strasg
000023a0   _abort
00002140   _c_int00
00000860   _c_int4
0000096c   _c_int5
00000a78   _c_int6
00000b84   _c_int7
00001ec0   _copy_in
00001de0   _exit
00000d1c   _foreverLoop
00000df8   _init
00000ce8   _main
00001020   _memcpy
00000020   _vector1
00000140   _vector10
00000160   _vector11
00000180   _vector12
000001a0   _vector13
000001c0   _vector14
000001e0   _vector15
00000040   _vector2
00000060   _vector3
00000100   _vector8
00000120   _vector9
00000000   _vectors
ffffffff   binit
000023e0   cinit
00000400   end
000023e0   etext
ffffffff   pinit


GLOBAL SYMBOLS: SORTED BY Symbol Address 

address    name
--------   ----
00000000   _vectors
00000001   __TI_args_main
00000020   _vector1
00000040   _vector2
00000060   _vector3
00000100   _vector8
00000120   _vector9
00000140   _vector10
00000160   _vector11
00000180   _vector12
000001a0   _vector13
000001c0   _vector14
000001e0   _vector15
00000400   $bss
00000400   .bss
00000400   .text
00000400   ___bss__
00000400   ___end__
00000400   ___text__
00000400   end
00000430   _DSK6713_init
00000730   _DSK6713_rget
00000744   _DSK6713_rset
00000758   _DSK6713_wait
000007ac   _DSK6713_waitusec
000007d8   _DSK6713_getVersion
00000800   __STACK_SIZE
00000860   _c_int4
0000096c   _c_int5
00000a78   _c_int6
00000b84   _c_int7
00000ce8   _main
00000d1c   _foreverLoop
00000df8   _init
00001020   _memcpy
00001260   __CSL_init
00001480   _IRQ_map
00001800   _DSK6713_LED_init
00001828   _DSK6713_LED_off
00001890   _DSK6713_LED_on
000018f4   _DSK6713_LED_toggle
000019a0   _TIMER_open
00001ae0   _TIMER_reset
00001c00   __auto_init
00001d00   __strasg
00001de0   _exit
00001ec0   _copy_in
00001f80   __IRQ_init
000020c0   ___TI_cpp_init
00002140   _c_int00
000021c0   _DSK6713_DIP_init
000021c8   _DSK6713_DIP_get
00002220   _IRQ_enable
00002260   _IRQ_reset
000022a0   __args_main
00002300   _CSL6713_LIB_
00002320   _IRQ_globalDisable
00002340   _IRQ_globalEnable
00002360   _IRQ_nmiEnable
00002380   _IRQ_setVecs
000023a0   C$$EXIT
000023a0   _abort
000023c0   __IRQ_hookFetchPacket
000023e0   ___cinit__
000023e0   ___etext__
000023e0   cinit
000023e0   etext
00008000   __stack
00008800   __STACK_END
00008828   __IRQ_eventTable
000088ac   __IRQ_intTable
000088ec   __IRQ_dispatchTable
0000891c   __TIMER_deviceTable
00008934   __TIMER_hDev0
00008938   __TIMER_hDev1
0000893c   __TIMER_hBios
00008940   __cleanup_ptr
00008944   __dtors_ptr
00008948   ___TI_enable_exit_profile_output
0000894c   _DSK6713_version
ffffffff   ___TI_pprof_out_hndl
ffffffff   ___TI_prof_data_size
ffffffff   ___TI_prof_data_start
ffffffff   ___binit__
ffffffff   ___c_args__
ffffffff   ___pinit__
ffffffff   binit
ffffffff   pinit

[88 symbols]
