******************************************************************************
               TMS320C6x Linker PC v7.4.15                     
******************************************************************************
>> Linked Wed Sep 30 17:21:28 2015

OUTPUT FILE NAME:   <100 shifting.out>
ENTRY POINT SYMBOL: "_c_int00"  address: 00000780


MEMORY CONFIGURATION

         name            origin    length      used     unused   attr    fill
----------------------  --------  ---------  --------  --------  ----  --------
  IRAM                  00000000   00030000  000010a0  0002ef60  RWIX
  L2RAM                 00030000   00010000  00000000  00010000  RWIX
  EMIFCE0               80000000   10000000  00000000  10000000  RWIX
  EMIFCE1               90000000   10000000  00000000  10000000  RWIX
  EMIFCE2               a0000000   10000000  00000000  10000000  RWIX
  EMIFCE3               b0000000   10000000  00000000  10000000  RWIX


SECTION ALLOCATION MAP

 output                                  attributes/
section   page    origin      length       input sections
--------  ----  ----------  ----------   ----------------
.bss       0    00000000    00000000     UNINITIALIZED

.data      0    00000000    00000000     UNINITIALIZED

.pinit     0    00000000    00000000     UNINITIALIZED

.text      0    00000000    00000860     
                  00000000    00000240     rts6700.lib : memcpy62.obj (.text:_memcpy)
                  00000240    00000120                 : divi.obj (.text:__divi)
                  00000360    00000100                 : autoinit.obj (.text:__auto_init)
                  00000460    00000100     main.obj (.text)
                  00000560    000000e0     rts6700.lib : exit.obj (.text:_exit)
                  00000640    000000c0                 : cpy_tbl.obj (.text:_copy_in)
                  00000700    00000080                 : cpp_init.obj (.text:___TI_cpp_init)
                  00000780    00000080                 : boot.obj (.text:_c_int00)
                  00000800    00000040                 : args_main.obj (.text:__args_main)
                  00000840    00000020                 : exit.obj (.text:_abort)

.stack     0    00000860    00000800     UNINITIALIZED
                  00000860    00000008     rts6700.lib : boot.obj (.stack)
                  00000868    000007f8     --HOLE--

.cinit     0    00001060    00000034     
                  00001060    0000002c     rts6700.lib : exit.obj (.cinit)
                  0000108c    00000004     --HOLE-- [fill = 0]
                  00001090    00000004     (.pad.cinit) [fill = 0]

.far       0    00001094    0000000c     UNINITIALIZED
                  00001094    0000000c     rts6700.lib : exit.obj (.far)


GLOBAL SYMBOLS: SORTED ALPHABETICALLY BY Name 

address    name
--------   ----
00000000   $bss
00000000   .bss
00000000   .data
00000000   .text
00000840   C$$EXIT
00001060   __STACK_END
00000800   __STACK_SIZE
00000001   __TI_args_main
00000700   ___TI_cpp_init
0000109c   ___TI_enable_exit_profile_output
ffffffff   ___TI_pprof_out_hndl
ffffffff   ___TI_prof_data_size
ffffffff   ___TI_prof_data_start
ffffffff   ___binit__
00000000   ___bss__
ffffffff   ___c_args__
00001060   ___cinit__
00000000   ___data__
00000000   ___edata__
00000000   ___end__
00000860   ___etext__
ffffffff   ___pinit__
00000000   ___text__
00000800   __args_main
00000360   __auto_init
00000240   __c6xabi_divi
00001094   __cleanup_ptr
00000240   __divi
00001098   __dtors_ptr
00000860   __stack
00000840   _abort
00000780   _c_int00
00000640   _copy_in
00000560   _exit
00000460   _main
00000000   _memcpy
ffffffff   binit
00001060   cinit
00000000   edata
00000000   end
00000860   etext
ffffffff   pinit


GLOBAL SYMBOLS: SORTED BY Symbol Address 

address    name
--------   ----
00000000   $bss
00000000   .bss
00000000   .data
00000000   .text
00000000   ___bss__
00000000   ___data__
00000000   ___edata__
00000000   ___end__
00000000   ___text__
00000000   _memcpy
00000000   edata
00000000   end
00000001   __TI_args_main
00000240   __c6xabi_divi
00000240   __divi
00000360   __auto_init
00000460   _main
00000560   _exit
00000640   _copy_in
00000700   ___TI_cpp_init
00000780   _c_int00
00000800   __STACK_SIZE
00000800   __args_main
00000840   C$$EXIT
00000840   _abort
00000860   ___etext__
00000860   __stack
00000860   etext
00001060   __STACK_END
00001060   ___cinit__
00001060   cinit
00001094   __cleanup_ptr
00001098   __dtors_ptr
0000109c   ___TI_enable_exit_profile_output
ffffffff   ___TI_pprof_out_hndl
ffffffff   ___TI_prof_data_size
ffffffff   ___TI_prof_data_start
ffffffff   ___binit__
ffffffff   ___c_args__
ffffffff   ___pinit__
ffffffff   binit
ffffffff   pinit

[42 symbols]
