******************************************************************************
               TMS320C6x Linker PC v7.4.14                     
******************************************************************************
>> Linked Mon Dec 21 00:45:38 2015

OUTPUT FILE NAME:   <060 AUDIO.out>
ENTRY POINT SYMBOL: "_c_int00"  address: 00001c20


MEMORY CONFIGURATION

         name            origin    length      used     unused   attr    fill
----------------------  --------  ---------  --------  --------  ----  --------
  IRAM                  00000000   00030000  00002b06  0002d4fa  RWIX
  L2RAM                 00030000   00010000  00000000  00010000  RWIX
  EMIFCE0               80000000   10000000  00000000  10000000  RWIX
  EMIFCE1               90000000   10000000  00000000  10000000  RWIX
  EMIFCE2               a0000000   10000000  00000000  10000000  RWIX
  EMIFCE3               b0000000   10000000  00000000  10000000  RWIX


SECTION ALLOCATION MAP

 output                                  attributes/
section   page    origin      length       input sections
--------  ----  ----------  ----------   ----------------
.bss       0    00000000    00000000     UNINITIALIZED

.data      0    00000000    00000000     UNINITIALIZED

.pinit     0    00000000    00000000     UNINITIALIZED

$BRID      0    00000000    0000008c     COPY SECTION
                  00000000    00000054     dsk6713bsl.lib : dsk6713.obj ($BRID)
                  00000054    00000024                    : dsk6713_aic23_opencodec.obj ($BRID)
                  00000078    00000014                    : dsk6713_aic23_registers.obj ($BRID)

.text      0    00000000    00001dc0     
                  00000000    00000460     dsk6713bsl.lib : dsk6713.obj (.text)
                  00000460    00000300                    : dsk6713_aic23_opencodec.obj (.text)
                  00000760    000002c0     main.obj (.text)
                  00000a20    00000240     rts6700.lib : memcpy62.obj (.text:_memcpy)
                  00000c60    00000220     csl6713.lib : csl.obj (.text:__CSL_init)
                  00000e80    000001c0                 : csl_irq.obj (.text:_mux2Tables)
                  00001040    000001a0                 : csl_mcbsp.obj (.text:_MCBSP_reset)
                  000011e0    00000140                 : csl_timer.obj (.text:_TIMER_open)
                  00001320    00000140     dsk6713bsl.lib : dsk6713_aic23_registers.obj (.text)
                  00001460    00000120     csl6713.lib : csl_timer.obj (.text:_TIMER_reset)
                  00001580    00000100                 : csl_mcbsp.obj (.text:_MCBSP_open)
                  00001680    00000100                 : csl_mcbsp.obj (.text:_MCBSP_start)
                  00001780    00000100     rts6700.lib : autoinit.obj (.text:__auto_init)
                  00001880    000000e0                 : strasg.obj (.text:__strasg)
                  00001960    000000e0                 : exit.obj (.text:_exit)
                  00001a40    000000c0                 : cpy_tbl.obj (.text:_copy_in)
                  00001b00    000000a0     csl6713.lib : csl_irq.obj (.text:__IRQ_init)
                  00001ba0    00000080     rts6700.lib : cpp_init.obj (.text:___TI_cpp_init)
                  00001c20    00000080                 : boot.obj (.text:_c_int00)
                  00001ca0    00000040                 : args_main.obj (.text:__args_main)
                  00001ce0    00000020     csl6713.lib : csl.obj (.text:_CSL6713_LIB_)
                  00001d00    00000020                 : csl_mcbsp.obj (.text:_MCBSP_read)
                  00001d20    00000020                 : csl_mcbsp.obj (.text:_MCBSP_rrdy)
                  00001d40    00000020                 : csl_mcbsp.obj (.text:_MCBSP_write)
                  00001d60    00000020                 : csl_mcbsp.obj (.text:_MCBSP_xrdy)
                  00001d80    00000020     rts6700.lib : exit.obj (.text:_abort)
                  00001da0    00000020     csl6713.lib : csl_irq.obj (.text)

.stack     0    00001dc0    00000800     UNINITIALIZED
                  00001dc0    00000008     rts6700.lib : boot.obj (.stack)
                  00001dc8    000007f8     --HOLE--

.cinit     0    000025c0    000002bc     
                  000025c0    0000012c     csl6713.lib : csl_irq.obj (.cinit)
                  000026ec    00000004     --HOLE-- [fill = 0]
                  000026f0    00000054                 : csl_mcbsp.obj (.cinit)
                  00002744    00000004     --HOLE-- [fill = 0]
                  00002748    0000004c                 : csl_timer.obj (.cinit)
                  00002794    00000004     --HOLE-- [fill = 0]
                  00002798    0000003c                 : csl.obj (.cinit)
                  000027d4    00000004     --HOLE-- [fill = 0]
                  000027d8    0000003c     main.obj (.cinit)
                  00002814    00000004     --HOLE-- [fill = 0]
                  00002818    00000030     dsk6713bsl.lib : dsk6713_aic23_registers.obj (.cinit)
                  00002848    0000002c     rts6700.lib : exit.obj (.cinit)
                  00002874    00000004     --HOLE-- [fill = 0]
                  00002878    00000004     (.pad.cinit) [fill = 0]

.far       0    0000287c    0000022a     UNINITIALIZED
                  0000287c    000000f4     csl6713.lib : csl_irq.obj (.far)
                  00002970    00000074     main.obj (.far)
                  000029e4    00000038     csl6713.lib : csl_mcbsp.obj (.far)
                  00002a1c    00000028                 : csl.obj (.far)
                  00002a44    00000028     dsk6713bsl.lib : dsk6713_aic23_registers.obj (.far)
                  00002a6c    00000024     csl6713.lib : csl_timer.obj (.far)
                  00002a90    0000000c     rts6700.lib : exit.obj (.far)
                  00002a9c    00000008     dsk6713bsl.lib : dsk6713_aic23_opencodec.obj (.far)
                  00002aa4    00000002                    : dsk6713.obj (.far)

.const     0    00002aa8    00000060     
                  00002aa8    00000040     dsk6713bsl.lib : dsk6713_aic23_opencodec.obj (.const)
                  00002ae8    00000020                    : dsk6713.obj (.const)


GLOBAL SYMBOLS: SORTED ALPHABETICALLY BY Name 

address    name
--------   ----
00000000   $bss
00000000   .bss
00000000   .data
00000000   .text
00001d80   C$$EXIT
0000299c   _AIC_data
00001ce0   _CSL6713_LIB_
00002a9c   _DSK6713_AIC23_codeccontrolhandle
00002aa0   _DSK6713_AIC23_codecdatahandle
000013e0   _DSK6713_AIC23_config
00000460   _DSK6713_AIC23_openCodec
000013bc   _DSK6713_AIC23_rget
00001320   _DSK6713_AIC23_rset
000003d8   _DSK6713_getVersion
00000030   _DSK6713_init
00000330   _DSK6713_rget
00000344   _DSK6713_rset
00002aa4   _DSK6713_version
00000358   _DSK6713_wait
000003ac   _DSK6713_waitusec
00001580   _MCBSP_open
00001d00   _MCBSP_read
00001040   _MCBSP_reset
00001d20   _MCBSP_rrdy
00001680   _MCBSP_start
00001d40   _MCBSP_write
00001d60   _MCBSP_xrdy
000011e0   _TIMER_open
00001460   _TIMER_reset
00000c60   __CSL_init
00002968   __IRQ_dispatchTable
000028a4   __IRQ_eventTable
00001da0   __IRQ_hookFetchPacket
00001b00   __IRQ_init
00002928   __IRQ_intTable
00002a14   __MCBSP_hDev0
00002a18   __MCBSP_hDev1
000025c0   __STACK_END
00000800   __STACK_SIZE
00002a6c   __TIMER_deviceTable
00002a8c   __TIMER_hBios
00002a84   __TIMER_hDev0
00002a88   __TIMER_hDev1
00000001   __TI_args_main
00001ba0   ___TI_cpp_init
00002a98   ___TI_enable_exit_profile_output
ffffffff   ___TI_pprof_out_hndl
ffffffff   ___TI_prof_data_size
ffffffff   ___TI_prof_data_start
ffffffff   ___binit__
00000000   ___bss__
ffffffff   ___c_args__
000025c0   ___cinit__
00000000   ___data__
00000000   ___edata__
00000000   ___end__
00001dc0   ___etext__
ffffffff   ___pinit__
00000000   ___text__
00001ca0   __args_main
00001780   __auto_init
00002a90   __cleanup_ptr
00002a94   __dtors_ptr
00001dc0   __stack
00001880   __strasg
00001d80   _abort
000029a0   _buff
00001c20   _c_int00
00002970   _config1
00001a40   _copy_in
00001960   _exit
00002998   _hCodec
0000096c   _input_sample
000029e0   _j
000007a8   _main
00000a20   _memcpy
000008ac   _output_sample
ffffffff   binit
000025c0   cinit
00000000   edata
00000000   end
00001dc0   etext
ffffffff   pinit


GLOBAL SYMBOLS: SORTED BY Symbol Address 

address    name
--------   ----
00000000   $bss
00000000   .bss
00000000   .data
00000000   .text
00000000   ___bss__
00000000   ___data__
00000000   ___edata__
00000000   ___end__
00000000   ___text__
00000000   edata
00000000   end
00000001   __TI_args_main
00000030   _DSK6713_init
00000330   _DSK6713_rget
00000344   _DSK6713_rset
00000358   _DSK6713_wait
000003ac   _DSK6713_waitusec
000003d8   _DSK6713_getVersion
00000460   _DSK6713_AIC23_openCodec
000007a8   _main
00000800   __STACK_SIZE
000008ac   _output_sample
0000096c   _input_sample
00000a20   _memcpy
00000c60   __CSL_init
00001040   _MCBSP_reset
000011e0   _TIMER_open
00001320   _DSK6713_AIC23_rset
000013bc   _DSK6713_AIC23_rget
000013e0   _DSK6713_AIC23_config
00001460   _TIMER_reset
00001580   _MCBSP_open
00001680   _MCBSP_start
00001780   __auto_init
00001880   __strasg
00001960   _exit
00001a40   _copy_in
00001b00   __IRQ_init
00001ba0   ___TI_cpp_init
00001c20   _c_int00
00001ca0   __args_main
00001ce0   _CSL6713_LIB_
00001d00   _MCBSP_read
00001d20   _MCBSP_rrdy
00001d40   _MCBSP_write
00001d60   _MCBSP_xrdy
00001d80   C$$EXIT
00001d80   _abort
00001da0   __IRQ_hookFetchPacket
00001dc0   ___etext__
00001dc0   __stack
00001dc0   etext
000025c0   __STACK_END
000025c0   ___cinit__
000025c0   cinit
000028a4   __IRQ_eventTable
00002928   __IRQ_intTable
00002968   __IRQ_dispatchTable
00002970   _config1
00002998   _hCodec
0000299c   _AIC_data
000029a0   _buff
000029e0   _j
00002a14   __MCBSP_hDev0
00002a18   __MCBSP_hDev1
00002a6c   __TIMER_deviceTable
00002a84   __TIMER_hDev0
00002a88   __TIMER_hDev1
00002a8c   __TIMER_hBios
00002a90   __cleanup_ptr
00002a94   __dtors_ptr
00002a98   ___TI_enable_exit_profile_output
00002a9c   _DSK6713_AIC23_codeccontrolhandle
00002aa0   _DSK6713_AIC23_codecdatahandle
00002aa4   _DSK6713_version
ffffffff   ___TI_pprof_out_hndl
ffffffff   ___TI_prof_data_size
ffffffff   ___TI_prof_data_start
ffffffff   ___binit__
ffffffff   ___c_args__
ffffffff   ___pinit__
ffffffff   binit
ffffffff   pinit

[83 symbols]
