******************************************************************************
               TMS320C6x Linker PC v7.4.15                     
******************************************************************************
>> Linked Fri Jan 15 18:24:40 2016

OUTPUT FILE NAME:   <210 fft integer.out>
ENTRY POINT SYMBOL: "_c_int00"  address: 000033a0


MEMORY CONFIGURATION

         name            origin    length      used     unused   attr    fill
----------------------  --------  ---------  --------  --------  ----  --------
  IRAM                  00000000   00030000  00003d00  0002c300  RWIX
  L2RAM                 00030000   00010000  00000000  00010000  RWIX
  EMIFCE0               80000000   10000000  00000000  10000000  RWIX
  EMIFCE1               90000000   10000000  00000000  10000000  RWIX
  EMIFCE2               a0000000   10000000  00000000  10000000  RWIX
  EMIFCE3               b0000000   10000000  00000000  10000000  RWIX


SECTION ALLOCATION MAP

 output                                  attributes/
section   page    origin      length       input sections
--------  ----  ----------  ----------   ----------------
.bss       0    00000000    00000000     UNINITIALIZED

.pinit     0    00000000    00000000     UNINITIALIZED

.far       0    00000000    00001e0c     UNINITIALIZED
                  00000000    00001e00     main.obj (.far)
                  00001e00    0000000c     rts6700.lib : exit.obj (.far)

.text      0    00001e20    00001660     
                  00001e20    000007e0     main.obj (.text)
                  00002600    000006c0     dspfft.obj (.text)
                  00002cc0    00000240     rts6700.lib : memcpy62.obj (.text:_memcpy)
                  00002f00    00000180     c67xfastMath.lib : sindp.obj (.text)
                  00003080    00000100     rts6700.lib : autoinit.obj (.text:__auto_init)
                  00003180    000000e0                 : exit.obj (.text:_exit)
                  00003260    000000c0                 : cpy_tbl.obj (.text:_copy_in)
                  00003320    00000080                 : cpp_init.obj (.text:___TI_cpp_init)
                  000033a0    00000080                 : boot.obj (.text:_c_int00)
                  00003420    00000040                 : args_main.obj (.text:__args_main)
                  00003460    00000020                 : exit.obj (.text:_abort)

.stack     0    00003480    00000800     UNINITIALIZED
                  00003480    00000008     rts6700.lib : boot.obj (.stack)
                  00003488    000007f8     --HOLE--

.data      0    00003c80    00000060     
                  00003c80    00000060     c67xfastMath.lib : sindp.obj (.data)

.cinit     0    00003ce0    00000034     
                  00003ce0    0000002c     rts6700.lib : exit.obj (.cinit)
                  00003d0c    00000004     --HOLE-- [fill = 0]
                  00003d10    00000004     (.pad.cinit) [fill = 0]


GLOBAL SYMBOLS: SORTED ALPHABETICALLY BY Name 

address    name
--------   ----
00000000   $bss
00000000   .bss
00003c80   .data
00001e20   .text
00003460   C$$EXIT
00000500   _BITREV256
00002078   _BitReverse
00001f64   _ComplexFFT
00000a00   _DATAIMAG
00000600   _DATAREAL
0000216c   _Downscale
00003c80   _HPisdp
000022dc   _InitializeFFT
00001a00   _TRANSIMAG
00001600   _TRANSREAL
00000000   _TWIDDLE256
00001200   _XDATAIMAG
00000e00   _XDATAREAL
00003c80   __STACK_END
00000800   __STACK_SIZE
00000001   __TI_args_main
00003320   ___TI_cpp_init
00001e08   ___TI_enable_exit_profile_output
ffffffff   ___TI_pprof_out_hndl
ffffffff   ___TI_prof_data_size
ffffffff   ___TI_prof_data_start
ffffffff   ___binit__
00000000   ___bss__
ffffffff   ___c_args__
00003ce0   ___cinit__
00003c80   ___data__
00003ce0   ___edata__
00000000   ___end__
00003480   ___etext__
ffffffff   ___pinit__
00001e20   ___text__
00003420   __args_main
00003080   __auto_init
00001e00   __cleanup_ptr
00001e04   __dtors_ptr
00003480   __stack
00003460   _abort
000033a0   _c_int00
00003260   _copy_in
00002600   _dfft
00003180   _exit
00001e20   _main
00002cc0   _memcpy
00002f1c   _sin
00002f1c   _sindp
ffffffff   binit
00003ce0   cinit
00003ce0   edata
00000000   end
00003480   etext
ffffffff   pinit


GLOBAL SYMBOLS: SORTED BY Symbol Address 

address    name
--------   ----
00000000   $bss
00000000   .bss
00000000   _TWIDDLE256
00000000   ___bss__
00000000   ___end__
00000000   end
00000001   __TI_args_main
00000500   _BITREV256
00000600   _DATAREAL
00000800   __STACK_SIZE
00000a00   _DATAIMAG
00000e00   _XDATAREAL
00001200   _XDATAIMAG
00001600   _TRANSREAL
00001a00   _TRANSIMAG
00001e00   __cleanup_ptr
00001e04   __dtors_ptr
00001e08   ___TI_enable_exit_profile_output
00001e20   .text
00001e20   ___text__
00001e20   _main
00001f64   _ComplexFFT
00002078   _BitReverse
0000216c   _Downscale
000022dc   _InitializeFFT
00002600   _dfft
00002cc0   _memcpy
00002f1c   _sin
00002f1c   _sindp
00003080   __auto_init
00003180   _exit
00003260   _copy_in
00003320   ___TI_cpp_init
000033a0   _c_int00
00003420   __args_main
00003460   C$$EXIT
00003460   _abort
00003480   ___etext__
00003480   __stack
00003480   etext
00003c80   .data
00003c80   _HPisdp
00003c80   __STACK_END
00003c80   ___data__
00003ce0   ___cinit__
00003ce0   ___edata__
00003ce0   cinit
00003ce0   edata
ffffffff   ___TI_pprof_out_hndl
ffffffff   ___TI_prof_data_size
ffffffff   ___TI_prof_data_start
ffffffff   ___binit__
ffffffff   ___c_args__
ffffffff   ___pinit__
ffffffff   binit
ffffffff   pinit

[56 symbols]
