******************************************************************************
               TMS320C6x Linker PC v7.4.7                      
******************************************************************************
>> Linked Wed Sep 04 09:39:33 2019

OUTPUT FILE NAME:   <030 BSL.out>
ENTRY POINT SYMBOL: "_c_int00"  address: 000045e0


MEMORY CONFIGURATION

         name            origin    length      used     unused   attr    fill
----------------------  --------  ---------  --------  --------  ----  --------
  IRAM                  00000000   00030000  00006287  00029d79  RWIX
  L2RAM                 00030000   00010000  00000000  00010000  RWIX
  EMIFCE0               80000000   10000000  00000000  10000000  RWIX
  EMIFCE1               90000000   10000000  00000000  10000000  RWIX
  EMIFCE2               a0000000   10000000  00000000  10000000  RWIX
  EMIFCE3               b0000000   10000000  00000000  10000000  RWIX


SECTION ALLOCATION MAP

 output                                  attributes/
section   page    origin      length       input sections
--------  ----  ----------  ----------   ----------------
.text      0    00000000    00004860     
                  00000000    000004c0     rts6700.lib : fputs.obj (.text:_fputs)
                  000004c0    00000460     dsk6713bsl.lib : dsk6713.obj (.text)
                  00000920    00000380     rts6700.lib : memory.obj (.text:_free)
                  00000ca0    00000300                 : _printfi_min.obj (.text:__setfield)
                  00000fa0    000002a0                 : fputc.obj (.text:_fputc)
                  00001240    000002a0                 : setvbuf.obj (.text:_setvbuf)
                  000014e0    00000240                 : _printfi_min.obj (.text:__printfi_minimal)
                  00001720    00000240                 : memory.obj (.text:_malloc)
                  00001960    00000240                 : memcpy62.obj (.text:_memcpy)
                  00001ba0    00000220                 : trgdrv.obj (.text:_HOSTrename)
                  00001dc0    00000220     csl6713.lib : csl.obj (.text:__CSL_init)
                  00001fe0    000001e0     rts6700.lib : lowlev.obj (.text:_getdevice)
                  000021c0    000001c0                 : fseek.obj (.text:_fseek)
                  00002380    000001c0     csl6713.lib : csl_irq.obj (.text:_mux2Tables)
                  00002540    00000160     rts6700.lib : trgdrv.obj (.text:_HOSTlseek)
                  000026a0    00000160                 : fclose.obj (.text:__closefile)
                  00002800    00000140                 : trgdrv.obj (.text:_HOSTread)
                  00002940    00000140     csl6713.lib : csl_timer.obj (.text:_TIMER_open)
                  00002a80    00000120     rts6700.lib : trgdrv.obj (.text:_HOSTopen)
                  00002ba0    00000120                 : trgdrv.obj (.text:_HOSTwrite)
                  00002cc0    00000120     csl6713.lib : csl_timer.obj (.text:_TIMER_reset)
                  00002de0    00000120     rts6700.lib : _printfi_min.obj (.text:__pproc_str)
                  00002f00    00000120                 : _io_perm.obj (.text:__wrt_ok)
                  00003020    00000120                 : lowlev.obj (.text:_close)
                  00003140    00000120                 : memset.obj (.text:_memset)
                  00003260    00000100                 : trgdrv.obj (.text:_HOSTclose)
                  00003360    00000100                 : trgdrv.obj (.text:_HOSTunlink)
                  00003460    00000100                 : autoinit.obj (.text:__auto_init)
                  00003560    00000100                 : lowlev.obj (.text:_lseek)
                  00003660    00000100                 : printf.obj (.text:_printf)
                  00003760    00000100                 : lowlev.obj (.text:_write)
                  00003860    000000e0                 : fopen.obj (.text:__cleanup)
                  00003940    000000e0                 : fflush.obj (.text:__doflush)
                  00003a20    000000e0                 : _printfi_min.obj (.text:__getarg_diouxp)
                  00003b00    000000e0                 : strasg.obj (.text:__strasg)
                  00003be0    000000e0                 : exit.obj (.text:_exit)
                  00003cc0    000000e0                 : memory.obj (.text:_minsert)
                  00003da0    000000e0                 : memory.obj (.text:_mremove)
                  00003e80    000000c0                 : divu.obj (.text:__divu)
                  00003f40    000000c0                 : _printfi_min.obj (.text:__ltostr)
                  00004000    000000c0                 : cpy_tbl.obj (.text:_copy_in)
                  000040c0    000000c0                 : lowlev.obj (.text:_finddevice)
                  00004180    000000c0     main.obj (.text)
                  00004240    000000a0     csl6713.lib : csl_irq.obj (.text:__IRQ_init)
                  000042e0    000000a0     rts6700.lib : _printfi_min.obj (.text:__pproc_diouxp)
                  00004380    000000a0                 : trgmsg.obj (.text:_readmsg)
                  00004420    000000a0                 : lowlev.obj (.text:_unlink)
                  000044c0    000000a0                 : trgmsg.obj (.text:_writemsg)
                  00004560    00000080                 : cpp_init.obj (.text:___TI_cpp_init)
                  000045e0    00000080                 : boot.obj (.text:_c_int00)
                  00004660    00000080                 : memccpy.obj (.text:_memccpy)
                  000046e0    00000060                 : _printfi_min.obj (.text:__div)
                  00004740    00000040                 : args_main.obj (.text:__args_main)
                  00004780    00000020     csl6713.lib : csl.obj (.text:_CSL6713_LIB_)
                  000047a0    00000020     rts6700.lib : _lock.obj (.text:__nop)
                  000047c0    00000020                 : printf.obj (.text:__outc)
                  000047e0    00000020                 : printf.obj (.text:__outs)
                  00004800    00000020                 : exit.obj (.text:_abort)
                  00004820    00000020                 : remove.obj (.text:_remove)
                  00004840    00000020     csl6713.lib : csl_irq.obj (.text)

.bss       0    00000000    00000000     UNINITIALIZED

.data      0    00000000    00000000     UNINITIALIZED

.pinit     0    00000000    00000000     UNINITIALIZED

$BRID      0    00000000    00000054     COPY SECTION
                  00000000    00000054     dsk6713bsl.lib : dsk6713.obj ($BRID)

.stack     0    00004860    00000800     UNINITIALIZED
                  00004860    00000008     rts6700.lib : boot.obj (.stack)
                  00004868    000007f8     --HOLE--

.sysmem    0    00005060    00000800     UNINITIALIZED
                  00005060    00000008     rts6700.lib : memory.obj (.sysmem)
                  00005068    000007f8     --HOLE--

.far       0    00005860    000005aa     UNINITIALIZED
                  00005860    00000324     rts6700.lib : defs.obj (.far)
                  00005b84    0000011c                 : lowlev.obj (.far)
                  00005ca0    000000f4     csl6713.lib : csl_irq.obj (.far)
                  00005d94    00000028                 : csl.obj (.far)
                  00005dbc    00000024                 : csl_timer.obj (.far)
                  00005de0    0000000c     rts6700.lib : exit.obj (.far)
                  00005dec    00000008                 : _lock.obj (.far)
                  00005df4    00000008                 : memory.obj (.far)
                  00005dfc    00000008                 : trgdrv.obj (.far)
                  00005e04    00000004                 : fopen.obj (.far)
                  00005e08    00000002     dsk6713bsl.lib : dsk6713.obj (.far)

.cinit     0    00005e10    00000314     
                  00005e10    0000012c     csl6713.lib : csl_irq.obj (.cinit)
                  00005f3c    00000004     --HOLE-- [fill = 0]
                  00005f40    0000005c     rts6700.lib : defs.obj (.cinit)
                  00005f9c    00000004     --HOLE-- [fill = 0]
                  00005fa0    0000005c                 : lowlev.obj (.cinit)
                  00005ffc    00000004     --HOLE-- [fill = 0]
                  00006000    0000004c     csl6713.lib : csl_timer.obj (.cinit)
                  0000604c    00000004     --HOLE-- [fill = 0]
                  00006050    0000003c                 : csl.obj (.cinit)
                  0000608c    00000004     --HOLE-- [fill = 0]
                  00006090    0000002c     rts6700.lib : exit.obj (.cinit)
                  000060bc    00000004     --HOLE-- [fill = 0]
                  000060c0    0000002c                 : memory.obj (.cinit)
                  000060ec    00000004     --HOLE-- [fill = 0]
                  000060f0    0000001c                 : _lock.obj (.cinit)
                  0000610c    00000004     --HOLE-- [fill = 0]
                  00006110    0000000c                 : fopen.obj (.cinit)
                  0000611c    00000004     --HOLE-- [fill = 0]
                  00006120    00000004     (.pad.cinit) [fill = 0]

.cio       0    00006124    00000120     UNINITIALIZED
                  00006124    00000120     rts6700.lib : trgmsg.obj (.cio)

.const     0    00006244    00000049     
                  00006244    00000020     dsk6713bsl.lib : dsk6713.obj (.const)
                  00006264    00000014     main.obj (.const:.string)
                  00006278    00000013     rts6700.lib : _printfi_min.obj (.const:.string)
                  0000628b    00000002                 : fputs.obj (.const:.string)


GLOBAL SYMBOLS: SORTED ALPHABETICALLY BY Name 

address    name
--------   ----
00000000   $bss
00000000   .bss
00000000   .data
00000000   .text
00004800   C$$EXIT
00004538   C$$IO$$
00004780   _CSL6713_LIB_
00000898   _DSK6713_getVersion
000004f0   _DSK6713_init
000007f0   _DSK6713_rget
00000804   _DSK6713_rset
00005e08   _DSK6713_version
00000818   _DSK6713_wait
0000086c   _DSK6713_waitusec
00003260   _HOSTclose
00002540   _HOSTlseek
00002a80   _HOSTopen
00002800   _HOSTread
00001ba0   _HOSTrename
00003360   _HOSTunlink
00002ba0   _HOSTwrite
00002940   _TIMER_open
00002cc0   _TIMER_reset
00006124   __CIOBUF_
00001dc0   __CSL_init
00005d8c   __IRQ_dispatchTable
00005cc8   __IRQ_eventTable
00004840   __IRQ_hookFetchPacket
00004240   __IRQ_init
00005d4c   __IRQ_intTable
00005060   __STACK_END
00000800   __STACK_SIZE
00000800   __SYSMEM_SIZE
00005dbc   __TIMER_deviceTable
00005ddc   __TIMER_hBios
00005dd4   __TIMER_hDev0
00005dd8   __TIMER_hDev1
00000001   __TI_args_main
00004560   ___TI_cpp_init
00005de8   ___TI_enable_exit_profile_output
ffffffff   ___TI_pprof_out_hndl
ffffffff   ___TI_prof_data_size
ffffffff   ___TI_prof_data_start
ffffffff   ___binit__
00000000   ___bss__
ffffffff   ___c_args__
00005e10   ___cinit__
00000000   ___data__
00000000   ___edata__
00000000   ___end__
00004860   ___etext__
ffffffff   ___pinit__
00000000   ___text__
00004740   __args_main
00003460   __auto_init
00003e80   __c6xabi_divu
00003860   __cleanup
00005de0   __cleanup_ptr
000026a0   __closefile
00003e80   __divu
00003940   __doflush
00005de4   __dtors_ptr
00005b80   __ft_end
00005860   __ftable
00005dec   __lock
000047a0   __nop
000014e0   __printfi_minimal
00004860   __stack
00003b00   __strasg
00005060   __sys_memory
00005a40   __tmpnams
00005df0   __unlock
00002f00   __wrt_ok
00004800   _abort
000045e0   _c_int00
00003020   _close
00004000   _copy_in
00003be0   _exit
00000fa0   _fputc
00000000   _fputs
00000920   _free
000021c0   _fseek
00003560   _lseek
000041c8   _main
00001720   _malloc
00004660   _memccpy
00001960   _memcpy
00003140   _memset
00003660   _printf
00000fa0   _putc
00004380   _readmsg
00004820   _remove
00001240   _setvbuf
00004420   _unlink
00003760   _write
000044c0   _writemsg
ffffffff   binit
00005e10   cinit
00000000   edata
00000000   end
00004860   etext
ffffffff   pinit


GLOBAL SYMBOLS: SORTED BY Symbol Address 

address    name
--------   ----
00000000   $bss
00000000   .bss
00000000   .data
00000000   .text
00000000   ___bss__
00000000   ___data__
00000000   ___edata__
00000000   ___end__
00000000   ___text__
00000000   _fputs
00000000   edata
00000000   end
00000001   __TI_args_main
000004f0   _DSK6713_init
000007f0   _DSK6713_rget
00000800   __STACK_SIZE
00000800   __SYSMEM_SIZE
00000804   _DSK6713_rset
00000818   _DSK6713_wait
0000086c   _DSK6713_waitusec
00000898   _DSK6713_getVersion
00000920   _free
00000fa0   _fputc
00000fa0   _putc
00001240   _setvbuf
000014e0   __printfi_minimal
00001720   _malloc
00001960   _memcpy
00001ba0   _HOSTrename
00001dc0   __CSL_init
000021c0   _fseek
00002540   _HOSTlseek
000026a0   __closefile
00002800   _HOSTread
00002940   _TIMER_open
00002a80   _HOSTopen
00002ba0   _HOSTwrite
00002cc0   _TIMER_reset
00002f00   __wrt_ok
00003020   _close
00003140   _memset
00003260   _HOSTclose
00003360   _HOSTunlink
00003460   __auto_init
00003560   _lseek
00003660   _printf
00003760   _write
00003860   __cleanup
00003940   __doflush
00003b00   __strasg
00003be0   _exit
00003e80   __c6xabi_divu
00003e80   __divu
00004000   _copy_in
000041c8   _main
00004240   __IRQ_init
00004380   _readmsg
00004420   _unlink
000044c0   _writemsg
00004538   C$$IO$$
00004560   ___TI_cpp_init
000045e0   _c_int00
00004660   _memccpy
00004740   __args_main
00004780   _CSL6713_LIB_
000047a0   __nop
00004800   C$$EXIT
00004800   _abort
00004820   _remove
00004840   __IRQ_hookFetchPacket
00004860   ___etext__
00004860   __stack
00004860   etext
00005060   __STACK_END
00005060   __sys_memory
00005860   __ftable
00005a40   __tmpnams
00005b80   __ft_end
00005cc8   __IRQ_eventTable
00005d4c   __IRQ_intTable
00005d8c   __IRQ_dispatchTable
00005dbc   __TIMER_deviceTable
00005dd4   __TIMER_hDev0
00005dd8   __TIMER_hDev1
00005ddc   __TIMER_hBios
00005de0   __cleanup_ptr
00005de4   __dtors_ptr
00005de8   ___TI_enable_exit_profile_output
00005dec   __lock
00005df0   __unlock
00005e08   _DSK6713_version
00005e10   ___cinit__
00005e10   cinit
00006124   __CIOBUF_
ffffffff   ___TI_pprof_out_hndl
ffffffff   ___TI_prof_data_size
ffffffff   ___TI_prof_data_start
ffffffff   ___binit__
ffffffff   ___c_args__
ffffffff   ___pinit__
ffffffff   binit
ffffffff   pinit

[102 symbols]
