******************************************************************************
               TMS320C6x Linker PC v7.4.15                     
******************************************************************************
>> Linked Mon Jan 04 21:52:34 2016

OUTPUT FILE NAME:   <160 DSP library and QDMA.out>
ENTRY POINT SYMBOL: "_c_int00"  address: 00003ae0


MEMORY CONFIGURATION

         name            origin    length      used     unused   attr    fill
----------------------  --------  ---------  --------  --------  ----  --------
  VECS                  00000000   00000200  00000200  00000000  RWIX
  IRAM                  00000200   0002fe00  00004728  0002b6d8  RWIX
  L2RAM                 00030000   00010000  00000000  00010000  RWIX
  EMIFCE0               80000000   10000000  00000000  10000000  RWIX
  EMIFCE1               90000000   10000000  00000000  10000000  RWIX
  EMIFCE2               a0000000   10000000  00000000  10000000  RWIX
  EMIFCE3               b0000000   10000000  00000000  10000000  RWIX


SECTION ALLOCATION MAP

 output                                  attributes/
section   page    origin      length       input sections
--------  ----  ----------  ----------   ----------------
.pinit     0    00000200    00000000     UNINITIALIZED

.vecs      0    00000000    00000200     
                  00000000    00000200     vectors_intr.obj (.vecs)

.bss       0    00000200    00000000     UNINITIALIZED

.data      0    00000200    00000000     UNINITIALIZED

.far       0    00000200    00002124     UNINITIALIZED
                  00000200    00001f84     main.obj (.far)
                  00002184    000000f4     csl6713.lib : csl_irq.obj (.far)
                  00002278    00000054                 : csl_edma.obj (.far)
                  000022cc    00000028                 : csl.obj (.far)
                  000022f4    00000024                 : csl_timer.obj (.far)
                  00002318    0000000c     rts6700.lib : exit.obj (.far)

.text      0    00002340    00001b20     
                  00002340    00000360     main.obj (.text)
                  000026a0    00000240     rts6700.lib : memcpy62.obj (.text:_memcpy)
                  000028e0    00000220     csl6713.lib : csl.obj (.text:__CSL_init)
                  00002b00    000001c0                 : csl_irq.obj (.text:_IRQ_map)
                  00002cc0    000001c0                 : csl_irq.obj (.text:_mux2Tables)
                  00002e80    000001c0     dsp67x.lib : DSPF_sp_maxval.obj (.text)
                  00003040    000001c0                : DSPF_sp_minval.obj (.text)
                  00003200    00000160     main.obj (.text:retain)
                  00003360    00000140     csl6713.lib : csl_timer.obj (.text:_TIMER_open)
                  000034a0    00000120                 : csl_timer.obj (.text:_TIMER_reset)
                  000035c0    00000100     rts6700.lib : autoinit.obj (.text:__auto_init)
                  000036c0    000000e0                 : exit.obj (.text:_exit)
                  000037a0    000000c0     csl6713.lib : csl_edma.obj (.text:_EDMA_clearPram)
                  00003860    000000c0     rts6700.lib : cpy_tbl.obj (.text:_copy_in)
                  00003920    000000a0     csl6713.lib : csl_irq.obj (.text:__IRQ_init)
                  000039c0    000000a0                 : csl_irq.obj (.text:_setMux)
                  00003a60    00000080     rts6700.lib : cpp_init.obj (.text:___TI_cpp_init)
                  00003ae0    00000080                 : boot.obj (.text:_c_int00)
                  00003b60    00000060     csl6713.lib : csl_edma.obj (.text:_EDMA_intDisable)
                  00003bc0    00000060                 : csl_edma.obj (.text:_EDMA_intEnable)
                  00003c20    00000060                 : csl_edma.obj (.text:_EDMA_qdmaConfig)
                  00003c80    00000040                 : csl_irq.obj (.text:_IRQ_enable)
                  00003cc0    00000040                 : csl_irq.obj (.text:_IRQ_reset)
                  00003d00    00000040     rts6700.lib : args_main.obj (.text:__args_main)
                  00003d40    00000020     csl6713.lib : csl.obj (.text:_CSL6713_LIB_)
                  00003d60    00000020                 : csl_edma.obj (.text:_EDMA_intClear)
                  00003d80    00000020                 : csl_edma.obj (.text:_EDMA_intTest)
                  00003da0    00000020                 : csl_irq.obj (.text:_IRQ_globalDisable)
                  00003dc0    00000020                 : csl_irq.obj (.text:_IRQ_globalEnable)
                  00003de0    00000020                 : csl_irq.obj (.text:_IRQ_setVecs)
                  00003e00    00000020     rts6700.lib : exit.obj (.text:_abort)
                  00003e20    00000020     csl6713.lib : csl_irq.obj (.text)
                  00003e40    00000020     vectors_intr.obj (.text)

.stack     0    00003e60    00000800     UNINITIALIZED
                  00003e60    00000008     rts6700.lib : boot.obj (.stack)
                  00003e68    000007f8     --HOLE--

.cinit     0    00004660    000002e4     
                  00004660    0000012c     csl6713.lib : csl_irq.obj (.cinit)
                  0000478c    00000004     --HOLE-- [fill = 0]
                  00004790    00000080     main.obj (.cinit)
                  00004810    00000070     csl6713.lib : csl_edma.obj (.cinit)
                  00004880    0000004c                 : csl_timer.obj (.cinit)
                  000048cc    00000004     --HOLE-- [fill = 0]
                  000048d0    0000003c                 : csl.obj (.cinit)
                  0000490c    00000004     --HOLE-- [fill = 0]
                  00004910    0000002c     rts6700.lib : exit.obj (.cinit)
                  0000493c    00000004     --HOLE-- [fill = 0]
                  00004940    00000004     (.pad.cinit) [fill = 0]


GLOBAL SYMBOLS: SORTED ALPHABETICALLY BY Name 

address    name
--------   ----
00000200   $bss
00000200   .bss
00000200   .data
00002340   .text
00003e00   C$$EXIT
00003d40   _CSL6713_LIB_
00002e80   _DSPF_sp_maxval
00003040   _DSPF_sp_minval
000037a0   _EDMA_clearPram
00003d60   _EDMA_intClear
00003b60   _EDMA_intDisable
00003bc0   _EDMA_intEnable
00003d80   _EDMA_intTest
00003c20   _EDMA_qdmaConfig
00002168   _Glo
00003c80   _IRQ_enable
00003da0   _IRQ_globalDisable
00003dc0   _IRQ_globalEnable
00002b00   _IRQ_map
00003cc0   _IRQ_reset
00003de0   _IRQ_setVecs
00003360   _TIMER_open
000034a0   _TIMER_reset
000028e0   __CSL_init
00002270   __IRQ_dispatchTable
000021ac   __IRQ_eventTable
00003e20   __IRQ_hookFetchPacket
00003920   __IRQ_init
00002230   __IRQ_intTable
00004660   __STACK_END
00000800   __STACK_SIZE
000022f4   __TIMER_deviceTable
00002314   __TIMER_hBios
0000230c   __TIMER_hDev0
00002310   __TIMER_hDev1
00000001   __TI_args_main
00003a60   ___TI_cpp_init
00002320   ___TI_enable_exit_profile_output
ffffffff   ___TI_pprof_out_hndl
ffffffff   ___TI_prof_data_size
ffffffff   ___TI_prof_data_start
ffffffff   ___binit__
00000200   ___bss__
ffffffff   ___c_args__
00004660   ___cinit__
00000200   ___data__
00000200   ___edata__
00000200   ___end__
00003e60   ___etext__
ffffffff   ___pinit__
00002340   ___text__
00003d00   __args_main
000035c0   __auto_init
00002318   __cleanup_ptr
0000231c   __dtors_ptr
00003e60   __stack
00003e00   _abort
00003ae0   _c_int00
00003200   _c_int8
0000216c   _cfgQdma
00003860   _copy_in
000036c0   _exit
00002548   _init
00002388   _main
000026a0   _memcpy
0000228c   _tccAllocTable
00000020   _vector1
00000140   _vector10
00000160   _vector11
00000180   _vector12
000001a0   _vector13
000001c0   _vector14
000001e0   _vector15
00000040   _vector2
00000060   _vector3
00000080   _vector4
000000a0   _vector5
000000c0   _vector6
000000e0   _vector7
00000120   _vector9
00000000   _vectors
00000200   _x
000011a0   _y
ffffffff   binit
00004660   cinit
00000200   edata
00000200   end
00003e60   etext
ffffffff   pinit


GLOBAL SYMBOLS: SORTED BY Symbol Address 

address    name
--------   ----
00000000   _vectors
00000001   __TI_args_main
00000020   _vector1
00000040   _vector2
00000060   _vector3
00000080   _vector4
000000a0   _vector5
000000c0   _vector6
000000e0   _vector7
00000120   _vector9
00000140   _vector10
00000160   _vector11
00000180   _vector12
000001a0   _vector13
000001c0   _vector14
000001e0   _vector15
00000200   $bss
00000200   .bss
00000200   .data
00000200   ___bss__
00000200   ___data__
00000200   ___edata__
00000200   ___end__
00000200   _x
00000200   edata
00000200   end
00000800   __STACK_SIZE
000011a0   _y
00002168   _Glo
0000216c   _cfgQdma
000021ac   __IRQ_eventTable
00002230   __IRQ_intTable
00002270   __IRQ_dispatchTable
0000228c   _tccAllocTable
000022f4   __TIMER_deviceTable
0000230c   __TIMER_hDev0
00002310   __TIMER_hDev1
00002314   __TIMER_hBios
00002318   __cleanup_ptr
0000231c   __dtors_ptr
00002320   ___TI_enable_exit_profile_output
00002340   .text
00002340   ___text__
00002388   _main
00002548   _init
000026a0   _memcpy
000028e0   __CSL_init
00002b00   _IRQ_map
00002e80   _DSPF_sp_maxval
00003040   _DSPF_sp_minval
00003200   _c_int8
00003360   _TIMER_open
000034a0   _TIMER_reset
000035c0   __auto_init
000036c0   _exit
000037a0   _EDMA_clearPram
00003860   _copy_in
00003920   __IRQ_init
00003a60   ___TI_cpp_init
00003ae0   _c_int00
00003b60   _EDMA_intDisable
00003bc0   _EDMA_intEnable
00003c20   _EDMA_qdmaConfig
00003c80   _IRQ_enable
00003cc0   _IRQ_reset
00003d00   __args_main
00003d40   _CSL6713_LIB_
00003d60   _EDMA_intClear
00003d80   _EDMA_intTest
00003da0   _IRQ_globalDisable
00003dc0   _IRQ_globalEnable
00003de0   _IRQ_setVecs
00003e00   C$$EXIT
00003e00   _abort
00003e20   __IRQ_hookFetchPacket
00003e60   ___etext__
00003e60   __stack
00003e60   etext
00004660   __STACK_END
00004660   ___cinit__
00004660   cinit
ffffffff   ___TI_pprof_out_hndl
ffffffff   ___TI_prof_data_size
ffffffff   ___TI_prof_data_start
ffffffff   ___binit__
ffffffff   ___c_args__
ffffffff   ___pinit__
ffffffff   binit
ffffffff   pinit

[89 symbols]
