******************************************************************************
               TMS320C6x Linker PC v7.4.15                     
******************************************************************************
>> Linked Tue Sep 22 09:28:40 2015

OUTPUT FILE NAME:   <160 DSP library.out>
ENTRY POINT SYMBOL: "_c_int00"  address: 000018e0


MEMORY CONFIGURATION

         name            origin    length      used     unused   attr    fill
----------------------  --------  ---------  --------  --------  ----  --------
  VECS                  00000000   00000200  00000200  00000000  RWIX
  IRAM                  00000200   0002fe00  00002768  0002d698  RWIX
  L2RAM                 00030000   00010000  00000000  00010000  RWIX
  EMIFCE0               80000000   10000000  00000000  10000000  RWIX
  EMIFCE1               90000000   10000000  00000000  10000000  RWIX
  EMIFCE2               a0000000   10000000  00000000  10000000  RWIX
  EMIFCE3               b0000000   10000000  00000000  10000000  RWIX


SECTION ALLOCATION MAP

 output                                  attributes/
section   page    origin      length       input sections
--------  ----  ----------  ----------   ----------------
.pinit     0    00000200    00000000     UNINITIALIZED

.vecs      0    00000000    00000200     
                  00000000    00000200     vectors_intr.obj (.vecs)

.data      0    00000200    00000000     UNINITIALIZED

.text      0    00000200    00001a60     
                  00000200    000002a0     main.obj (.text)
                  000004a0    00000240     rts6700.lib : memcpy62.obj (.text:_memcpy)
                  000006e0    00000220     csl6713.lib : csl.obj (.text:__CSL_init)
                  00000900    000001c0                 : csl_irq.obj (.text:_IRQ_map)
                  00000ac0    000001c0                 : csl_irq.obj (.text:_mux2Tables)
                  00000c80    000001c0     dsp67x.lib : DSPF_sp_maxval.obj (.text)
                  00000e40    000001c0                : DSPF_sp_minval.obj (.text)
                  00001000    00000160     main.obj (.text:retain)
                  00001160    00000140     csl6713.lib : csl_timer.obj (.text:_TIMER_open)
                  000012a0    00000120                 : csl_timer.obj (.text:_TIMER_reset)
                  000013c0    00000100     rts6700.lib : autoinit.obj (.text:__auto_init)
                  000014c0    000000e0                 : exit.obj (.text:_exit)
                  000015a0    000000c0     csl6713.lib : csl_edma.obj (.text:_EDMA_clearPram)
                  00001660    000000c0     rts6700.lib : cpy_tbl.obj (.text:_copy_in)
                  00001720    000000a0     csl6713.lib : csl_irq.obj (.text:__IRQ_init)
                  000017c0    000000a0                 : csl_irq.obj (.text:_setMux)
                  00001860    00000080     rts6700.lib : cpp_init.obj (.text:___TI_cpp_init)
                  000018e0    00000080                 : boot.obj (.text:_c_int00)
                  00001960    00000060     csl6713.lib : csl_edma.obj (.text:_EDMA_intDisable)
                  000019c0    00000060                 : csl_edma.obj (.text:_EDMA_intEnable)
                  00001a20    00000060                 : csl_edma.obj (.text:_EDMA_qdmaConfig)
                  00001a80    00000040                 : csl_irq.obj (.text:_IRQ_enable)
                  00001ac0    00000040                 : csl_irq.obj (.text:_IRQ_reset)
                  00001b00    00000040     rts6700.lib : args_main.obj (.text:__args_main)
                  00001b40    00000020     csl6713.lib : csl.obj (.text:_CSL6713_LIB_)
                  00001b60    00000020                 : csl_edma.obj (.text:_EDMA_intClear)
                  00001b80    00000020                 : csl_edma.obj (.text:_EDMA_intTest)
                  00001ba0    00000020                 : csl_irq.obj (.text:_IRQ_globalDisable)
                  00001bc0    00000020                 : csl_irq.obj (.text:_IRQ_globalEnable)
                  00001be0    00000020                 : csl_irq.obj (.text:_IRQ_setVecs)
                  00001c00    00000020     rts6700.lib : exit.obj (.text:_abort)
                  00001c20    00000020     csl6713.lib : csl_irq.obj (.text)
                  00001c40    00000020     vectors_intr.obj (.text)

.stack     0    00001c60    00000800     UNINITIALIZED
                  00001c60    00000008     rts6700.lib : boot.obj (.stack)
                  00001c68    000007f8     --HOLE--

.cinit     0    00002460    000002f4     
                  00002460    0000012c     csl6713.lib : csl_irq.obj (.cinit)
                  0000258c    00000004     --HOLE-- [fill = 0]
                  00002590    00000090     main.obj (.cinit)
                  00002620    00000070     csl6713.lib : csl_edma.obj (.cinit)
                  00002690    0000004c                 : csl_timer.obj (.cinit)
                  000026dc    00000004     --HOLE-- [fill = 0]
                  000026e0    0000003c                 : csl.obj (.cinit)
                  0000271c    00000004     --HOLE-- [fill = 0]
                  00002720    0000002c     rts6700.lib : exit.obj (.cinit)
                  0000274c    00000004     --HOLE-- [fill = 0]
                  00002750    00000004     (.pad.cinit) [fill = 0]

.bss       0    00002754    00000004     UNINITIALIZED
                  00002754    00000004     main.obj (.bss)

.far       0    00002760    00000210     UNINITIALIZED
                  00002760    000000f4     csl6713.lib : csl_irq.obj (.far)
                  00002854    0000000c     rts6700.lib : exit.obj (.far)
                  00002860    00000070     main.obj (.far)
                  000028d0    00000054     csl6713.lib : csl_edma.obj (.far)
                  00002924    00000028                 : csl.obj (.far)
                  0000294c    00000024                 : csl_timer.obj (.far)


GLOBAL SYMBOLS: SORTED ALPHABETICALLY BY Name 

address    name
--------   ----
00002754   $bss
00002754   .bss
00000200   .data
00000200   .text
00001c00   C$$EXIT
00001b40   _CSL6713_LIB_
00000c80   _DSPF_sp_maxval
00000e40   _DSPF_sp_minval
00002754   _DoneFlag
000015a0   _EDMA_clearPram
00001b60   _EDMA_intClear
00001960   _EDMA_intDisable
000019c0   _EDMA_intEnable
00001b80   _EDMA_intTest
00001a20   _EDMA_qdmaConfig
00001a80   _IRQ_enable
00001ba0   _IRQ_globalDisable
00001bc0   _IRQ_globalEnable
00000900   _IRQ_map
00001ac0   _IRQ_reset
00001be0   _IRQ_setVecs
00001160   _TIMER_open
000012a0   _TIMER_reset
000006e0   __CSL_init
0000284c   __IRQ_dispatchTable
00002788   __IRQ_eventTable
00001c20   __IRQ_hookFetchPacket
00001720   __IRQ_init
0000280c   __IRQ_intTable
00002460   __STACK_END
00000800   __STACK_SIZE
0000294c   __TIMER_deviceTable
0000296c   __TIMER_hBios
00002964   __TIMER_hDev0
00002968   __TIMER_hDev1
00000001   __TI_args_main
00001860   ___TI_cpp_init
0000285c   ___TI_enable_exit_profile_output
ffffffff   ___TI_pprof_out_hndl
ffffffff   ___TI_prof_data_size
ffffffff   ___TI_prof_data_start
ffffffff   ___binit__
00002754   ___bss__
ffffffff   ___c_args__
00002460   ___cinit__
00000200   ___data__
00000200   ___edata__
00002758   ___end__
00001c60   ___etext__
ffffffff   ___pinit__
00000200   ___text__
00001b00   __args_main
000013c0   __auto_init
00002854   __cleanup_ptr
00002858   __dtors_ptr
00001c60   __stack
00001c00   _abort
000018e0   _c_int00
00001000   _c_int8
000028b8   _cfgQdma
00001660   _copy_in
000014c0   _exit
0000035c   _init
00000248   _main
000004a0   _memcpy
000028e4   _tccAllocTable
00000020   _vector1
00000140   _vector10
00000160   _vector11
00000180   _vector12
000001a0   _vector13
000001c0   _vector14
000001e0   _vector15
00000040   _vector2
00000060   _vector3
00000080   _vector4
000000a0   _vector5
000000c0   _vector6
000000e0   _vector7
00000120   _vector9
00000000   _vectors
00002860   _x
00002890   _y
ffffffff   binit
00002460   cinit
00000200   edata
00002758   end
00001c60   etext
ffffffff   pinit


GLOBAL SYMBOLS: SORTED BY Symbol Address 

address    name
--------   ----
00000000   _vectors
00000001   __TI_args_main
00000020   _vector1
00000040   _vector2
00000060   _vector3
00000080   _vector4
000000a0   _vector5
000000c0   _vector6
000000e0   _vector7
00000120   _vector9
00000140   _vector10
00000160   _vector11
00000180   _vector12
000001a0   _vector13
000001c0   _vector14
000001e0   _vector15
00000200   .data
00000200   .text
00000200   ___data__
00000200   ___edata__
00000200   ___text__
00000200   edata
00000248   _main
0000035c   _init
000004a0   _memcpy
000006e0   __CSL_init
00000800   __STACK_SIZE
00000900   _IRQ_map
00000c80   _DSPF_sp_maxval
00000e40   _DSPF_sp_minval
00001000   _c_int8
00001160   _TIMER_open
000012a0   _TIMER_reset
000013c0   __auto_init
000014c0   _exit
000015a0   _EDMA_clearPram
00001660   _copy_in
00001720   __IRQ_init
00001860   ___TI_cpp_init
000018e0   _c_int00
00001960   _EDMA_intDisable
000019c0   _EDMA_intEnable
00001a20   _EDMA_qdmaConfig
00001a80   _IRQ_enable
00001ac0   _IRQ_reset
00001b00   __args_main
00001b40   _CSL6713_LIB_
00001b60   _EDMA_intClear
00001b80   _EDMA_intTest
00001ba0   _IRQ_globalDisable
00001bc0   _IRQ_globalEnable
00001be0   _IRQ_setVecs
00001c00   C$$EXIT
00001c00   _abort
00001c20   __IRQ_hookFetchPacket
00001c60   ___etext__
00001c60   __stack
00001c60   etext
00002460   __STACK_END
00002460   ___cinit__
00002460   cinit
00002754   $bss
00002754   .bss
00002754   _DoneFlag
00002754   ___bss__
00002758   ___end__
00002758   end
00002788   __IRQ_eventTable
0000280c   __IRQ_intTable
0000284c   __IRQ_dispatchTable
00002854   __cleanup_ptr
00002858   __dtors_ptr
0000285c   ___TI_enable_exit_profile_output
00002860   _x
00002890   _y
000028b8   _cfgQdma
000028e4   _tccAllocTable
0000294c   __TIMER_deviceTable
00002964   __TIMER_hDev0
00002968   __TIMER_hDev1
0000296c   __TIMER_hBios
ffffffff   ___TI_pprof_out_hndl
ffffffff   ___TI_prof_data_size
ffffffff   ___TI_prof_data_start
ffffffff   ___binit__
ffffffff   ___c_args__
ffffffff   ___pinit__
ffffffff   binit
ffffffff   pinit

[89 symbols]
