******************************************************************************
               TMS320C6x Linker PC v7.4.7                      
******************************************************************************
>> Linked Wed Sep 04 10:33:02 2019

OUTPUT FILE NAME:   <190 DSP library and QDMA.out>
ENTRY POINT SYMBOL: "_c_int00"  address: 00001940


MEMORY CONFIGURATION

         name            origin    length      used     unused   attr    fill
----------------------  --------  ---------  --------  --------  ----  --------
  VECS                  00000000   00000200  00000200  00000000  RWIX
  IRAM                  00000200   0002fe00  00002aa8  0002d358  RWIX
  L2RAM                 00030000   00010000  00000000  00010000  RWIX
  EMIFCE0               80000000   10000000  00000000  10000000  RWIX
  EMIFCE1               90000000   10000000  00000000  10000000  RWIX
  EMIFCE2               a0000000   10000000  00000000  10000000  RWIX
  EMIFCE3               b0000000   10000000  00000000  10000000  RWIX


SECTION ALLOCATION MAP

 output                                  attributes/
section   page    origin      length       input sections
--------  ----  ----------  ----------   ----------------
.vecs      0    00000000    00000200     
                  00000000    00000200     vectors_intr.obj (.vecs)

.pinit     0    00000200    00000000     UNINITIALIZED

$BRID      0    00000000    000001d4     COPY SECTION
                  00000000    00000014     csl6713.lib : csl.obj ($BRID)
                  00000014    000000e8                 : csl_edma.obj ($BRID)
                  000000fc    00000078                 : csl_irq.obj ($BRID)
                  00000174    00000060                 : csl_timer.obj ($BRID)

.text      0    00000200    00001ac0     
                  00000200    00000360     main.obj (.text)
                  00000560    00000240     rts6700.lib : memcpy62.obj (.text:_memcpy)
                  000007a0    000001c0     csl6713.lib : csl.obj (.text:__CSL_init)
                  00000960    000001c0     dsp67x.lib : DSPF_sp_maxval.obj (.text)
                  00000b20    000001c0                : DSPF_sp_minval.obj (.text)
                  00000ce0    000001a0     csl6713.lib : csl_irq.obj (.text:_IRQ_map)
                  00000e80    00000160                 : csl_timer.obj (.text:_TIMER_open)
                  00000fe0    00000160     main.obj (.text:retain)
                  00001140    00000120     csl6713.lib : csl_timer.obj (.text:_TIMER_reset)
                  00001260    00000120                 : csl_irq.obj (.text:_mux2Tables)
                  00001380    00000100     rts6700.lib : autoinit.obj (.text:__auto_init)
                  00001480    000000e0                 : exit.obj (.text:_exit)
                  00001560    000000c0     csl6713.lib : csl_edma.obj (.text:_EDMA_clearPram)
                  00001620    000000c0     rts6700.lib : cpy_tbl.obj (.text:_copy_in)
                  000016e0    000000c0     csl6713.lib : csl_irq.obj (.text:_getMux)
                  000017a0    000000a0                 : csl_irq.obj (.text:_setMux)
                  00001840    00000080                 : csl_irq.obj (.text:__IRQ_init)
                  000018c0    00000080     rts6700.lib : cpp_init.obj (.text:___TI_cpp_init)
                  00001940    00000080                 : boot.obj (.text:_c_int00)
                  000019c0    00000060     csl6713.lib : csl_edma.obj (.text:_EDMA_intDisable)
                  00001a20    00000060                 : csl_edma.obj (.text:_EDMA_intEnable)
                  00001a80    00000060                 : csl_edma.obj (.text:_EDMA_qdmaConfig)
                  00001ae0    00000040                 : csl_irq.obj (.text:_IRQ_enable)
                  00001b20    00000040                 : csl_irq.obj (.text:_IRQ_reset)
                  00001b60    00000040     rts6700.lib : args_main.obj (.text:__args_main)
                  00001ba0    00000020     csl6713.lib : csl.obj (.text:_CSL6713_LIB_)
                  00001bc0    00000020                 : csl_edma.obj (.text:_EDMA_intClear)
                  00001be0    00000020                 : csl_edma.obj (.text:_EDMA_intTest)
                  00001c00    00000020                 : csl_irq.obj (.text:_IRQ_globalDisable)
                  00001c20    00000020                 : csl_irq.obj (.text:_IRQ_globalEnable)
                  00001c40    00000020                 : csl_irq.obj (.text:_IRQ_setVecs)
                  00001c60    00000020     rts6700.lib : exit.obj (.text:_abort)
                  00001c80    00000020     csl6713.lib : csl_irq.obj (.text)
                  00001ca0    00000020     vectors_intr.obj (.text)

.bss       0    00000200    00000000     UNINITIALIZED

.data      0    00000200    00000000     UNINITIALIZED

.stack     0    00001cc0    00000800     UNINITIALIZED
                  00001cc0    00000008     rts6700.lib : boot.obj (.stack)
                  00001cc8    000007f8     --HOLE--

.far       0    000024c0    00000504     UNINITIALIZED
                  000024c0    00000364     main.obj (.far)
                  00002824    000000f4     csl6713.lib : csl_irq.obj (.far)
                  00002918    00000054                 : csl_edma.obj (.far)
                  0000296c    00000028                 : csl.obj (.far)
                  00002994    00000024                 : csl_timer.obj (.far)
                  000029b8    0000000c     rts6700.lib : exit.obj (.far)

.cinit     0    000029c8    000002e4     
                  000029c8    0000012c     csl6713.lib : csl_irq.obj (.cinit)
                  00002af4    00000004     --HOLE-- [fill = 0]
                  00002af8    00000080     main.obj (.cinit)
                  00002b78    00000070     csl6713.lib : csl_edma.obj (.cinit)
                  00002be8    0000004c                 : csl_timer.obj (.cinit)
                  00002c34    00000004     --HOLE-- [fill = 0]
                  00002c38    0000003c                 : csl.obj (.cinit)
                  00002c74    00000004     --HOLE-- [fill = 0]
                  00002c78    0000002c     rts6700.lib : exit.obj (.cinit)
                  00002ca4    00000004     --HOLE-- [fill = 0]
                  00002ca8    00000004     (.pad.cinit) [fill = 0]


GLOBAL SYMBOLS: SORTED ALPHABETICALLY BY Name 

address    name
--------   ----
00000200   $bss
00000200   .bss
00000200   .data
00000200   .text
00001c60   C$$EXIT
00001ba0   _CSL6713_LIB_
00000960   _DSPF_sp_maxval
00000b20   _DSPF_sp_minval
00001560   _EDMA_clearPram
00001bc0   _EDMA_intClear
000019c0   _EDMA_intDisable
00001a20   _EDMA_intEnable
00001be0   _EDMA_intTest
00001a80   _EDMA_qdmaConfig
00002808   _Glo
00001ae0   _IRQ_enable
00001c00   _IRQ_globalDisable
00001c20   _IRQ_globalEnable
00000ce0   _IRQ_map
00001b20   _IRQ_reset
00001c40   _IRQ_setVecs
00000e80   _TIMER_open
00001140   _TIMER_reset
000007a0   __CSL_init
00002910   __IRQ_dispatchTable
0000284c   __IRQ_eventTable
00001c80   __IRQ_hookFetchPacket
00001840   __IRQ_init
000028d0   __IRQ_intTable
000024c0   __STACK_END
00000800   __STACK_SIZE
00002994   __TIMER_deviceTable
000029b4   __TIMER_hBios
000029ac   __TIMER_hDev0
000029b0   __TIMER_hDev1
00000001   __TI_args_main
000018c0   ___TI_cpp_init
000029c0   ___TI_enable_exit_profile_output
ffffffff   ___TI_pprof_out_hndl
ffffffff   ___TI_prof_data_size
ffffffff   ___TI_prof_data_start
ffffffff   ___binit__
00000200   ___bss__
ffffffff   ___c_args__
000029c8   ___cinit__
00000200   ___data__
00000200   ___edata__
00000200   ___end__
00001cc0   ___etext__
ffffffff   ___pinit__
00000200   ___text__
00001b60   __args_main
00001380   __auto_init
000029b8   __cleanup_ptr
000029bc   __dtors_ptr
00001cc0   __stack
00001c60   _abort
00001940   _c_int00
00000fe0   _c_int8
0000280c   _cfgQdma
00001620   _copy_in
00001480   _exit
00000408   _init
00000248   _main
00000560   _memcpy
0000292c   _tccAllocTable
00000020   _vector1
00000140   _vector10
00000160   _vector11
00000180   _vector12
000001a0   _vector13
000001c0   _vector14
000001e0   _vector15
00000040   _vector2
00000060   _vector3
00000080   _vector4
000000a0   _vector5
000000c0   _vector6
000000e0   _vector7
00000120   _vector9
00000000   _vectors
000024c0   _x
00002650   _y
ffffffff   binit
000029c8   cinit
00000200   edata
00000200   end
00001cc0   etext
ffffffff   pinit


GLOBAL SYMBOLS: SORTED BY Symbol Address 

address    name
--------   ----
00000000   _vectors
00000001   __TI_args_main
00000020   _vector1
00000040   _vector2
00000060   _vector3
00000080   _vector4
000000a0   _vector5
000000c0   _vector6
000000e0   _vector7
00000120   _vector9
00000140   _vector10
00000160   _vector11
00000180   _vector12
000001a0   _vector13
000001c0   _vector14
000001e0   _vector15
00000200   $bss
00000200   .bss
00000200   .data
00000200   .text
00000200   ___bss__
00000200   ___data__
00000200   ___edata__
00000200   ___end__
00000200   ___text__
00000200   edata
00000200   end
00000248   _main
00000408   _init
00000560   _memcpy
000007a0   __CSL_init
00000800   __STACK_SIZE
00000960   _DSPF_sp_maxval
00000b20   _DSPF_sp_minval
00000ce0   _IRQ_map
00000e80   _TIMER_open
00000fe0   _c_int8
00001140   _TIMER_reset
00001380   __auto_init
00001480   _exit
00001560   _EDMA_clearPram
00001620   _copy_in
00001840   __IRQ_init
000018c0   ___TI_cpp_init
00001940   _c_int00
000019c0   _EDMA_intDisable
00001a20   _EDMA_intEnable
00001a80   _EDMA_qdmaConfig
00001ae0   _IRQ_enable
00001b20   _IRQ_reset
00001b60   __args_main
00001ba0   _CSL6713_LIB_
00001bc0   _EDMA_intClear
00001be0   _EDMA_intTest
00001c00   _IRQ_globalDisable
00001c20   _IRQ_globalEnable
00001c40   _IRQ_setVecs
00001c60   C$$EXIT
00001c60   _abort
00001c80   __IRQ_hookFetchPacket
00001cc0   ___etext__
00001cc0   __stack
00001cc0   etext
000024c0   __STACK_END
000024c0   _x
00002650   _y
00002808   _Glo
0000280c   _cfgQdma
0000284c   __IRQ_eventTable
000028d0   __IRQ_intTable
00002910   __IRQ_dispatchTable
0000292c   _tccAllocTable
00002994   __TIMER_deviceTable
000029ac   __TIMER_hDev0
000029b0   __TIMER_hDev1
000029b4   __TIMER_hBios
000029b8   __cleanup_ptr
000029bc   __dtors_ptr
000029c0   ___TI_enable_exit_profile_output
000029c8   ___cinit__
000029c8   cinit
ffffffff   ___TI_pprof_out_hndl
ffffffff   ___TI_prof_data_size
ffffffff   ___TI_prof_data_start
ffffffff   ___binit__
ffffffff   ___c_args__
ffffffff   ___pinit__
ffffffff   binit
ffffffff   pinit

[89 symbols]
