<?xml version="1.0"?>
<link_info>
   <banner>TMS320C6x Linker PC v7.4.15</banner>
   <copyright>Copyright (c) 1996-2015 Texas Instruments Incorporated</copyright>
   <link_time>0x564e5a5e</link_time>
   <output_file>220 IDL self test.out</output_file>
   <entry_point>
      <name>_c_int00</name>
      <address>0x8980</address>
   </entry_point>
   <input_file_list>
      <input_file id="fl-2">
         <path>.\</path>
         <kind>object</kind>
         <file>idlecfg.obj</file>
         <name>idlecfg.obj</name>
      </input_file>
      <input_file id="fl-3">
         <path>.\</path>
         <kind>object</kind>
         <file>idlecfg_c.obj</file>
         <name>idlecfg_c.obj</name>
      </input_file>
      <input_file id="fl-4">
         <path>.\</path>
         <kind>object</kind>
         <file>main.obj</file>
         <name>main.obj</name>
      </input_file>
      <input_file id="fl-89">
         <path>D:\Program Files\ti\bios_5_42_01_09\packages\ti\bios\lib\</path>
         <kind>archive</kind>
         <file>biosC6000.a67</file>
         <name>clk_htime.o67</name>
      </input_file>
      <input_file id="fl-8a">
         <path>D:\Program Files\ti\bios_5_42_01_09\packages\ti\bios\lib\</path>
         <kind>archive</kind>
         <file>bios.a67</file>
         <name>biosdata.o67</name>
      </input_file>
      <input_file id="fl-8b">
         <path>D:\Program Files\ti\bios_5_42_01_09\packages\ti\bios\lib\</path>
         <kind>archive</kind>
         <file>bios.a67</file>
         <name>hwi_disp_asm.o67</name>
      </input_file>
      <input_file id="fl-8c">
         <path>D:\Program Files\ti\bios_5_42_01_09\packages\ti\bios\lib\</path>
         <kind>archive</kind>
         <file>bios.a67</file>
         <name>idl_stub.o67</name>
      </input_file>
      <input_file id="fl-8d">
         <path>D:\Program Files\ti\bios_5_42_01_09\packages\ti\bios\lib\</path>
         <kind>archive</kind>
         <file>lnkrtdx.a67</file>
         <name>rtdx.o67</name>
      </input_file>
      <input_file id="fl-8e">
         <path>D:\Program Files\ti\bios_5_42_01_09\packages\ti\bios\lib\</path>
         <kind>archive</kind>
         <file>bios.a67</file>
         <name>swi.o67</name>
      </input_file>
      <input_file id="fl-8f">
         <path>D:\Program Files\ti\bios_5_42_01_09\packages\ti\bios\lib\</path>
         <kind>archive</kind>
         <file>bios.a67</file>
         <name>fxn_c.o67</name>
      </input_file>
      <input_file id="fl-90">
         <path>D:\Program Files\ti\bios_5_42_01_09\packages\ti\bios\lib\</path>
         <kind>archive</kind>
         <file>bios.a67</file>
         <name>knl_tick.o67</name>
      </input_file>
      <input_file id="fl-91">
         <path>D:\Program Files\ti\bios_5_42_01_09\packages\ti\bios\lib\</path>
         <kind>archive</kind>
         <file>bios.a67</file>
         <name>utl_doab.o67</name>
      </input_file>
      <input_file id="fl-92">
         <path>D:\Program Files\ti\bios_5_42_01_09\packages\ti\bios\lib\</path>
         <kind>archive</kind>
         <file>bios.a67</file>
         <name>utl_doer.o67</name>
      </input_file>
      <input_file id="fl-93">
         <path>D:\Program Files\ti\bios_5_42_01_09\packages\ti\bios\lib\</path>
         <kind>archive</kind>
         <file>bios.a67</file>
         <name>utl_putc.o67</name>
      </input_file>
      <input_file id="fl-94">
         <path>D:\Program Files\ti\bios_5_42_01_09\packages\ti\bios\lib\</path>
         <kind>archive</kind>
         <file>bios.a67</file>
         <name>utl_halt.o67</name>
      </input_file>
      <input_file id="fl-95">
         <path>D:\Program Files\ti\bios_5_42_01_09\packages\ti\bios\lib\</path>
         <kind>archive</kind>
         <file>biosC6000.a67</file>
         <name>clk.o67</name>
      </input_file>
      <input_file id="fl-96">
         <path>D:\Program Files\ti\bios_5_42_01_09\packages\ti\bios\lib\</path>
         <kind>archive</kind>
         <file>bios.a67</file>
         <name>fxn.o67</name>
      </input_file>
      <input_file id="fl-97">
         <path>D:\Program Files\ti\bios_5_42_01_09\packages\ti\bios\lib\</path>
         <kind>archive</kind>
         <file>bios.a67</file>
         <name>boot.o67</name>
      </input_file>
      <input_file id="fl-98">
         <path>D:\Program Files\ti\bios_5_42_01_09\packages\ti\bios\lib\</path>
         <kind>archive</kind>
         <file>bios.a67</file>
         <name>trc.o67</name>
      </input_file>
      <input_file id="fl-99">
         <path>D:\Program Files\ti\bios_5_42_01_09\packages\ti\bios\lib\</path>
         <kind>archive</kind>
         <file>bios.a67</file>
         <name>hwi.o67</name>
      </input_file>
      <input_file id="fl-9a">
         <path>D:\Program Files\ti\bios_5_42_01_09\packages\ti\bios\lib\</path>
         <kind>archive</kind>
         <file>bios.a67</file>
         <name>idl_busy.o67</name>
      </input_file>
      <input_file id="fl-9b">
         <path>D:\Program Files\ti\bios_5_42_01_09\packages\ti\bios\lib\</path>
         <kind>archive</kind>
         <file>biosC6000.a67</file>
         <name>idl_cal.o67</name>
      </input_file>
      <input_file id="fl-9c">
         <path>D:\Program Files\ti\bios_5_42_01_09\packages\ti\bios\lib\</path>
         <kind>archive</kind>
         <file>bios.a67</file>
         <name>idl.o67</name>
      </input_file>
      <input_file id="fl-9d">
         <path>D:\Program Files\ti\bios_5_42_01_09\packages\ti\bios\lib\</path>
         <kind>archive</kind>
         <file>bios.a67</file>
         <name>knl_swit.o67</name>
      </input_file>
      <input_file id="fl-9e">
         <path>D:\Program Files\ti\bios_5_42_01_09\packages\ti\bios\lib\</path>
         <kind>archive</kind>
         <file>bios.a67</file>
         <name>log.o67</name>
      </input_file>
      <input_file id="fl-9f">
         <path>D:\Program Files\ti\bios_5_42_01_09\packages\ti\bios\lib\</path>
         <kind>archive</kind>
         <file>bios.a67</file>
         <name>pip.o67</name>
      </input_file>
      <input_file id="fl-a0">
         <path>D:\Program Files\ti\bios_5_42_01_09\packages\ti\bios\lib\</path>
         <kind>archive</kind>
         <file>bios.a67</file>
         <name>prd.o67</name>
      </input_file>
      <input_file id="fl-a1">
         <path>D:\Program Files\ti\bios_5_42_01_09\packages\ti\bios\lib\</path>
         <kind>archive</kind>
         <file>bios.a67</file>
         <name>rta.o67</name>
      </input_file>
      <input_file id="fl-a2">
         <path>D:\Program Files\ti\bios_5_42_01_09\packages\ti\bios\lib\</path>
         <kind>archive</kind>
         <file>bios.a67</file>
         <name>rta_andn.o67</name>
      </input_file>
      <input_file id="fl-a3">
         <path>D:\Program Files\ti\bios_5_42_01_09\packages\ti\bios\lib\</path>
         <kind>archive</kind>
         <file>bios.a67</file>
         <name>sts.o67</name>
      </input_file>
      <input_file id="fl-a4">
         <path>D:\Program Files\ti\bios_5_42_01_09\packages\ti\bios\lib\</path>
         <kind>archive</kind>
         <file>bios.a67</file>
         <name>clk_data.o67</name>
      </input_file>
      <input_file id="fl-a5">
         <path>D:\Program Files\ti\bios_5_42_01_09\packages\ti\bios\lib\</path>
         <kind>archive</kind>
         <file>bios.a67</file>
         <name>clk_data2.o67</name>
      </input_file>
      <input_file id="fl-a6">
         <path>D:\Program Files\ti\bios_5_42_01_09\packages\ti\bios\lib\</path>
         <kind>archive</kind>
         <file>biosC6000.a67</file>
         <name>clk_meas.o67</name>
      </input_file>
      <input_file id="fl-a7">
         <path>D:\Program Files\ti\bios_5_42_01_09\packages\ti\bios\lib\</path>
         <kind>archive</kind>
         <file>biosC6000.a67</file>
         <name>clk_start.o67</name>
      </input_file>
      <input_file id="fl-a8">
         <path>D:\Program Files\ti\bios_5_42_01_09\packages\ti\bios\lib\</path>
         <kind>archive</kind>
         <file>biosC6000.a67</file>
         <name>clk_stop.o67</name>
      </input_file>
      <input_file id="fl-a9">
         <path>D:\Program Files\ti\C6xCSL\lib_3x\</path>
         <kind>archive</kind>
         <file>csl6713.lib</file>
         <name>csl.obj</name>
      </input_file>
      <input_file id="fl-aa">
         <path>D:\Program Files\ti\DSK6713\c6000\dsk6713\lib\</path>
         <kind>archive</kind>
         <file>dsk6713bsl.lib</file>
         <name>dsk6713_dip.obj</name>
      </input_file>
      <input_file id="fl-ab">
         <path>D:\Program Files\ti\DSK6713\c6000\dsk6713\lib\</path>
         <kind>archive</kind>
         <file>dsk6713bsl.lib</file>
         <name>dsk6713_led.obj</name>
      </input_file>
      <input_file id="fl-ac">
         <path>D:\Program Files\ti\DSK6713\c6000\dsk6713\lib\</path>
         <kind>archive</kind>
         <file>dsk6713bsl.lib</file>
         <name>dsk6713.obj</name>
      </input_file>
      <input_file id="fl-ad">
         <path>D:\Program Files\ti\bios_5_42_01_09\packages\ti\bios\lib\</path>
         <kind>archive</kind>
         <file>bios.a67</file>
         <name>gbl_cslcacheinit.o67</name>
      </input_file>
      <input_file id="fl-ae">
         <path>D:\Program Files\ti\bios_5_42_01_09\packages\ti\bios\lib\</path>
         <kind>archive</kind>
         <file>bios.a67</file>
         <name>gbl_vers.o67</name>
      </input_file>
      <input_file id="fl-af">
         <path>D:\Program Files\ti\bios_5_42_01_09\packages\ti\bios\lib\</path>
         <kind>archive</kind>
         <file>bios.a67</file>
         <name>gbl_cslpllinit62.o67</name>
      </input_file>
      <input_file id="fl-b0">
         <path>D:\Program Files\ti\bios_5_42_01_09\packages\ti\bios\lib\</path>
         <kind>archive</kind>
         <file>bios.a67</file>
         <name>hwi_c.o67</name>
      </input_file>
      <input_file id="fl-b1">
         <path>D:\Program Files\ti\bios_5_42_01_09\packages\ti\bios\lib\</path>
         <kind>archive</kind>
         <file>bios.a67</file>
         <name>knl.o67</name>
      </input_file>
      <input_file id="fl-b2">
         <path>D:\Program Files\ti\bios_5_42_01_09\packages\ti\bios\lib\</path>
         <kind>archive</kind>
         <file>bios.a67</file>
         <name>knl_exit.o67</name>
      </input_file>
      <input_file id="fl-b3">
         <path>D:\Program Files\ti\bios_5_42_01_09\packages\ti\bios\lib\</path>
         <kind>archive</kind>
         <file>bios.a67</file>
         <name>knl_chec.o67</name>
      </input_file>
      <input_file id="fl-b4">
         <path>D:\Program Files\ti\bios_5_42_01_09\packages\ti\bios\lib\</path>
         <kind>archive</kind>
         <file>bios.a67</file>
         <name>knl_post.o67</name>
      </input_file>
      <input_file id="fl-b5">
         <path>D:\Program Files\ti\bios_5_42_01_09\packages\ti\bios\lib\</path>
         <kind>archive</kind>
         <file>bios.a67</file>
         <name>knl_ipos.o67</name>
      </input_file>
      <input_file id="fl-b6">
         <path>D:\Program Files\ti\bios_5_42_01_09\packages\ti\bios\lib\</path>
         <kind>archive</kind>
         <file>bios.a67</file>
         <name>knl_run.o67</name>
      </input_file>
      <input_file id="fl-b7">
         <path>D:\Program Files\ti\bios_5_42_01_09\packages\ti\bios\lib\</path>
         <kind>archive</kind>
         <file>bios.a67</file>
         <name>obj_init.o67</name>
      </input_file>
      <input_file id="fl-b8">
         <path>D:\Program Files\ti\bios_5_42_01_09\packages\ti\rtdx\lib\c6000\</path>
         <kind>archive</kind>
         <file>rtdx.lib</file>
         <name>buffer2.o62</name>
      </input_file>
      <input_file id="fl-b9">
         <path>D:\Program Files\ti\bios_5_42_01_09\packages\ti\rtdx\lib\c6000\</path>
         <kind>archive</kind>
         <file>rtdx.lib</file>
         <name>buffer1.o62</name>
      </input_file>
      <input_file id="fl-ba">
         <path>D:\Program Files\ti\bios_5_42_01_09\packages\ti\rtdx\lib\c6000\</path>
         <kind>archive</kind>
         <file>rtdx.lib</file>
         <name>intr_tgt.o62</name>
      </input_file>
      <input_file id="fl-bb">
         <path>D:\Program Files\ti\bios_5_42_01_09\packages\ti\rtdx\lib\c6000\</path>
         <kind>archive</kind>
         <file>rtdx.lib</file>
         <name>rtdx_mon.o62</name>
      </input_file>
      <input_file id="fl-bc">
         <path>D:\Program Files\ti\bios_5_42_01_09\packages\ti\bios\lib\</path>
         <kind>archive</kind>
         <file>bios.a67</file>
         <name>sem_pend_binary.o67</name>
      </input_file>
      <input_file id="fl-bd">
         <path>D:\Program Files\ti\bios_5_42_01_09\packages\ti\bios\lib\</path>
         <kind>archive</kind>
         <file>bios.a67</file>
         <name>sem_pend.o67</name>
      </input_file>
      <input_file id="fl-be">
         <path>D:\Program Files\ti\bios_5_42_01_09\packages\ti\bios\lib\</path>
         <kind>archive</kind>
         <file>bios.a67</file>
         <name>sem_post_asm.o67</name>
      </input_file>
      <input_file id="fl-bf">
         <path>D:\Program Files\ti\bios_5_42_01_09\packages\ti\bios\lib\</path>
         <kind>archive</kind>
         <file>bios.a67</file>
         <name>sem_post.o67</name>
      </input_file>
      <input_file id="fl-c0">
         <path>D:\Program Files\ti\bios_5_42_01_09\packages\ti\bios\lib\</path>
         <kind>archive</kind>
         <file>bios.a67</file>
         <name>sts_set.o67</name>
      </input_file>
      <input_file id="fl-c1">
         <path>D:\Program Files\ti\C6xCSL\lib_3x\</path>
         <kind>archive</kind>
         <file>csl6713.lib</file>
         <name>csl_timer.obj</name>
      </input_file>
      <input_file id="fl-c2">
         <path>D:\Program Files\ti\bios_5_42_01_09\packages\ti\bios\lib\</path>
         <kind>archive</kind>
         <file>bios.a67</file>
         <name>tsk.o67</name>
      </input_file>
      <input_file id="fl-c3">
         <path>D:\Program Files\ti\bios_5_42_01_09\packages\ti\bios\lib\</path>
         <kind>archive</kind>
         <file>bios.a67</file>
         <name>tsk_exit.o67</name>
      </input_file>
      <input_file id="fl-c4">
         <path>D:\Program Files\ti\bios_5_42_01_09\packages\ti\bios\lib\</path>
         <kind>archive</kind>
         <file>bios.a67</file>
         <name>sys_exit.o67</name>
      </input_file>
      <input_file id="fl-c5">
         <path>D:\Program Files\ti\bios_5_42_01_09\packages\ti\bios\lib\</path>
         <kind>archive</kind>
         <file>bios.a67</file>
         <name>sys.o67</name>
      </input_file>
      <input_file id="fl-c6">
         <path>D:\Program Files\ti\bios_5_42_01_09\packages\ti\bios\lib\</path>
         <kind>archive</kind>
         <file>bios.a67</file>
         <name>tsk_init.o67</name>
      </input_file>
      <input_file id="fl-c7">
         <path>D:\Program Files\ti\bios_5_42_01_09\packages\ti\bios\lib\</path>
         <kind>archive</kind>
         <file>bios.a67</file>
         <name>tsk_setu.o67</name>
      </input_file>
      <input_file id="fl-c8">
         <path>D:\Program Files\ti\bios_5_42_01_09\packages\ti\bios\lib\</path>
         <kind>archive</kind>
         <file>bios.a67</file>
         <name>tsk_stup.o67</name>
      </input_file>
      <input_file id="fl-c9">
         <path>D:\Program Files\ti\bios_5_42_01_09\packages\ti\bios\lib\</path>
         <kind>archive</kind>
         <file>bios.a67</file>
         <name>lck.o67</name>
      </input_file>
      <input_file id="fl-ca">
         <path>D:\Program Files\ti\bios_5_42_01_09\packages\ti\bios\lib\</path>
         <kind>archive</kind>
         <file>bios.a67</file>
         <name>sem_pend_counting.o67</name>
      </input_file>
      <input_file id="fl-cb">
         <path>D:\Program Files\ti\bios_5_42_01_09\packages\ti\bios\lib\</path>
         <kind>archive</kind>
         <file>bios.a67</file>
         <name>sys_abor.o67</name>
      </input_file>
      <input_file id="fl-cc">
         <path>D:\Program Files\ti\bios_5_42_01_09\packages\ti\bios\lib\</path>
         <kind>archive</kind>
         <file>bios.a67</file>
         <name>gbl_setL2CacheMode.o67</name>
      </input_file>
      <input_file id="fl-cd">
         <path>D:\Program Files\ti\C6xCSL\lib_3x\</path>
         <kind>archive</kind>
         <file>csl6713.lib</file>
         <name>csl_irq.obj</name>
      </input_file>
      <input_file id="fl-ce">
         <path>D:\Program Files\ti\bios_5_42_01_09\packages\ti\bios\lib\</path>
         <kind>archive</kind>
         <file>bios.a67</file>
         <name>sem_dopo.o67</name>
      </input_file>
      <input_file id="fl-cf">
         <path>D:\Program Files\ti\bios_5_42_01_09\packages\ti\bios\lib\</path>
         <kind>archive</kind>
         <file>bios.a67</file>
         <name>autoinit.o67</name>
      </input_file>
      <input_file id="fl-d0">
         <path>D:\Program Files\ti\ccsv6\tools\compiler\c6000_7.4.15\lib\</path>
         <kind>archive</kind>
         <file>rts6700.lib</file>
         <name>_lock.obj</name>
      </input_file>
      <input_file id="fl-d1">
         <path>D:\Program Files\ti\ccsv6\tools\compiler\c6000_7.4.15\lib\</path>
         <kind>archive</kind>
         <file>rts6700.lib</file>
         <name>strasg.obj</name>
      </input_file>
      <input_file id="fl-d2">
         <path>D:\Program Files\ti\ccsv6\tools\compiler\c6000_7.4.15\lib\</path>
         <kind>archive</kind>
         <file>rts6700.lib</file>
         <name>atexit.obj</name>
      </input_file>
      <input_file id="fl-d3">
         <path>D:\Program Files\ti\ccsv6\tools\compiler\c6000_7.4.15\lib\</path>
         <kind>archive</kind>
         <file>rts6700.lib</file>
         <name>sinit.obj</name>
      </input_file>
      <input_file id="fl-d4">
         <path>D:\Program Files\ti\ccsv6\tools\compiler\c6000_7.4.15\lib\</path>
         <kind>archive</kind>
         <file>rts6700.lib</file>
         <name>exit.obj</name>
      </input_file>
      <input_file id="fl-d5">
         <path>D:\Program Files\ti\ccsv6\tools\compiler\c6000_7.4.15\lib\</path>
         <kind>archive</kind>
         <file>rts6700.lib</file>
         <name>memcpy62.obj</name>
      </input_file>
   </input_file_list>
   <object_component_list>
      <object_component id="oc-63">
         <name>.vers</name>
         <load_address>0x0</load_address>
         <run_address>0x0</run_address>
         <size>0x3c</size>
         <input_file_ref idref="fl-2"/>
      </object_component>
      <object_component id="oc-50">
         <name>.clk</name>
         <uninitialized>true</uninitialized>
         <run_address>0xa268</run_address>
         <size>0x8</size>
         <input_file_ref idref="fl-2"/>
      </object_component>
      <object_component id="oc-51">
         <name>.prd</name>
         <uninitialized>true</uninitialized>
         <run_address>0xa1e4</run_address>
         <size>0x20</size>
         <input_file_ref idref="fl-2"/>
      </object_component>
      <object_component id="oc-7">
         <name>HWI_A_VECS</name>
         <load_address>0x0</load_address>
         <run_address>0x0</run_address>
         <size>0x0</size>
      </object_component>
      <object_component id="oc-58">
         <name>.hwi_vec</name>
         <load_address>0x0</load_address>
         <run_address>0x0</run_address>
         <size>0x200</size>
         <input_file_ref idref="fl-2"/>
      </object_component>
      <object_component id="oc-59">
         <name>.swi</name>
         <uninitialized>true</uninitialized>
         <run_address>0xa0d8</run_address>
         <size>0x58</size>
         <input_file_ref idref="fl-2"/>
      </object_component>
      <object_component id="oc-5a">
         <name>.tsk</name>
         <uninitialized>true</uninitialized>
         <run_address>0x9f00</run_address>
         <size>0xc0</size>
         <input_file_ref idref="fl-2"/>
      </object_component>
      <object_component id="oc-5e">
         <name>.idl</name>
         <uninitialized>true</uninitialized>
         <run_address>0x6eac</run_address>
         <size>0x14</size>
         <input_file_ref idref="fl-2"/>
      </object_component>
      <object_component id="oc-5d">
         <name>.idlcal</name>
         <uninitialized>true</uninitialized>
         <run_address>0xa21c</run_address>
         <size>0x14</size>
         <input_file_ref idref="fl-2"/>
      </object_component>
      <object_component id="oc-4b">
         <name>.bss</name>
         <uninitialized>true</uninitialized>
         <run_address>0x99a8</run_address>
         <size>0x18</size>
         <input_file_ref idref="fl-2"/>
      </object_component>
      <object_component id="oc-71">
         <name>.bss</name>
         <uninitialized>true</uninitialized>
         <run_address>0x97e0</run_address>
         <size>0xcc</size>
         <input_file_ref idref="fl-8a"/>
      </object_component>
      <object_component id="oc-73">
         <name>.bss</name>
         <uninitialized>true</uninitialized>
         <run_address>0x96e0</run_address>
         <size>0x100</size>
         <input_file_ref idref="fl-8b"/>
      </object_component>
      <object_component id="oc-7a">
         <name>.bss</name>
         <uninitialized>true</uninitialized>
         <run_address>0x99c0</run_address>
         <size>0x18</size>
         <input_file_ref idref="fl-8d"/>
      </object_component>
      <object_component id="oc-80">
         <name>.bss</name>
         <uninitialized>true</uninitialized>
         <run_address>0x98ac</run_address>
         <size>0x9c</size>
         <input_file_ref idref="fl-8e"/>
      </object_component>
      <object_component id="oc-ab">
         <name>.bss</name>
         <uninitialized>true</uninitialized>
         <run_address>0x9990</run_address>
         <size>0x18</size>
         <input_file_ref idref="fl-99"/>
      </object_component>
      <object_component id="oc-ad">
         <name>.bss</name>
         <uninitialized>true</uninitialized>
         <run_address>0x9a0c</run_address>
         <size>0x4</size>
         <input_file_ref idref="fl-9a"/>
      </object_component>
      <object_component id="oc-d9">
         <name>.bss</name>
         <uninitialized>true</uninitialized>
         <run_address>0x99f4</run_address>
         <size>0x8</size>
         <input_file_ref idref="fl-a4"/>
      </object_component>
      <object_component id="oc-dc">
         <name>.bss</name>
         <uninitialized>true</uninitialized>
         <run_address>0x9a04</run_address>
         <size>0x4</size>
         <input_file_ref idref="fl-a5"/>
      </object_component>
      <object_component id="oc-10f">
         <name>.bss</name>
         <uninitialized>true</uninitialized>
         <run_address>0x9948</run_address>
         <size>0x48</size>
         <input_file_ref idref="fl-b1"/>
      </object_component>
      <object_component id="oc-131">
         <name>.bss</name>
         <uninitialized>true</uninitialized>
         <run_address>0x99d8</run_address>
         <size>0x10</size>
         <input_file_ref idref="fl-b9"/>
      </object_component>
      <object_component id="oc-15a">
         <name>.bss</name>
         <uninitialized>true</uninitialized>
         <run_address>0x99e8</run_address>
         <size>0xc</size>
         <input_file_ref idref="fl-c2"/>
      </object_component>
      <object_component id="oc-168">
         <name>.bss</name>
         <uninitialized>true</uninitialized>
         <run_address>0x99fc</run_address>
         <size>0x8</size>
         <input_file_ref idref="fl-c5"/>
      </object_component>
      <object_component id="oc-189">
         <name>.bss</name>
         <uninitialized>true</uninitialized>
         <run_address>0x9a08</run_address>
         <size>0x4</size>
         <input_file_ref idref="fl-cc"/>
      </object_component>
      <object_component id="oc-6a">
         <name>.far</name>
         <uninitialized>true</uninitialized>
         <run_address>0x8220</run_address>
         <size>0x18</size>
         <input_file_ref idref="fl-4"/>
      </object_component>
      <object_component id="oc-8a">
         <name>.far</name>
         <uninitialized>true</uninitialized>
         <run_address>0x8238</run_address>
         <size>0x10</size>
         <input_file_ref idref="fl-90"/>
      </object_component>
      <object_component id="oc-97">
         <name>.far</name>
         <uninitialized>true</uninitialized>
         <run_address>0x8248</run_address>
         <size>0xc</size>
         <input_file_ref idref="fl-93"/>
      </object_component>
      <object_component id="oc-ec">
         <name>.far</name>
         <uninitialized>true</uninitialized>
         <run_address>0x81b4</run_address>
         <size>0x28</size>
         <input_file_ref idref="fl-a9"/>
      </object_component>
      <object_component id="oc-f5">
         <name>.far</name>
         <uninitialized>true</uninitialized>
         <run_address>0x826e</run_address>
         <size>0x2</size>
         <input_file_ref idref="fl-ab"/>
      </object_component>
      <object_component id="oc-fa">
         <name>.far</name>
         <uninitialized>true</uninitialized>
         <run_address>0x826c</run_address>
         <size>0x2</size>
         <input_file_ref idref="fl-ac"/>
      </object_component>
      <object_component id="oc-112">
         <name>.far</name>
         <uninitialized>true</uninitialized>
         <run_address>0x7fdc</run_address>
         <size>0xd8</size>
         <input_file_ref idref="fl-b1"/>
      </object_component>
      <object_component id="oc-12a">
         <name>.far</name>
         <uninitialized>true</uninitialized>
         <run_address>0x8110</run_address>
         <size>0x54</size>
         <input_file_ref idref="fl-b7"/>
      </object_component>
      <object_component id="oc-156">
         <name>.far</name>
         <uninitialized>true</uninitialized>
         <run_address>0x81dc</run_address>
         <size>0x24</size>
         <input_file_ref idref="fl-c1"/>
      </object_component>
      <object_component id="oc-15d">
         <name>.far</name>
         <uninitialized>true</uninitialized>
         <run_address>0x80b4</run_address>
         <size>0x5c</size>
         <input_file_ref idref="fl-c2"/>
      </object_component>
      <object_component id="oc-16b">
         <name>.far</name>
         <uninitialized>true</uninitialized>
         <run_address>0x8200</run_address>
         <size>0x20</size>
         <input_file_ref idref="fl-c5"/>
      </object_component>
      <object_component id="oc-178">
         <name>.far</name>
         <uninitialized>true</uninitialized>
         <run_address>0x8164</run_address>
         <size>0x50</size>
         <input_file_ref idref="fl-c8"/>
      </object_component>
      <object_component id="oc-191">
         <name>.far</name>
         <uninitialized>true</uninitialized>
         <run_address>0x7ee8</run_address>
         <size>0xf4</size>
         <input_file_ref idref="fl-cd"/>
      </object_component>
      <object_component id="oc-19f">
         <name>.far</name>
         <uninitialized>true</uninitialized>
         <run_address>0x8260</run_address>
         <size>0x8</size>
         <input_file_ref idref="fl-d0"/>
      </object_component>
      <object_component id="oc-1a7">
         <name>.far</name>
         <uninitialized>true</uninitialized>
         <run_address>0x7d60</run_address>
         <size>0x188</size>
         <input_file_ref idref="fl-d2"/>
      </object_component>
      <object_component id="oc-1ac">
         <name>.far</name>
         <uninitialized>true</uninitialized>
         <run_address>0x8268</run_address>
         <size>0x4</size>
         <input_file_ref idref="fl-d3"/>
      </object_component>
      <object_component id="oc-1b1">
         <name>.far</name>
         <uninitialized>true</uninitialized>
         <run_address>0x8254</run_address>
         <size>0xc</size>
         <input_file_ref idref="fl-d4"/>
      </object_component>
      <object_component id="oc-61">
         <name>.sem</name>
         <uninitialized>true</uninitialized>
         <run_address>0xa1b8</run_address>
         <size>0x2c</size>
         <input_file_ref idref="fl-2"/>
      </object_component>
      <object_component id="oc-7c">
         <name>.bios</name>
         <load_address>0x200</load_address>
         <run_address>0x200</run_address>
         <size>0x600</size>
         <input_file_ref idref="fl-8d"/>
      </object_component>
      <object_component id="oc-18c">
         <name>.bios</name>
         <load_address>0x800</load_address>
         <run_address>0x800</run_address>
         <size>0x5e0</size>
         <input_file_ref idref="fl-cc"/>
      </object_component>
      <object_component id="oc-43">
         <name>.bios</name>
         <load_address>0xde0</load_address>
         <run_address>0xde0</run_address>
         <size>0x540</size>
         <input_file_ref idref="fl-8e"/>
      </object_component>
      <object_component id="oc-44">
         <name>.bios</name>
         <load_address>0x1320</load_address>
         <run_address>0x1320</run_address>
         <size>0x460</size>
         <input_file_ref idref="fl-8b"/>
      </object_component>
      <object_component id="oc-c8">
         <name>.bios</name>
         <load_address>0x1780</load_address>
         <run_address>0x1780</run_address>
         <size>0x3a0</size>
         <input_file_ref idref="fl-a0"/>
      </object_component>
      <object_component id="oc-125">
         <name>.bios</name>
         <load_address>0x1b20</load_address>
         <run_address>0x1b20</run_address>
         <size>0x2c0</size>
         <input_file_ref idref="fl-b6"/>
      </object_component>
      <object_component id="oc-cd">
         <name>.bios</name>
         <load_address>0x1de0</load_address>
         <run_address>0x1de0</run_address>
         <size>0x2c0</size>
         <input_file_ref idref="fl-a1"/>
      </object_component>
      <object_component id="oc-146">
         <name>.bios</name>
         <load_address>0x20a0</load_address>
         <run_address>0x20a0</run_address>
         <size>0x2c0</size>
         <input_file_ref idref="fl-bd"/>
      </object_component>
      <object_component id="oc-47">
         <name>.bios</name>
         <load_address>0x2360</load_address>
         <run_address>0x2360</run_address>
         <size>0x260</size>
         <input_file_ref idref="fl-90"/>
      </object_component>
      <object_component id="oc-c4">
         <name>.bios</name>
         <load_address>0x25c0</load_address>
         <run_address>0x25c0</run_address>
         <size>0x240</size>
         <input_file_ref idref="fl-9f"/>
      </object_component>
      <object_component id="oc-196">
         <name>.bios</name>
         <load_address>0x2800</load_address>
         <run_address>0x2800</run_address>
         <size>0x220</size>
         <input_file_ref idref="fl-ce"/>
      </object_component>
      <object_component id="oc-172">
         <name>.bios</name>
         <load_address>0x2a20</load_address>
         <run_address>0x2a20</run_address>
         <size>0x200</size>
         <input_file_ref idref="fl-c7"/>
      </object_component>
      <object_component id="oc-bc">
         <name>.bios</name>
         <load_address>0x2c20</load_address>
         <run_address>0x2c20</run_address>
         <size>0x1c0</size>
         <input_file_ref idref="fl-9d"/>
      </object_component>
      <object_component id="oc-9d">
         <name>.bios</name>
         <load_address>0x2de0</load_address>
         <run_address>0x2de0</run_address>
         <size>0x1c0</size>
         <input_file_ref idref="fl-95"/>
      </object_component>
      <object_component id="oc-161">
         <name>.bios</name>
         <load_address>0x2fa0</load_address>
         <run_address>0x2fa0</run_address>
         <size>0x1a0</size>
         <input_file_ref idref="fl-c3"/>
      </object_component>
      <object_component id="oc-19a">
         <name>.bios</name>
         <load_address>0x3140</load_address>
         <run_address>0x3140</run_address>
         <size>0x180</size>
         <input_file_ref idref="fl-cf"/>
      </object_component>
      <object_component id="oc-179">
         <name>.bios</name>
         <load_address>0x32c0</load_address>
         <run_address>0x32c0</run_address>
         <size>0x180</size>
         <input_file_ref idref="fl-c8"/>
      </object_component>
      <object_component id="oc-118">
         <name>.bios</name>
         <load_address>0x3440</load_address>
         <run_address>0x3440</run_address>
         <size>0x140</size>
         <input_file_ref idref="fl-b3"/>
      </object_component>
      <object_component id="oc-100">
         <name>.bios</name>
         <load_address>0x3580</load_address>
         <run_address>0x3580</run_address>
         <size>0xe0</size>
         <input_file_ref idref="fl-ad"/>
      </object_component>
      <object_component id="oc-115">
         <name>.bios</name>
         <load_address>0x3660</load_address>
         <run_address>0x3660</run_address>
         <size>0xe0</size>
         <input_file_ref idref="fl-b2"/>
      </object_component>
      <object_component id="oc-14e">
         <name>.bios</name>
         <load_address>0x3740</load_address>
         <run_address>0x3740</run_address>
         <size>0xe0</size>
         <input_file_ref idref="fl-bf"/>
      </object_component>
      <object_component id="oc-149">
         <name>.bios</name>
         <load_address>0x3820</load_address>
         <run_address>0x3820</run_address>
         <size>0xe0</size>
         <input_file_ref idref="fl-be"/>
      </object_component>
      <object_component id="oc-df">
         <name>.bios</name>
         <load_address>0x3900</load_address>
         <run_address>0x3900</run_address>
         <size>0xe0</size>
         <input_file_ref idref="fl-a6"/>
      </object_component>
      <object_component id="oc-121">
         <name>.bios</name>
         <load_address>0x39e0</load_address>
         <run_address>0x39e0</run_address>
         <size>0xc0</size>
         <input_file_ref idref="fl-b5"/>
      </object_component>
      <object_component id="oc-11d">
         <name>.bios</name>
         <load_address>0x3aa0</load_address>
         <run_address>0x3aa0</run_address>
         <size>0xc0</size>
         <input_file_ref idref="fl-b4"/>
      </object_component>
      <object_component id="oc-17e">
         <name>.bios</name>
         <load_address>0x3b60</load_address>
         <run_address>0x3b60</run_address>
         <size>0xc0</size>
         <input_file_ref idref="fl-c9"/>
      </object_component>
      <object_component id="oc-165">
         <name>.bios</name>
         <load_address>0x3c20</load_address>
         <run_address>0x3c20</run_address>
         <size>0xc0</size>
         <input_file_ref idref="fl-c4"/>
      </object_component>
      <object_component id="oc-45">
         <name>.bios</name>
         <load_address>0x3ce0</load_address>
         <run_address>0x3ce0</run_address>
         <size>0xc0</size>
         <input_file_ref idref="fl-89"/>
      </object_component>
      <object_component id="oc-a1">
         <name>.bios</name>
         <load_address>0x3da0</load_address>
         <run_address>0x3da0</run_address>
         <size>0x80</size>
         <input_file_ref idref="fl-96"/>
      </object_component>
      <object_component id="oc-af">
         <name>.bios</name>
         <load_address>0x3e20</load_address>
         <run_address>0x3e20</run_address>
         <size>0x80</size>
         <input_file_ref idref="fl-9a"/>
      </object_component>
      <object_component id="oc-c0">
         <name>.bios</name>
         <load_address>0x3ea0</load_address>
         <run_address>0x3ea0</run_address>
         <size>0x80</size>
         <input_file_ref idref="fl-9e"/>
      </object_component>
      <object_component id="oc-d5">
         <name>.bios</name>
         <load_address>0x3f20</load_address>
         <run_address>0x3f20</run_address>
         <size>0x80</size>
         <input_file_ref idref="fl-a3"/>
      </object_component>
      <object_component id="oc-b3">
         <name>.bios</name>
         <load_address>0x3fa0</load_address>
         <run_address>0x3fa0</run_address>
         <size>0x80</size>
         <input_file_ref idref="fl-9b"/>
      </object_component>
      <object_component id="oc-10b">
         <name>.bios</name>
         <load_address>0x4020</load_address>
         <run_address>0x4020</run_address>
         <size>0x60</size>
         <input_file_ref idref="fl-b0"/>
      </object_component>
      <object_component id="oc-141">
         <name>.bios</name>
         <load_address>0x4080</load_address>
         <run_address>0x4080</run_address>
         <size>0x60</size>
         <input_file_ref idref="fl-bc"/>
      </object_component>
      <object_component id="oc-181">
         <name>.bios</name>
         <load_address>0x40e0</load_address>
         <run_address>0x40e0</run_address>
         <size>0x60</size>
         <input_file_ref idref="fl-ca"/>
      </object_component>
      <object_component id="oc-186">
         <name>.bios</name>
         <load_address>0x4140</load_address>
         <run_address>0x4140</run_address>
         <size>0x60</size>
         <input_file_ref idref="fl-cb"/>
      </object_component>
      <object_component id="oc-46">
         <name>.bios</name>
         <load_address>0x41a0</load_address>
         <run_address>0x41a0</run_address>
         <size>0x60</size>
         <input_file_ref idref="fl-93"/>
      </object_component>
      <object_component id="oc-e3">
         <name>.bios</name>
         <load_address>0x4200</load_address>
         <run_address>0x4200</run_address>
         <size>0x60</size>
         <input_file_ref idref="fl-a7"/>
      </object_component>
      <object_component id="oc-41">
         <name>.bios</name>
         <load_address>0x4260</load_address>
         <run_address>0x4260</run_address>
         <size>0x40</size>
         <input_file_ref idref="fl-8c"/>
      </object_component>
      <object_component id="oc-d1">
         <name>.bios</name>
         <load_address>0x42a0</load_address>
         <run_address>0x42a0</run_address>
         <size>0x40</size>
         <input_file_ref idref="fl-a2"/>
      </object_component>
      <object_component id="oc-3f">
         <name>.bios</name>
         <load_address>0x42e0</load_address>
         <run_address>0x42e0</run_address>
         <size>0x40</size>
         <input_file_ref idref="fl-91"/>
      </object_component>
      <object_component id="oc-e7">
         <name>.bios</name>
         <load_address>0x4320</load_address>
         <run_address>0x4320</run_address>
         <size>0x40</size>
         <input_file_ref idref="fl-a8"/>
      </object_component>
      <object_component id="oc-4a">
         <name>.bios</name>
         <load_address>0x4360</load_address>
         <run_address>0x4360</run_address>
         <size>0x20</size>
         <input_file_ref idref="fl-8f"/>
      </object_component>
      <object_component id="oc-103">
         <name>.bios</name>
         <load_address>0x4380</load_address>
         <run_address>0x4380</run_address>
         <size>0x20</size>
         <input_file_ref idref="fl-ae"/>
      </object_component>
      <object_component id="oc-b7">
         <name>.bios</name>
         <load_address>0x43a0</load_address>
         <run_address>0x43a0</run_address>
         <size>0x20</size>
         <input_file_ref idref="fl-9c"/>
      </object_component>
      <object_component id="oc-151">
         <name>.bios</name>
         <load_address>0x43c0</load_address>
         <run_address>0x43c0</run_address>
         <size>0x20</size>
         <input_file_ref idref="fl-c0"/>
      </object_component>
      <object_component id="oc-49">
         <name>.bios</name>
         <load_address>0x43e0</load_address>
         <run_address>0x43e0</run_address>
         <size>0x20</size>
         <input_file_ref idref="fl-92"/>
      </object_component>
      <object_component id="oc-48">
         <name>.bios</name>
         <load_address>0x4400</load_address>
         <run_address>0x4400</run_address>
         <size>0x20</size>
         <input_file_ref idref="fl-94"/>
      </object_component>
      <object_component id="oc-135">
         <name>.pinit</name>
         <load_address>0xa250</load_address>
         <run_address>0xa250</run_address>
         <size>0x4</size>
         <input_file_ref idref="fl-b9"/>
      </object_component>
      <object_component id="oc-13e">
         <name>.pinit</name>
         <load_address>0xa254</load_address>
         <run_address>0xa254</run_address>
         <size>0x4</size>
         <input_file_ref idref="fl-bb"/>
      </object_component>
      <object_component id="oc-4f">
         <name>.sys</name>
         <uninitialized>true</uninitialized>
         <run_address>0xa240</run_address>
         <size>0x10</size>
         <input_file_ref idref="fl-2"/>
      </object_component>
      <object_component id="oc-f9">
         <name>.text</name>
         <load_address>0x4420</load_address>
         <run_address>0x4420</run_address>
         <size>0x480</size>
         <input_file_ref idref="fl-ac"/>
      </object_component>
      <object_component id="oc-40">
         <name>.text</name>
         <load_address>0x48a0</load_address>
         <run_address>0x48a0</run_address>
         <size>0x320</size>
         <input_file_ref idref="fl-4"/>
      </object_component>
      <object_component id="oc-1c1">
         <name>.text:_memcpy</name>
         <load_address>0x4bc0</load_address>
         <run_address>0x4bc0</run_address>
         <size>0x240</size>
         <input_file_ref idref="fl-d5"/>
      </object_component>
      <object_component id="oc-1b8">
         <name>.text:__CSL_init</name>
         <load_address>0x4e00</load_address>
         <run_address>0x4e00</run_address>
         <size>0x220</size>
         <input_file_ref idref="fl-a9"/>
      </object_component>
      <object_component id="oc-f4">
         <name>.text</name>
         <load_address>0x5020</load_address>
         <run_address>0x5020</run_address>
         <size>0x1e0</size>
         <input_file_ref idref="fl-ab"/>
      </object_component>
      <object_component id="oc-1cb">
         <name>.text:_mux2Tables</name>
         <load_address>0x5200</load_address>
         <run_address>0x5200</run_address>
         <size>0x1c0</size>
         <input_file_ref idref="fl-cd"/>
      </object_component>
      <object_component id="oc-107">
         <name>.text</name>
         <load_address>0x53c0</load_address>
         <run_address>0x53c0</run_address>
         <size>0x180</size>
         <input_file_ref idref="fl-af"/>
      </object_component>
      <object_component id="oc-1d2">
         <name>.text:_call_dtors</name>
         <load_address>0x5540</load_address>
         <run_address>0x5540</run_address>
         <size>0x160</size>
         <input_file_ref idref="fl-d3"/>
      </object_component>
      <object_component id="oc-1c4">
         <name>.text:_TIMER_open</name>
         <load_address>0x56a0</load_address>
         <run_address>0x56a0</run_address>
         <size>0x140</size>
         <input_file_ref idref="fl-c1"/>
      </object_component>
      <object_component id="oc-1cc">
         <name>.text:_TIMER_reset</name>
         <load_address>0x57e0</load_address>
         <run_address>0x57e0</run_address>
         <size>0x120</size>
         <input_file_ref idref="fl-c1"/>
      </object_component>
      <object_component id="oc-1bc">
         <name>.text:__strasg</name>
         <load_address>0x5900</load_address>
         <run_address>0x5900</run_address>
         <size>0xe0</size>
         <input_file_ref idref="fl-d1"/>
      </object_component>
      <object_component id="oc-1c9">
         <name>.text:_atexit</name>
         <load_address>0x59e0</load_address>
         <run_address>0x59e0</run_address>
         <size>0xe0</size>
         <input_file_ref idref="fl-d2"/>
      </object_component>
      <object_component id="oc-175">
         <name>.text</name>
         <load_address>0x5ac0</load_address>
         <run_address>0x5ac0</run_address>
         <size>0xc0</size>
         <input_file_ref idref="fl-c8"/>
      </object_component>
      <object_component id="oc-1c3">
         <name>.text:__IRQ_init</name>
         <load_address>0x5b80</load_address>
         <run_address>0x5b80</run_address>
         <size>0xa0</size>
         <input_file_ref idref="fl-cd"/>
      </object_component>
      <object_component id="oc-f0">
         <name>.text</name>
         <load_address>0x5c20</load_address>
         <run_address>0x5c20</run_address>
         <size>0x80</size>
         <input_file_ref idref="fl-aa"/>
      </object_component>
      <object_component id="oc-1d1">
         <name>.text:___add_dtor</name>
         <load_address>0x5ca0</load_address>
         <run_address>0x5ca0</run_address>
         <size>0x40</size>
         <input_file_ref idref="fl-d3"/>
      </object_component>
      <object_component id="oc-1b7">
         <name>.text:_CSL6713_LIB_</name>
         <load_address>0x5ce0</load_address>
         <run_address>0x5ce0</run_address>
         <size>0x20</size>
         <input_file_ref idref="fl-a9"/>
      </object_component>
      <object_component id="oc-1c2">
         <name>.text:__nop</name>
         <load_address>0x5d00</load_address>
         <run_address>0x5d00</run_address>
         <size>0x20</size>
         <input_file_ref idref="fl-d0"/>
      </object_component>
      <object_component id="oc-1bf">
         <name>.text:__register_lock</name>
         <load_address>0x5d20</load_address>
         <run_address>0x5d20</run_address>
         <size>0x20</size>
         <input_file_ref idref="fl-d0"/>
      </object_component>
      <object_component id="oc-1c0">
         <name>.text:__register_unlock</name>
         <load_address>0x5d40</load_address>
         <run_address>0x5d40</run_address>
         <size>0x20</size>
         <input_file_ref idref="fl-d0"/>
      </object_component>
      <object_component id="oc-18f">
         <name>.text</name>
         <load_address>0x5d60</load_address>
         <run_address>0x5d60</run_address>
         <size>0x20</size>
         <input_file_ref idref="fl-cd"/>
      </object_component>
      <object_component id="oc-4d">
         <name>.cinit</name>
         <load_address>0x5d80</load_address>
         <run_address>0x5d80</run_address>
         <size>0x744</size>
         <input_file_ref idref="fl-2"/>
      </object_component>
      <object_component id="oc-72">
         <name>.cinit</name>
         <load_address>0x64c8</load_address>
         <run_address>0x64c8</run_address>
         <size>0x26c</size>
         <input_file_ref idref="fl-8a"/>
      </object_component>
      <object_component id="oc-111">
         <name>.cinit</name>
         <load_address>0x6738</load_address>
         <run_address>0x6738</run_address>
         <size>0x1a4</size>
         <input_file_ref idref="fl-b1"/>
      </object_component>
      <object_component id="oc-190">
         <name>.cinit</name>
         <load_address>0x68e0</load_address>
         <run_address>0x68e0</run_address>
         <size>0x12c</size>
         <input_file_ref idref="fl-cd"/>
      </object_component>
      <object_component id="oc-81">
         <name>.cinit</name>
         <load_address>0x6a10</load_address>
         <run_address>0x6a10</run_address>
         <size>0xb0</size>
         <input_file_ref idref="fl-8e"/>
      </object_component>
      <object_component id="oc-15c">
         <name>.cinit</name>
         <load_address>0x6ac0</load_address>
         <run_address>0x6ac0</run_address>
         <size>0x80</size>
         <input_file_ref idref="fl-c2"/>
      </object_component>
      <object_component id="oc-177">
         <name>.cinit</name>
         <load_address>0x6b40</load_address>
         <run_address>0x6b40</run_address>
         <size>0x60</size>
         <input_file_ref idref="fl-c8"/>
      </object_component>
      <object_component id="oc-7b">
         <name>.cinit</name>
         <load_address>0x6ba0</load_address>
         <run_address>0x6ba0</run_address>
         <size>0x5c</size>
         <input_file_ref idref="fl-8d"/>
      </object_component>
      <object_component id="oc-cc">
         <name>.cinit</name>
         <load_address>0x6c00</load_address>
         <run_address>0x6c00</run_address>
         <size>0x4c</size>
         <input_file_ref idref="fl-a1"/>
      </object_component>
      <object_component id="oc-155">
         <name>.cinit</name>
         <load_address>0x6c50</load_address>
         <run_address>0x6c50</run_address>
         <size>0x4c</size>
         <input_file_ref idref="fl-c1"/>
      </object_component>
      <object_component id="oc-133">
         <name>.cinit</name>
         <load_address>0x6ca0</load_address>
         <run_address>0x6ca0</run_address>
         <size>0x4c</size>
         <input_file_ref idref="fl-b9"/>
      </object_component>
      <object_component id="oc-eb">
         <name>.cinit</name>
         <load_address>0x6cf0</load_address>
         <run_address>0x6cf0</run_address>
         <size>0x3c</size>
         <input_file_ref idref="fl-a9"/>
      </object_component>
      <object_component id="oc-ac">
         <name>.cinit</name>
         <load_address>0x6d30</load_address>
         <run_address>0x6d30</run_address>
         <size>0x34</size>
         <input_file_ref idref="fl-99"/>
      </object_component>
      <object_component id="oc-96">
         <name>.cinit</name>
         <load_address>0x6d68</load_address>
         <run_address>0x6d68</run_address>
         <size>0x2c</size>
         <input_file_ref idref="fl-93"/>
      </object_component>
      <object_component id="oc-1b0">
         <name>.cinit</name>
         <load_address>0x6d98</load_address>
         <run_address>0x6d98</run_address>
         <size>0x2c</size>
         <input_file_ref idref="fl-d4"/>
      </object_component>
      <object_component id="oc-129">
         <name>.cinit</name>
         <load_address>0x6dc8</load_address>
         <run_address>0x6dc8</run_address>
         <size>0x24</size>
         <input_file_ref idref="fl-b7"/>
      </object_component>
      <object_component id="oc-16a">
         <name>.cinit</name>
         <load_address>0x6df0</load_address>
         <run_address>0x6df0</run_address>
         <size>0x1c</size>
         <input_file_ref idref="fl-c5"/>
      </object_component>
      <object_component id="oc-19e">
         <name>.cinit</name>
         <load_address>0x6e10</load_address>
         <run_address>0x6e10</run_address>
         <size>0x1c</size>
         <input_file_ref idref="fl-d0"/>
      </object_component>
      <object_component id="oc-1a6">
         <name>.cinit</name>
         <load_address>0x6e30</load_address>
         <run_address>0x6e30</run_address>
         <size>0x1c</size>
         <input_file_ref idref="fl-d2"/>
      </object_component>
      <object_component id="oc-89">
         <name>.cinit</name>
         <load_address>0x6e50</load_address>
         <run_address>0x6e50</run_address>
         <size>0x18</size>
         <input_file_ref idref="fl-90"/>
      </object_component>
      <object_component id="oc-18b">
         <name>.cinit</name>
         <load_address>0x6e68</load_address>
         <run_address>0x6e68</run_address>
         <size>0xc</size>
         <input_file_ref idref="fl-cc"/>
      </object_component>
      <object_component id="oc-ae">
         <name>.cinit</name>
         <load_address>0x6e78</load_address>
         <run_address>0x6e78</run_address>
         <size>0xc</size>
         <input_file_ref idref="fl-9a"/>
      </object_component>
      <object_component id="oc-bb">
         <name>.cinit</name>
         <load_address>0x6e88</load_address>
         <run_address>0x6e88</run_address>
         <size>0xc</size>
         <input_file_ref idref="fl-9d"/>
      </object_component>
      <object_component id="oc-1ab">
         <name>.cinit</name>
         <load_address>0x6e98</load_address>
         <run_address>0x6e98</run_address>
         <size>0xc</size>
         <input_file_ref idref="fl-d3"/>
      </object_component>
      <object_component id="oc-1c6">
         <name>.switch</name>
         <load_address>0x9cd8</load_address>
         <run_address>0x9cd8</run_address>
         <size>0x28</size>
         <input_file_ref idref="fl-bb"/>
      </object_component>
      <object_component id="oc-4c">
         <name>.gblinit</name>
         <load_address>0xa130</load_address>
         <run_address>0xa130</run_address>
         <size>0x4c</size>
         <input_file_ref idref="fl-2"/>
      </object_component>
      <object_component id="oc-62">
         <name>.sysinit</name>
         <load_address>0x86c0</load_address>
         <run_address>0x86c0</run_address>
         <size>0x2c0</size>
         <input_file_ref idref="fl-2"/>
      </object_component>
      <object_component id="oc-42">
         <name>.sysinit</name>
         <load_address>0x8980</load_address>
         <run_address>0x8980</run_address>
         <size>0xc0</size>
         <input_file_ref idref="fl-97"/>
      </object_component>
      <object_component id="oc-16e">
         <name>.sysinit</name>
         <load_address>0x8a40</load_address>
         <run_address>0x8a40</run_address>
         <size>0x80</size>
         <input_file_ref idref="fl-c6"/>
      </object_component>
      <object_component id="oc-12b">
         <name>.sysinit</name>
         <load_address>0x8ac0</load_address>
         <run_address>0x8ac0</run_address>
         <size>0x20</size>
         <input_file_ref idref="fl-b7"/>
      </object_component>
      <object_component id="oc-aa">
         <name>.trcdata</name>
         <load_address>0xa25c</load_address>
         <run_address>0xa25c</run_address>
         <size>0xc</size>
         <input_file_ref idref="fl-98"/>
      </object_component>
      <object_component id="oc-4e">
         <name>.rtdx_data</name>
         <uninitialized>true</uninitialized>
         <run_address>0x8270</run_address>
         <size>0x410</size>
         <input_file_ref idref="fl-2"/>
      </object_component>
      <object_component id="oc-134">
         <name>.rtdx_data</name>
         <uninitialized>true</uninitialized>
         <run_address>0x8680</run_address>
         <size>0x20</size>
         <input_file_ref idref="fl-b9"/>
      </object_component>
      <object_component id="oc-13d">
         <name>.rtdx_data</name>
         <uninitialized>true</uninitialized>
         <run_address>0x86a0</run_address>
         <size>0x1c</size>
         <input_file_ref idref="fl-bb"/>
      </object_component>
      <object_component id="oc-1b9">
         <name>.rtdx_text:_RTDX_Poll</name>
         <load_address>0x6ec0</load_address>
         <run_address>0x6ec0</run_address>
         <size>0x400</size>
         <input_file_ref idref="fl-bb"/>
      </object_component>
      <object_component id="oc-1c8">
         <name>.rtdx_text:_RTDX_Buffer_WriteCB</name>
         <load_address>0x72c0</load_address>
         <run_address>0x72c0</run_address>
         <size>0x340</size>
         <input_file_ref idref="fl-b9"/>
      </object_component>
      <object_component id="oc-1cf">
         <name>.rtdx_text:_RTDX_write_next</name>
         <load_address>0x7600</load_address>
         <run_address>0x7600</run_address>
         <size>0x300</size>
         <input_file_ref idref="fl-b9"/>
      </object_component>
      <object_component id="oc-1d0">
         <name>.rtdx_text:_RTDX_Mon_Queue</name>
         <load_address>0x7900</load_address>
         <run_address>0x7900</run_address>
         <size>0x140</size>
         <input_file_ref idref="fl-bb"/>
      </object_component>
      <object_component id="oc-1ce">
         <name>.rtdx_text:_claim</name>
         <load_address>0x7a40</load_address>
         <run_address>0x7a40</run_address>
         <size>0xe0</size>
         <input_file_ref idref="fl-b9"/>
      </object_component>
      <object_component id="oc-1be">
         <name>.rtdx_text:_RTDX_Init_RT_Monitor</name>
         <load_address>0x7b20</load_address>
         <run_address>0x7b20</run_address>
         <size>0x80</size>
         <input_file_ref idref="fl-bb"/>
      </object_component>
      <object_component id="oc-1bd">
         <name>.rtdx_text:_RTDX_Buffer_Initialize</name>
         <load_address>0x7ba0</load_address>
         <run_address>0x7ba0</run_address>
         <size>0x60</size>
         <input_file_ref idref="fl-b9"/>
      </object_component>
      <object_component id="oc-1c7">
         <name>.rtdx_text:_RTDX_Buffer_ReadCB</name>
         <load_address>0x7c00</load_address>
         <run_address>0x7c00</run_address>
         <size>0x60</size>
         <input_file_ref idref="fl-b8"/>
      </object_component>
      <object_component id="oc-1cd">
         <name>.rtdx_text:_RTDX_Buffer_Size</name>
         <load_address>0x7c60</load_address>
         <run_address>0x7c60</run_address>
         <size>0x40</size>
         <input_file_ref idref="fl-b9"/>
      </object_component>
      <object_component id="oc-1ca">
         <name>.rtdx_text:_RTDX_Final_RT_Monitor</name>
         <load_address>0x7ca0</load_address>
         <run_address>0x7ca0</run_address>
         <size>0x40</size>
         <input_file_ref idref="fl-bb"/>
      </object_component>
      <object_component id="oc-1ba">
         <name>.rtdx_text:_RTDX_Buffer_Read</name>
         <load_address>0x7ce0</load_address>
         <run_address>0x7ce0</run_address>
         <size>0x20</size>
         <input_file_ref idref="fl-b8"/>
      </object_component>
      <object_component id="oc-1bb">
         <name>.rtdx_text:_RTDX_Buffer_Write</name>
         <load_address>0x7d00</load_address>
         <run_address>0x7d00</run_address>
         <size>0x20</size>
         <input_file_ref idref="fl-b9"/>
      </object_component>
      <object_component id="oc-1c5">
         <name>.rtdx_text:_RTDX_checksum</name>
         <load_address>0x7d20</load_address>
         <run_address>0x7d20</run_address>
         <size>0x20</size>
         <input_file_ref idref="fl-bb"/>
      </object_component>
      <object_component id="oc-139">
         <name>.rtdx_text</name>
         <load_address>0x7d40</load_address>
         <run_address>0x7d40</run_address>
         <size>0x20</size>
         <input_file_ref idref="fl-ba"/>
      </object_component>
      <object_component id="oc-5b">
         <name>.TSK_idle$stk</name>
         <uninitialized>true</uninitialized>
         <run_address>0x8ee0</run_address>
         <size>0x400</size>
         <input_file_ref idref="fl-2"/>
      </object_component>
      <object_component id="oc-5c">
         <name>.TSK0$stk</name>
         <uninitialized>true</uninitialized>
         <run_address>0x8ae0</run_address>
         <size>0x400</size>
         <input_file_ref idref="fl-2"/>
      </object_component>
      <object_component id="oc-5f">
         <name>.LOG_system$buf</name>
         <uninitialized>true</uninitialized>
         <run_address>0x9d00</run_address>
         <size>0x100</size>
         <input_file_ref idref="fl-2"/>
      </object_component>
      <object_component id="oc-54">
         <name>.hst1</name>
         <uninitialized>true</uninitialized>
         <run_address>0xa230</run_address>
         <size>0x10</size>
         <input_file_ref idref="fl-2"/>
      </object_component>
      <object_component id="oc-57">
         <name>.hst0</name>
         <uninitialized>true</uninitialized>
         <run_address>0x9e00</run_address>
         <size>0x100</size>
         <input_file_ref idref="fl-2"/>
      </object_component>
      <object_component id="oc-17a">
         <name>.const</name>
         <load_address>0x9fc0</load_address>
         <run_address>0x9fc0</run_address>
         <size>0x4e</size>
         <input_file_ref idref="fl-c8"/>
      </object_component>
      <object_component id="oc-8e">
         <name>.const</name>
         <load_address>0xa00e</load_address>
         <run_address>0xa00e</run_address>
         <size>0x23</size>
         <input_file_ref idref="fl-91"/>
      </object_component>
      <object_component id="oc-92">
         <name>.const</name>
         <load_address>0xa031</load_address>
         <run_address>0xa031</run_address>
         <size>0x22</size>
         <input_file_ref idref="fl-92"/>
      </object_component>
      <object_component id="oc-fb">
         <name>.const</name>
         <load_address>0xa054</load_address>
         <run_address>0xa054</run_address>
         <size>0x20</size>
         <input_file_ref idref="fl-ac"/>
      </object_component>
      <object_component id="oc-15e">
         <name>.const</name>
         <load_address>0xa074</load_address>
         <run_address>0xa074</run_address>
         <size>0x1</size>
         <input_file_ref idref="fl-c2"/>
      </object_component>
      <object_component id="oc-52">
         <name>.printf</name>
         <load_address>0xa075</load_address>
         <run_address>0xa075</run_address>
         <size>0x90</size>
         <input_file_ref idref="fl-2"/>
      </object_component>
      <object_component id="oc-a6">
         <name>.args</name>
         <load_address>0x86bc</load_address>
         <run_address>0x86bc</run_address>
         <size>0x0</size>
         <input_file_ref idref="fl-97"/>
      </object_component>
      <object_component id="oc-35">
         <name>_SYS_PUTCBEG</name>
         <load_address>0x9a10</load_address>
         <run_address>0x9a10</run_address>
         <size>0x0</size>
      </object_component>
      <object_component id="oc-37">
         <name>_SYS_PUTCEND</name>
         <load_address>0x9c10</load_address>
         <run_address>0x9c10</run_address>
         <size>0x0</size>
      </object_component>
      <object_component id="oc-55">
         <name>.hst</name>
         <uninitialized>true</uninitialized>
         <run_address>0xa17c</run_address>
         <size>0x3c</size>
         <input_file_ref idref="fl-2"/>
      </object_component>
      <object_component id="oc-60">
         <name>.log</name>
         <load_address>0xa204</load_address>
         <run_address>0xa204</run_address>
         <size>0x18</size>
         <input_file_ref idref="fl-2"/>
      </object_component>
      <object_component id="oc-56">
         <name>.pip</name>
         <uninitialized>true</uninitialized>
         <run_address>0x9c10</run_address>
         <size>0xc8</size>
         <input_file_ref idref="fl-2"/>
      </object_component>
      <object_component id="oc-53">
         <name>.sts</name>
         <load_address>0xa078</load_address>
         <run_address>0xa078</run_address>
         <size>0x60</size>
         <input_file_ref idref="fl-2"/>
      </object_component>
      <object_component id="oc-3d">
         <name>GBL_stackbeg</name>
         <uninitialized>true</uninitialized>
         <run_address>0x92e0</run_address>
         <size>0x0</size>
      </object_component>
      <object_component id="oc-a7">
         <name>.stack</name>
         <uninitialized>true</uninitialized>
         <run_address>0x92e0</run_address>
         <size>0x0</size>
         <input_file_ref idref="fl-97"/>
      </object_component>
      <object_component id="oc-20a">
         <name>.stack</name>
         <uninitialized>true</uninitialized>
         <run_address>0x92e0</run_address>
         <size>0x0</size>
      </object_component>
      <object_component id="oc-64">
         <name>.debug_info</name>
         <load_address>0x0</load_address>
         <run_address>0x0</run_address>
         <size>0x2e5</size>
         <input_file_ref idref="fl-2"/>
      </object_component>
      <object_component id="oc-67">
         <name>.debug_info</name>
         <load_address>0x2e5</load_address>
         <run_address>0x2e5</run_address>
         <size>0x5cb</size>
         <input_file_ref idref="fl-3"/>
      </object_component>
      <object_component id="oc-69">
         <name>.debug_info</name>
         <load_address>0x8b0</load_address>
         <run_address>0x8b0</run_address>
         <size>0x1270</size>
         <input_file_ref idref="fl-4"/>
      </object_component>
      <object_component id="oc-6e">
         <name>.debug_info</name>
         <load_address>0x1b20</load_address>
         <run_address>0x1b20</run_address>
         <size>0xf8</size>
         <input_file_ref idref="fl-89"/>
      </object_component>
      <object_component id="oc-74">
         <name>.debug_info</name>
         <load_address>0x1c18</load_address>
         <run_address>0x1c18</run_address>
         <size>0xb9</size>
         <input_file_ref idref="fl-8b"/>
      </object_component>
      <object_component id="oc-77">
         <name>.debug_info</name>
         <load_address>0x1cd1</load_address>
         <run_address>0x1cd1</run_address>
         <size>0xaf</size>
         <input_file_ref idref="fl-8c"/>
      </object_component>
      <object_component id="oc-7d">
         <name>.debug_info</name>
         <load_address>0x1d80</load_address>
         <run_address>0x1d80</run_address>
         <size>0x1a5</size>
         <input_file_ref idref="fl-8d"/>
      </object_component>
      <object_component id="oc-82">
         <name>.debug_info</name>
         <load_address>0x1f25</load_address>
         <run_address>0x1f25</run_address>
         <size>0x13c</size>
         <input_file_ref idref="fl-8e"/>
      </object_component>
      <object_component id="oc-85">
         <name>.debug_info</name>
         <load_address>0x2061</load_address>
         <run_address>0x2061</run_address>
         <size>0x607</size>
         <input_file_ref idref="fl-8f"/>
      </object_component>
      <object_component id="oc-88">
         <name>.debug_info</name>
         <load_address>0x2668</load_address>
         <run_address>0x2668</run_address>
         <size>0xf1f</size>
         <input_file_ref idref="fl-90"/>
      </object_component>
      <object_component id="oc-8d">
         <name>.debug_info</name>
         <load_address>0x3587</load_address>
         <run_address>0x3587</run_address>
         <size>0x7fd</size>
         <input_file_ref idref="fl-91"/>
      </object_component>
      <object_component id="oc-91">
         <name>.debug_info</name>
         <load_address>0x3d84</load_address>
         <run_address>0x3d84</run_address>
         <size>0x7ea</size>
         <input_file_ref idref="fl-92"/>
      </object_component>
      <object_component id="oc-95">
         <name>.debug_info</name>
         <load_address>0x456e</load_address>
         <run_address>0x456e</run_address>
         <size>0x6d9</size>
         <input_file_ref idref="fl-93"/>
      </object_component>
      <object_component id="oc-9a">
         <name>.debug_info</name>
         <load_address>0x4c47</load_address>
         <run_address>0x4c47</run_address>
         <size>0x690</size>
         <input_file_ref idref="fl-94"/>
      </object_component>
      <object_component id="oc-9e">
         <name>.debug_info</name>
         <load_address>0x52d7</load_address>
         <run_address>0x52d7</run_address>
         <size>0x112</size>
         <input_file_ref idref="fl-95"/>
      </object_component>
      <object_component id="oc-a2">
         <name>.debug_info</name>
         <load_address>0x53e9</load_address>
         <run_address>0x53e9</run_address>
         <size>0x106</size>
         <input_file_ref idref="fl-96"/>
      </object_component>
      <object_component id="oc-a5">
         <name>.debug_info</name>
         <load_address>0x54ef</load_address>
         <run_address>0x54ef</run_address>
         <size>0x65a</size>
         <input_file_ref idref="fl-97"/>
      </object_component>
      <object_component id="oc-b0">
         <name>.debug_info</name>
         <load_address>0x5b49</load_address>
         <run_address>0x5b49</run_address>
         <size>0xaf</size>
         <input_file_ref idref="fl-9a"/>
      </object_component>
      <object_component id="oc-b4">
         <name>.debug_info</name>
         <load_address>0x5bf8</load_address>
         <run_address>0x5bf8</run_address>
         <size>0xb8</size>
         <input_file_ref idref="fl-9b"/>
      </object_component>
      <object_component id="oc-b8">
         <name>.debug_info</name>
         <load_address>0x5cb0</load_address>
         <run_address>0x5cb0</run_address>
         <size>0xaa</size>
         <input_file_ref idref="fl-9c"/>
      </object_component>
      <object_component id="oc-bd">
         <name>.debug_info</name>
         <load_address>0x5d5a</load_address>
         <run_address>0x5d5a</run_address>
         <size>0x11b</size>
         <input_file_ref idref="fl-9d"/>
      </object_component>
      <object_component id="oc-c1">
         <name>.debug_info</name>
         <load_address>0x5e75</load_address>
         <run_address>0x5e75</run_address>
         <size>0xaa</size>
         <input_file_ref idref="fl-9e"/>
      </object_component>
      <object_component id="oc-c5">
         <name>.debug_info</name>
         <load_address>0x5f1f</load_address>
         <run_address>0x5f1f</run_address>
         <size>0x10c</size>
         <input_file_ref idref="fl-9f"/>
      </object_component>
      <object_component id="oc-c9">
         <name>.debug_info</name>
         <load_address>0x602b</load_address>
         <run_address>0x602b</run_address>
         <size>0xd8</size>
         <input_file_ref idref="fl-a0"/>
      </object_component>
      <object_component id="oc-ce">
         <name>.debug_info</name>
         <load_address>0x6103</load_address>
         <run_address>0x6103</run_address>
         <size>0x1c2</size>
         <input_file_ref idref="fl-a1"/>
      </object_component>
      <object_component id="oc-d2">
         <name>.debug_info</name>
         <load_address>0x62c5</load_address>
         <run_address>0x62c5</run_address>
         <size>0xdb</size>
         <input_file_ref idref="fl-a2"/>
      </object_component>
      <object_component id="oc-d6">
         <name>.debug_info</name>
         <load_address>0x63a0</load_address>
         <run_address>0x63a0</run_address>
         <size>0x106</size>
         <input_file_ref idref="fl-a3"/>
      </object_component>
      <object_component id="oc-da">
         <name>.debug_info</name>
         <load_address>0x64a6</load_address>
         <run_address>0x64a6</run_address>
         <size>0x60b</size>
         <input_file_ref idref="fl-a4"/>
      </object_component>
      <object_component id="oc-dd">
         <name>.debug_info</name>
         <load_address>0x6ab1</load_address>
         <run_address>0x6ab1</run_address>
         <size>0x5e5</size>
         <input_file_ref idref="fl-a5"/>
      </object_component>
      <object_component id="oc-e0">
         <name>.debug_info</name>
         <load_address>0x7096</load_address>
         <run_address>0x7096</run_address>
         <size>0xb7</size>
         <input_file_ref idref="fl-a6"/>
      </object_component>
      <object_component id="oc-e4">
         <name>.debug_info</name>
         <load_address>0x714d</load_address>
         <run_address>0x714d</run_address>
         <size>0xb4</size>
         <input_file_ref idref="fl-a7"/>
      </object_component>
      <object_component id="oc-e8">
         <name>.debug_info</name>
         <load_address>0x7201</load_address>
         <run_address>0x7201</run_address>
         <size>0xb1</size>
         <input_file_ref idref="fl-a8"/>
      </object_component>
      <object_component id="oc-ee">
         <name>.debug_info</name>
         <load_address>0x72b2</load_address>
         <run_address>0x72b2</run_address>
         <size>0xa13</size>
         <input_file_ref idref="fl-a9"/>
      </object_component>
      <object_component id="oc-f2">
         <name>.debug_info</name>
         <load_address>0x7cc5</load_address>
         <run_address>0x7cc5</run_address>
         <size>0x4c3</size>
         <input_file_ref idref="fl-aa"/>
      </object_component>
      <object_component id="oc-f7">
         <name>.debug_info</name>
         <load_address>0x8188</load_address>
         <run_address>0x8188</run_address>
         <size>0x60b</size>
         <input_file_ref idref="fl-ab"/>
      </object_component>
      <object_component id="oc-fd">
         <name>.debug_info</name>
         <load_address>0x8793</load_address>
         <run_address>0x8793</run_address>
         <size>0x8a7</size>
         <input_file_ref idref="fl-ac"/>
      </object_component>
      <object_component id="oc-ff">
         <name>.debug_info</name>
         <load_address>0x903a</load_address>
         <run_address>0x903a</run_address>
         <size>0x7ee</size>
         <input_file_ref idref="fl-ad"/>
      </object_component>
      <object_component id="oc-104">
         <name>.debug_info</name>
         <load_address>0x9828</load_address>
         <run_address>0x9828</run_address>
         <size>0xb9</size>
         <input_file_ref idref="fl-ae"/>
      </object_component>
      <object_component id="oc-108">
         <name>.debug_info</name>
         <load_address>0x98e1</load_address>
         <run_address>0x98e1</run_address>
         <size>0x6f0</size>
         <input_file_ref idref="fl-af"/>
      </object_component>
      <object_component id="oc-10c">
         <name>.debug_info</name>
         <load_address>0x9fd1</load_address>
         <run_address>0x9fd1</run_address>
         <size>0x116</size>
         <input_file_ref idref="fl-b0"/>
      </object_component>
      <object_component id="oc-110">
         <name>.debug_info</name>
         <load_address>0xa0e7</load_address>
         <run_address>0xa0e7</run_address>
         <size>0xbd9</size>
         <input_file_ref idref="fl-b1"/>
      </object_component>
      <object_component id="oc-114">
         <name>.debug_info</name>
         <load_address>0xacc0</load_address>
         <run_address>0xacc0</run_address>
         <size>0xbb1</size>
         <input_file_ref idref="fl-b2"/>
      </object_component>
      <object_component id="oc-119">
         <name>.debug_info</name>
         <load_address>0xb871</load_address>
         <run_address>0xb871</run_address>
         <size>0x109</size>
         <input_file_ref idref="fl-b3"/>
      </object_component>
      <object_component id="oc-11c">
         <name>.debug_info</name>
         <load_address>0xb97a</load_address>
         <run_address>0xb97a</run_address>
         <size>0x8c8</size>
         <input_file_ref idref="fl-b4"/>
      </object_component>
      <object_component id="oc-120">
         <name>.debug_info</name>
         <load_address>0xc242</load_address>
         <run_address>0xc242</run_address>
         <size>0x981</size>
         <input_file_ref idref="fl-b5"/>
      </object_component>
      <object_component id="oc-124">
         <name>.debug_info</name>
         <load_address>0xcbc3</load_address>
         <run_address>0xcbc3</run_address>
         <size>0xe4a</size>
         <input_file_ref idref="fl-b6"/>
      </object_component>
      <object_component id="oc-128">
         <name>.debug_info</name>
         <load_address>0xda0d</load_address>
         <run_address>0xda0d</run_address>
         <size>0x6b8</size>
         <input_file_ref idref="fl-b7"/>
      </object_component>
      <object_component id="oc-12e">
         <name>.debug_info</name>
         <load_address>0xe0c5</load_address>
         <run_address>0xe0c5</run_address>
         <size>0xa7f</size>
         <input_file_ref idref="fl-b8"/>
      </object_component>
      <object_component id="oc-132">
         <name>.debug_info</name>
         <load_address>0xeb44</load_address>
         <run_address>0xeb44</run_address>
         <size>0x1201</size>
         <input_file_ref idref="fl-b9"/>
      </object_component>
      <object_component id="oc-138">
         <name>.debug_info</name>
         <load_address>0xfd45</load_address>
         <run_address>0xfd45</run_address>
         <size>0x5c1</size>
         <input_file_ref idref="fl-ba"/>
      </object_component>
      <object_component id="oc-13c">
         <name>.debug_info</name>
         <load_address>0x10306</load_address>
         <run_address>0x10306</run_address>
         <size>0xc80</size>
         <input_file_ref idref="fl-bb"/>
      </object_component>
      <object_component id="oc-142">
         <name>.debug_info</name>
         <load_address>0x10f86</load_address>
         <run_address>0x10f86</run_address>
         <size>0xc0</size>
         <input_file_ref idref="fl-bc"/>
      </object_component>
      <object_component id="oc-145">
         <name>.debug_info</name>
         <load_address>0x11046</load_address>
         <run_address>0x11046</run_address>
         <size>0x1032</size>
         <input_file_ref idref="fl-bd"/>
      </object_component>
      <object_component id="oc-14a">
         <name>.debug_info</name>
         <load_address>0x12078</load_address>
         <run_address>0x12078</run_address>
         <size>0xbd</size>
         <input_file_ref idref="fl-be"/>
      </object_component>
      <object_component id="oc-14d">
         <name>.debug_info</name>
         <load_address>0x12135</load_address>
         <run_address>0x12135</run_address>
         <size>0xc5e</size>
         <input_file_ref idref="fl-bf"/>
      </object_component>
      <object_component id="oc-152">
         <name>.debug_info</name>
         <load_address>0x12d93</load_address>
         <run_address>0x12d93</run_address>
         <size>0xaa</size>
         <input_file_ref idref="fl-c0"/>
      </object_component>
      <object_component id="oc-158">
         <name>.debug_info</name>
         <load_address>0x12e3d</load_address>
         <run_address>0x12e3d</run_address>
         <size>0x93b</size>
         <input_file_ref idref="fl-c1"/>
      </object_component>
      <object_component id="oc-15b">
         <name>.debug_info</name>
         <load_address>0x13778</load_address>
         <run_address>0x13778</run_address>
         <size>0xa57</size>
         <input_file_ref idref="fl-c2"/>
      </object_component>
      <object_component id="oc-160">
         <name>.debug_info</name>
         <load_address>0x141cf</load_address>
         <run_address>0x141cf</run_address>
         <size>0xda7</size>
         <input_file_ref idref="fl-c3"/>
      </object_component>
      <object_component id="oc-164">
         <name>.debug_info</name>
         <load_address>0x14f76</load_address>
         <run_address>0x14f76</run_address>
         <size>0x7a6</size>
         <input_file_ref idref="fl-c4"/>
      </object_component>
      <object_component id="oc-169">
         <name>.debug_info</name>
         <load_address>0x1571c</load_address>
         <run_address>0x1571c</run_address>
         <size>0x659</size>
         <input_file_ref idref="fl-c5"/>
      </object_component>
      <object_component id="oc-16d">
         <name>.debug_info</name>
         <load_address>0x15d75</load_address>
         <run_address>0x15d75</run_address>
         <size>0x970</size>
         <input_file_ref idref="fl-c6"/>
      </object_component>
      <object_component id="oc-171">
         <name>.debug_info</name>
         <load_address>0x166e5</load_address>
         <run_address>0x166e5</run_address>
         <size>0xcf1</size>
         <input_file_ref idref="fl-c7"/>
      </object_component>
      <object_component id="oc-176">
         <name>.debug_info</name>
         <load_address>0x173d6</load_address>
         <run_address>0x173d6</run_address>
         <size>0xfe5</size>
         <input_file_ref idref="fl-c8"/>
      </object_component>
      <object_component id="oc-17d">
         <name>.debug_info</name>
[...]
      </symbol>
      <symbol id="sm-47e">
         <name>_DSK6713_DIP_init</name>
         <value>0x5c20</value>
         <object_component_ref idref="oc-f0"/>
      </symbol>
      <symbol id="sm-47f">
         <name>_DSK6713_DIP_get</name>
         <value>0x5c28</value>
         <object_component_ref idref="oc-f0"/>
      </symbol>
      <symbol id="sm-48b">
         <name>_DSK6713_LED_init</name>
         <value>0x5020</value>
         <object_component_ref idref="oc-f4"/>
      </symbol>
      <symbol id="sm-48c">
         <name>_DSK6713_LED_on</name>
         <value>0x50d0</value>
         <object_component_ref idref="oc-f4"/>
      </symbol>
      <symbol id="sm-48d">
         <name>_DSK6713_LED_toggle</name>
         <value>0x5140</value>
         <object_component_ref idref="oc-f4"/>
      </symbol>
      <symbol id="sm-48e">
         <name>_DSK6713_LED_off</name>
         <value>0x5060</value>
         <object_component_ref idref="oc-f4"/>
      </symbol>
      <symbol id="sm-49c">
         <name>_DSK6713_init</name>
         <value>0x446c</value>
         <object_component_ref idref="oc-f9"/>
      </symbol>
      <symbol id="sm-49d">
         <name>_DSK6713_version</name>
         <value>0x826c</value>
         <object_component_ref idref="oc-fa"/>
      </symbol>
      <symbol id="sm-49e">
         <name>_DSK6713_rget</name>
         <value>0x4788</value>
         <object_component_ref idref="oc-f9"/>
      </symbol>
      <symbol id="sm-49f">
         <name>_DSK6713_wait</name>
         <value>0x47b0</value>
         <object_component_ref idref="oc-f9"/>
      </symbol>
      <symbol id="sm-4a0">
         <name>_DSK6713_rset</name>
         <value>0x479c</value>
         <object_component_ref idref="oc-f9"/>
      </symbol>
      <symbol id="sm-4a1">
         <name>_DSK6713_waitusec</name>
         <value>0x4808</value>
         <object_component_ref idref="oc-f9"/>
      </symbol>
      <symbol id="sm-4a2">
         <name>_DSK6713_getVersion</name>
         <value>0x4834</value>
         <object_component_ref idref="oc-f9"/>
      </symbol>
      <symbol id="sm-4ac">
         <name>_GBL_cslCacheInit</name>
         <value>0x3580</value>
         <object_component_ref idref="oc-100"/>
      </symbol>
      <symbol id="sm-4b4">
         <name>GBL_A_VERSION</name>
         <value>0x5205</value>
      </symbol>
      <symbol id="sm-4b5">
         <name>_GBL_getVersion</name>
         <value>0x4380</value>
         <object_component_ref idref="oc-103"/>
      </symbol>
      <symbol id="sm-4bf">
         <name>_GBL_setPLLto225MHz</name>
         <value>0x53e8</value>
         <object_component_ref idref="oc-107"/>
      </symbol>
      <symbol id="sm-4c0">
         <name>_wait500nS</name>
         <value>0x53c0</value>
         <object_component_ref idref="oc-107"/>
      </symbol>
      <symbol id="sm-4c8">
         <name>_HWI_restore</name>
         <value>0x404c</value>
         <object_component_ref idref="oc-10b"/>
      </symbol>
      <symbol id="sm-4c9">
         <name>_HWI_enable</name>
         <value>0x4038</value>
         <object_component_ref idref="oc-10b"/>
      </symbol>
      <symbol id="sm-4ca">
         <name>_HWI_disable</name>
         <value>0x4020</value>
         <object_component_ref idref="oc-10b"/>
      </symbol>
      <symbol id="sm-4d6">
         <name>_KNL_maxqueue</name>
         <value>0x9978</value>
         <object_component_ref idref="oc-10f"/>
      </symbol>
      <symbol id="sm-4d7">
         <name>_KNL_inactive</name>
         <value>0x9958</value>
         <object_component_ref idref="oc-10f"/>
      </symbol>
      <symbol id="sm-4d8">
         <name>_KNL_tswitchfxn</name>
         <value>0x997c</value>
         <object_component_ref idref="oc-10f"/>
      </symbol>
      <symbol id="sm-4d9">
         <name>_KNL_setpri</name>
         <value>0x9954</value>
         <object_component_ref idref="oc-10f"/>
      </symbol>
      <symbol id="sm-4da">
         <name>_KNL_swiptr</name>
         <value>0x9970</value>
         <object_component_ref idref="oc-10f"/>
      </symbol>
      <symbol id="sm-4db">
         <name>_KNL_dummy</name>
         <value>0x807c</value>
         <object_component_ref idref="oc-112"/>
      </symbol>
      <symbol id="sm-4dc">
         <name>_KNL_curtask</name>
         <value>0x9964</value>
         <object_component_ref idref="oc-10f"/>
      </symbol>
      <symbol id="sm-4dd">
         <name>_KNL_curqueue</name>
         <value>0x9974</value>
         <object_component_ref idref="oc-10f"/>
      </symbol>
      <symbol id="sm-4de">
         <name>_KNL_wList</name>
         <value>0x994c</value>
         <object_component_ref idref="oc-10f"/>
      </symbol>
      <symbol id="sm-4df">
         <name>_KNL_curtime</name>
         <value>0x996c</value>
         <object_component_ref idref="oc-10f"/>
      </symbol>
      <symbol id="sm-4e0">
         <name>_KNL_set</name>
         <value>0x9960</value>
         <object_component_ref idref="oc-10f"/>
      </symbol>
      <symbol id="sm-4e1">
         <name>_KNL_alarm</name>
         <value>0x9950</value>
         <object_component_ref idref="oc-10f"/>
      </symbol>
      <symbol id="sm-4e2">
         <name>_KNL_prevtask</name>
         <value>0x9968</value>
         <object_component_ref idref="oc-10f"/>
      </symbol>
      <symbol id="sm-4e3">
         <name>_KNL_queues</name>
         <value>0x7fdc</value>
         <object_component_ref idref="oc-112"/>
      </symbol>
      <symbol id="sm-4e4">
         <name>_KNL_idlefxn</name>
         <value>0x998c</value>
         <object_component_ref idref="oc-10f"/>
      </symbol>
      <symbol id="sm-4e5">
         <name>_KNL_priority</name>
         <value>0x995c</value>
         <object_component_ref idref="oc-10f"/>
      </symbol>
      <symbol id="sm-4e6">
         <name>_KNL_treadyfxn</name>
         <value>0x9988</value>
         <object_component_ref idref="oc-10f"/>
      </symbol>
      <symbol id="sm-4e7">
         <name>_KNL_tcreatefxn</name>
         <value>0x9980</value>
         <object_component_ref idref="oc-10f"/>
      </symbol>
      <symbol id="sm-4e8">
         <name>_KNL_wFlag</name>
         <value>0x9948</value>
         <object_component_ref idref="oc-10f"/>
      </symbol>
      <symbol id="sm-4e9">
         <name>_KNL_tdeletefxn</name>
         <value>0x9984</value>
         <object_component_ref idref="oc-10f"/>
      </symbol>
      <symbol id="sm-4f3">
         <name>_KNL_exit</name>
         <value>0x3660</value>
         <object_component_ref idref="oc-115"/>
      </symbol>
      <symbol id="sm-4f4">
         <name>_KNL_enter</name>
         <value>0x36b4</value>
         <object_component_ref idref="oc-115"/>
      </symbol>
      <symbol id="sm-4fc">
         <name>__KNL_lat1beg</name>
         <value>0x3490</value>
         <object_component_ref idref="oc-118"/>
      </symbol>
      <symbol id="sm-4fd">
         <name>__KNL_lat1end</name>
         <value>0x3518</value>
         <object_component_ref idref="oc-118"/>
      </symbol>
      <symbol id="sm-4fe">
         <name>_KNL_max</name>
         <value>0x353c</value>
         <object_component_ref idref="oc-118"/>
      </symbol>
      <symbol id="sm-4ff">
         <name>_KNL_check</name>
         <value>0x3440</value>
         <object_component_ref idref="oc-118"/>
      </symbol>
      <symbol id="sm-500">
         <name>_KNL_idle</name>
         <value>0x3518</value>
         <object_component_ref idref="oc-118"/>
      </symbol>
      <symbol id="sm-50a">
         <name>_KNL_post</name>
         <value>0x3aa0</value>
         <object_component_ref idref="oc-11d"/>
      </symbol>
      <symbol id="sm-514">
         <name>_KNL_ipost</name>
         <value>0x39e0</value>
         <object_component_ref idref="oc-121"/>
      </symbol>
      <symbol id="sm-51e">
         <name>_KNL_run</name>
         <value>0x1b20</value>
         <object_component_ref idref="oc-125"/>
      </symbol>
      <symbol id="sm-52c">
         <name>_OBJ_table</name>
         <value>0x8110</value>
         <object_component_ref idref="oc-12a"/>
      </symbol>
      <symbol id="sm-52d">
         <name>_OBJ_init</name>
         <value>0x8ac0</value>
         <object_component_ref idref="oc-12b"/>
      </symbol>
      <symbol id="sm-52e">
         <name>_OBJ_segtab</name>
         <value>0x8148</value>
         <object_component_ref idref="oc-12a"/>
      </symbol>
      <symbol id="sm-53a">
         <name>_RTDX_Buffer_ReadCB</name>
         <value>0x7c00</value>
         <object_component_ref idref="oc-1c7"/>
      </symbol>
      <symbol id="sm-53b">
         <name>RTDX_NORMALIZED_HDR</name>
         <value>0x1</value>
      </symbol>
      <symbol id="sm-53c">
         <name>_RTDX_Buffer_Read</name>
         <value>0x7ce0</value>
         <object_component_ref idref="oc-1ba"/>
      </symbol>
      <symbol id="sm-558">
         <name>_rtdx_buffer_state</name>
         <value>0x8680</value>
         <object_component_ref idref="oc-134"/>
      </symbol>
      <symbol id="sm-559">
         <name>_RTDX_Buffer_WriteCB</name>
         <value>0x72c0</value>
         <object_component_ref idref="oc-1c8"/>
      </symbol>
      <symbol id="sm-55a">
         <name>_rtdxNullChanCnt</name>
         <value>0x99e0</value>
         <object_component_ref idref="oc-131"/>
      </symbol>
      <symbol id="sm-55b">
         <name>_RTDX_writing</name>
         <value>0x868c</value>
         <object_component_ref idref="oc-134"/>
      </symbol>
      <symbol id="sm-55c">
         <name>_RTDX_Buffer_Initialize</name>
         <value>0x7ba0</value>
         <object_component_ref idref="oc-1bd"/>
      </symbol>
      <symbol id="sm-55d">
         <name>_RTDX_Buffer_Write</name>
         <value>0x7d00</value>
         <object_component_ref idref="oc-1bb"/>
      </symbol>
      <symbol id="sm-55e">
         <name>_rtdxNullFuncCnt</name>
         <value>0x99e4</value>
         <object_component_ref idref="oc-131"/>
      </symbol>
      <symbol id="sm-55f">
         <name>_RTDX_Buffer_Size</name>
         <value>0x7c60</value>
         <object_component_ref idref="oc-1cd"/>
      </symbol>
      <symbol id="sm-569">
         <name>_RTDX_Mask_IER</name>
         <value>0x7d40</value>
         <object_component_ref idref="oc-139"/>
      </symbol>
      <symbol id="sm-581">
         <name>_RTDX_Mon_Queue</name>
         <value>0x7900</value>
         <object_component_ref idref="oc-1d0"/>
      </symbol>
      <symbol id="sm-582">
         <name>_rtdx_mon_state</name>
         <value>0x86a0</value>
         <object_component_ref idref="oc-13d"/>
      </symbol>
      <symbol id="sm-583">
         <name>_RTDX_JTAGONLY</name>
         <value>0x2</value>
      </symbol>
      <symbol id="sm-584">
         <name>_RTDX_Final_RT_Monitor</name>
         <value>0x7ca0</value>
         <object_component_ref idref="oc-1ca"/>
      </symbol>
      <symbol id="sm-585">
         <name>_RTDX_Poll</name>
         <value>0x6ec0</value>
         <object_component_ref idref="oc-1b9"/>
      </symbol>
      <symbol id="sm-586">
         <name>_RTDX_Init_RT_Monitor</name>
         <value>0x7b20</value>
         <object_component_ref idref="oc-1be"/>
      </symbol>
      <symbol id="sm-58e">
         <name>_SEM_pendBinary</name>
         <value>0x4080</value>
         <object_component_ref idref="oc-141"/>
      </symbol>
      <symbol id="sm-598">
         <name>_SEM_pendEnterKnl</name>
         <value>0x20a0</value>
         <object_component_ref idref="oc-146"/>
      </symbol>
      <symbol id="sm-5a0">
         <name>_SEM_postBinary</name>
         <value>0x3820</value>
         <object_component_ref idref="oc-149"/>
      </symbol>
      <symbol id="sm-5a1">
         <name>_SEM_post</name>
         <value>0x3820</value>
         <object_component_ref idref="oc-149"/>
      </symbol>
      <symbol id="sm-5ab">
         <name>_SEM_postEnterKnl</name>
         <value>0x3740</value>
         <object_component_ref idref="oc-14e"/>
      </symbol>
      <symbol id="sm-5b3">
         <name>_STS_set</name>
         <value>0x43c0</value>
         <object_component_ref idref="oc-151"/>
      </symbol>
      <symbol id="sm-5c3">
         <name>_TIMER_reset</name>
         <value>0x57e0</value>
         <object_component_ref idref="oc-1cc"/>
      </symbol>
      <symbol id="sm-5c4">
         <name>_TIMER_open</name>
         <value>0x56a0</value>
         <object_component_ref idref="oc-1c4"/>
      </symbol>
      <symbol id="sm-5c5">
         <name>__TIMER_hDev0</name>
         <value>0x81f4</value>
         <object_component_ref idref="oc-156"/>
      </symbol>
      <symbol id="sm-5c6">
         <name>__TIMER_hDev1</name>
         <value>0x81f8</value>
         <object_component_ref idref="oc-156"/>
      </symbol>
      <symbol id="sm-5c7">
         <name>__TIMER_hBios</name>
         <value>0x81fc</value>
         <object_component_ref idref="oc-156"/>
      </symbol>
      <symbol id="sm-5c8">
         <name>__TIMER_deviceTable</name>
         <value>0x81dc</value>
         <object_component_ref idref="oc-156"/>
      </symbol>
      <symbol id="sm-5d6">
         <name>_TSK_nTasks</name>
         <value>0x99e8</value>
         <object_component_ref idref="oc-15a"/>
      </symbol>
      <symbol id="sm-5d7">
         <name>_TSK_config</name>
         <value>0x80d0</value>
         <object_component_ref idref="oc-15d"/>
      </symbol>
      <symbol id="sm-5d8">
         <name>_TSK</name>
         <value>0x99f0</value>
         <object_component_ref idref="oc-15a"/>
      </symbol>
      <symbol id="sm-5d9">
         <name>_TSK_timerSem</name>
         <value>0x80f0</value>
         <object_component_ref idref="oc-15d"/>
      </symbol>
      <symbol id="sm-5da">
         <name>_TSK_pid</name>
         <value>0x99ec</value>
         <object_component_ref idref="oc-15a"/>
      </symbol>
      <symbol id="sm-5db">
         <name>_TSK_ATTRS</name>
         <value>0x80b4</value>
         <object_component_ref idref="oc-15d"/>
      </symbol>
      <symbol id="sm-5e5">
         <name>_TSK_exit</name>
         <value>0x2fa0</value>
         <object_component_ref idref="oc-161"/>
      </symbol>
      <symbol id="sm-5ef">
         <name>_SYS_exit</name>
         <value>0x3c20</value>
         <object_component_ref idref="oc-165"/>
      </symbol>
      <symbol id="sm-5fb">
         <name>_SYS_exitStack</name>
         <value>0x8200</value>
         <object_component_ref idref="oc-16b"/>
      </symbol>
      <symbol id="sm-5fc">
         <name>_SYS_exitStackPtr</name>
         <value>0x99fc</value>
         <object_component_ref idref="oc-168"/>
      </symbol>
      <symbol id="sm-5fd">
         <name>_SYS_exitStackTop</name>
         <value>0x9a00</value>
         <object_component_ref idref="oc-168"/>
      </symbol>
      <symbol id="sm-607">
         <name>_TSK_init</name>
         <value>0x8a40</value>
         <object_component_ref idref="oc-16e"/>
      </symbol>
      <symbol id="sm-611">
         <name>_TSK_setup</name>
         <value>0x2a20</value>
         <object_component_ref idref="oc-172"/>
      </symbol>
      <symbol id="sm-623">
         <name>__MEM_mutex</name>
         <value>0x818c</value>
         <object_component_ref idref="oc-178"/>
      </symbol>
      <symbol id="sm-624">
         <name>_TSK_startup</name>
         <value>0x3380</value>
         <object_component_ref idref="oc-179"/>
      </symbol>
      <symbol id="sm-625">
         <name>__TSK_mutex</name>
         <value>0x8164</value>
         <object_component_ref idref="oc-178"/>
      </symbol>
      <symbol id="sm-62f">
         <name>_LCK_pend</name>
         <value>0x3b90</value>
         <object_component_ref idref="oc-17e"/>
      </symbol>
      <symbol id="sm-630">
         <name>_LCK_post</name>
         <value>0x3b60</value>
         <object_component_ref idref="oc-17e"/>
      </symbol>
      <symbol id="sm-638">
         <name>_SEM_pend</name>
         <value>0x40e0</value>
         <object_component_ref idref="oc-181"/>
      </symbol>
      <symbol id="sm-642">
         <name>_SYS_abort</name>
         <value>0x4140</value>
         <object_component_ref idref="oc-186"/>
      </symbol>
      <symbol id="sm-650">
         <name>__GBL_setL2CacheMode</name>
         <value>0xc34</value>
         <object_component_ref idref="oc-18c"/>
      </symbol>
      <symbol id="sm-662">
         <name>__IRQ_eventTable</name>
         <value>0x7f10</value>
         <object_component_ref idref="oc-191"/>
      </symbol>
      <symbol id="sm-663">
         <name>__IRQ_intTable</name>
         <value>0x7f94</value>
         <object_component_ref idref="oc-191"/>
      </symbol>
      <symbol id="sm-664">
         <name>__IRQ_init</name>
         <value>0x5b80</value>
         <object_component_ref idref="oc-1c3"/>
      </symbol>
      <symbol id="sm-665">
         <name>__IRQ_dispatchTable</name>
         <value>0x7fd4</value>
         <object_component_ref idref="oc-191"/>
      </symbol>
      <symbol id="sm-666">
         <name>__IRQ_hookFetchPacket</name>
         <value>0x5d60</value>
         <object_component_ref idref="oc-18f"/>
      </symbol>
      <symbol id="sm-670">
         <name>__SEM_dopost</name>
         <value>0x2800</value>
         <object_component_ref idref="oc-196"/>
      </symbol>
      <symbol id="sm-67a">
         <name>__auto_init</name>
         <value>0x3140</value>
         <object_component_ref idref="oc-19a"/>
      </symbol>
      <symbol id="sm-68c">
         <name>__unlock</name>
         <value>0x8264</value>
         <object_component_ref idref="oc-19f"/>
      </symbol>
      <symbol id="sm-68d">
         <name>__lock</name>
         <value>0x8260</value>
         <object_component_ref idref="oc-19f"/>
      </symbol>
      <symbol id="sm-68e">
         <name>__register_lock</name>
         <value>0x5d20</value>
         <object_component_ref idref="oc-1bf"/>
      </symbol>
      <symbol id="sm-68f">
         <name>__nop</name>
         <value>0x5d00</value>
         <object_component_ref idref="oc-1c2"/>
      </symbol>
      <symbol id="sm-690">
         <name>__register_unlock</name>
         <value>0x5d40</value>
         <object_component_ref idref="oc-1c0"/>
      </symbol>
      <symbol id="sm-698">
         <name>__strasg</name>
         <value>0x5900</value>
         <object_component_ref idref="oc-1bc"/>
      </symbol>
      <symbol id="sm-6a6">
         <name>_atexit</name>
         <value>0x59e0</value>
         <object_component_ref idref="oc-1c9"/>
      </symbol>
      <symbol id="sm-6a7">
         <name>___atexit_func_id__</name>
         <value>0x7d60</value>
         <object_component_ref idref="oc-1a7"/>
      </symbol>
      <symbol id="sm-6b7">
         <name>_dtors</name>
         <value>0x8268</value>
         <object_component_ref idref="oc-1ac"/>
      </symbol>
      <symbol id="sm-6b8">
         <name>_call_dtors</name>
         <value>0x5540</value>
         <object_component_ref idref="oc-1d2"/>
      </symbol>
      <symbol id="sm-6b9">
         <name>___add_dtor</name>
         <value>0x5ca0</value>
         <object_component_ref idref="oc-1d1"/>
      </symbol>
      <symbol id="sm-6c5">
         <name>___TI_enable_exit_profile_output</name>
         <value>0x825c</value>
         <object_component_ref idref="oc-1b1"/>
      </symbol>
      <symbol id="sm-6c6">
         <name>__cleanup_ptr</name>
         <value>0x8254</value>
         <object_component_ref idref="oc-1b1"/>
      </symbol>
      <symbol id="sm-6c7">
         <name>__dtors_ptr</name>
         <value>0x8258</value>
         <object_component_ref idref="oc-1b1"/>
      </symbol>
      <symbol id="sm-6d1">
         <name>_memcpy</name>
         <value>0x4bc0</value>
         <object_component_ref idref="oc-1c1"/>
      </symbol>
   </symbol_table>
</link_info>
