******************************************************************************
               TMS320C6x Linker PC v7.4.14                     
******************************************************************************
>> Linked Mon Jun 13 18:43:31 2016

OUTPUT FILE NAME:   <090 BSL AUDIO ugly.out>
ENTRY POINT SYMBOL: "_c_int00"  address: 80002b80


MEMORY CONFIGURATION

         name            origin    length      used     unused   attr    fill
----------------------  --------  ---------  --------  --------  ----  --------
  VECS                  00000000   00000200  00000200  00000000  RWIX
  PMEM                  00000200   0000fe00  00000000  0000fe00  RWIX
  BMEM                  80000000   01000000  00003cb4  00ffc34c  RWIX


SECTION ALLOCATION MAP

 output                                  attributes/
section   page    origin      length       input sections
--------  ----  ----------  ----------   ----------------
.pinit     0    00000200    00000000     UNINITIALIZED

$BRID      0    00000000    000000c8     COPY SECTION
                  00000000    00000054     dsk6713bsl.lib : dsk6713.obj ($BRID)
                  00000054    00000024                    : dsk6713_aic23_opencodec.obj ($BRID)
                  00000078    00000014                    : dsk6713_aic23_registers.obj ($BRID)
                  0000008c    0000000c                    : dsk6713_dip.obj ($BRID)
                  00000098    00000030                    : dsk6713_led.obj ($BRID)

.vecs      0    00000000    00000200     
                  00000000    00000200     Vectors_poll.obj (.vecs)

.bss       0    80000000    00000000     UNINITIALIZED

.data      0    80000000    00000000     UNINITIALIZED

.text      0    80000000    00002dc0     
                  80000000    00000720     rts6700.lib : divd.obj (.text:__divd)
                  80000720    000005c0     piano.obj (.text)
                  80000ce0    00000460     dsk6713bsl.lib : dsk6713.obj (.text)
                  80001140    00000300                    : dsk6713_aic23_opencodec.obj (.text)
                  80001440    00000240     rts6700.lib : memcpy62.obj (.text:_memcpy)
                  80001680    00000220     csl6713.lib : csl.obj (.text:__CSL_init)
                  800018a0    000001c0                 : csl_irq.obj (.text:_mux2Tables)
                  80001a60    000001c0     audio.obj (.text)
                  80001c20    000001a0     csl6713.lib : csl_mcbsp.obj (.text:_MCBSP_reset)
                  80001dc0    000001a0     dsk6713bsl.lib : dsk6713_led.obj (.text)
                  80001f60    00000140     csl6713.lib : csl_timer.obj (.text:_TIMER_open)
                  800020a0    00000140     rts6700.lib : frcmpyd_div.obj (.text:__frcmpyd_div)
                  800021e0    00000140     dsk6713bsl.lib : dsk6713_aic23_registers.obj (.text)
                  80002320    00000120     csl6713.lib : csl_timer.obj (.text:_TIMER_reset)
                  80002440    00000100                 : csl_mcbsp.obj (.text:_MCBSP_open)
                  80002540    00000100                 : csl_mcbsp.obj (.text:_MCBSP_start)
                  80002640    00000100     rts6700.lib : autoinit.obj (.text:__auto_init)
                  80002740    000000e0                 : strasg.obj (.text:__strasg)
                  80002820    000000e0                 : exit.obj (.text:_exit)
                  80002900    000000c0                 : cpy_tbl.obj (.text:_copy_in)
                  800029c0    000000a0     csl6713.lib : csl_irq.obj (.text:__IRQ_init)
                  80002a60    000000a0     rts6700.lib : mpyll.obj (.text:__mpyll)
                  80002b00    00000080                 : cpp_init.obj (.text:___TI_cpp_init)
                  80002b80    00000080                 : boot.obj (.text:_c_int00)
                  80002c00    00000060                 : llshift.obj (.text:__llshru)
                  80002c60    00000060     dsk6713bsl.lib : dsk6713_dip.obj (.text)
                  80002cc0    00000040     rts6700.lib : args_main.obj (.text:__args_main)
                  80002d00    00000020     Vectors_poll.obj (.text)
                  80002d20    00000020     csl6713.lib : csl.obj (.text:_CSL6713_LIB_)
                  80002d40    00000020                 : csl_mcbsp.obj (.text:_MCBSP_write)
                  80002d60    00000020                 : csl_mcbsp.obj (.text:_MCBSP_xrdy)
                  80002d80    00000020     rts6700.lib : exit.obj (.text:_abort)
                  80002da0    00000020     csl6713.lib : csl_irq.obj (.text)

.stack     0    80002dc0    00000800     UNINITIALIZED
                  80002dc0    00000008     rts6700.lib : boot.obj (.stack)
                  80002dc8    000007f8     --HOLE--

.far       0    800035c0    000003e8     UNINITIALIZED
                  800035c0    00000230     audio.obj (.far)
                  800037f0    000000f4     csl6713.lib : csl_irq.obj (.far)
                  800038e4    00000038                 : csl_mcbsp.obj (.far)
                  8000391c    00000028                 : csl.obj (.far)
                  80003944    00000028     dsk6713bsl.lib : dsk6713_aic23_registers.obj (.far)
                  8000396c    00000024     csl6713.lib : csl_timer.obj (.far)
                  80003990    0000000c     rts6700.lib : exit.obj (.far)
                  8000399c    00000008     dsk6713bsl.lib : dsk6713_aic23_opencodec.obj (.far)
                  800039a4    00000002                    : dsk6713.obj (.far)
                  800039a6    00000002                    : dsk6713_led.obj (.far)

.cinit     0    800039a8    000002ac     
                  800039a8    0000012c     csl6713.lib : csl_irq.obj (.cinit)
                  80003ad4    00000004     --HOLE-- [fill = 0]
                  80003ad8    00000054                 : csl_mcbsp.obj (.cinit)
                  80003b2c    00000004     --HOLE-- [fill = 0]
                  80003b30    0000004c                 : csl_timer.obj (.cinit)
                  80003b7c    00000004     --HOLE-- [fill = 0]
                  80003b80    0000003c                 : csl.obj (.cinit)
                  80003bbc    00000004     --HOLE-- [fill = 0]
                  80003bc0    00000030     audio.obj (.cinit)
                  80003bf0    00000030     dsk6713bsl.lib : dsk6713_aic23_registers.obj (.cinit)
                  80003c20    0000002c     rts6700.lib : exit.obj (.cinit)
                  80003c4c    00000004     --HOLE-- [fill = 0]
                  80003c50    00000004     (.pad.cinit) [fill = 0]

.const     0    80003c54    00000060     
                  80003c54    00000040     dsk6713bsl.lib : dsk6713_aic23_opencodec.obj (.const)
                  80003c94    00000020                    : dsk6713.obj (.const)


GLOBAL SYMBOLS: SORTED ALPHABETICALLY BY Name 

address    name
--------   ----
80000000   $bss
80000000   .bss
80000000   .data
80000000   .text
80002d80   C$$EXIT
80002d20   _CSL6713_LIB_
8000399c   _DSK6713_AIC23_codeccontrolhandle
800039a0   _DSK6713_AIC23_codecdatahandle
800022a0   _DSK6713_AIC23_config
80001140   _DSK6713_AIC23_openCodec
8000227c   _DSK6713_AIC23_rget
800021e0   _DSK6713_AIC23_rset
80002c68   _DSK6713_DIP_get
80002c60   _DSK6713_DIP_init
80001dc0   _DSK6713_LED_init
80001de8   _DSK6713_LED_off
80001e50   _DSK6713_LED_on
80001eb4   _DSK6713_LED_toggle
800010b8   _DSK6713_getVersion
80000d10   _DSK6713_init
80001010   _DSK6713_rget
80001024   _DSK6713_rset
800039a4   _DSK6713_version
80001038   _DSK6713_wait
8000108c   _DSK6713_waitusec
800035c0   _Glo
80000720   _InitializeTable
80002440   _MCBSP_open
80001c20   _MCBSP_reset
80002540   _MCBSP_start
80002d40   _MCBSP_write
80002d60   _MCBSP_xrdy
8000081c   _MakeMusic
80000a38   _MySin
80001f60   _TIMER_open
80002320   _TIMER_reset
80001680   __CSL_init
800038dc   __IRQ_dispatchTable
80003818   __IRQ_eventTable
80002da0   __IRQ_hookFetchPacket
800029c0   __IRQ_init
8000389c   __IRQ_intTable
80003914   __MCBSP_hDev0
80003918   __MCBSP_hDev1
800035c0   __STACK_END
00000800   __STACK_SIZE
8000396c   __TIMER_deviceTable
8000398c   __TIMER_hBios
80003984   __TIMER_hDev0
80003988   __TIMER_hDev1
00000001   __TI_args_main
80002b00   ___TI_cpp_init
80003998   ___TI_enable_exit_profile_output
ffffffff   ___TI_pprof_out_hndl
ffffffff   ___TI_prof_data_size
ffffffff   ___TI_prof_data_start
ffffffff   ___binit__
80000000   ___bss__
ffffffff   ___c_args__
800039a8   ___cinit__
80000000   ___data__
80000000   ___edata__
80000000   ___end__
80002dc0   ___etext__
ffffffff   ___pinit__
80000000   ___text__
80002cc0   __args_main
80002640   __auto_init
80003990   __cleanup_ptr
80000000   __divd
80003994   __dtors_ptr
800020a0   __frcmpyd_div
80002c00   __llshru
80002a60   __mpyll
80002dc0   __stack
80002740   __strasg
80002d80   _abort
80002b80   _c_int00
800037c8   _config1
80002900   _copy_in
80002820   _exit
80001ae4   _initialize
80001aa8   _main
80001440   _memcpy
80001b74   _output_sample
00000020   _vector1
00000140   _vector10
00000160   _vector11
00000180   _vector12
000001a0   _vector13
000001c0   _vector14
000001e0   _vector15
00000040   _vector2
00000060   _vector3
00000080   _vector4
000000a0   _vector5
000000c0   _vector6
000000e0   _vector7
00000100   _vector8
00000120   _vector9
00000000   _vectors
ffffffff   binit
800039a8   cinit
80000000   edata
80000000   end
80002dc0   etext
ffffffff   pinit


GLOBAL SYMBOLS: SORTED BY Symbol Address 

address    name
--------   ----
00000000   _vectors
00000001   __TI_args_main
00000020   _vector1
00000040   _vector2
00000060   _vector3
00000080   _vector4
000000a0   _vector5
000000c0   _vector6
000000e0   _vector7
00000100   _vector8
00000120   _vector9
00000140   _vector10
00000160   _vector11
00000180   _vector12
000001a0   _vector13
000001c0   _vector14
000001e0   _vector15
00000800   __STACK_SIZE
80000000   $bss
80000000   .bss
80000000   .data
80000000   .text
80000000   ___bss__
80000000   ___data__
80000000   ___edata__
80000000   ___end__
80000000   ___text__
80000000   __divd
80000000   edata
80000000   end
80000720   _InitializeTable
8000081c   _MakeMusic
80000a38   _MySin
80000d10   _DSK6713_init
80001010   _DSK6713_rget
80001024   _DSK6713_rset
80001038   _DSK6713_wait
8000108c   _DSK6713_waitusec
800010b8   _DSK6713_getVersion
80001140   _DSK6713_AIC23_openCodec
80001440   _memcpy
80001680   __CSL_init
80001aa8   _main
80001ae4   _initialize
80001b74   _output_sample
80001c20   _MCBSP_reset
80001dc0   _DSK6713_LED_init
80001de8   _DSK6713_LED_off
80001e50   _DSK6713_LED_on
80001eb4   _DSK6713_LED_toggle
80001f60   _TIMER_open
800020a0   __frcmpyd_div
800021e0   _DSK6713_AIC23_rset
8000227c   _DSK6713_AIC23_rget
800022a0   _DSK6713_AIC23_config
80002320   _TIMER_reset
80002440   _MCBSP_open
80002540   _MCBSP_start
80002640   __auto_init
80002740   __strasg
80002820   _exit
80002900   _copy_in
800029c0   __IRQ_init
80002a60   __mpyll
80002b00   ___TI_cpp_init
80002b80   _c_int00
80002c00   __llshru
80002c60   _DSK6713_DIP_init
80002c68   _DSK6713_DIP_get
80002cc0   __args_main
80002d20   _CSL6713_LIB_
80002d40   _MCBSP_write
80002d60   _MCBSP_xrdy
80002d80   C$$EXIT
80002d80   _abort
80002da0   __IRQ_hookFetchPacket
80002dc0   ___etext__
80002dc0   __stack
80002dc0   etext
800035c0   _Glo
800035c0   __STACK_END
800037c8   _config1
80003818   __IRQ_eventTable
8000389c   __IRQ_intTable
800038dc   __IRQ_dispatchTable
80003914   __MCBSP_hDev0
80003918   __MCBSP_hDev1
8000396c   __TIMER_deviceTable
80003984   __TIMER_hDev0
80003988   __TIMER_hDev1
8000398c   __TIMER_hBios
80003990   __cleanup_ptr
80003994   __dtors_ptr
80003998   ___TI_enable_exit_profile_output
8000399c   _DSK6713_AIC23_codeccontrolhandle
800039a0   _DSK6713_AIC23_codecdatahandle
800039a4   _DSK6713_version
800039a8   ___cinit__
800039a8   cinit
ffffffff   ___TI_pprof_out_hndl
ffffffff   ___TI_prof_data_size
ffffffff   ___TI_prof_data_start
ffffffff   ___binit__
ffffffff   ___c_args__
ffffffff   ___pinit__
ffffffff   binit
ffffffff   pinit

[107 symbols]
