<?xml version="1.0"?>
<link_info>
   <banner>TMS320C6x Linker PC v7.4.14</banner>
   <copyright>Copyright (c) 1996-2015 Texas Instruments Incorporated</copyright>
   <link_time>0x575f4523</link_time>
   <output_file>090 BSL AUDIO ugly.out</output_file>
   <entry_point>
      <name>_c_int00</name>
      <address>0x80002b80</address>
   </entry_point>
   <input_file_list>
      <input_file id="fl-2">
         <path>.\</path>
         <kind>object</kind>
         <file>Vectors_poll.obj</file>
         <name>Vectors_poll.obj</name>
      </input_file>
      <input_file id="fl-3">
         <path>.\</path>
         <kind>object</kind>
         <file>audio.obj</file>
         <name>audio.obj</name>
      </input_file>
      <input_file id="fl-4">
         <path>.\</path>
         <kind>object</kind>
         <file>piano.obj</file>
         <name>piano.obj</name>
      </input_file>
      <input_file id="fl-81">
         <path>D:\Program Files\ti\ccsv6\tools\compiler\c6000_7.4.14\lib\</path>
         <kind>archive</kind>
         <file>rts6700.lib</file>
         <name>boot.obj</name>
      </input_file>
      <input_file id="fl-82">
         <path>D:\Program Files\ti\ccsv6\tools\compiler\c6000_7.4.14\lib\</path>
         <kind>archive</kind>
         <file>rts6700.lib</file>
         <name>divd.obj</name>
      </input_file>
      <input_file id="fl-83">
         <path>D:\Program Files\ti\ccsv6\tools\compiler\c6000_7.4.14\lib\</path>
         <kind>archive</kind>
         <file>rts6700.lib</file>
         <name>exit.obj</name>
      </input_file>
      <input_file id="fl-84">
         <path>D:\Program Files\ti\ccsv6\tools\compiler\c6000_7.4.14\lib\</path>
         <kind>archive</kind>
         <file>rts6700.lib</file>
         <name>frcmpyd_div.obj</name>
      </input_file>
      <input_file id="fl-85">
         <path>D:\Program Files\ti\ccsv6\tools\compiler\c6000_7.4.14\lib\</path>
         <kind>archive</kind>
         <file>rts6700.lib</file>
         <name>llshift.obj</name>
      </input_file>
      <input_file id="fl-86">
         <path>D:\Program Files\ti\ccsv6\tools\compiler\c6000_7.4.14\lib\</path>
         <kind>archive</kind>
         <file>rts6700.lib</file>
         <name>mpyll.obj</name>
      </input_file>
      <input_file id="fl-87">
         <path>D:\Program Files\ti\ccsv6\tools\compiler\c6000_7.4.14\lib\</path>
         <kind>archive</kind>
         <file>rts6700.lib</file>
         <name>args_main.obj</name>
      </input_file>
      <input_file id="fl-88">
         <path>D:\Program Files\ti\ccsv6\tools\compiler\c6000_7.4.14\lib\</path>
         <kind>archive</kind>
         <file>rts6700.lib</file>
         <name>autoinit.obj</name>
      </input_file>
      <input_file id="fl-89">
         <path>D:\Program Files\ti\ccsv6\tools\compiler\c6000_7.4.14\lib\</path>
         <kind>archive</kind>
         <file>rts6700.lib</file>
         <name>cpp_init.obj</name>
      </input_file>
      <input_file id="fl-8a">
         <path>D:\Program Files\ti\ccsv6\tools\compiler\c6000_7.4.14\lib\</path>
         <kind>archive</kind>
         <file>rts6700.lib</file>
         <name>cpy_tbl.obj</name>
      </input_file>
      <input_file id="fl-8b">
         <path>D:\Program Files\ti\ccsv6\tools\compiler\c6000_7.4.14\lib\</path>
         <kind>archive</kind>
         <file>rts6700.lib</file>
         <name>memcpy62.obj</name>
      </input_file>
      <input_file id="fl-8c">
         <path>D:\DT Docs on D\CCS\libraries\dsk6713\lib\</path>
         <kind>archive</kind>
         <file>dsk6713bsl.lib</file>
         <name>dsk6713.obj</name>
      </input_file>
      <input_file id="fl-8d">
         <path>D:\DT Docs on D\CCS\libraries\dsk6713\lib\</path>
         <kind>archive</kind>
         <file>dsk6713bsl.lib</file>
         <name>dsk6713_aic23_opencodec.obj</name>
      </input_file>
      <input_file id="fl-8e">
         <path>D:\DT Docs on D\CCS\libraries\dsk6713\lib\</path>
         <kind>archive</kind>
         <file>dsk6713bsl.lib</file>
         <name>dsk6713_aic23_registers.obj</name>
      </input_file>
      <input_file id="fl-8f">
         <path>D:\DT Docs on D\CCS\libraries\dsk6713\lib\</path>
         <kind>archive</kind>
         <file>dsk6713bsl.lib</file>
         <name>dsk6713_dip.obj</name>
      </input_file>
      <input_file id="fl-90">
         <path>D:\DT Docs on D\CCS\libraries\dsk6713\lib\</path>
         <kind>archive</kind>
         <file>dsk6713bsl.lib</file>
         <name>dsk6713_led.obj</name>
      </input_file>
      <input_file id="fl-91">
         <path>D:\DT Docs on D\CCS\libraries\cslupdate\lib_3x\</path>
         <kind>archive</kind>
         <file>csl6713.lib</file>
         <name>csl.obj</name>
      </input_file>
      <input_file id="fl-92">
         <path>D:\DT Docs on D\CCS\libraries\cslupdate\lib_3x\</path>
         <kind>archive</kind>
         <file>csl6713.lib</file>
         <name>csl_irq.obj</name>
      </input_file>
      <input_file id="fl-93">
         <path>D:\DT Docs on D\CCS\libraries\cslupdate\lib_3x\</path>
         <kind>archive</kind>
         <file>csl6713.lib</file>
         <name>csl_mcbsp.obj</name>
      </input_file>
      <input_file id="fl-94">
         <path>D:\DT Docs on D\CCS\libraries\cslupdate\lib_3x\</path>
         <kind>archive</kind>
         <file>csl6713.lib</file>
         <name>csl_timer.obj</name>
      </input_file>
      <input_file id="fl-95">
         <path>D:\Program Files\ti\ccsv6\tools\compiler\c6000_7.4.14\lib\</path>
         <kind>archive</kind>
         <file>rts6700.lib</file>
         <name>strasg.obj</name>
      </input_file>
   </input_file_list>
   <object_component_list>
      <object_component id="oc-12">
         <name>.vecs</name>
         <load_address>0x0</load_address>
         <run_address>0x0</run_address>
         <size>0x200</size>
         <input_file_ref idref="fl-2"/>
      </object_component>
      <object_component id="oc-80">
         <name>.text:__divd</name>
         <load_address>0x80000000</load_address>
         <run_address>0x80000000</run_address>
         <size>0x720</size>
         <input_file_ref idref="fl-82"/>
      </object_component>
      <object_component id="oc-7b">
         <name>.text</name>
         <load_address>0x80000720</load_address>
         <run_address>0x80000720</run_address>
         <size>0x5c0</size>
         <input_file_ref idref="fl-4"/>
      </object_component>
      <object_component id="oc-44">
         <name>.text</name>
         <load_address>0x80000ce0</load_address>
         <run_address>0x80000ce0</run_address>
         <size>0x460</size>
         <input_file_ref idref="fl-8c"/>
      </object_component>
      <object_component id="oc-48">
         <name>.text</name>
         <load_address>0x80001140</load_address>
         <run_address>0x80001140</run_address>
         <size>0x300</size>
         <input_file_ref idref="fl-8d"/>
      </object_component>
      <object_component id="oc-74">
         <name>.text:_memcpy</name>
         <load_address>0x80001440</load_address>
         <run_address>0x80001440</run_address>
         <size>0x240</size>
         <input_file_ref idref="fl-8b"/>
      </object_component>
      <object_component id="oc-7a">
         <name>.text:__CSL_init</name>
         <load_address>0x80001680</load_address>
         <run_address>0x80001680</run_address>
         <size>0x220</size>
         <input_file_ref idref="fl-91"/>
      </object_component>
      <object_component id="oc-81">
         <name>.text:_mux2Tables</name>
         <load_address>0x800018a0</load_address>
         <run_address>0x800018a0</run_address>
         <size>0x1c0</size>
         <input_file_ref idref="fl-92"/>
      </object_component>
      <object_component id="oc-76">
         <name>.text</name>
         <load_address>0x80001a60</load_address>
         <run_address>0x80001a60</run_address>
         <size>0x1c0</size>
         <input_file_ref idref="fl-3"/>
      </object_component>
      <object_component id="oc-78">
         <name>.text:_MCBSP_reset</name>
         <load_address>0x80001c20</load_address>
         <run_address>0x80001c20</run_address>
         <size>0x1a0</size>
         <input_file_ref idref="fl-93"/>
      </object_component>
      <object_component id="oc-52">
         <name>.text</name>
         <load_address>0x80001dc0</load_address>
         <run_address>0x80001dc0</run_address>
         <size>0x1a0</size>
         <input_file_ref idref="fl-90"/>
      </object_component>
      <object_component id="oc-7f">
         <name>.text:_TIMER_open</name>
         <load_address>0x80001f60</load_address>
         <run_address>0x80001f60</run_address>
         <size>0x140</size>
         <input_file_ref idref="fl-94"/>
      </object_component>
      <object_component id="oc-84">
         <name>.text:__frcmpyd_div</name>
         <load_address>0x800020a0</load_address>
         <run_address>0x800020a0</run_address>
         <size>0x140</size>
         <input_file_ref idref="fl-84"/>
      </object_component>
      <object_component id="oc-4c">
         <name>.text</name>
         <load_address>0x800021e0</load_address>
         <run_address>0x800021e0</run_address>
         <size>0x140</size>
         <input_file_ref idref="fl-8e"/>
      </object_component>
      <object_component id="oc-82">
         <name>.text:_TIMER_reset</name>
         <load_address>0x80002320</load_address>
         <run_address>0x80002320</run_address>
         <size>0x120</size>
         <input_file_ref idref="fl-94"/>
      </object_component>
      <object_component id="oc-71">
         <name>.text:_MCBSP_open</name>
         <load_address>0x80002440</load_address>
         <run_address>0x80002440</run_address>
         <size>0x100</size>
         <input_file_ref idref="fl-93"/>
      </object_component>
      <object_component id="oc-72">
         <name>.text:_MCBSP_start</name>
         <load_address>0x80002540</load_address>
         <run_address>0x80002540</run_address>
         <size>0x100</size>
         <input_file_ref idref="fl-93"/>
      </object_component>
      <object_component id="oc-6d">
         <name>.text:__auto_init</name>
         <load_address>0x80002640</load_address>
         <run_address>0x80002640</run_address>
         <size>0x100</size>
         <input_file_ref idref="fl-88"/>
      </object_component>
      <object_component id="oc-70">
         <name>.text:__strasg</name>
         <load_address>0x80002740</load_address>
         <run_address>0x80002740</run_address>
         <size>0xe0</size>
         <input_file_ref idref="fl-95"/>
      </object_component>
      <object_component id="oc-6f">
         <name>.text:_exit</name>
         <load_address>0x80002820</load_address>
         <run_address>0x80002820</run_address>
         <size>0xe0</size>
         <input_file_ref idref="fl-83"/>
      </object_component>
      <object_component id="oc-73">
         <name>.text:_copy_in</name>
         <load_address>0x80002900</load_address>
         <run_address>0x80002900</run_address>
         <size>0xc0</size>
         <input_file_ref idref="fl-8a"/>
      </object_component>
      <object_component id="oc-7e">
         <name>.text:__IRQ_init</name>
         <load_address>0x800029c0</load_address>
         <run_address>0x800029c0</run_address>
         <size>0xa0</size>
         <input_file_ref idref="fl-92"/>
      </object_component>
      <object_component id="oc-85">
         <name>.text:__mpyll</name>
         <load_address>0x80002a60</load_address>
         <run_address>0x80002a60</run_address>
         <size>0xa0</size>
         <input_file_ref idref="fl-86"/>
      </object_component>
      <object_component id="oc-75">
         <name>.text:___TI_cpp_init</name>
         <load_address>0x80002b00</load_address>
         <run_address>0x80002b00</run_address>
         <size>0x80</size>
         <input_file_ref idref="fl-89"/>
      </object_component>
      <object_component id="oc-10">
         <name>.text:_c_int00</name>
         <load_address>0x80002b80</load_address>
         <run_address>0x80002b80</run_address>
         <size>0x80</size>
         <input_file_ref idref="fl-81"/>
      </object_component>
      <object_component id="oc-83">
         <name>.text:__llshru</name>
         <load_address>0x80002c00</load_address>
         <run_address>0x80002c00</run_address>
         <size>0x60</size>
         <input_file_ref idref="fl-85"/>
      </object_component>
      <object_component id="oc-50">
         <name>.text</name>
         <load_address>0x80002c60</load_address>
         <run_address>0x80002c60</run_address>
         <size>0x60</size>
         <input_file_ref idref="fl-8f"/>
      </object_component>
      <object_component id="oc-6e">
         <name>.text:__args_main</name>
         <load_address>0x80002cc0</load_address>
         <run_address>0x80002cc0</run_address>
         <size>0x40</size>
         <input_file_ref idref="fl-87"/>
      </object_component>
      <object_component id="oc-11">
         <name>.text</name>
         <load_address>0x80002d00</load_address>
         <run_address>0x80002d00</run_address>
         <size>0x20</size>
         <input_file_ref idref="fl-2"/>
      </object_component>
      <object_component id="oc-79">
         <name>.text:_CSL6713_LIB_</name>
         <load_address>0x80002d20</load_address>
         <run_address>0x80002d20</run_address>
         <size>0x20</size>
         <input_file_ref idref="fl-91"/>
      </object_component>
      <object_component id="oc-7d">
         <name>.text:_MCBSP_write</name>
         <load_address>0x80002d40</load_address>
         <run_address>0x80002d40</run_address>
         <size>0x20</size>
         <input_file_ref idref="fl-93"/>
      </object_component>
      <object_component id="oc-7c">
         <name>.text:_MCBSP_xrdy</name>
         <load_address>0x80002d60</load_address>
         <run_address>0x80002d60</run_address>
         <size>0x20</size>
         <input_file_ref idref="fl-93"/>
      </object_component>
      <object_component id="oc-77">
         <name>.text:_abort</name>
         <load_address>0x80002d80</load_address>
         <run_address>0x80002d80</run_address>
         <size>0x20</size>
         <input_file_ref idref="fl-83"/>
      </object_component>
      <object_component id="oc-5a">
         <name>.text</name>
         <load_address>0x80002da0</load_address>
         <run_address>0x80002da0</run_address>
         <size>0x20</size>
         <input_file_ref idref="fl-92"/>
      </object_component>
      <object_component id="oc-18">
         <name>.far</name>
         <uninitialized>true</uninitialized>
         <run_address>0x800035c0</run_address>
         <size>0x230</size>
         <input_file_ref idref="fl-3"/>
      </object_component>
      <object_component id="oc-29">
         <name>.far</name>
         <uninitialized>true</uninitialized>
         <run_address>0x80003990</run_address>
         <size>0xc</size>
         <input_file_ref idref="fl-83"/>
      </object_component>
      <object_component id="oc-45">
         <name>.far</name>
         <uninitialized>true</uninitialized>
         <run_address>0x800039a4</run_address>
         <size>0x2</size>
         <input_file_ref idref="fl-8c"/>
      </object_component>
      <object_component id="oc-49">
         <name>.far</name>
         <uninitialized>true</uninitialized>
         <run_address>0x8000399c</run_address>
         <size>0x8</size>
         <input_file_ref idref="fl-8d"/>
      </object_component>
      <object_component id="oc-4e">
         <name>.far</name>
         <uninitialized>true</uninitialized>
         <run_address>0x80003944</run_address>
         <size>0x28</size>
         <input_file_ref idref="fl-8e"/>
      </object_component>
      <object_component id="oc-53">
         <name>.far</name>
         <uninitialized>true</uninitialized>
         <run_address>0x800039a6</run_address>
         <size>0x2</size>
         <input_file_ref idref="fl-90"/>
      </object_component>
      <object_component id="oc-56">
         <name>.far</name>
         <uninitialized>true</uninitialized>
         <run_address>0x8000391c</run_address>
         <size>0x28</size>
         <input_file_ref idref="fl-91"/>
      </object_component>
      <object_component id="oc-5c">
         <name>.far</name>
         <uninitialized>true</uninitialized>
         <run_address>0x800037f0</run_address>
         <size>0xf4</size>
         <input_file_ref idref="fl-92"/>
      </object_component>
      <object_component id="oc-61">
         <name>.far</name>
         <uninitialized>true</uninitialized>
         <run_address>0x800038e4</run_address>
         <size>0x38</size>
         <input_file_ref idref="fl-93"/>
      </object_component>
      <object_component id="oc-66">
         <name>.far</name>
         <uninitialized>true</uninitialized>
         <run_address>0x8000396c</run_address>
         <size>0x24</size>
         <input_file_ref idref="fl-94"/>
      </object_component>
      <object_component id="oc-21">
         <name>.stack</name>
         <uninitialized>true</uninitialized>
         <run_address>0x80002dc0</run_address>
         <size>0x8</size>
         <input_file_ref idref="fl-81"/>
      </object_component>
      <object_component id="oc-9f">
         <name>.stack</name>
         <uninitialized>true</uninitialized>
         <run_address>0x80002dc0</run_address>
         <size>0x0</size>
      </object_component>
      <object_component id="oc-5b">
         <name>.cinit</name>
         <load_address>0x800039a8</load_address>
         <run_address>0x800039a8</run_address>
         <size>0x12c</size>
         <input_file_ref idref="fl-92"/>
      </object_component>
      <object_component id="oc-60">
         <name>.cinit</name>
         <load_address>0x80003ad8</load_address>
         <run_address>0x80003ad8</run_address>
         <size>0x54</size>
         <input_file_ref idref="fl-93"/>
      </object_component>
      <object_component id="oc-65">
         <name>.cinit</name>
         <load_address>0x80003b30</load_address>
         <run_address>0x80003b30</run_address>
         <size>0x4c</size>
         <input_file_ref idref="fl-94"/>
      </object_component>
      <object_component id="oc-55">
         <name>.cinit</name>
         <load_address>0x80003b80</load_address>
         <run_address>0x80003b80</run_address>
         <size>0x3c</size>
         <input_file_ref idref="fl-91"/>
      </object_component>
      <object_component id="oc-17">
         <name>.cinit</name>
         <load_address>0x80003bc0</load_address>
         <run_address>0x80003bc0</run_address>
         <size>0x30</size>
         <input_file_ref idref="fl-3"/>
      </object_component>
      <object_component id="oc-4d">
         <name>.cinit</name>
         <load_address>0x80003bf0</load_address>
         <run_address>0x80003bf0</run_address>
         <size>0x30</size>
         <input_file_ref idref="fl-8e"/>
      </object_component>
      <object_component id="oc-28">
         <name>.cinit</name>
         <load_address>0x80003c20</load_address>
         <run_address>0x80003c20</run_address>
         <size>0x2c</size>
         <input_file_ref idref="fl-83"/>
      </object_component>
      <object_component id="oc-4a">
         <name>.const</name>
         <load_address>0x80003c54</load_address>
         <run_address>0x80003c54</run_address>
         <size>0x40</size>
         <input_file_ref idref="fl-8d"/>
      </object_component>
      <object_component id="oc-46">
         <name>.const</name>
         <load_address>0x80003c94</load_address>
         <run_address>0x80003c94</run_address>
         <size>0x20</size>
         <input_file_ref idref="fl-8c"/>
      </object_component>
      <object_component id="oc-13">
         <name>.debug_info</name>
         <load_address>0x0</load_address>
         <run_address>0x0</run_address>
         <size>0x10c</size>
         <input_file_ref idref="fl-2"/>
      </object_component>
      <object_component id="oc-16">
         <name>.debug_info</name>
         <load_address>0x10c</load_address>
         <run_address>0x10c</run_address>
         <size>0xebb</size>
         <input_file_ref idref="fl-3"/>
      </object_component>
      <object_component id="oc-1c">
         <name>.debug_info</name>
         <load_address>0xfc7</load_address>
         <run_address>0xfc7</run_address>
         <size>0xd33</size>
         <input_file_ref idref="fl-4"/>
      </object_component>
      <object_component id="oc-20">
         <name>.debug_info</name>
         <load_address>0x1cfa</load_address>
         <run_address>0x1cfa</run_address>
         <size>0x711</size>
         <input_file_ref idref="fl-81"/>
      </object_component>
      <object_component id="oc-24">
         <name>.debug_info</name>
         <load_address>0x240b</load_address>
         <run_address>0x240b</run_address>
         <size>0x988</size>
         <input_file_ref idref="fl-82"/>
      </object_component>
      <object_component id="oc-27">
         <name>.debug_info</name>
         <load_address>0x2d93</load_address>
         <run_address>0x2d93</run_address>
         <size>0x808</size>
         <input_file_ref idref="fl-83"/>
      </object_component>
      <object_component id="oc-2c">
         <name>.debug_info</name>
         <load_address>0x359b</load_address>
         <run_address>0x359b</run_address>
         <size>0x6aa</size>
         <input_file_ref idref="fl-84"/>
      </object_component>
      <object_component id="oc-2f">
         <name>.debug_info</name>
         <load_address>0x3c45</load_address>
         <run_address>0x3c45</run_address>
         <size>0x697</size>
         <input_file_ref idref="fl-85"/>
      </object_component>
      <object_component id="oc-32">
         <name>.debug_info</name>
         <load_address>0x42dc</load_address>
         <run_address>0x42dc</run_address>
         <size>0x6bd</size>
         <input_file_ref idref="fl-86"/>
      </object_component>
      <object_component id="oc-35">
         <name>.debug_info</name>
         <load_address>0x4999</load_address>
         <run_address>0x4999</run_address>
         <size>0x6e7</size>
         <input_file_ref idref="fl-87"/>
      </object_component>
      <object_component id="oc-38">
         <name>.debug_info</name>
         <load_address>0x5080</load_address>
         <run_address>0x5080</run_address>
         <size>0x87a</size>
         <input_file_ref idref="fl-88"/>
      </object_component>
      <object_component id="oc-3b">
         <name>.debug_info</name>
         <load_address>0x58fa</load_address>
         <run_address>0x58fa</run_address>
         <size>0x6f2</size>
         <input_file_ref idref="fl-89"/>
      </object_component>
      <object_component id="oc-3e">
         <name>.debug_info</name>
         <load_address>0x5fec</load_address>
         <run_address>0x5fec</run_address>
         <size>0x7e8</size>
         <input_file_ref idref="fl-8a"/>
      </object_component>
      <object_component id="oc-41">
         <name>.debug_info</name>
         <load_address>0x67d4</load_address>
         <run_address>0x67d4</run_address>
         <size>0x79e</size>
         <input_file_ref idref="fl-8b"/>
      </object_component>
      <object_component id="oc-58">
         <name>.debug_info</name>
         <load_address>0x6f72</load_address>
         <run_address>0x6f72</run_address>
         <size>0xa13</size>
         <input_file_ref idref="fl-91"/>
      </object_component>
      <object_component id="oc-5e">
         <name>.debug_info</name>
         <load_address>0x7985</load_address>
         <run_address>0x7985</run_address>
         <size>0x9ee</size>
         <input_file_ref idref="fl-92"/>
      </object_component>
      <object_component id="oc-63">
         <name>.debug_info</name>
         <load_address>0x8373</load_address>
         <run_address>0x8373</run_address>
         <size>0xc15</size>
         <input_file_ref idref="fl-93"/>
      </object_component>
      <object_component id="oc-68">
         <name>.debug_info</name>
         <load_address>0x8f88</load_address>
         <run_address>0x8f88</run_address>
         <size>0x93b</size>
         <input_file_ref idref="fl-94"/>
      </object_component>
      <object_component id="oc-6a">
         <name>.debug_info</name>
         <load_address>0x98c3</load_address>
         <run_address>0x98c3</run_address>
         <size>0xdc</size>
         <input_file_ref idref="fl-95"/>
      </object_component>
      <object_component id="oc-ac">
         <name>.debug_info</name>
         <load_address>0x999f</load_address>
         <run_address>0x999f</run_address>
         <size>0x6e</size>
      </object_component>
      <object_component id="oc-14">
         <name>.debug_line</name>
         <load_address>0x0</load_address>
         <run_address>0x0</run_address>
         <size>0xcd</size>
         <input_file_ref idref="fl-2"/>
      </object_component>
      <object_component id="oc-1a">
         <name>.debug_line</name>
         <load_address>0xcd</load_address>
         <run_address>0xcd</run_address>
         <size>0xd7</size>
         <input_file_ref idref="fl-3"/>
      </object_component>
      <object_component id="oc-1e">
         <name>.debug_line</name>
         <load_address>0x1a4</load_address>
         <run_address>0x1a4</run_address>
         <size>0xf5</size>
         <input_file_ref idref="fl-4"/>
      </object_component>
      <object_component id="oc-22">
         <name>.debug_line</name>
         <load_address>0x299</load_address>
         <run_address>0x299</run_address>
         <size>0x3d</size>
         <input_file_ref idref="fl-81"/>
      </object_component>
      <object_component id="oc-25">
         <name>.debug_line</name>
         <load_address>0x2d6</load_address>
         <run_address>0x2d6</run_address>
         <size>0x3c</size>
         <input_file_ref idref="fl-82"/>
      </object_component>
      <object_component id="oc-2a">
         <name>.debug_line</name>
         <load_address>0x312</load_address>
         <run_address>0x312</run_address>
         <size>0x4f</size>
         <input_file_ref idref="fl-83"/>
      </object_component>
      <object_component id="oc-2d">
         <name>.debug_line</name>
         <load_address>0x361</load_address>
         <run_address>0x361</run_address>
         <size>0x3e</size>
         <input_file_ref idref="fl-84"/>
      </object_component>
      <object_component id="oc-30">
         <name>.debug_line</name>
         <load_address>0x39f</load_address>
         <run_address>0x39f</run_address>
         <size>0x3f</size>
         <input_file_ref idref="fl-85"/>
      </object_component>
      <object_component id="oc-33">
         <name>.debug_line</name>
         <load_address>0x3de</load_address>
         <run_address>0x3de</run_address>
         <size>0x3d</size>
         <input_file_ref idref="fl-86"/>
      </object_component>
      <object_component id="oc-36">
         <name>.debug_line</name>
         <load_address>0x41b</load_address>
         <run_address>0x41b</run_address>
         <size>0x41</size>
         <input_file_ref idref="fl-87"/>
      </object_component>
      <object_component id="oc-39">
         <name>.debug_line</name>
         <load_address>0x45c</load_address>
         <run_address>0x45c</run_address>
         <size>0x47</size>
         <input_file_ref idref="fl-88"/>
      </object_component>
      <object_component id="oc-3c">
         <name>.debug_line</name>
         <load_address>0x4a3</load_address>
         <run_address>0x4a3</run_address>
         <size>0x45</size>
         <input_file_ref idref="fl-89"/>
      </object_component>
      <object_component id="oc-3f">
         <name>.debug_line</name>
         <load_address>0x4e8</load_address>
         <run_address>0x4e8</run_address>
         <size>0x44</size>
         <input_file_ref idref="fl-8a"/>
      </object_component>
      <object_component id="oc-42">
         <name>.debug_line</name>
         <load_address>0x52c</load_address>
         <run_address>0x52c</run_address>
         <size>0x4e</size>
         <input_file_ref idref="fl-8b"/>
      </object_component>
      <object_component id="oc-59">
         <name>.debug_line</name>
         <load_address>0x57a</load_address>
         <run_address>0x57a</run_address>
         <size>0x6a</size>
         <input_file_ref idref="fl-91"/>
      </object_component>
      <object_component id="oc-5f">
         <name>.debug_line</name>
         <load_address>0x5e4</load_address>
         <run_address>0x5e4</run_address>
         <size>0x9d</size>
         <input_file_ref idref="fl-92"/>
      </object_component>
      <object_component id="oc-64">
         <name>.debug_line</name>
         <load_address>0x681</load_address>
         <run_address>0x681</run_address>
         <size>0xe9</size>
         <input_file_ref idref="fl-93"/>
      </object_component>
      <object_component id="oc-69">
         <name>.debug_line</name>
         <load_address>0x76a</load_address>
         <run_address>0x76a</run_address>
         <size>0xa4</size>
         <input_file_ref idref="fl-94"/>
      </object_component>
      <object_component id="oc-6b">
         <name>.debug_line</name>
         <load_address>0x80e</load_address>
         <run_address>0x80e</run_address>
         <size>0x48</size>
         <input_file_ref idref="fl-95"/>
      </object_component>
      <object_component id="oc-15">
         <name>.debug_abbrev</name>
         <load_address>0x0</load_address>
         <run_address>0x0</run_address>
         <size>0x21</size>
         <input_file_ref idref="fl-2"/>
      </object_component>
      <object_component id="oc-1b">
         <name>.debug_abbrev</name>
         <load_address>0x21</load_address>
         <run_address>0x21</run_address>
         <size>0x19c</size>
         <input_file_ref idref="fl-3"/>
      </object_component>
      <object_component id="oc-1f">
         <name>.debug_abbrev</name>
         <load_address>0x1bd</load_address>
         <run_address>0x1bd</run_address>
         <size>0x110</size>
         <input_file_ref idref="fl-4"/>
      </object_component>
      <object_component id="oc-23">
         <name>.debug_abbrev</name>
         <load_address>0x2cd</load_address>
         <run_address>0x2cd</run_address>
         <size>0xfe</size>
         <input_file_ref idref="fl-81"/>
      </object_component>
      <object_component id="oc-26">
         <name>.debug_abbrev</name>
         <load_address>0x3cb</load_address>
         <run_address>0x3cb</run_address>
         <size>0xf5</size>
         <input_file_ref idref="fl-82"/>
      </object_component>
      <object_component id="oc-2b">
         <name>.debug_abbrev</name>
         <load_address>0x4c0</load_address>
         <run_address>0x4c0</run_address>
         <size>0x119</size>
         <input_file_ref idref="fl-83"/>
      </object_component>
      <object_component id="oc-2e">
         <name>.debug_abbrev</name>
         <load_address>0x5d9</load_address>
         <run_address>0x5d9</run_address>
         <size>0x9a</size>
         <input_file_ref idref="fl-84"/>
      </object_component>
      <object_component id="oc-31">
         <name>.debug_abbrev</name>
         <load_address>0x673</load_address>
         <run_address>0x673</run_address>
         <size>0xa3</size>
         <input_file_ref idref="fl-85"/>
      </object_component>
      <object_component id="oc-34">
         <name>.debug_abbrev</name>
         <load_address>0x716</load_address>
         <run_address>0x716</run_address>
         <size>0xa3</size>
         <input_file_ref idref="fl-86"/>
      </object_component>
      <object_component id="oc-37">
         <name>.debug_abbrev</name>
         <load_address>0x7b9</load_address>
         <run_address>0x7b9</run_address>
         <size>0xe1</size>
         <input_file_ref idref="fl-87"/>
      </object_component>
      <object_component id="oc-3a">
         <name>.debug_abbrev</name>
         <load_address>0x89a</load_address>
         <run_address>0x89a</run_address>
         <size>0x13f</size>
         <input_file_ref idref="fl-88"/>
      </object_component>
      <object_component id="oc-3d">
         <name>.debug_abbrev</name>
         <load_address>0x9d9</load_address>
         <run_address>0x9d9</run_address>
         <size>0xdd</size>
         <input_file_ref idref="fl-89"/>
      </object_component>
      <object_component id="oc-40">
         <name>.debug_abbrev</name>
         <load_address>0xab6</load_address>
         <run_address>0xab6</run_address>
         <size>0x10c</size>
         <input_file_ref idref="fl-8a"/>
      </object_component>
      <object_component id="oc-43">
         <name>.debug_abbrev</name>
         <load_address>0xbc2</load_address>
         <run_address>0xbc2</run_address>
         <size>0xd5</size>
         <input_file_ref idref="fl-8b"/>
      </object_component>
      <object_component id="oc-57">
         <name>.debug_abbrev</name>
         <load_address>0xc97</load_address>
         <run_address>0xc97</run_address>
         <size>0x165</size>
         <input_file_ref idref="fl-91"/>
      </object_component>
      <object_component id="oc-5d">
         <name>.debug_abbrev</name>
         <load_address>0xdfc</load_address>
         <run_address>0xdfc</run_address>
         <size>0x1b7</size>
         <input_file_ref idref="fl-92"/>
      </object_component>
      <object_component id="oc-62">
         <name>.debug_abbrev</name>
         <load_address>0xfb3</load_address>
         <run_address>0xfb3</run_address>
         <size>0x1a3</size>
         <input_file_ref idref="fl-93"/>
      </object_component>
      <object_component id="oc-67">
         <name>.debug_abbrev</name>
         <load_address>0x1156</load_address>
         <run_address>0x1156</run_address>
         <size>0x1ed</size>
         <input_file_ref idref="fl-94"/>
      </object_component>
      <object_component id="oc-6c">
         <name>.debug_abbrev</name>
         <load_address>0x1343</load_address>
         <run_address>0x1343</run_address>
         <size>0x3b</size>
         <input_file_ref idref="fl-95"/>
      </object_component>
      <object_component id="oc-ad">
         <name>.debug_abbrev</name>
         <load_address>0x137e</load_address>
         <run_address>0x137e</run_address>
         <size>0xd</size>
      </object_component>
      <object_component id="oc-19">
         <name>.debug_frame</name>
         <load_address>0x0</load_address>
         <run_address>0x0</run_address>
         <size>0x2b7</size>
         <input_file_ref idref="fl-3"/>
      </object_component>
      <object_component id="oc-1d">
         <name>.debug_frame</name>
         <load_address>0x2b7</load_address>
         <run_address>0x2b7</run_address>
         <size>0x297</size>
         <input_file_ref idref="fl-4"/>
      </object_component>
      <object_component id="oc-47">
         <name>$BRID</name>
         <load_address>0x0</load_address>
         <run_address>0x0</run_address>
         <size>0x54</size>
         <input_file_ref idref="fl-8c"/>
      </object_component>
      <object_component id="oc-4b">
         <name>$BRID</name>
         <load_address>0x54</load_address>
         <run_address>0x54</run_address>
         <size>0x24</size>
         <input_file_ref idref="fl-8d"/>
      </object_component>
      <object_component id="oc-4f">
         <name>$BRID</name>
         <load_address>0x78</load_address>
         <run_address>0x78</run_address>
         <size>0x14</size>
         <input_file_ref idref="fl-8e"/>
      </object_component>
      <object_component id="oc-51">
         <name>$BRID</name>
         <load_address>0x8c</load_address>
         <run_address>0x8c</run_address>
         <size>0xc</size>
         <input_file_ref idref="fl-8f"/>
      </object_component>
      <object_component id="oc-54">
         <name>$BRID</name>
         <load_address>0x98</load_address>
         <run_address>0x98</run_address>
         <size>0x30</size>
         <input_file_ref idref="fl-90"/>
      </object_component>
   </object_component_list>
   <logical_group_list>
      <logical_group id="lg-2">
         <name>.vecs</name>
         <load_address>0x0</load_address>
         <run_address>0x0</run_address>
         <size>0x200</size>
         <contents>
            <object_component_ref idref="oc-12"/>
         </contents>
      </logical_group>
      <logical_group id="lg-3">
         <name>.text</name>
         <load_address>0x80000000</load_address>
         <run_address>0x80000000</run_address>
         <size>0x2dc0</size>
         <contents>
            <object_component_ref idref="oc-80"/>
            <object_component_ref idref="oc-7b"/>
            <object_component_ref idref="oc-44"/>
            <object_component_ref idref="oc-48"/>
            <object_component_ref idref="oc-74"/>
            <object_component_ref idref="oc-7a"/>
            <object_component_ref idref="oc-81"/>
            <object_component_ref idref="oc-76"/>
            <object_component_ref idref="oc-78"/>
            <object_component_ref idref="oc-52"/>
            <object_component_ref idref="oc-7f"/>
            <object_component_ref idref="oc-84"/>
            <object_component_ref idref="oc-4c"/>
            <object_component_ref idref="oc-82"/>
            <object_component_ref idref="oc-71"/>
            <object_component_ref idref="oc-72"/>
            <object_component_ref idref="oc-6d"/>
            <object_component_ref idref="oc-70"/>
            <object_component_ref idref="oc-6f"/>
            <object_component_ref idref="oc-73"/>
            <object_component_ref idref="oc-7e"/>
            <object_component_ref idref="oc-85"/>
            <object_component_ref idref="oc-75"/>
            <object_component_ref idref="oc-10"/>
            <object_component_ref idref="oc-83"/>
            <object_component_ref idref="oc-50"/>
            <object_component_ref idref="oc-6e"/>
            <object_component_ref idref="oc-11"/>
            <object_component_ref idref="oc-79"/>
            <object_component_ref idref="oc-7d"/>
            <object_component_ref idref="oc-7c"/>
            <object_component_ref idref="oc-77"/>
            <object_component_ref idref="oc-5a"/>
         </contents>
      </logical_group>
      <logical_group id="lg-4">
         <name>.rtdx_text</name>
         <run_address>0x0</run_address>
         <size>0x0</size>
         <contents>
         </contents>
      </logical_group>
      <logical_group id="lg-5">
         <name>.far</name>
         <run_address>0x800035c0</run_address>
         <size>0x3e8</size>
         <contents>
            <object_component_ref idref="oc-18"/>
            <object_component_ref idref="oc-29"/>
            <object_component_ref idref="oc-45"/>
            <object_component_ref idref="oc-49"/>
            <object_component_ref idref="oc-4e"/>
            <object_component_ref idref="oc-53"/>
            <object_component_ref idref="oc-56"/>
            <object_component_ref idref="oc-5c"/>
            <object_component_ref idref="oc-61"/>
            <object_component_ref idref="oc-66"/>
         </contents>
      </logical_group>
      <logical_group id="lg-6">
         <name>.stack</name>
         <run_address>0x80002dc0</run_address>
         <size>0x800</size>
         <contents>
            <object_component_ref idref="oc-21"/>
            <object_component_ref idref="oc-9f"/>
         </contents>
      </logical_group>
      <logical_group id="lg-7">
         <name>.bss</name>
         <run_address>0x80000000</run_address>
         <size>0x0</size>
         <contents>
         </contents>
      </logical_group>
      <logical_group id="lg-8">
         <name>.cinit</name>
         <load_address>0x800039a8</load_address>
         <run_address>0x800039a8</run_address>
         <size>0x2ac</size>
         <contents>
            <object_component_ref idref="oc-5b"/>
            <object_component_ref idref="oc-60"/>
            <object_component_ref idref="oc-65"/>
            <object_component_ref idref="oc-55"/>
            <object_component_ref idref="oc-17"/>
            <object_component_ref idref="oc-4d"/>
            <object_component_ref idref="oc-28"/>
         </contents>
      </logical_group>
      <logical_group id="lg-9">
         <name>.pinit</name>
         <run_address>0x0</run_address>
         <size>0x0</size>
         <contents>
         </contents>
      </logical_group>
      <logical_group id="lg-a">
         <name>.cio</name>
         <run_address>0x0</run_address>
         <size>0x0</size>
         <contents>
         </contents>
      </logical_group>
      <logical_group id="lg-b">
         <name>.const</name>
         <load_address>0x80003c54</load_address>
         <run_address>0x80003c54</run_address>
         <size>0x60</size>
         <contents>
            <object_component_ref idref="oc-4a"/>
            <object_component_ref idref="oc-46"/>
         </contents>
      </logical_group>
      <logical_group id="lg-c">
         <name>.data</name>
         <run_address>0x80000000</run_address>
         <size>0x0</size>
         <contents>
         </contents>
      </logical_group>
      <logical_group id="lg-d">
         <name>.rtdx_data</name>
         <run_address>0x0</run_address>
         <size>0x0</size>
         <contents>
         </contents>
      </logical_group>
      <logical_group id="lg-e">
         <name>.switch</name>
         <run_address>0x0</run_address>
         <size>0x0</size>
         <contents>
         </contents>
      </logical_group>
      <logical_group id="lg-f">
         <name>.sysmem</name>
         <run_address>0x0</run_address>
         <size>0x0</size>
         <contents>
         </contents>
      </logical_group>
      <logical_group id="lg-94">
         <name>.debug_info</name>
         <load_address>0x0</load_address>
         <run_address>0x0</run_address>
         <size>0x9a0d</size>
         <contents>
            <object_component_ref idref="oc-13"/>
            <object_component_ref idref="oc-16"/>
            <object_component_ref idref="oc-1c"/>
            <object_component_ref idref="oc-20"/>
            <object_component_ref idref="oc-24"/>
            <object_component_ref idref="oc-27"/>
            <object_component_ref idref="oc-2c"/>
            <object_component_ref idref="oc-2f"/>
            <object_component_ref idref="oc-32"/>
            <object_component_ref idref="oc-35"/>
            <object_component_ref idref="oc-38"/>
            <object_component_ref idref="oc-3b"/>
            <object_component_ref idref="oc-3e"/>
            <object_component_ref idref="oc-41"/>
            <object_component_ref idref="oc-58"/>
            <object_component_ref idref="oc-5e"/>
            <object_component_ref idref="oc-63"/>
            <object_component_ref idref="oc-68"/>
            <object_component_ref idref="oc-6a"/>
            <object_component_ref idref="oc-ac"/>
         </contents>
      </logical_group>
      <logical_group id="lg-96">
         <name>.debug_line</name>
         <load_address>0x0</load_address>
         <run_address>0x0</run_address>
         <size>0x856</size>
         <contents>
            <object_component_ref idref="oc-14"/>
            <object_component_ref idref="oc-1a"/>
            <object_component_ref idref="oc-1e"/>
            <object_component_ref idref="oc-22"/>
            <object_component_ref idref="oc-25"/>
            <object_component_ref idref="oc-2a"/>
            <object_component_ref idref="oc-2d"/>
            <object_component_ref idref="oc-30"/>
            <object_component_ref idref="oc-33"/>
            <object_component_ref idref="oc-36"/>
            <object_component_ref idref="oc-39"/>
            <object_component_ref idref="oc-3c"/>
            <object_component_ref idref="oc-3f"/>
            <object_component_ref idref="oc-42"/>
            <object_component_ref idref="oc-59"/>
            <object_component_ref idref="oc-5f"/>
            <object_component_ref idref="oc-64"/>
            <object_component_ref idref="oc-69"/>
            <object_component_ref idref="oc-6b"/>
         </contents>
      </logical_group>
      <logical_group id="lg-98">
         <name>.debug_abbrev</name>
         <load_address>0x0</load_address>
         <run_address>0x0</run_address>
         <size>0x138b</size>
         <contents>
            <object_component_ref idref="oc-15"/>
            <object_component_ref idref="oc-1b"/>
            <object_component_ref idref="oc-1f"/>
            <object_component_ref idref="oc-23"/>
            <object_component_ref idref="oc-26"/>
            <object_component_ref idref="oc-2b"/>
            <object_component_ref idref="oc-2e"/>
            <object_component_ref idref="oc-31"/>
            <object_component_ref idref="oc-34"/>
            <object_component_ref idref="oc-37"/>
            <object_component_ref idref="oc-3a"/>
            <object_component_ref idref="oc-3d"/>
            <object_component_ref idref="oc-40"/>
            <object_component_ref idref="oc-43"/>
            <object_component_ref idref="oc-57"/>
            <object_component_ref idref="oc-5d"/>
            <object_component_ref idref="oc-62"/>
            <object_component_ref idref="oc-67"/>
            <object_component_ref idref="oc-6c"/>
            <object_component_ref idref="oc-ad"/>
         </contents>
      </logical_group>
      <logical_group id="lg-9a">
         <name>.debug_frame</name>
         <load_address>0x0</load_address>
         <run_address>0x0</run_address>
         <size>0x54e</size>
         <contents>
            <object_component_ref idref="oc-19"/>
            <object_component_ref idref="oc-1d"/>
         </contents>
      </logical_group>
      <logical_group id="lg-9c">
         <name>$BRID</name>
         <load_address>0x0</load_address>
         <run_address>0x0</run_address>
         <size>0xc8</size>
         <contents>
            <object_component_ref idref="oc-47"/>
            <object_component_ref idref="oc-4b"/>
            <object_component_ref idref="oc-4f"/>
            <object_component_ref idref="oc-51"/>
            <object_component_ref idref="oc-54"/>
         </contents>
      </logical_group>
   </logical_group_list>
   <placement_map>
      <memory_area>
         <name>VECS</name>
         <page_id>0x0</page_id>
         <origin>0x0</origin>
         <length>0x200</length>
         <used_space>0x200</used_space>
         <unused_space>0x0</unused_space>
         <attributes>RWIX</attributes>
         <usage_details>
            <allocated_space>
               <start_address>0x0</start_address>
               <size>0x200</size>
               <logical_group_ref idref="lg-2"/>
            </allocated_space>
         </usage_details>
      </memory_area>
      <memory_area>
         <name>PMEM</name>
         <page_id>0x0</page_id>
         <origin>0x200</origin>
         <length>0xfe00</length>
         <used_space>0x0</used_space>
         <unused_space>0xfe00</unused_space>
         <attributes>RWIX</attributes>
         <usage_details>
         </usage_details>
      </memory_area>
      <memory_area>
         <name>BMEM</name>
         <page_id>0x0</page_id>
         <origin>0x80000000</origin>
         <length>0x1000000</length>
         <used_space>0x3cb4</used_space>
         <unused_space>0xffc34c</unused_space>
         <attributes>RWIX</attributes>
         <usage_details>
            <allocated_space>
               <start_address>0x80000000</start_address>
               <size>0x0</size>
               <logical_group_ref idref="lg-c"/>
            </allocated_space>
            <allocated_space>
               <start_address>0x80000000</start_address>
               <size>0x0</size>
               <logical_group_ref idref="lg-7"/>
            </allocated_space>
            <allocated_space>
               <start_address>0x80000000</start_address>
               <size>0x2dc0</size>
               <logical_group_ref idref="lg-3"/>
            </allocated_space>
            <allocated_space>
               <start_address>0x80002dc0</start_address>
               <size>0x800</size>
               <logical_group_ref idref="lg-6"/>
            </allocated_space>
            <allocated_space>
               <start_address>0x800035c0</start_address>
               <size>0x3e8</size>
               <logical_group_ref idref="lg-5"/>
            </allocated_space>
            <allocated_space>
               <start_address>0x800039a8</start_address>
               <size>0x2ac</size>
               <logical_group_ref idref="lg-8"/>
            </allocated_space>
            <allocated_space>
               <start_address>0x80003c54</start_address>
               <size>0x60</size>
               <logical_group_ref idref="lg-b"/>
            </allocated_space>
            <available_space>
               <start_address>0x80003cb4</start_address>
               <size>0xffc34c</size>
            </available_space>
         </usage_details>
      </memory_area>
   </placement_map>
   <symbol_table>
      <symbol id="sm-0">
         <name>cinit</name>
         <value>0x800039a8</value>
      </symbol>
      <symbol id="sm-1">
         <name>___cinit__</name>
         <value>0x800039a8</value>
      </symbol>
      <symbol id="sm-2">
         <name>pinit</name>
         <value>0xffffffff</value>
      </symbol>
      <symbol id="sm-3">
         <name>___pinit__</name>
         <value>0xffffffff</value>
      </symbol>
      <symbol id="sm-4">
         <name>binit</name>
         <value>0xffffffff</value>
      </symbol>
      <symbol id="sm-5">
         <name>___binit__</name>
         <value>0xffffffff</value>
      </symbol>
      <symbol id="sm-6">
         <name>__STACK_SIZE</name>
         <value>0x800</value>
      </symbol>
      <symbol id="sm-7">
         <name>__STACK_END</name>
         <value>0x800035c0</value>
      </symbol>
      <symbol id="sm-8">
         <name>___c_args__</name>
         <value>0xffffffff</value>
      </symbol>
      <symbol id="sm-9">
         <name>.text</name>
         <value>0x80000000</value>
      </symbol>
      <symbol id="sm-a">
         <name>___text__</name>
         <value>0x80000000</value>
      </symbol>
      <symbol id="sm-b">
         <name>etext</name>
         <value>0x80002dc0</value>
      </symbol>
      <symbol id="sm-c">
         <name>___etext__</name>
         <value>0x80002dc0</value>
      </symbol>
      <symbol id="sm-d">
         <name>.data</name>
         <value>0x80000000</value>
      </symbol>
      <symbol id="sm-e">
         <name>___data__</name>
         <value>0x80000000</value>
      </symbol>
      <symbol id="sm-f">
         <name>edata</name>
         <value>0x80000000</value>
      </symbol>
      <symbol id="sm-10">
         <name>___edata__</name>
         <value>0x80000000</value>
      </symbol>
      <symbol id="sm-11">
         <name>.bss</name>
         <value>0x80000000</value>
      </symbol>
      <symbol id="sm-12">
         <name>___bss__</name>
         <value>0x80000000</value>
      </symbol>
      <symbol id="sm-13">
         <name>end</name>
         <value>0x80000000</value>
      </symbol>
      <symbol id="sm-14">
         <name>___end__</name>
         <value>0x80000000</value>
      </symbol>
      <symbol id="sm-15">
         <name>___TI_pprof_out_hndl</name>
         <value>0xffffffff</value>
      </symbol>
      <symbol id="sm-16">
         <name>___TI_prof_data_start</name>
         <value>0xffffffff</value>
      </symbol>
      <symbol id="sm-17">
         <name>___TI_prof_data_size</name>
         <value>0xffffffff</value>
      </symbol>
      <symbol id="sm-18">
         <name>$bss</name>
         <value>0x80000000</value>
      </symbol>
      <symbol id="sm-4a">
         <name>_vector10</name>
         <value>0x140</value>
         <object_component_ref idref="oc-12"/>
      </symbol>
      <symbol id="sm-4b">
         <name>_vector11</name>
         <value>0x160</value>
         <object_component_ref idref="oc-12"/>
      </symbol>
      <symbol id="sm-4c">
         <name>_vector12</name>
         <value>0x180</value>
         <object_component_ref idref="oc-12"/>
      </symbol>
      <symbol id="sm-4d">
         <name>_vector13</name>
         <value>0x1a0</value>
         <object_component_ref idref="oc-12"/>
      </symbol>
      <symbol id="sm-4e">
         <name>_vector14</name>
         <value>0x1c0</value>
         <object_component_ref idref="oc-12"/>
      </symbol>
      <symbol id="sm-4f">
         <name>_vector15</name>
         <value>0x1e0</value>
         <object_component_ref idref="oc-12"/>
      </symbol>
      <symbol id="sm-50">
         <name>_vectors</name>
         <value>0x0</value>
         <object_component_ref idref="oc-12"/>
      </symbol>
      <symbol id="sm-51">
         <name>_vector1</name>
         <value>0x20</value>
         <object_component_ref idref="oc-12"/>
      </symbol>
      <symbol id="sm-52">
         <name>_vector3</name>
         <value>0x60</value>
         <object_component_ref idref="oc-12"/>
      </symbol>
      <symbol id="sm-53">
         <name>_vector2</name>
         <value>0x40</value>
         <object_component_ref idref="oc-12"/>
      </symbol>
      <symbol id="sm-54">
         <name>_vector5</name>
         <value>0xa0</value>
         <object_component_ref idref="oc-12"/>
      </symbol>
      <symbol id="sm-55">
         <name>_vector4</name>
         <value>0x80</value>
         <object_component_ref idref="oc-12"/>
      </symbol>
      <symbol id="sm-56">
         <name>_vector7</name>
         <value>0xe0</value>
         <object_component_ref idref="oc-12"/>
      </symbol>
      <symbol id="sm-57">
         <name>_vector6</name>
         <value>0xc0</value>
         <object_component_ref idref="oc-12"/>
      </symbol>
      <symbol id="sm-58">
         <name>_vector9</name>
         <value>0x120</value>
         <object_component_ref idref="oc-12"/>
      </symbol>
      <symbol id="sm-59">
         <name>_vector8</name>
         <value>0x100</value>
         <object_component_ref idref="oc-12"/>
      </symbol>
      <symbol id="sm-79">
         <name>_main</name>
         <value>0x80001aa8</value>
         <object_component_ref idref="oc-76"/>
      </symbol>
      <symbol id="sm-7a">
         <name>_Glo</name>
         <value>0x800035c0</value>
         <object_component_ref idref="oc-18"/>
      </symbol>
      <symbol id="sm-7b">
         <name>_output_sample</name>
         <value>0x80001b74</value>
         <object_component_ref idref="oc-76"/>
      </symbol>
      <symbol id="sm-7c">
         <name>_config1</name>
         <value>0x800037c8</value>
         <object_component_ref idref="oc-18"/>
      </symbol>
      <symbol id="sm-7d">
         <name>_initialize</name>
         <value>0x80001ae4</value>
         <object_component_ref idref="oc-76"/>
      </symbol>
      <symbol id="sm-d1">
         <name>_InitializeTable</name>
         <value>0x80000720</value>
         <object_component_ref idref="oc-7b"/>
      </symbol>
      <symbol id="sm-d2">
         <name>_MySin</name>
         <value>0x80000a38</value>
         <object_component_ref idref="oc-7b"/>
      </symbol>
      <symbol id="sm-d3">
         <name>_MakeMusic</name>
         <value>0x8000081c</value>
         <object_component_ref idref="oc-7b"/>
      </symbol>
      <symbol id="sm-df">
         <name>_c_int00</name>
         <value>0x80002b80</value>
         <object_component_ref idref="oc-10"/>
      </symbol>
      <symbol id="sm-e0">
         <name>__stack</name>
         <value>0x80002dc0</value>
         <object_component_ref idref="oc-21"/>
      </symbol>
      <symbol id="sm-ea">
         <name>__divd</name>
         <value>0x80000000</value>
         <object_component_ref idref="oc-80"/>
      </symbol>
      <symbol id="sm-fa">
         <name>C$$EXIT</name>
         <value>0x80002d80</value>
         <object_component_ref idref="oc-77"/>
      </symbol>
      <symbol id="sm-fb">
         <name>_exit</name>
         <value>0x80002820</value>
         <object_component_ref idref="oc-6f"/>
      </symbol>
      <symbol id="sm-fc">
         <name>___TI_enable_exit_profile_output</name>
         <value>0x80003998</value>
         <object_component_ref idref="oc-29"/>
      </symbol>
      <symbol id="sm-fd">
         <name>_abort</name>
         <value>0x80002d80</value>
         <object_component_ref idref="oc-77"/>
      </symbol>
      <symbol id="sm-fe">
         <name>__cleanup_ptr</name>
         <value>0x80003990</value>
         <object_component_ref idref="oc-29"/>
      </symbol>
      <symbol id="sm-ff">
         <name>__dtors_ptr</name>
         <value>0x80003994</value>
         <object_component_ref idref="oc-29"/>
      </symbol>
      <symbol id="sm-109">
         <name>__frcmpyd_div</name>
         <value>0x800020a0</value>
         <object_component_ref idref="oc-84"/>
      </symbol>
      <symbol id="sm-113">
         <name>__llshru</name>
         <value>0x80002c00</value>
         <object_component_ref idref="oc-83"/>
      </symbol>
      <symbol id="sm-11d">
         <name>__mpyll</name>
         <value>0x80002a60</value>
         <object_component_ref idref="oc-85"/>
      </symbol>
      <symbol id="sm-127">
         <name>__args_main</name>
         <value>0x80002cc0</value>
         <object_component_ref idref="oc-6e"/>
      </symbol>
      <symbol id="sm-128">
         <name>__TI_args_main</name>
         <value>0x1</value>
      </symbol>
      <symbol id="sm-132">
         <name>__auto_init</name>
         <value>0x80002640</value>
         <object_component_ref idref="oc-6d"/>
      </symbol>
      <symbol id="sm-13c">
         <name>___TI_cpp_init</name>
         <value>0x80002b00</value>
         <object_component_ref idref="oc-75"/>
      </symbol>
      <symbol id="sm-146">
         <name>_copy_in</name>
         <value>0x80002900</value>
         <object_component_ref idref="oc-73"/>
      </symbol>
      <symbol id="sm-150">
         <name>_memcpy</name>
         <value>0x80001440</value>
         <object_component_ref idref="oc-74"/>
      </symbol>
      <symbol id="sm-15a">
         <name>_DSK6713_init</name>
         <value>0x80000d10</value>
         <object_component_ref idref="oc-44"/>
      </symbol>
      <symbol id="sm-15b">
         <name>_DSK6713_version</name>
         <value>0x800039a4</value>
         <object_component_ref idref="oc-45"/>
      </symbol>
      <symbol id="sm-15c">
         <name>_DSK6713_rget</name>
         <value>0x80001010</value>
         <object_component_ref idref="oc-44"/>
      </symbol>
      <symbol id="sm-15d">
         <name>_DSK6713_wait</name>
         <value>0x80001038</value>
         <object_component_ref idref="oc-44"/>
      </symbol>
      <symbol id="sm-15e">
         <name>_DSK6713_rset</name>
         <value>0x80001024</value>
         <object_component_ref idref="oc-44"/>
      </symbol>
      <symbol id="sm-15f">
         <name>_DSK6713_waitusec</name>
         <value>0x8000108c</value>
         <object_component_ref idref="oc-44"/>
      </symbol>
      <symbol id="sm-160">
         <name>_DSK6713_getVersion</name>
         <value>0x800010b8</value>
         <object_component_ref idref="oc-44"/>
      </symbol>
      <symbol id="sm-16a">
         <name>_DSK6713_AIC23_codeccontrolhandle</name>
         <value>0x8000399c</value>
         <object_component_ref idref="oc-49"/>
      </symbol>
      <symbol id="sm-16b">
         <name>_DSK6713_AIC23_codecdatahandle</name>
         <value>0x800039a0</value>
         <object_component_ref idref="oc-49"/>
      </symbol>
      <symbol id="sm-16c">
         <name>_DSK6713_AIC23_openCodec</name>
         <value>0x80001140</value>
         <object_component_ref idref="oc-48"/>
      </symbol>
      <symbol id="sm-176">
         <name>_DSK6713_AIC23_config</name>
         <value>0x800022a0</value>
         <object_component_ref idref="oc-4c"/>
      </symbol>
      <symbol id="sm-177">
         <name>_DSK6713_AIC23_rget</name>
         <value>0x8000227c</value>
         <object_component_ref idref="oc-4c"/>
      </symbol>
      <symbol id="sm-178">
         <name>_DSK6713_AIC23_rset</name>
         <value>0x800021e0</value>
         <object_component_ref idref="oc-4c"/>
      </symbol>
      <symbol id="sm-17e">
         <name>_DSK6713_DIP_init</name>
         <value>0x80002c60</value>
         <object_component_ref idref="oc-50"/>
      </symbol>
      <symbol id="sm-17f">
         <name>_DSK6713_DIP_get</name>
         <value>0x80002c68</value>
         <object_component_ref idref="oc-50"/>
      </symbol>
      <symbol id="sm-187">
         <name>_DSK6713_LED_init</name>
         <value>0x80001dc0</value>
         <object_component_ref idref="oc-52"/>
      </symbol>
      <symbol id="sm-188">
         <name>_DSK6713_LED_on</name>
         <value>0x80001e50</value>
         <object_component_ref idref="oc-52"/>
      </symbol>
      <symbol id="sm-189">
         <name>_DSK6713_LED_toggle</name>
         <value>0x80001eb4</value>
         <object_component_ref idref="oc-52"/>
      </symbol>
      <symbol id="sm-18a">
         <name>_DSK6713_LED_off</name>
         <value>0x80001de8</value>
         <object_component_ref idref="oc-52"/>
      </symbol>
      <symbol id="sm-19a">
         <name>_CSL6713_LIB_</name>
         <value>0x80002d20</value>
         <object_component_ref idref="oc-79"/>
      </symbol>
      <symbol id="sm-19b">
         <name>__CSL_init</name>
         <value>0x80001680</value>
         <object_component_ref idref="oc-7a"/>
      </symbol>
      <symbol id="sm-1ad">
         <name>__IRQ_eventTable</name>
         <value>0x80003818</value>
         <object_component_ref idref="oc-5c"/>
      </symbol>
      <symbol id="sm-1ae">
         <name>__IRQ_intTable</name>
         <value>0x8000389c</value>
         <object_component_ref idref="oc-5c"/>
      </symbol>
      <symbol id="sm-1af">
         <name>__IRQ_init</name>
         <value>0x800029c0</value>
         <object_component_ref idref="oc-7e"/>
      </symbol>
      <symbol id="sm-1b0">
         <name>__IRQ_dispatchTable</name>
         <value>0x800038dc</value>
         <object_component_ref idref="oc-5c"/>
      </symbol>
      <symbol id="sm-1b1">
         <name>__IRQ_hookFetchPacket</name>
         <value>0x80002da0</value>
         <object_component_ref idref="oc-5a"/>
      </symbol>
      <symbol id="sm-1c7">
         <name>_MCBSP_reset</name>
         <value>0x80001c20</value>
         <object_component_ref idref="oc-78"/>
      </symbol>
      <symbol id="sm-1c8">
         <name>_MCBSP_open</name>
         <value>0x80002440</value>
         <object_component_ref idref="oc-71"/>
      </symbol>
      <symbol id="sm-1c9">
         <name>__MCBSP_hDev0</name>
         <value>0x80003914</value>
         <object_component_ref idref="oc-61"/>
      </symbol>
      <symbol id="sm-1ca">
         <name>__MCBSP_hDev1</name>
         <value>0x80003918</value>
         <object_component_ref idref="oc-61"/>
      </symbol>
      <symbol id="sm-1cb">
         <name>_MCBSP_start</name>
         <value>0x80002540</value>
         <object_component_ref idref="oc-72"/>
      </symbol>
      <symbol id="sm-1cc">
         <name>_MCBSP_xrdy</name>
         <value>0x80002d60</value>
         <object_component_ref idref="oc-7c"/>
      </symbol>
      <symbol id="sm-1cd">
         <name>_MCBSP_write</name>
         <value>0x80002d40</value>
         <object_component_ref idref="oc-7d"/>
      </symbol>
      <symbol id="sm-1dd">
         <name>_TIMER_reset</name>
         <value>0x80002320</value>
         <object_component_ref idref="oc-82"/>
      </symbol>
      <symbol id="sm-1de">
         <name>_TIMER_open</name>
         <value>0x80001f60</value>
         <object_component_ref idref="oc-7f"/>
      </symbol>
      <symbol id="sm-1df">
         <name>__TIMER_hDev0</name>
         <value>0x80003984</value>
         <object_component_ref idref="oc-66"/>
      </symbol>
      <symbol id="sm-1e0">
         <name>__TIMER_hDev1</name>
         <value>0x80003988</value>
         <object_component_ref idref="oc-66"/>
      </symbol>
      <symbol id="sm-1e1">
         <name>__TIMER_hBios</name>
         <value>0x8000398c</value>
         <object_component_ref idref="oc-66"/>
      </symbol>
      <symbol id="sm-1e2">
         <name>__TIMER_deviceTable</name>
         <value>0x8000396c</value>
         <object_component_ref idref="oc-66"/>
      </symbol>
      <symbol id="sm-1ea">
         <name>__strasg</name>
         <value>0x80002740</value>
         <object_component_ref idref="oc-70"/>
      </symbol>
   </symbol_table>
</link_info>
