******************************************************************************
               TMS320C6x Linker PC v7.4.15                     
******************************************************************************
>> Linked Thu Nov 19 17:43:27 2015

OUTPUT FILE NAME:   <190 qsort.out>
ENTRY POINT SYMBOL: "_c_int00"  address: 00000c60


MEMORY CONFIGURATION

         name            origin    length      used     unused   attr    fill
----------------------  --------  ---------  --------  --------  ----  --------
  IRAM                  00000000   00030000  00001614  0002e9ec  RWIX
  L2RAM                 00030000   00010000  00000000  00010000  RWIX
  EMIFCE0               80000000   10000000  00000000  10000000  RWIX
  EMIFCE1               90000000   10000000  00000000  10000000  RWIX
  EMIFCE2               a0000000   10000000  00000000  10000000  RWIX
  EMIFCE3               b0000000   10000000  00000000  10000000  RWIX


SECTION ALLOCATION MAP

 output                                  attributes/
section   page    origin      length       input sections
--------  ----  ----------  ----------   ----------------
.bss       0    00000000    00000000     UNINITIALIZED

.data      0    00000000    00000000     UNINITIALIZED

.pinit     0    00000000    00000000     UNINITIALIZED

.text      0    00000000    00000d60     
                  00000000    000002c0     rts6700.lib : qsort.obj (.text:_qsort)
                  000002c0    000002a0     main.obj (.text)
                  00000560    00000240     rts6700.lib : memcpy62.obj (.text:_memcpy)
                  000007a0    00000100                 : autoinit.obj (.text:__auto_init)
                  000008a0    000000e0                 : exit.obj (.text:_exit)
                  00000980    000000e0                 : qsort.obj (.text:_swap_item)
                  00000a60    000000c0                 : cpy_tbl.obj (.text:_copy_in)
                  00000b20    000000c0                 : rand.obj (.text:_rand)
                  00000be0    00000080                 : cpp_init.obj (.text:___TI_cpp_init)
                  00000c60    00000080                 : boot.obj (.text:_c_int00)
                  00000ce0    00000040                 : args_main.obj (.text:__args_main)
                  00000d20    00000020                 : _lock.obj (.text:__nop)
                  00000d40    00000020                 : exit.obj (.text:_abort)

.stack     0    00000d60    00000800     UNINITIALIZED
                  00000d60    00000008     rts6700.lib : boot.obj (.stack)
                  00000d68    000007f8     --HOLE--

.cinit     0    00001560    00000064     
                  00001560    0000002c     rts6700.lib : exit.obj (.cinit)
                  0000158c    00000004     --HOLE-- [fill = 0]
                  00001590    0000001c                 : _lock.obj (.cinit)
                  000015ac    00000004     --HOLE-- [fill = 0]
                  000015b0    00000010                 : rand.obj (.cinit)
                  000015c0    00000004     --HOLE-- [fill = 0]

.far       0    000015c8    00000050     UNINITIALIZED
                  000015c8    00000030     main.obj (.far)
                  000015f8    0000000c     rts6700.lib : exit.obj (.far)
                  00001604    00000008                 : _lock.obj (.far)
                  0000160c    00000004     --HOLE--
                  00001610    00000008                 : rand.obj (.far)


GLOBAL SYMBOLS: SORTED ALPHABETICALLY BY Name 

address    name
--------   ----
00000000   $bss
00000000   .bss
00000000   .data
00000000   .text
00000d40   C$$EXIT
0000030c   _CompareDBlock
00000444   _Init
00000504   _SetDBlock
00001560   __STACK_END
00000800   __STACK_SIZE
00000001   __TI_args_main
00000be0   ___TI_cpp_init
00001600   ___TI_enable_exit_profile_output
ffffffff   ___TI_pprof_out_hndl
ffffffff   ___TI_prof_data_size
ffffffff   ___TI_prof_data_start
ffffffff   ___binit__
00000000   ___bss__
ffffffff   ___c_args__
00001560   ___cinit__
00000000   ___data__
00000000   ___edata__
00000000   ___end__
00000d60   ___etext__
ffffffff   ___pinit__
00000000   ___text__
00000ce0   __args_main
000007a0   __auto_init
000015f8   __cleanup_ptr
000015fc   __dtors_ptr
00001604   __lock
00000d20   __nop
00000d60   __stack
00001608   __unlock
00000d40   _abort
00000c60   _c_int00
00000a60   _copy_in
000015c8   _data
000008a0   _exit
000002c0   _main
00000560   _memcpy
00000000   _qsort
00000b20   _rand
ffffffff   binit
00001560   cinit
00000000   edata
00000000   end
00000d60   etext
ffffffff   pinit


GLOBAL SYMBOLS: SORTED BY Symbol Address 

address    name
--------   ----
00000000   $bss
00000000   .bss
00000000   .data
00000000   .text
00000000   ___bss__
00000000   ___data__
00000000   ___edata__
00000000   ___end__
00000000   ___text__
00000000   _qsort
00000000   edata
00000000   end
00000001   __TI_args_main
000002c0   _main
0000030c   _CompareDBlock
00000444   _Init
00000504   _SetDBlock
00000560   _memcpy
000007a0   __auto_init
00000800   __STACK_SIZE
000008a0   _exit
00000a60   _copy_in
00000b20   _rand
00000be0   ___TI_cpp_init
00000c60   _c_int00
00000ce0   __args_main
00000d20   __nop
00000d40   C$$EXIT
00000d40   _abort
00000d60   ___etext__
00000d60   __stack
00000d60   etext
00001560   __STACK_END
00001560   ___cinit__
00001560   cinit
000015c8   _data
000015f8   __cleanup_ptr
000015fc   __dtors_ptr
00001600   ___TI_enable_exit_profile_output
00001604   __lock
00001608   __unlock
ffffffff   ___TI_pprof_out_hndl
ffffffff   ___TI_prof_data_size
ffffffff   ___TI_prof_data_start
ffffffff   ___binit__
ffffffff   ___c_args__
ffffffff   ___pinit__
ffffffff   binit
ffffffff   pinit

[49 symbols]
