******************************************************************************
               TMS320C6x Linker PC v7.4.7                      
******************************************************************************
>> Linked Wed Sep 04 09:53:41 2019

OUTPUT FILE NAME:   <130 BSL AUDIO EDMA triple.out>
ENTRY POINT SYMBOL: "_c_int00"  address: 000035a0


MEMORY CONFIGURATION

         name            origin    length      used     unused   attr    fill
----------------------  --------  ---------  --------  --------  ----  --------
  VECS                  00000000   00000200  00000200  00000000  RWIX
  BOOT                  00000200   00000200  00000000  00000200  RWIX
  IRAM                  00000400   00007c00  00003a94  0000416c  RWIX
  IRAM2                 00008000   0002c000  00000e26  0002b1da  RWIX
  SRAM_EXT              80000000   01000000  00000000  01000000  RWIX
  FLASH                 90000000   00020000  00000000  00020000  RWIX


SECTION ALLOCATION MAP

 output                                  attributes/
section   page    origin      length       input sections
--------  ----  ----------  ----------   ----------------
.vecs      0    00000000    00000200     
                  00000000    00000200     vectors_intr.obj (.vecs)

$BRID      0    00000000    0000008c     COPY SECTION
                  00000000    00000054     dsk6713bsl.lib : dsk6713.obj ($BRID)
                  00000054    00000024                    : dsk6713_aic23_opencodec.obj ($BRID)
                  00000078    00000014                    : dsk6713_aic23_registers.obj ($BRID)

.text      0    00000400    00003640     
                  00000400    00000c20     edma.obj (.text)
                  00001020    00000460     dsk6713bsl.lib : dsk6713.obj (.text)
                  00001480    00000300                    : dsk6713_aic23_opencodec.obj (.text)
                  00001780    000002c0     edma.obj (.text:retain)
                  00001a40    00000280     csl6713.lib : csl_edma.obj (.text:_EDMA_open)
                  00001cc0    00000240     rts6700.lib : memcpy62.obj (.text:_memcpy)
                  00001f00    00000220     csl6713.lib : csl.obj (.text:__CSL_init)
                  00002120    000001c0                 : csl_irq.obj (.text:_IRQ_map)
                  000022e0    000001c0                 : csl_irq.obj (.text:_mux2Tables)
                  000024a0    000001a0                 : csl_edma.obj (.text:_EDMA_allocTable)
                  00002640    000001a0                 : csl_mcbsp.obj (.text:_MCBSP_reset)
                  000027e0    00000140                 : csl_edma.obj (.text:_EDMA_reset)
                  00002920    00000140                 : csl_timer.obj (.text:_TIMER_open)
                  00002a60    00000140     dsk6713bsl.lib : dsk6713_aic23_registers.obj (.text)
                  00002ba0    00000120     csl6713.lib : csl_timer.obj (.text:_TIMER_reset)
                  00002cc0    00000100                 : csl_mcbsp.obj (.text:_MCBSP_open)
                  00002dc0    00000100                 : csl_mcbsp.obj (.text:_MCBSP_start)
                  00002ec0    00000100     rts6700.lib : autoinit.obj (.text:__auto_init)
                  00002fc0    000000e0     csl6713.lib : csl_edma.obj (.text:_EDMA_config)
                  000030a0    000000e0     rts6700.lib : strasg.obj (.text:__strasg)
                  00003180    000000e0                 : exit.obj (.text:_exit)
                  00003260    000000c0     csl6713.lib : csl_edma.obj (.text:_EDMA_clearPram)
                  00003320    000000c0     rts6700.lib : cpy_tbl.obj (.text:_copy_in)
                  000033e0    000000a0     csl6713.lib : csl_irq.obj (.text:__IRQ_init)
                  00003480    000000a0                 : csl_irq.obj (.text:_setMux)
                  00003520    00000080     rts6700.lib : cpp_init.obj (.text:___TI_cpp_init)
                  000035a0    00000080                 : boot.obj (.text:_c_int00)
                  00003620    00000060     csl6713.lib : csl_edma.obj (.text:_EDMA_disableChannel)
                  00003680    00000060                 : csl_edma.obj (.text:_EDMA_enableChannel)
                  000036e0    00000060                 : csl_edma.obj (.text:_EDMA_intDisable)
                  00003740    00000060                 : csl_edma.obj (.text:_EDMA_intEnable)
                  000037a0    00000060                 : csl_edma.obj (.text:_EDMA_qdmaConfig)
                  00003800    00000040                 : csl_irq.obj (.text:_IRQ_enable)
                  00003840    00000040                 : csl_irq.obj (.text:_IRQ_reset)
                  00003880    00000040     rts6700.lib : args_main.obj (.text:__args_main)
                  000038c0    00000020     csl6713.lib : csl.obj (.text:_CSL6713_LIB_)
                  000038e0    00000020                 : csl_edma.obj (.text:_EDMA_intClear)
                  00003900    00000020                 : csl_edma.obj (.text:_EDMA_intTest)
                  00003920    00000020                 : csl_irq.obj (.text:_IRQ_globalDisable)
                  00003940    00000020                 : csl_irq.obj (.text:_IRQ_globalEnable)
                  00003960    00000020                 : csl_irq.obj (.text:_IRQ_nmiEnable)
                  00003980    00000020                 : csl_irq.obj (.text:_IRQ_setVecs)
                  000039a0    00000020                 : csl_mcbsp.obj (.text:_MCBSP_read)
                  000039c0    00000020                 : csl_mcbsp.obj (.text:_MCBSP_write)
                  000039e0    00000020     rts6700.lib : exit.obj (.text:_abort)
                  00003a00    00000020     csl6713.lib : csl_irq.obj (.text)
                  00003a20    00000020     vectors_intr.obj (.text)

.bss       0    00000400    00000000     UNINITIALIZED

.cinit     0    00003a40    000003f4     
                  00003a40    0000012c     csl6713.lib : csl_irq.obj (.cinit)
                  00003b6c    00000004     --HOLE-- [fill = 0]
                  00003b70    00000108     edma.obj (.cinit)
                  00003c78    00000070     csl6713.lib : csl_edma.obj (.cinit)
                  00003ce8    00000054                 : csl_mcbsp.obj (.cinit)
                  00003d3c    00000004     --HOLE-- [fill = 0]
                  00003d40    0000004c                 : csl_timer.obj (.cinit)
                  00003d8c    00000004     --HOLE-- [fill = 0]
                  00003d90    0000003c                 : csl.obj (.cinit)
                  00003dcc    00000004     --HOLE-- [fill = 0]
                  00003dd0    00000030     dsk6713bsl.lib : dsk6713_aic23_registers.obj (.cinit)
                  00003e00    0000002c     rts6700.lib : exit.obj (.cinit)
                  00003e2c    00000004     --HOLE-- [fill = 0]
                  00003e30    00000004     (.pad.cinit) [fill = 0]

.const     0    00003e34    00000060     
                  00003e34    00000040     dsk6713bsl.lib : dsk6713_aic23_opencodec.obj (.const)
                  00003e74    00000020                    : dsk6713.obj (.const)

.stack     0    00008000    00000800     UNINITIALIZED
                  00008000    00000008     rts6700.lib : boot.obj (.stack)
                  00008008    000007f8     --HOLE--

.far       0    00008800    00000326     UNINITIALIZED
                  00008800    0000011c     edma.obj (.far)
                  0000891c    000000f4     csl6713.lib : csl_irq.obj (.far)
                  00008a10    00000054                 : csl_edma.obj (.far)
                  00008a64    00000038                 : csl_mcbsp.obj (.far)
                  00008a9c    00000028                 : csl.obj (.far)
                  00008ac4    00000028     dsk6713bsl.lib : dsk6713_aic23_registers.obj (.far)
                  00008aec    00000024     csl6713.lib : csl_timer.obj (.far)
                  00008b10    0000000c     rts6700.lib : exit.obj (.far)
                  00008b1c    00000008     dsk6713bsl.lib : dsk6713_aic23_opencodec.obj (.far)
                  00008b24    00000002                    : dsk6713.obj (.far)

.buffers   0    00008b80    00000300     UNINITIALIZED
                  00008b80    00000300     edma.obj (.buffers)


GLOBAL SYMBOLS: SORTED ALPHABETICALLY BY Name 

address    name
--------   ----
00000400   $bss
00000400   .bss
00000400   .text
000039e0   C$$EXIT
0000882c   _AIC_data
000038c0   _CSL6713_LIB_
00008b1c   _DSK6713_AIC23_codeccontrolhandle
00008b20   _DSK6713_AIC23_codecdatahandle
00002b20   _DSK6713_AIC23_config
00001480   _DSK6713_AIC23_openCodec
00002afc   _DSK6713_AIC23_rget
00002a60   _DSK6713_AIC23_rset
000013f8   _DSK6713_getVersion
00001050   _DSK6713_init
00001350   _DSK6713_rget
00001364   _DSK6713_rset
00008b24   _DSK6713_version
00001378   _DSK6713_wait
000013cc   _DSK6713_waitusec
000024a0   _EDMA_allocTable
00003260   _EDMA_clearPram
00002fc0   _EDMA_config
00003620   _EDMA_disableChannel
00003680   _EDMA_enableChannel
000038e0   _EDMA_intClear
000036e0   _EDMA_intDisable
00003740   _EDMA_intEnable
00003900   _EDMA_intTest
00001a40   _EDMA_open
000037a0   _EDMA_qdmaConfig
000027e0   _EDMA_reset
00008830   _Glo
00003800   _IRQ_enable
00003920   _IRQ_globalDisable
00003940   _IRQ_globalEnable
00002120   _IRQ_map
00003960   _IRQ_nmiEnable
00003840   _IRQ_reset
00003980   _IRQ_setVecs
00002cc0   _MCBSP_open
000039a0   _MCBSP_read
00002640   _MCBSP_reset
00002dc0   _MCBSP_start
000039c0   _MCBSP_write
00002920   _TIMER_open
00002ba0   _TIMER_reset
00001f00   __CSL_init
00008a08   __IRQ_dispatchTable
00008944   __IRQ_eventTable
00003a00   __IRQ_hookFetchPacket
000033e0   __IRQ_init
000089c8   __IRQ_intTable
00008a94   __MCBSP_hDev0
00008a98   __MCBSP_hDev1
00008800   __STACK_END
00000800   __STACK_SIZE
00008aec   __TIMER_deviceTable
00008b0c   __TIMER_hBios
00008b04   __TIMER_hDev0
00008b08   __TIMER_hDev1
00000001   __TI_args_main
00003520   ___TI_cpp_init
00008b18   ___TI_enable_exit_profile_output
ffffffff   ___TI_pprof_out_hndl
ffffffff   ___TI_prof_data_size
ffffffff   ___TI_prof_data_start
ffffffff   ___binit__
00000400   ___bss__
ffffffff   ___c_args__
00003a40   ___cinit__
00000400   ___end__
00003a40   ___etext__
ffffffff   ___pinit__
00000400   ___text__
00003880   __args_main
00002ec0   __auto_init
00008b10   __cleanup_ptr
00008b14   __dtors_ptr
00008000   __stack
000030a0   __strasg
000039e0   _abort
000035a0   _c_int00
00001780   _c_int8
000088bc   _cfgEdmaPang_rx
00008904   _cfgEdmaPang_tx
0000888c   _cfgEdmaPing_rx
000088d4   _cfgEdmaPing_tx
000088a4   _cfgEdmaPong_rx
000088ec   _cfgEdmaPong_tx
0000884c   _cfgEdma_rx
00008874   _cfgEdma_tx
00008800   _config1
00003320   _copy_in
00003180   _exit
0000047c   _forever_loop
00008828   _hCodec
00008848   _hEdmaPang_rx
00008870   _hEdmaPang_tx
00008840   _hEdmaPing_rx
00008868   _hEdmaPing_tx
00008844   _hEdmaPong_rx
0000886c   _hEdmaPong_tx
0000883c   _hEdma_rx
00008864   _hEdma_tx
00000734   _init
000006e4   _input_sample
00000448   _main
00001cc0   _memcpy
0000068c   _output_sample
00008c80   _rx_pang
00008b80   _rx_ping
00008c00   _rx_pong
00008a24   _tccAllocTable
00008e00   _tx_pang
00008d00   _tx_ping
00008d80   _tx_pong
00000020   _vector1
00000140   _vector10
00000160   _vector11
00000180   _vector12
000001a0   _vector13
000001c0   _vector14
000001e0   _vector15
00000040   _vector2
00000060   _vector3
00000080   _vector4
000000a0   _vector5
000000c0   _vector6
000000e0   _vector7
00000120   _vector9
00000000   _vectors
ffffffff   binit
00003a40   cinit
00000400   end
00003a40   etext
ffffffff   pinit


GLOBAL SYMBOLS: SORTED BY Symbol Address 

address    name
--------   ----
00000000   _vectors
00000001   __TI_args_main
00000020   _vector1
00000040   _vector2
00000060   _vector3
00000080   _vector4
000000a0   _vector5
000000c0   _vector6
000000e0   _vector7
00000120   _vector9
00000140   _vector10
00000160   _vector11
00000180   _vector12
000001a0   _vector13
000001c0   _vector14
000001e0   _vector15
00000400   $bss
00000400   .bss
00000400   .text
00000400   ___bss__
00000400   ___end__
00000400   ___text__
00000400   end
00000448   _main
0000047c   _forever_loop
0000068c   _output_sample
000006e4   _input_sample
00000734   _init
00000800   __STACK_SIZE
00001050   _DSK6713_init
00001350   _DSK6713_rget
00001364   _DSK6713_rset
00001378   _DSK6713_wait
000013cc   _DSK6713_waitusec
000013f8   _DSK6713_getVersion
00001480   _DSK6713_AIC23_openCodec
00001780   _c_int8
00001a40   _EDMA_open
00001cc0   _memcpy
00001f00   __CSL_init
00002120   _IRQ_map
000024a0   _EDMA_allocTable
00002640   _MCBSP_reset
000027e0   _EDMA_reset
00002920   _TIMER_open
00002a60   _DSK6713_AIC23_rset
00002afc   _DSK6713_AIC23_rget
00002b20   _DSK6713_AIC23_config
00002ba0   _TIMER_reset
00002cc0   _MCBSP_open
00002dc0   _MCBSP_start
00002ec0   __auto_init
00002fc0   _EDMA_config
000030a0   __strasg
00003180   _exit
00003260   _EDMA_clearPram
00003320   _copy_in
000033e0   __IRQ_init
00003520   ___TI_cpp_init
000035a0   _c_int00
00003620   _EDMA_disableChannel
00003680   _EDMA_enableChannel
000036e0   _EDMA_intDisable
00003740   _EDMA_intEnable
000037a0   _EDMA_qdmaConfig
00003800   _IRQ_enable
00003840   _IRQ_reset
00003880   __args_main
000038c0   _CSL6713_LIB_
000038e0   _EDMA_intClear
00003900   _EDMA_intTest
00003920   _IRQ_globalDisable
00003940   _IRQ_globalEnable
00003960   _IRQ_nmiEnable
00003980   _IRQ_setVecs
000039a0   _MCBSP_read
000039c0   _MCBSP_write
000039e0   C$$EXIT
000039e0   _abort
00003a00   __IRQ_hookFetchPacket
00003a40   ___cinit__
00003a40   ___etext__
00003a40   cinit
00003a40   etext
00008000   __stack
00008800   __STACK_END
00008800   _config1
00008828   _hCodec
0000882c   _AIC_data
00008830   _Glo
0000883c   _hEdma_rx
00008840   _hEdmaPing_rx
00008844   _hEdmaPong_rx
00008848   _hEdmaPang_rx
0000884c   _cfgEdma_rx
00008864   _hEdma_tx
00008868   _hEdmaPing_tx
0000886c   _hEdmaPong_tx
00008870   _hEdmaPang_tx
00008874   _cfgEdma_tx
0000888c   _cfgEdmaPing_rx
000088a4   _cfgEdmaPong_rx
000088bc   _cfgEdmaPang_rx
000088d4   _cfgEdmaPing_tx
000088ec   _cfgEdmaPong_tx
00008904   _cfgEdmaPang_tx
00008944   __IRQ_eventTable
000089c8   __IRQ_intTable
00008a08   __IRQ_dispatchTable
00008a24   _tccAllocTable
00008a94   __MCBSP_hDev0
00008a98   __MCBSP_hDev1
00008aec   __TIMER_deviceTable
00008b04   __TIMER_hDev0
00008b08   __TIMER_hDev1
00008b0c   __TIMER_hBios
00008b10   __cleanup_ptr
00008b14   __dtors_ptr
00008b18   ___TI_enable_exit_profile_output
00008b1c   _DSK6713_AIC23_codeccontrolhandle
00008b20   _DSK6713_AIC23_codecdatahandle
00008b24   _DSK6713_version
00008b80   _rx_ping
00008c00   _rx_pong
00008c80   _rx_pang
00008d00   _tx_ping
00008d80   _tx_pong
00008e00   _tx_pang
ffffffff   ___TI_pprof_out_hndl
ffffffff   ___TI_prof_data_size
ffffffff   ___TI_prof_data_start
ffffffff   ___binit__
ffffffff   ___c_args__
ffffffff   ___pinit__
ffffffff   binit
ffffffff   pinit

[136 symbols]
