******************************************************************************
               TMS320C6x Linker PC v7.4.14                     
******************************************************************************
>> Linked Mon Dec 21 01:41:30 2015

OUTPUT FILE NAME:   <080 BSL AUDIO INT.out>
ENTRY POINT SYMBOL: "_c_int00"  address: 00002380


MEMORY CONFIGURATION

         name            origin    length      used     unused   attr    fill
----------------------  --------  ---------  --------  --------  ----  --------
  VECS                  00000000   00000200  00000200  00000000  RWIX
  BOOT                  00000200   00000200  00000000  00000200  RWIX
  IRAM                  00000400   00007c00  0000252c  000056d4  RWIX
  IRAM2                 00008000   0002c000  000009ea  0002b616  RWIX
  SRAM_EXT              80000000   01000000  00000000  01000000  RWIX
  FLASH                 90000000   00020000  00000000  00020000  RWIX


SECTION ALLOCATION MAP

 output                                  attributes/
section   page    origin      length       input sections
--------  ----  ----------  ----------   ----------------
$BRID      0    00000000    0000008c     COPY SECTION
                  00000000    00000054     dsk6713bsl.lib : dsk6713.obj ($BRID)
                  00000054    00000024                    : dsk6713_aic23_opencodec.obj ($BRID)
                  00000078    00000014                    : dsk6713_aic23_registers.obj ($BRID)

.vecs      0    00000000    00000200     
                  00000000    00000200     vectors_intr.obj (.vecs)

.bss       0    00000400    00000000     UNINITIALIZED

.text      0    00000400    00002220     
                  00000400    00000460     dsk6713bsl.lib : dsk6713.obj (.text)
                  00000860    00000300                    : dsk6713_aic23_opencodec.obj (.text)
                  00000b60    000002a0     audio.9.19.obj (.text)
                  00000e00    00000240     rts6700.lib : memcpy62.obj (.text:_memcpy)
                  00001040    00000220     csl6713.lib : csl.obj (.text:__CSL_init)
                  00001260    000001c0                 : csl_irq.obj (.text:_IRQ_map)
                  00001420    000001c0                 : csl_irq.obj (.text:_mux2Tables)
                  000015e0    000001a0                 : csl_mcbsp.obj (.text:_MCBSP_reset)
                  00001780    00000140                 : csl_timer.obj (.text:_TIMER_open)
                  000018c0    00000140     dsk6713bsl.lib : dsk6713_aic23_registers.obj (.text)
                  00001a00    00000120     csl6713.lib : csl_timer.obj (.text:_TIMER_reset)
                  00001b20    00000120     audio.9.19.obj (.text:retain)
                  00001c40    00000100     csl6713.lib : csl_mcbsp.obj (.text:_MCBSP_open)
                  00001d40    00000100                 : csl_mcbsp.obj (.text:_MCBSP_start)
                  00001e40    00000100     rts6700.lib : autoinit.obj (.text:__auto_init)
                  00001f40    000000e0                 : strasg.obj (.text:__strasg)
                  00002020    000000e0                 : exit.obj (.text:_exit)
                  00002100    000000c0                 : cpy_tbl.obj (.text:_copy_in)
                  000021c0    000000a0     csl6713.lib : csl_irq.obj (.text:__IRQ_init)
                  00002260    000000a0                 : csl_irq.obj (.text:_setMux)
                  00002300    00000080     rts6700.lib : cpp_init.obj (.text:___TI_cpp_init)
                  00002380    00000080                 : boot.obj (.text:_c_int00)
                  00002400    00000040     csl6713.lib : csl_irq.obj (.text:_IRQ_enable)
                  00002440    00000040                 : csl_irq.obj (.text:_IRQ_reset)
                  00002480    00000040     rts6700.lib : args_main.obj (.text:__args_main)
                  000024c0    00000020     csl6713.lib : csl.obj (.text:_CSL6713_LIB_)
                  000024e0    00000020                 : csl_irq.obj (.text:_IRQ_globalDisable)
                  00002500    00000020                 : csl_irq.obj (.text:_IRQ_globalEnable)
                  00002520    00000020                 : csl_irq.obj (.text:_IRQ_nmiEnable)
                  00002540    00000020                 : csl_irq.obj (.text:_IRQ_setVecs)
                  00002560    00000020                 : csl_mcbsp.obj (.text:_MCBSP_getXmtEventId)
                  00002580    00000020                 : csl_mcbsp.obj (.text:_MCBSP_read)
                  000025a0    00000020                 : csl_mcbsp.obj (.text:_MCBSP_write)
                  000025c0    00000020     rts6700.lib : exit.obj (.text:_abort)
                  000025e0    00000020     csl6713.lib : csl_irq.obj (.text)
                  00002600    00000020     vectors_intr.obj (.text)

.cinit     0    00002620    000002ac     
                  00002620    0000012c     csl6713.lib : csl_irq.obj (.cinit)
                  0000274c    00000004     --HOLE-- [fill = 0]
                  00002750    00000054                 : csl_mcbsp.obj (.cinit)
                  000027a4    00000004     --HOLE-- [fill = 0]
                  000027a8    0000004c                 : csl_timer.obj (.cinit)
                  000027f4    00000004     --HOLE-- [fill = 0]
                  000027f8    0000003c                 : csl.obj (.cinit)
                  00002834    00000004     --HOLE-- [fill = 0]
                  00002838    00000030     audio.9.19.obj (.cinit)
                  00002868    00000030     dsk6713bsl.lib : dsk6713_aic23_registers.obj (.cinit)
                  00002898    0000002c     rts6700.lib : exit.obj (.cinit)
                  000028c4    00000004     --HOLE-- [fill = 0]
                  000028c8    00000004     (.pad.cinit) [fill = 0]

.const     0    000028cc    00000060     
                  000028cc    00000040     dsk6713bsl.lib : dsk6713_aic23_opencodec.obj (.const)
                  0000290c    00000020                    : dsk6713.obj (.const)

.stack     0    00008000    00000800     UNINITIALIZED
                  00008000    00000008     rts6700.lib : boot.obj (.stack)
                  00008008    000007f8     --HOLE--

.far       0    00008800    000001ea     UNINITIALIZED
                  00008800    000000f4     csl6713.lib : csl_irq.obj (.far)
                  000088f4    00000038                 : csl_mcbsp.obj (.far)
                  0000892c    00000034     audio.9.19.obj (.far)
                  00008960    00000028     csl6713.lib : csl.obj (.far)
                  00008988    00000028     dsk6713bsl.lib : dsk6713_aic23_registers.obj (.far)
                  000089b0    00000024     csl6713.lib : csl_timer.obj (.far)
                  000089d4    0000000c     rts6700.lib : exit.obj (.far)
                  000089e0    00000008     dsk6713bsl.lib : dsk6713_aic23_opencodec.obj (.far)
                  000089e8    00000002                    : dsk6713.obj (.far)


GLOBAL SYMBOLS: SORTED ALPHABETICALLY BY Name 

address    name
--------   ----
00000400   $bss
00000400   .bss
00000400   .text
000025c0   C$$EXIT
0000895c   _AIC_data
00008958   _CODECEventId
000024c0   _CSL6713_LIB_
000089e0   _DSK6713_AIC23_codeccontrolhandle
000089e4   _DSK6713_AIC23_codecdatahandle
00001980   _DSK6713_AIC23_config
00000860   _DSK6713_AIC23_openCodec
0000195c   _DSK6713_AIC23_rget
000018c0   _DSK6713_AIC23_rset
000007d8   _DSK6713_getVersion
00000430   _DSK6713_init
00000730   _DSK6713_rget
00000744   _DSK6713_rset
000089e8   _DSK6713_version
00000758   _DSK6713_wait
000007ac   _DSK6713_waitusec
00002400   _IRQ_enable
000024e0   _IRQ_globalDisable
00002500   _IRQ_globalEnable
00001260   _IRQ_map
00002520   _IRQ_nmiEnable
00002440   _IRQ_reset
00002540   _IRQ_setVecs
00002560   _MCBSP_getXmtEventId
00001c40   _MCBSP_open
00002580   _MCBSP_read
000015e0   _MCBSP_reset
00001d40   _MCBSP_start
000025a0   _MCBSP_write
00001780   _TIMER_open
00001a00   _TIMER_reset
00001040   __CSL_init
000088ec   __IRQ_dispatchTable
00008828   __IRQ_eventTable
000025e0   __IRQ_hookFetchPacket
000021c0   __IRQ_init
000088ac   __IRQ_intTable
00008924   __MCBSP_hDev0
00008928   __MCBSP_hDev1
00008800   __STACK_END
00000800   __STACK_SIZE
000089b0   __TIMER_deviceTable
000089d0   __TIMER_hBios
000089c8   __TIMER_hDev0
000089cc   __TIMER_hDev1
00000001   __TI_args_main
00002300   ___TI_cpp_init
000089dc   ___TI_enable_exit_profile_output
ffffffff   ___TI_pprof_out_hndl
ffffffff   ___TI_prof_data_size
ffffffff   ___TI_prof_data_start
ffffffff   ___binit__
00000400   ___bss__
ffffffff   ___c_args__
00002620   ___cinit__
00000400   ___end__
00002620   ___etext__
ffffffff   ___pinit__
00000400   ___text__
00002480   __args_main
00001e40   __auto_init
000089d4   __cleanup_ptr
000089d8   __dtors_ptr
00008000   __stack
00001f40   __strasg
000025c0   _abort
00002380   _c_int00
00001b20   _c_int11
0000892c   _config1
00002100   _copy_in
00002020   _exit
00008954   _hCodec
00000c6c   _init
00000c1c   _input_sample
00000ba8   _main
00000e00   _memcpy
00000bc4   _output_sample
00000020   _vector1
00000140   _vector10
00000180   _vector12
000001a0   _vector13
000001c0   _vector14
000001e0   _vector15
00000040   _vector2
00000060   _vector3
00000080   _vector4
000000a0   _vector5
000000c0   _vector6
000000e0   _vector7
00000100   _vector8
00000120   _vector9
00000000   _vectors
ffffffff   binit
00002620   cinit
00000400   end
00002620   etext
ffffffff   pinit


GLOBAL SYMBOLS: SORTED BY Symbol Address 

address    name
--------   ----
00000000   _vectors
00000001   __TI_args_main
00000020   _vector1
00000040   _vector2
00000060   _vector3
00000080   _vector4
000000a0   _vector5
000000c0   _vector6
000000e0   _vector7
00000100   _vector8
00000120   _vector9
00000140   _vector10
00000180   _vector12
000001a0   _vector13
000001c0   _vector14
000001e0   _vector15
00000400   $bss
00000400   .bss
00000400   .text
00000400   ___bss__
00000400   ___end__
00000400   ___text__
00000400   end
00000430   _DSK6713_init
00000730   _DSK6713_rget
00000744   _DSK6713_rset
00000758   _DSK6713_wait
000007ac   _DSK6713_waitusec
000007d8   _DSK6713_getVersion
00000800   __STACK_SIZE
00000860   _DSK6713_AIC23_openCodec
00000ba8   _main
00000bc4   _output_sample
00000c1c   _input_sample
00000c6c   _init
00000e00   _memcpy
00001040   __CSL_init
00001260   _IRQ_map
000015e0   _MCBSP_reset
00001780   _TIMER_open
000018c0   _DSK6713_AIC23_rset
0000195c   _DSK6713_AIC23_rget
00001980   _DSK6713_AIC23_config
00001a00   _TIMER_reset
00001b20   _c_int11
00001c40   _MCBSP_open
00001d40   _MCBSP_start
00001e40   __auto_init
00001f40   __strasg
00002020   _exit
00002100   _copy_in
000021c0   __IRQ_init
00002300   ___TI_cpp_init
00002380   _c_int00
00002400   _IRQ_enable
00002440   _IRQ_reset
00002480   __args_main
000024c0   _CSL6713_LIB_
000024e0   _IRQ_globalDisable
00002500   _IRQ_globalEnable
00002520   _IRQ_nmiEnable
00002540   _IRQ_setVecs
00002560   _MCBSP_getXmtEventId
00002580   _MCBSP_read
000025a0   _MCBSP_write
000025c0   C$$EXIT
000025c0   _abort
000025e0   __IRQ_hookFetchPacket
00002620   ___cinit__
00002620   ___etext__
00002620   cinit
00002620   etext
00008000   __stack
00008800   __STACK_END
00008828   __IRQ_eventTable
000088ac   __IRQ_intTable
000088ec   __IRQ_dispatchTable
00008924   __MCBSP_hDev0
00008928   __MCBSP_hDev1
0000892c   _config1
00008954   _hCodec
00008958   _CODECEventId
0000895c   _AIC_data
000089b0   __TIMER_deviceTable
000089c8   __TIMER_hDev0
000089cc   __TIMER_hDev1
000089d0   __TIMER_hBios
000089d4   __cleanup_ptr
000089d8   __dtors_ptr
000089dc   ___TI_enable_exit_profile_output
000089e0   _DSK6713_AIC23_codeccontrolhandle
000089e4   _DSK6713_AIC23_codecdatahandle
000089e8   _DSK6713_version
ffffffff   ___TI_pprof_out_hndl
ffffffff   ___TI_prof_data_size
ffffffff   ___TI_prof_data_start
ffffffff   ___binit__
ffffffff   ___c_args__
ffffffff   ___pinit__
ffffffff   binit
ffffffff   pinit

[101 symbols]
