******************************************************************************
               TMS320C6x Linker PC v7.4.7                      
******************************************************************************
>> Linked Wed Oct 16 10:00:00 2019

OUTPUT FILE NAME:   <510 raw.out>
ENTRY POINT SYMBOL: "_c_int00"  address: 000071c0


MEMORY CONFIGURATION

         name            origin    length      used     unused   attr    fill
----------------------  --------  ---------  --------  --------  ----  --------
  IRAM                  00000000   00040000  00007acd  00038533  RWIX
  SDRAM                 80000000   00800000  00000000  00800000  RWIX


SECTION ALLOCATION MAP

 output                                  attributes/
section   page    origin      length       input sections
--------  ----  ----------  ----------   ----------------
.vers      0    00000000    0000003c     COPY SECTION
                  00000000    0000003c     510rawcfg.obj (.vers)

.prd       0    00000000    00000000     UNINITIALIZED

.hwi_vec   0    00000000    00000200     
                  00000000    00000200     510rawcfg.obj (.hwi_vec)

.data      0    00000000    00000000     UNINITIALIZED

.hst       0    00000000    00000000     UNINITIALIZED

.pip       0    00000000    00000000     UNINITIALIZED

.bios      0    00000200    00003ca0     
                  00000200    00000600     lnkrtdx.a67 : rtdx.o67 (.bios)
                  00000800    000005e0     bios.a67 : gbl_setL2CacheMode.o67 (.bios)
                  00000de0    00000540              : swi.o67 (.bios)
                  00001320    00000460              : hwi_disp_asm.o67 (.bios)
                  00001780    000003a0              : prd.o67 (.bios)
                  00001b20    000002c0              : knl_run.o67 (.bios)
                  00001de0    000002c0              : sem_pend.o67 (.bios)
                  000020a0    00000260              : knl_tick.o67 (.bios)
                  00002300    00000240              : pip.o67 (.bios)
                  00002540    00000220              : sem_dopo.o67 (.bios)
                  00002760    00000200              : tsk_setu.o67 (.bios)
                  00002960    000001c0              : knl_swit.o67 (.bios)
                  00002b20    000001c0     biosC6000.a67 : clk.o67 (.bios)
                  00002ce0    000001a0     bios.a67 : tsk_exit.o67 (.bios)
                  00002e80    00000180              : autoinit.o67 (.bios)
                  00003000    00000180              : tsk_stup.o67 (.bios)
                  00003180    00000140              : knl_chec.o67 (.bios)
                  000032c0    000000e0              : gbl_cslcacheinit.o67 (.bios)
                  000033a0    000000e0              : knl_exit.o67 (.bios)
                  00003480    000000e0              : sem_post.o67 (.bios)
                  00003560    000000e0              : sem_post_asm.o67 (.bios)
                  00003640    000000c0              : knl_ipos.o67 (.bios)
                  00003700    000000c0              : knl_post.o67 (.bios)
                  000037c0    000000c0              : lck.o67 (.bios)
                  00003880    000000c0              : sys_exit.o67 (.bios)
                  00003940    000000c0     biosC6000.a67 : clk_htime.o67 (.bios)
                  00003a00    00000080     bios.a67 : fxn.o67 (.bios)
                  00003a80    00000080              : log.o67 (.bios)
                  00003b00    00000080              : sts.o67 (.bios)
                  00003b80    00000060              : hwi_c.o67 (.bios)
                  00003be0    00000060              : sem_pend_counting.o67 (.bios)
                  00003c40    00000060              : sys_abor.o67 (.bios)
                  00003ca0    00000060              : utl_putc.o67 (.bios)
                  00003d00    00000060     biosC6000.a67 : clk_start.o67 (.bios)
                  00003d60    00000040     bios.a67 : utl_doab.o67 (.bios)
                  00003da0    00000040     biosC6000.a67 : clk_stop.o67 (.bios)
                  00003de0    00000020     bios.a67 : fxn_c.o67 (.bios)
                  00003e00    00000020              : gbl_vers.o67 (.bios)
                  00003e20    00000020              : idl.o67 (.bios)
                  00003e40    00000020              : sts_set.o67 (.bios)
                  00003e60    00000020              : utl_doer.o67 (.bios)
                  00003e80    00000020              : utl_halt.o67 (.bios)

.rtdx_text 
*          0    00003ea0    00000ea0     
                  00003ea0    00000400     rtdx.lib : rtdx_mon.o62 (.rtdx_text:_RTDX_Poll)
                  000042a0    00000340              : buffer1.o62 (.rtdx_text:_RTDX_Buffer_WriteCB)
                  000045e0    00000300              : buffer1.o62 (.rtdx_text:_RTDX_write_next)
                  000048e0    00000140              : rtdx_mon.o62 (.rtdx_text:_RTDX_Mon_Queue)
                  00004a20    000000e0              : buffer1.o62 (.rtdx_text:_claim)
                  00004b00    00000080              : rtdx_mon.o62 (.rtdx_text:_RTDX_Init_RT_Monitor)
                  00004b80    00000060              : buffer1.o62 (.rtdx_text:_RTDX_Buffer_Initialize)
                  00004be0    00000060              : buffer2.o62 (.rtdx_text:_RTDX_Buffer_ReadCB)
                  00004c40    00000040              : buffer1.o62 (.rtdx_text:_RTDX_Buffer_Size)
                  00004c80    00000040              : rtdx_mon.o62 (.rtdx_text:_RTDX_Final_RT_Monitor)
                  00004cc0    00000020              : buffer2.o62 (.rtdx_text:_RTDX_Buffer_Read)
                  00004ce0    00000020              : buffer1.o62 (.rtdx_text:_RTDX_Buffer_Write)
                  00004d00    00000020              : rtdx_mon.o62 (.rtdx_text:_RTDX_checksum)
                  00004d20    00000020              : intr_tgt.o62 (.rtdx_text)

.cinit     0    00004d40    00000a84     
                  00004d40    000002bc     510rawcfg.obj (.cinit)
                  00004ffc    00000004     --HOLE-- [fill = 0]
                  00005000    0000026c     bios.a67 : biosdata.o67 (.cinit)
                  0000526c    00000004     --HOLE-- [fill = 0]
                  00005270    000001a4              : knl.o67 (.cinit)
                  00005414    00000004     --HOLE-- [fill = 0]
                  00005418    000000b0              : swi.o67 (.cinit)
                  000054c8    00000080              : tsk.o67 (.cinit)
                  00005548    00000060              : tsk_stup.o67 (.cinit)
                  000055a8    0000005c     lnkrtdx.a67 : rtdx.o67 (.cinit)
                  00005604    00000004     --HOLE-- [fill = 0]
                  00005608    0000004c     rtdx.lib : buffer1.o62 (.cinit)
                  00005654    00000004     --HOLE-- [fill = 0]
                  00005658    00000034     bios.a67 : hwi.o67 (.cinit)
                  0000568c    00000004     --HOLE-- [fill = 0]
                  00005690    0000002c              : utl_putc.o67 (.cinit)
                  000056bc    00000004     --HOLE-- [fill = 0]
                  000056c0    0000002c     rts6700.lib : exit.obj (.cinit)
                  000056ec    00000004     --HOLE-- [fill = 0]
                  000056f0    00000024     bios.a67 : obj_init.o67 (.cinit)
                  00005714    00000004     --HOLE-- [fill = 0]
                  00005718    0000001c              : sys.o67 (.cinit)
                  00005734    00000004     --HOLE-- [fill = 0]
                  00005738    0000001c     rts6700.lib : _lock.obj (.cinit)
                  00005754    00000004     --HOLE-- [fill = 0]
                  00005758    0000001c                 : atexit.obj (.cinit)
                  00005774    00000004     --HOLE-- [fill = 0]
                  00005778    00000018     bios.a67 : knl_tick.o67 (.cinit)
                  00005790    0000000c              : gbl_setL2CacheMode.o67 (.cinit)
                  0000579c    00000004     --HOLE-- [fill = 0]
                  000057a0    0000000c              : knl_swit.o67 (.cinit)
                  000057ac    00000004     --HOLE-- [fill = 0]
                  000057b0    0000000c     rts6700.lib : sinit.obj (.cinit)
                  000057bc    00000004     --HOLE-- [fill = 0]
                  000057c0    00000004     (.pad.cinit) [fill = 0]

.log       0    000057c4    00000018     
                  000057c4    00000018     510rawcfg.obj (.log)

.args      0    000057dc    00000004     
                  000057dc    00000004     --HOLE-- [fill = 0]

.text      0    000057e0    00000780     
                  000057e0    00000240     rts6700.lib : memcpy62.obj (.text:_memcpy)
                  00005a20    00000180     bios.a67 : gbl_cslpllinit62.o67 (.text)
                  00005ba0    00000160     rts6700.lib : sinit.obj (.text:_call_dtors)
                  00005d00    000000e0                 : atexit.obj (.text:_atexit)
                  00005de0    000000c0     bios.a67 : tsk_stup.o67 (.text)
                  00005ea0    00000040     rts6700.lib : sinit.obj (.text:___add_dtor)
                  00005ee0    00000020                 : _lock.obj (.text:__nop)
                  00005f00    00000020                 : _lock.obj (.text:__register_lock)
                  00005f20    00000020                 : _lock.obj (.text:__register_unlock)
                  00005f40    00000020     main.obj (.text)

.rtdx_data 
*          0    00005f60    0000044c     UNINITIALIZED
                  00005f60    00000410     510rawcfg.obj (.rtdx_data)
                  00006370    00000020     rtdx.lib : buffer1.o62 (.rtdx_data)
                  00006390    0000001c              : rtdx_mon.o62 (.rtdx_data)

.idl       0    000063ac    00000004     UNINITIALIZED
                  000063ac    00000004     510rawcfg.obj (.idl)

.TSK_idle$stk 
*          0    000063b0    00000400     UNINITIALIZED
                  000063b0    00000400     510rawcfg.obj (.TSK_idle$stk)

.stack     0    000067b0    00000400     UNINITIALIZED
                  000067b0    00000400     --HOLE--

.far       0    00006bb0    000003b4     UNINITIALIZED
                  00006bb0    00000188     rts6700.lib : atexit.obj (.far)
                  00006d38    000000d8     bios.a67 : knl.o67 (.far)
                  00006e10    0000005c              : tsk.o67 (.far)
                  00006e6c    00000054              : obj_init.o67 (.far)
                  00006ec0    00000050              : tsk_stup.o67 (.far)
                  00006f10    00000020              : sys.o67 (.far)
                  00006f30    00000010              : knl_tick.o67 (.far)
                  00006f40    0000000c              : utl_putc.o67 (.far)
                  00006f4c    0000000c     rts6700.lib : exit.obj (.far)
                  00006f58    00000008                 : _lock.obj (.far)
                  00006f60    00000004                 : sinit.obj (.far)

.sts       0    00006f64    00000010     
                  00006f64    00000010     510rawcfg.obj (.sts)

.pinit     0    00006f74    0000000c     
                  00006f74    00000004     rtdx.lib : buffer1.o62 (.pinit)
                  00006f78    00000004              : rtdx_mon.o62 (.pinit)
                  00006f7c    00000004     --HOLE-- [fill = 0]

.sysinit   0    00006f80    000003a0     
                  00006f80    00000240     510rawcfg.obj (.sysinit)
                  000071c0    000000c0     bios.a67 : boot.o67 (.sysinit)
                  00007280    00000080              : tsk_init.o67 (.sysinit)
                  00007300    00000020              : obj_init.o67 (.sysinit)

.bss       0    00007320    00000314     UNINITIALIZED
                  00007320    00000100     bios.a67 : hwi_disp_asm.o67 (.bss)
                  00007420    000000cc              : biosdata.o67 (.bss)
                  000074ec    0000009c              : swi.o67 (.bss)
                  00007588    00000048              : knl.o67 (.bss)
                  000075d0    00000018              : hwi.o67 (.bss)
                  000075e8    00000018     lnkrtdx.a67 : rtdx.o67 (.bss)
                  00007600    00000010     rtdx.lib : buffer1.o62 (.bss)
                  00007610    0000000c     bios.a67 : tsk.o67 (.bss)
                  0000761c    00000008              : clk_data.o67 (.bss)
                  00007624    00000008              : sys.o67 (.bss)
                  0000762c    00000004              : clk_data2.o67 (.bss)
                  00007630    00000004              : gbl_setL2CacheMode.o67 (.bss)

.trace     0    00007634    00000200     
                  00007634    00000200     --HOLE-- [fill = 00000000]

.idlcal    0    00007834    00000004     UNINITIALIZED
                  00007834    00000004     510rawcfg.obj (.idlcal)

.const     0    00007838    00000095     
                  00007838    0000004e     bios.a67 : tsk_stup.o67 (.const)
                  00007886    00000023              : utl_doab.o67 (.const)
                  000078a9    00000022              : utl_doer.o67 (.const)
                  000078cb    00000001     --HOLE-- [fill = 0]
                  000078cc    00000001              : tsk.o67 (.const)

.printf    0    000078cd    0000001a     COPY SECTION
                  000078cd    0000001a     510rawcfg.obj (.printf)

.swi       0    000078d0    0000002c     UNINITIALIZED
                  000078d0    0000002c     510rawcfg.obj (.swi)

.LOG_system$buf 
*          0    00007900    00000100     UNINITIALIZED
                  00007900    00000100     510rawcfg.obj (.LOG_system$buf)

.tsk       0    00007a00    00000060     UNINITIALIZED
                  00007a00    00000060     510rawcfg.obj (.tsk)

.gblinit   0    00007a60    00000028     
                  00007a60    00000028     510rawcfg.obj (.gblinit)

.switch    0    00007a88    00000028     
                  00007a88    00000028     rtdx.lib : rtdx_mon.o62 (.switch)

.sys       0    00007ab0    00000010     UNINITIALIZED
                  00007ab0    00000010     510rawcfg.obj (.sys)

.trcdata   0    00007ac0    0000000c     
                  00007ac0    0000000c     bios.a67 : trc.o67 (.trcdata)

.clk       0    00007acc    00000008     UNINITIALIZED
                  00007acc    00000008     510rawcfg.obj (.clk)


GLOBAL SYMBOLS: SORTED ALPHABETICALLY BY Name 

address    name
--------   ----
00007320   $bss
00007320   .bss
00000000   .data
000057e0   .text
00006f80   BIOS_init
00007124   BIOS_start
00000000   BUF$
00000001   BUF_ENABLED
00000001   CLK$
00007acc   CLK_A_TABBEG
00000001   CLK_CALDIV
00000004   CLK_CALMULT
0000dbba   CLK_COUNTSPMS
00000000   CLK_COUNTSPMSHIGH
00007448   CLK_D_idletime
00007444   CLK_D_isrhook
00007440   CLK_D_tabbeg
0000743c   CLK_D_timefxn
00003940   CLK_F_getfhtime
00003960   CLK_F_gethtime
00002b20   CLK_F_getltime
00003960   CLK_F_getshtime
00002b34   CLK_F_isr
00002c94   CLK_F_itime
00001320   CLK_HOOKFXN
00000001   CLK_HTIMEDIV
00000004   CLK_HTIMEMULT
0000dbba   CLK_HTIMEPERLTIME
00004000   CLK_INTBIT
00000001   CLK_LTIMEDIV
00036ee8   CLK_LTIMEMULT
000003e8   CLK_MICROSECS
0000dbba   CLK_PRD
00000000   CLK_PRDHIGH
01940000   CLK_REGS
00007438   CLK_R_time
00000020   CLK_TCR
00000000   CLK_TDDR
00000000   CLK_TDDRHIGH
00003960   CLK_TIMEFXN
00000000   CLK_TIMERNUM
00000001   CLK_USETIMER
00007ad0   CLK_null
00000000   DEV$
00000000   DGN$
00000000   DHL$
00000000   DHL_gChannelsAvailable
00000000   DIO$
00000000   DIO_NUMSWIBASE
00000000   DIO_NUMTSKBASE
00000000   DIO_STATIC
00000000   DPI$
00003a00   FXN_F_nop
00003a08   FXN_F_run
00003a58   FXN_F_zero
00000001   GBL$
00005205   GBL_A_VERSION
00000000   GBL_BIGENDIAN
00000000   GBL_C641XL2PRIORITY
00000000   GBL_CACHE
00000001   GBL_CALLCSLCFGINIT
00004e20   GBL_CLKIN
00001770   GBL_CLKTYPE
00001a39   GBL_DSPSUBTYPE
0000003e   GBL_DSPTYPE
00000000   GBL_ENABLEINST
00000042   GBL_FOOTPRINT
00036ee8   GBL_FREQ
00002226   GBL_L2ALLOC
00000000   GBL_L2CONFIGALLOC
00000001   GBL_L2CONFIGURE
00000001   GBL_L2MARMASK
00000000   GBL_L2MARMASK1
00000000   GBL_L2MARMASK2
00000000   GBL_L2MARMASK3
00000000   GBL_L2MARMASK4
00000000   GBL_L2MARMASK5
00000000   GBL_L2MODE
00000000   GBL_L2PRIORITY
00000000   GBL_NULL
00000000   GBL_PROCID
00000000   GBL_ROM
00000000   GBL_SUPPORTCSL
0000dbef   GBL_TRCMASKVALUE
00000001   GBL_USERINIT
00005a48   GBL_USERINITFXN
00000001   GBL_boot
00007ac8   GBL_initdone
000067b0   GBL_stackbeg
00006baf   GBL_stackend
00000000   GIO$
00003de0   GIO_CREATEFXN
00003de0   GIO_DELETEFXN
00003de0   GIO_PENDFXN
00003de0   GIO_POSTFXN
00000000   HOOK$
00000000   HOOK_KNLID
00000000   HST$
00000000   HST_A_TABBEG
00000000   HST_A_TABEND
00000000   HST_DSM
ffffffff   HST_DSMBUFSEG
00000400   HST_DSMMEMSIZE
000074b4   HST_D_chanmask
000074b8   HST_D_tabbeg
000074bc   HST_D_tabend
000000ff   HST_MAXFRAMEALLOWED
00000000   HST_MAXFRAMESET
00000000   HST_NONE
00000001   HST_RTDX
00000001   HWI$
00000000   HWI_A_VECS
00004008   HWI_CFGDISPATCHED
000075e0   HWI_D_bss
000075e4   HWI_D_ccmask
000075d0   HWI_D_spsave
00001320   HWI_F_dispatch
00000000   HWI_GENERATE_RESET_VEC
0000000a   HWI_INT10
00000000   HWI_INT10$hwi
0000000b   HWI_INT11
00000000   HWI_INT11$hwi
0000000c   HWI_INT12
00000000   HWI_INT12$hwi
0000000d   HWI_INT13
00000000   HWI_INT13$hwi
0000000e   HWI_INT14
00000000   HWI_INT14$hwi
0000000f   HWI_INT15
00000000   HWI_INT15$hwi
00000004   HWI_INT4
00000000   HWI_INT4$hwi
00000005   HWI_INT5
00000000   HWI_INT5$hwi
00000006   HWI_INT6
00000000   HWI_INT6$hwi
00000007   HWI_INT7
00000000   HWI_INT7$hwi
00000008   HWI_INT8
00000000   HWI_INT8$hwi
00000009   HWI_INT9
00000000   HWI_INT9$hwi
082039a3   HWI_INTRMULTHIGH
310718a4   HWI_INTRMULTLOW
00000001   HWI_NMI
00000000   HWI_NMI$hwi
00000000   HWI_POLARITYMASK
00000002   HWI_RESERVED0
00000000   HWI_RESERVED0$hwi
00000003   HWI_RESERVED1
00000000   HWI_RESERVED1$hwi
00000000   HWI_RESET
00000000   HWI_RESET$hwi
00000001   HWI_ZEROTAB
00000000   IDL$
00007834   IDL_A_CALBEG
000063ac   IDL_A_TABBEG
00000000   IDL_CALIBRERROR
00000000   IDL_CALIBRFXN
00007428   IDL_D_calbeg
00007424   IDL_D_calibrate
00007420   IDL_D_tabbeg
000063ac   IDL_END
00007834   IDL_END$
00003e20   IDL_F_loop
00000000   IDL_USECLKIDLTIME
ffffffff   IRAM
00000001   ISRC$
00002ae0   KNL_glue
000078d0   KNL_swi
00000001   KNL_swi$dorta
00000000   KNL_swi$ord
00000000   KNL_swi$pri
00006f68   KNL_swi$sts
000078dd   KNL_swi$sts$avgfmt
00000002   KNL_swi$sts$filter
00000001   KNL_swi$sts$filtmaxmult
00000001   KNL_swi$sts$filtsummult
000078cd   KNL_swi$sts$maxfmt
00006f64   KNL_swi$sts$stsobj
000078d5   KNL_swi$sts$sumfmt
00000000   KNL_swi$sts$unittype
00000000   KNL_swi$swi
00000001   LCK$
00000200   LNK_F_checkBufferCall
00000280   LNK_F_dataPump
00000220   LNK_F_getChanPtr
00000278   LNK_F_init
000007c4   LNK_F_readCallBack
000075ec   LNK_dspFrameReadyMask
000075e8   LNK_dspFrameRequestMask
00000520   LNK_newin
00000660   LNK_newout
00000294   LNK_rcloop
00000360   LNK_rdrtry
000075f4   LNK_readDone
000075f8   LNK_readFail
000075f0   LNK_readPend
00000370   LNK_rrloop
000075fc   LNK_writeFail
00000444   LNK_wrloop
00000434   LNK_wrrtry
00000001   LOG$
000057c4   LOG_A_TABBEG
000057dc   LOG_A_TABEND
00000001   LOG_A_TABLEN
0000742c   LOG_D_system
00000001   LOG_ENABLED
00003a80   LOG_F_event
000057c4   LOG_system
00007900   LOG_system$buf
00000000   LOG_system$datatype
00000000   LOG_system$log
00000040   LOG_system$size
00000000   MBX$
00000001   MEM$
00000000   MEM_MALLOCSEG
00000000   MEM_NULL
00000000   MEM_SEGZERO
00000000   MEM_USEMPC
00000000   MEM_gNumHeap
00000000   MSGQ$
00000000   MSGQ_USEMSGQ
00000000   OBJ$
00000000   PIP$
00000000   PIP_A_TABBEG
00000000   PIP_A_TABEND
00000000   PIP_A_TABLEN
00007430   PIP_D_tabbeg
00007434   PIP_D_tablen
00002394   PIP_F_give
00002394   PIP_F_probe
00002468   PIP_F_start
00002300   PIP_F_take
00000064   PIP_OBJSIZE
00000000   PIP_gNextId
00000000   PIP_gNumEmbed
00000000   POOL$
00000000   POOL_USEPOOL
00000001   PRD$
00000000   PRD_A_TABBEG
00000000   PRD_A_TABEND
00000000   PRD_A_TABLEN
00007470   PRD_D_cur
00007474   PRD_D_elapsed
00007478   PRD_D_prevtim
0000747c   PRD_D_scalar
00007480   PRD_D_swihandle
00007484   PRD_D_tabbeg
00007488   PRD_D_tablen
0000748c   PRD_D_thook
0000746c   PRD_D_tick
00001780   PRD_F_swi
00001a40   PRD_F_tick
00004000   PRD_SCALAR
00000000   PRD_SWIHANDLE
000022e0   PRD_THOOKFXN
00007acc   PRD_clock
00000001   QUE$
00007490   RTA_D_fromHost
00007498   RTA_D_logval
000074a8   RTA_D_stsval
00007494   RTA_D_toHost
00000001   RTDX$
00000408   RTDX_BUFMEMSIZE
ffffffff   RTDX_DATAMEMSEG
00000000   RTDX_MODE
00000001   RTDX_NORMALIZED_HDR
00000001   RTDX_USERTDX
00000000   RTDX_USERTEXECUTION
ffffffff   SDRAM
00000000   SEM$
00000000   SIO$
00000000   STS$
00006f64   STS_A_TABBEG
00006f74   STS_A_TABEND
00003b38   STS_F_add
00003b00   STS_F_delta
00003b64   STS_F_reset
00000001   SWI$
000078d0   SWI_A_TABBEG
000078fc   SWI_A_TABEND
00000001   SWI_A_TABLEN
00007504   SWI_D_curfxn
000074f4   SWI_D_curmask
00007500   SWI_D_curmbox
000074f8   SWI_D_curset
000074f0   SWI_D_execaddr
0000750c   SWI_D_inswi
000074fc   SWI_D_lock
00007508   SWI_D_rdybeg
00007510   SWI_D_rdytab
000074ec   SWI_D_runaddr
00000000   SWI_EHOOKFXN
00000ffc   SWI_EXECFXN
00000de0   SWI_F_enable
00000ffc   SWI_F_exec
00001028   SWI_F_iexec
00000e50   SWI_F_post
000010b8   SWI_F_run
00000000   SWI_IHOOKFXN
000010b8   SWI_RUNFXN
00000001   SYS$
00007ab0   SYS$config
00003d60   SYS_ABORTFXN
00003e60   SYS_ERRORFXN
00003e80   SYS_EXITFXN
00003ca0   SYS_PUTCFXN
00007ac4   TRC_R_mask
00007ac0   TRC_cinit
00000001   TSK$
00000000   TSK_NUM_HOOKS
00000001   TSK_PRIORITY
00000000   TSK_READYFXN
00000000   TSK_STACKSEG
00000400   TSK_STACKSIZE
00000000   TSK_SWITCHFXN
00003de0   TSK_VCREATEFXN
00003de0   TSK_VDELETEFXN
00003de0   TSK_VEXITFXN
00007a0c   TSK_idle
00000000   TSK_idle$ord
00000000   TSK_idle$pri
000063b0   TSK_idle$stack
00006748   TSK_idle$stkptr
00000000   TSK_idle$tsk
00000000   UDEV$
00006f80   _BIOS_init
00007124   _BIOS_start
0000dbba   _CLK_COUNTSPMS
0000761c   _CLK_DFLTMICROSECS
00007468   _CLK_D_countspms
0000745c   _CLK_D_dirty
00007620   _CLK_D_microseconds
00007460   _CLK_D_prd
00007464   _CLK_D_tddr
00002c94   _CLK_F_itime
0000dbba   _CLK_PRD
01940000   _CLK_REGS
00000000   _CLK_TDDR
00000000   _CLK_TIMERNUM
00000001   _CLK_USETIMER
0000744c   _CLK_htimeDiv
00007450   _CLK_htimeMult
0000762c   _CLK_htimePerLtime
00002c94   _CLK_itime
00007454   _CLK_ltimeDiv
00007458   _CLK_ltimeMult
00003d00   _CLK_start
00003da0   _CLK_stop
00003de0   _FXN_F_nop
00003a08   _FXN_F_run
00003a58   _FXN_F_zero
00000000   _GBL_CACHE
000074c4   _GBL_clkIn
000032c0   _GBL_cslCacheInit
000074c8   _GBL_freq
00003e00   _GBL_getVersion
000074c0   _GBL_procId
00005a48   _GBL_setPLLto225MHz
00000000   _HST_A_TABBEG
00000000   _HST_A_TABEND
00004008   _HWI_CFGDISPATCHED
000075dc   _HWI_D_inhwi
000075d0   _HWI_D_spsave
00001320   _HWI_F_dispatch
0000000a   _HWI_INT10
0000000b   _HWI_INT11
0000000c   _HWI_INT12
0000000d   _HWI_INT13
0000000e   _HWI_INT14
0000000f   _HWI_INT15
00000004   _HWI_INT4
00000005   _HWI_INT5
00000006   _HWI_INT6
00000007   _HWI_INT7
00000008   _HWI_INT8
00000009   _HWI_INT9
00000001   _HWI_NMI
00000002   _HWI_RESERVED0
00000003   _HWI_RESERVED1
00000000   _HWI_RESET
00006ba8   _HWI_STKBOTTOM
000067b0   _HWI_STKTOP
000075d0   _HWI_data
00003b80   _HWI_disable
00007320   _HWI_dispatchTab
00003b98   _HWI_enable
00003bac   _HWI_restore
00003e20   _IDL_loop
ffffffff   _IRAM
00007590   _KNL_alarm
00003180   _KNL_check
000075b4   _KNL_curqueue
000075a4   _KNL_curtask
000075ac   _KNL_curtime
00006dd8   _KNL_dummy
000033f4   _KNL_enter
000033a0   _KNL_exit
00003258   _KNL_idle
000075cc   _KNL_idlefxn
00007598   _KNL_inactive
00003640   _KNL_ipost
0000327c   _KNL_max
000075b8   _KNL_maxqueue
00003700   _KNL_post
000075a8   _KNL_prevtask
0000759c   _KNL_priority
00006d38   _KNL_queues
00001b20   _KNL_run
00002960   _KNL_saveIsrFrame
000075a0   _KNL_set
00007594   _KNL_setpri
000078d0   _KNL_swi
000075b0   _KNL_swiptr
00002a2c   _KNL_switch
000075c0   _KNL_tcreatefxn
000075c4   _KNL_tdeletefxn
000022e0   _KNL_tick
000075c8   _KNL_treadyfxn
000075bc   _KNL_tswitchfxn
00007588   _KNL_wFlag
0000758c   _KNL_wList
000037f0   _LCK_pend
000037c0   _LCK_post
000075ec   _LNK_dspFrameReadyMask
000075e8   _LNK_dspFrameRequestMask
000075f4   _LNK_readDone
000075f8   _LNK_readFail
000075f0   _LNK_readPend
000075fc   _LNK_writeFail
000057c4   _LOG_A_TABBEG
000057dc   _LOG_A_TABEND
00000001   _LOG_A_TABLEN
0000742c   _LOG_D_system
00003a80   _LOG_event
000057c4   _LOG_system
000074cc   _MEM_D_NUMSEGMENTS
000074d4   _MEM_D_freelist
000074d8   _MEM_D_lockaddr
000074d0   _MEM_D_memtab
000074dc   _MEM_D_unlockaddr
00000000   _MEM_memtab
00007300   _OBJ_init
00006ea4   _OBJ_segtab
00006e6c   _OBJ_table
00000000   _PIP_A_TABBEG
00000000   _PIP_A_TABEND
0000746c   _PRD_D_tick
00007acc   _PRD_clock
00005f60   _RTDX_Buffer
0000636c   _RTDX_Buffer_End
00004b80   _RTDX_Buffer_Initialize
00004cc0   _RTDX_Buffer_Read
00004be0   _RTDX_Buffer_ReadCB
00004c40   _RTDX_Buffer_Size
00006368   _RTDX_Buffer_Start
00004ce0   _RTDX_Buffer_Write
000042a0   _RTDX_Buffer_WriteCB
00004c80   _RTDX_Final_RT_Monitor
00004b00   _RTDX_Init_RT_Monitor
00000002   _RTDX_JTAGONLY
00004d20   _RTDX_Mask_IER
000048e0   _RTDX_Mon_Queue
00003ea0   _RTDX_Poll
00000000   _RTDX_interrupt_mask
0000637c   _RTDX_writing
ffffffff   _SDRAM
00003be0   _SEM_pend
00001de0   _SEM_pendEnterKnl
00003560   _SEM_post
00003560   _SEM_postBinary
00003480   _SEM_postEnterKnl
00006f64   _STS_A_TABBEG
00006f74   _STS_A_TABEND
00003b38   _STS_add
00003b00   _STS_delta
00003b64   _STS_reset
00003e40   _STS_set
00007504   _SWI_D_curfxn
000074f4   _SWI_D_curmask
000074f8   _SWI_D_curset
000074f0   _SWI_D_execaddr
0000750c   _SWI_D_inswi
000074fc   _SWI_D_lock
00007508   _SWI_D_rdybeg
000074ec   _SWI_D_runaddr
000074ec   _SWI_data
00000e50   _SWI_post
000074e0   _SYS
00007634   _SYS_PUTCBEG
00007833   _SYS_PUTCEND
00003c40   _SYS_abort
00003880   _SYS_exit
00006f10   _SYS_exitStack
00007624   _SYS_exitStackPtr
00007628   _SYS_exitStackTop
00007ac4   _TRC_R_mask
00007618   _TSK
00006e10   _TSK_ATTRS
00006e2c   _TSK_config
00002ce0   _TSK_exit
00007a0c   _TSK_idle
00007280   _TSK_init
00007610   _TSK_nTasks
00007614   _TSK_pid
00002760   _TSK_setup
000030c0   _TSK_startup
00006e4c   _TSK_timerSem
00003d60   _UTL_doAbort
00003e60   _UTL_doError
00003ca0   _UTL_doPutc
00003e80   _UTL_halt
00002cb0   __CLK_lat1beg
00002cdc   __CLK_lat1end
00000c34   __GBL_setL2CacheMode
000074e8   __HOOK_NUMHOOKS
000074e4   __HOOK_knlId
00001320   __HWI_lat1beg
000014a0   __HWI_lat1end
000014a0   __HWI_lat2beg
00001640   __HWI_lat2end1
000015cc   __HWI_lat2end2
00001660   __HWI_lat3beg
00001760   __HWI_lat3end1
000015fc   __HWI_lat3end2
000031d0   __KNL_lat1beg
00003258   __KNL_lat1end
00003a80   __LOG_lat1beg
00006ee8   __MEM_mutex
00002540   __SEM_dopost
00006bb0   __STACK_END
00000400   __STACK_SIZE
00000f8c   __SWI_lat1beg
00001040   __SWI_lat1end
00001044   __SWI_lat2beg
000010b4   __SWI_lat2end
00000de0   __SWI_lat3beg
00000e4c   __SWI_lat3end
00006ec0   __TSK_mutex
00006f54   ___TI_enable_exit_profile_output
ffffffff   ___TI_pprof_out_hndl
ffffffff   ___TI_prof_data_size
ffffffff   ___TI_prof_data_start
00005ea0   ___add_dtor
00006bb0   ___atexit_func_id__
ffffffff   ___binit__
00007320   ___bss__
ffffffff   ___c_args__
00004d40   ___cinit__
00000000   ___data__
00000000   ___edata__
00007634   ___end__
00005f60   ___etext__
00006f74   ___pinit__
000057e0   ___text__
00002e80   __auto_init
00006f4c   __cleanup_ptr
00006f50   __dtors_ptr
00006f58   __lock
00005ee0   __nop
00005f00   __register_lock
00005f20   __register_unlock
000067b0   __stack
00006f5c   __unlock
00005d00   _atexit
000071c0   _c_int00
00005ba0   _call_dtors
00006f60   _dtors
00005f40   _main
000057e0   _memcpy
00007608   _rtdxNullChanCnt
0000760c   _rtdxNullFuncCnt
00006370   _rtdx_buffer_state
00006390   _rtdx_mon_state
00005a20   _wait500nS
ffffffff   binit
00004d40   cinit
00000000   edata
00007634   end
00005f60   etext
00000000   hwi0
00000020   hwi1
00000140   hwi10
00000160   hwi11
00000180   hwi12
000001a0   hwi13
000001c0   hwi14
000001e0   hwi15
00000040   hwi2
00000060   hwi3
00000080   hwi4
000000a0   hwi5
000000c0   hwi6
000000e0   hwi7
00000100   hwi8
00000120   hwi9
00006f74   pinit


GLOBAL SYMBOLS: SORTED BY Symbol Address 

address    name
--------   ----
00000000   .data
00000000   BUF$
00000000   CLK_COUNTSPMSHIGH
00000000   CLK_PRDHIGH
00000000   CLK_TDDR
00000000   CLK_TDDRHIGH
00000000   CLK_TIMERNUM
00000000   DEV$
00000000   DGN$
00000000   DHL$
00000000   DHL_gChannelsAvailable
00000000   DIO$
00000000   DIO_NUMSWIBASE
00000000   DIO_NUMTSKBASE
00000000   DIO_STATIC
00000000   DPI$
00000000   GBL_BIGENDIAN
00000000   GBL_C641XL2PRIORITY
00000000   GBL_CACHE
00000000   GBL_ENABLEINST
00000000   GBL_L2CONFIGALLOC
00000000   GBL_L2MARMASK1
00000000   GBL_L2MARMASK2
00000000   GBL_L2MARMASK3
00000000   GBL_L2MARMASK4
00000000   GBL_L2MARMASK5
00000000   GBL_L2MODE
00000000   GBL_L2PRIORITY
00000000   GBL_NULL
00000000   GBL_PROCID
00000000   GBL_ROM
00000000   GBL_SUPPORTCSL
00000000   GIO$
00000000   HOOK$
00000000   HOOK_KNLID
00000000   HST$
00000000   HST_A_TABBEG
00000000   HST_A_TABEND
00000000   HST_DSM
00000000   HST_MAXFRAMESET
00000000   HST_NONE
00000000   HWI_A_VECS
00000000   HWI_GENERATE_RESET_VEC
00000000   HWI_INT10$hwi
00000000   HWI_INT11$hwi
00000000   HWI_INT12$hwi
00000000   HWI_INT13$hwi
00000000   HWI_INT14$hwi
00000000   HWI_INT15$hwi
00000000   HWI_INT4$hwi
00000000   HWI_INT5$hwi
00000000   HWI_INT6$hwi
00000000   HWI_INT7$hwi
00000000   HWI_INT8$hwi
00000000   HWI_INT9$hwi
00000000   HWI_NMI$hwi
00000000   HWI_POLARITYMASK
00000000   HWI_RESERVED0$hwi
00000000   HWI_RESERVED1$hwi
00000000   HWI_RESET
00000000   HWI_RESET$hwi
00000000   IDL$
00000000   IDL_CALIBRERROR
00000000   IDL_CALIBRFXN
00000000   IDL_USECLKIDLTIME
00000000   KNL_swi$ord
00000000   KNL_swi$pri
00000000   KNL_swi$sts$unittype
00000000   KNL_swi$swi
00000000   LOG_system$datatype
00000000   LOG_system$log
00000000   MBX$
00000000   MEM_MALLOCSEG
00000000   MEM_NULL
00000000   MEM_SEGZERO
00000000   MEM_USEMPC
00000000   MEM_gNumHeap
00000000   MSGQ$
00000000   MSGQ_USEMSGQ
00000000   OBJ$
00000000   PIP$
00000000   PIP_A_TABBEG
00000000   PIP_A_TABEND
00000000   PIP_A_TABLEN
00000000   PIP_gNextId
00000000   PIP_gNumEmbed
00000000   POOL$
00000000   POOL_USEPOOL
00000000   PRD_A_TABBEG
00000000   PRD_A_TABEND
00000000   PRD_A_TABLEN
00000000   PRD_SWIHANDLE
00000000   RTDX_MODE
00000000   RTDX_USERTEXECUTION
00000000   SEM$
00000000   SIO$
00000000   STS$
00000000   SWI_EHOOKFXN
00000000   SWI_IHOOKFXN
00000000   TSK_NUM_HOOKS
00000000   TSK_READYFXN
00000000   TSK_STACKSEG
00000000   TSK_SWITCHFXN
00000000   TSK_idle$ord
00000000   TSK_idle$pri
00000000   TSK_idle$tsk
00000000   UDEV$
00000000   _CLK_TDDR
00000000   _CLK_TIMERNUM
00000000   _GBL_CACHE
00000000   _HST_A_TABBEG
00000000   _HST_A_TABEND
00000000   _HWI_RESET
00000000   _MEM_memtab
00000000   _PIP_A_TABBEG
00000000   _PIP_A_TABEND
00000000   _RTDX_interrupt_mask
00000000   ___data__
00000000   ___edata__
00000000   edata
00000000   hwi0
00000001   BUF_ENABLED
00000001   CLK$
00000001   CLK_CALDIV
00000001   CLK_HTIMEDIV
00000001   CLK_LTIMEDIV
00000001   CLK_USETIMER
00000001   GBL$
00000001   GBL_CALLCSLCFGINIT
00000001   GBL_L2CONFIGURE
00000001   GBL_L2MARMASK
00000001   GBL_USERINIT
00000001   GBL_boot
00000001   HST_RTDX
00000001   HWI$
00000001   HWI_NMI
00000001   HWI_ZEROTAB
00000001   ISRC$
00000001   KNL_swi$dorta
00000001   KNL_swi$sts$filtmaxmult
00000001   KNL_swi$sts$filtsummult
00000001   LCK$
00000001   LOG$
00000001   LOG_A_TABLEN
00000001   LOG_ENABLED
00000001   MEM$
00000001   PRD$
00000001   QUE$
00000001   RTDX$
00000001   RTDX_NORMALIZED_HDR
00000001   RTDX_USERTDX
00000001   SWI$
00000001   SWI_A_TABLEN
00000001   SYS$
00000001   TSK$
00000001   TSK_PRIORITY
00000001   _CLK_USETIMER
00000001   _HWI_NMI
00000001   _LOG_A_TABLEN
00000002   HWI_RESERVED0
00000002   KNL_swi$sts$filter
00000002   _HWI_RESERVED0
00000002   _RTDX_JTAGONLY
00000003   HWI_RESERVED1
00000003   _HWI_RESERVED1
00000004   CLK_CALMULT
00000004   CLK_HTIMEMULT
00000004   HWI_INT4
00000004   _HWI_INT4
00000005   HWI_INT5
00000005   _HWI_INT5
00000006   HWI_INT6
00000006   _HWI_INT6
00000007   HWI_INT7
00000007   _HWI_INT7
00000008   HWI_INT8
00000008   _HWI_INT8
00000009   HWI_INT9
00000009   _HWI_INT9
0000000a   HWI_INT10
0000000a   _HWI_INT10
0000000b   HWI_INT11
0000000b   _HWI_INT11
0000000c   HWI_INT12
0000000c   _HWI_INT12
0000000d   HWI_INT13
0000000d   _HWI_INT13
0000000e   HWI_INT14
0000000e   _HWI_INT14
0000000f   HWI_INT15
0000000f   _HWI_INT15
00000020   CLK_TCR
00000020   hwi1
0000003e   GBL_DSPTYPE
00000040   LOG_system$size
00000040   hwi2
00000042   GBL_FOOTPRINT
00000060   hwi3
00000064   PIP_OBJSIZE
00000080   hwi4
000000a0   hwi5
000000c0   hwi6
000000e0   hwi7
000000ff   HST_MAXFRAMEALLOWED
00000100   hwi8
00000120   hwi9
00000140   hwi10
00000160   hwi11
00000180   hwi12
000001a0   hwi13
000001c0   hwi14
000001e0   hwi15
00000200   LNK_F_checkBufferCall
00000220   LNK_F_getChanPtr
00000278   LNK_F_init
00000280   LNK_F_dataPump
00000294   LNK_rcloop
00000360   LNK_rdrtry
00000370   LNK_rrloop
000003e8   CLK_MICROSECS
00000400   HST_DSMMEMSIZE
00000400   TSK_STACKSIZE
00000400   __STACK_SIZE
00000408   RTDX_BUFMEMSIZE
00000434   LNK_wrrtry
00000444   LNK_wrloop
00000520   LNK_newin
00000660   LNK_newout
000007c4   LNK_F_readCallBack
00000c34   __GBL_setL2CacheMode
00000de0   SWI_F_enable
00000de0   __SWI_lat3beg
00000e4c   __SWI_lat3end
00000e50   SWI_F_post
00000e50   _SWI_post
00000f8c   __SWI_lat1beg
00000ffc   SWI_EXECFXN
00000ffc   SWI_F_exec
00001028   SWI_F_iexec
00001040   __SWI_lat1end
00001044   __SWI_lat2beg
000010b4   __SWI_lat2end
000010b8   SWI_F_run
000010b8   SWI_RUNFXN
00001320   CLK_HOOKFXN
00001320   HWI_F_dispatch
00001320   _HWI_F_dispatch
00001320   __HWI_lat1beg
000014a0   __HWI_lat1end
000014a0   __HWI_lat2beg
000015cc   __HWI_lat2end2
000015fc   __HWI_lat3end2
00001640   __HWI_lat2end1
00001660   __HWI_lat3beg
00001760   __HWI_lat3end1
00001770   GBL_CLKTYPE
00001780   PRD_F_swi
00001a39   GBL_DSPSUBTYPE
00001a40   PRD_F_tick
00001b20   _KNL_run
00001de0   _SEM_pendEnterKnl
00002226   GBL_L2ALLOC
000022e0   PRD_THOOKFXN
000022e0   _KNL_tick
00002300   PIP_F_take
00002394   PIP_F_give
00002394   PIP_F_probe
00002468   PIP_F_start
00002540   __SEM_dopost
00002760   _TSK_setup
00002960   _KNL_saveIsrFrame
00002a2c   _KNL_switch
00002ae0   KNL_glue
00002b20   CLK_F_getltime
00002b34   CLK_F_isr
00002c94   CLK_F_itime
00002c94   _CLK_F_itime
00002c94   _CLK_itime
00002cb0   __CLK_lat1beg
00002cdc   __CLK_lat1end
00002ce0   _TSK_exit
00002e80   __auto_init
000030c0   _TSK_startup
00003180   _KNL_check
000031d0   __KNL_lat1beg
00003258   _KNL_idle
00003258   __KNL_lat1end
0000327c   _KNL_max
000032c0   _GBL_cslCacheInit
000033a0   _KNL_exit
000033f4   _KNL_enter
00003480   _SEM_postEnterKnl
00003560   _SEM_post
00003560   _SEM_postBinary
00003640   _KNL_ipost
00003700   _KNL_post
000037c0   _LCK_post
000037f0   _LCK_pend
00003880   _SYS_exit
00003940   CLK_F_getfhtime
00003960   CLK_F_gethtime
00003960   CLK_F_getshtime
00003960   CLK_TIMEFXN
00003a00   FXN_F_nop
00003a08   FXN_F_run
00003a08   _FXN_F_run
00003a58   FXN_F_zero
00003a58   _FXN_F_zero
00003a80   LOG_F_event
00003a80   _LOG_event
00003a80   __LOG_lat1beg
00003b00   STS_F_delta
00003b00   _STS_delta
00003b38   STS_F_add
00003b38   _STS_add
00003b64   STS_F_reset
00003b64   _STS_reset
00003b80   _HWI_disable
00003b98   _HWI_enable
00003bac   _HWI_restore
00003be0   _SEM_pend
00003c40   _SYS_abort
00003ca0   SYS_PUTCFXN
00003ca0   _UTL_doPutc
00003d00   _CLK_start
00003d60   SYS_ABORTFXN
00003d60   _UTL_doAbort
00003da0   _CLK_stop
00003de0   GIO_CREATEFXN
00003de0   GIO_DELETEFXN
00003de0   GIO_PENDFXN
00003de0   GIO_POSTFXN
00003de0   TSK_VCREATEFXN
00003de0   TSK_VDELETEFXN
00003de0   TSK_VEXITFXN
00003de0   _FXN_F_nop
00003e00   _GBL_getVersion
00003e20   IDL_F_loop
00003e20   _IDL_loop
00003e40   _STS_set
00003e60   SYS_ERRORFXN
00003e60   _UTL_doError
00003e80   SYS_EXITFXN
00003e80   _UTL_halt
00003ea0   _RTDX_Poll
00004000   CLK_INTBIT
00004000   PRD_SCALAR
00004008   HWI_CFGDISPATCHED
00004008   _HWI_CFGDISPATCHED
000042a0   _RTDX_Buffer_WriteCB
000048e0   _RTDX_Mon_Queue
00004b00   _RTDX_Init_RT_Monitor
00004b80   _RTDX_Buffer_Initialize
00004be0   _RTDX_Buffer_ReadCB
00004c40   _RTDX_Buffer_Size
00004c80   _RTDX_Final_RT_Monitor
00004cc0   _RTDX_Buffer_Read
00004ce0   _RTDX_Buffer_Write
00004d20   _RTDX_Mask_IER
00004d40   ___cinit__
00004d40   cinit
00004e20   GBL_CLKIN
00005205   GBL_A_VERSION
000057c4   LOG_A_TABBEG
000057c4   LOG_system
000057c4   _LOG_A_TABBEG
000057c4   _LOG_system
000057dc   LOG_A_TABEND
000057dc   _LOG_A_TABEND
000057e0   .text
000057e0   ___text__
000057e0   _memcpy
00005a20   _wait500nS
00005a48   GBL_USERINITFXN
00005a48   _GBL_setPLLto225MHz
00005ba0   _call_dtors
00005d00   _atexit
00005ea0   ___add_dtor
00005ee0   __nop
00005f00   __register_lock
00005f20   __register_unlock
00005f40   _main
00005f60   _RTDX_Buffer
00005f60   ___etext__
00005f60   etext
00006368   _RTDX_Buffer_Start
0000636c   _RTDX_Buffer_End
00006370   _rtdx_buffer_state
0000637c   _RTDX_writing
00006390   _rtdx_mon_state
000063ac   IDL_A_TABBEG
000063ac   IDL_END
000063b0   TSK_idle$stack
00006748   TSK_idle$stkptr
000067b0   GBL_stackbeg
000067b0   _HWI_STKTOP
000067b0   __stack
00006ba8   _HWI_STKBOTTOM
00006baf   GBL_stackend
00006bb0   __STACK_END
00006bb0   ___atexit_func_id__
00006d38   _KNL_queues
00006dd8   _KNL_dummy
00006e10   _TSK_ATTRS
00006e2c   _TSK_config
00006e4c   _TSK_timerSem
00006e6c   _OBJ_table
00006ea4   _OBJ_segtab
00006ec0   __TSK_mutex
00006ee8   __MEM_mutex
00006f10   _SYS_exitStack
00006f4c   __cleanup_ptr
00006f50   __dtors_ptr
00006f54   ___TI_enable_exit_profile_output
00006f58   __lock
00006f5c   __unlock
00006f60   _dtors
00006f64   KNL_swi$sts$stsobj
00006f64   STS_A_TABBEG
00006f64   _STS_A_TABBEG
00006f68   KNL_swi$sts
00006f74   STS_A_TABEND
00006f74   _STS_A_TABEND
00006f74   ___pinit__
00006f74   pinit
00006f80   BIOS_init
00006f80   _BIOS_init
00007124   BIOS_start
00007124   _BIOS_start
000071c0   _c_int00
00007280   _TSK_init
00007300   _OBJ_init
00007320   $bss
00007320   .bss
00007320   _HWI_dispatchTab
00007320   ___bss__
00007420   IDL_D_tabbeg
00007424   IDL_D_calibrate
00007428   IDL_D_calbeg
0000742c   LOG_D_system
0000742c   _LOG_D_system
00007430   PIP_D_tabbeg
00007434   PIP_D_tablen
00007438   CLK_R_time
0000743c   CLK_D_timefxn
00007440   CLK_D_tabbeg
00007444   CLK_D_isrhook
00007448   CLK_D_idletime
0000744c   _CLK_htimeDiv
00007450   _CLK_htimeMult
00007454   _CLK_ltimeDiv
00007458   _CLK_ltimeMult
0000745c   _CLK_D_dirty
00007460   _CLK_D_prd
00007464   _CLK_D_tddr
00007468   _CLK_D_countspms
0000746c   PRD_D_tick
0000746c   _PRD_D_tick
00007470   PRD_D_cur
00007474   PRD_D_elapsed
00007478   PRD_D_prevtim
0000747c   PRD_D_scalar
00007480   PRD_D_swihandle
00007484   PRD_D_tabbeg
00007488   PRD_D_tablen
0000748c   PRD_D_thook
00007490   RTA_D_fromHost
00007494   RTA_D_toHost
00007498   RTA_D_logval
000074a8   RTA_D_stsval
000074b4   HST_D_chanmask
000074b8   HST_D_tabbeg
000074bc   HST_D_tabend
000074c0   _GBL_procId
000074c4   _GBL_clkIn
000074c8   _GBL_freq
000074cc   _MEM_D_NUMSEGMENTS
000074d0   _MEM_D_memtab
000074d4   _MEM_D_freelist
000074d8   _MEM_D_lockaddr
000074dc   _MEM_D_unlockaddr
000074e0   _SYS
000074e4   __HOOK_knlId
000074e8   __HOOK_NUMHOOKS
000074ec   SWI_D_runaddr
000074ec   _SWI_D_runaddr
000074ec   _SWI_data
000074f0   SWI_D_execaddr
000074f0   _SWI_D_execaddr
000074f4   SWI_D_curmask
000074f4   _SWI_D_curmask
000074f8   SWI_D_curset
000074f8   _SWI_D_curset
000074fc   SWI_D_lock
000074fc   _SWI_D_lock
00007500   SWI_D_curmbox
00007504   SWI_D_curfxn
00007504   _SWI_D_curfxn
00007508   SWI_D_rdybeg
00007508   _SWI_D_rdybeg
0000750c   SWI_D_inswi
0000750c   _SWI_D_inswi
00007510   SWI_D_rdytab
00007588   _KNL_wFlag
0000758c   _KNL_wList
00007590   _KNL_alarm
00007594   _KNL_setpri
00007598   _KNL_inactive
0000759c   _KNL_priority
000075a0   _KNL_set
000075a4   _KNL_curtask
000075a8   _KNL_prevtask
000075ac   _KNL_curtime
000075b0   _KNL_swiptr
000075b4   _KNL_curqueue
000075b8   _KNL_maxqueue
000075bc   _KNL_tswitchfxn
000075c0   _KNL_tcreatefxn
000075c4   _KNL_tdeletefxn
000075c8   _KNL_treadyfxn
000075cc   _KNL_idlefxn
000075d0   HWI_D_spsave
000075d0   _HWI_D_spsave
000075d0   _HWI_data
000075dc   _HWI_D_inhwi
000075e0   HWI_D_bss
000075e4   HWI_D_ccmask
000075e8   LNK_dspFrameRequestMask
000075e8   _LNK_dspFrameRequestMask
000075ec   LNK_dspFrameReadyMask
000075ec   _LNK_dspFrameReadyMask
000075f0   LNK_readPend
000075f0   _LNK_readPend
000075f4   LNK_readDone
000075f4   _LNK_readDone
000075f8   LNK_readFail
000075f8   _LNK_readFail
000075fc   LNK_writeFail
000075fc   _LNK_writeFail
00007608   _rtdxNullChanCnt
0000760c   _rtdxNullFuncCnt
00007610   _TSK_nTasks
00007614   _TSK_pid
00007618   _TSK
0000761c   _CLK_DFLTMICROSECS
00007620   _CLK_D_microseconds
00007624   _SYS_exitStackPtr
00007628   _SYS_exitStackTop
0000762c   _CLK_htimePerLtime
00007634   _SYS_PUTCBEG
00007634   ___end__
00007634   end
00007833   _SYS_PUTCEND
00007834   IDL_A_CALBEG
00007834   IDL_END$
000078cd   KNL_swi$sts$maxfmt
000078d0   KNL_swi
000078d0   SWI_A_TABBEG
000078d0   _KNL_swi
000078d5   KNL_swi$sts$sumfmt
000078dd   KNL_swi$sts$avgfmt
000078fc   SWI_A_TABEND
00007900   LOG_system$buf
00007a0c   TSK_idle
00007a0c   _TSK_idle
00007ab0   SYS$config
00007ac0   TRC_cinit
00007ac4   TRC_R_mask
00007ac4   _TRC_R_mask
00007ac8   GBL_initdone
00007acc   CLK_A_TABBEG
00007acc   PRD_clock
00007acc   _PRD_clock
00007ad0   CLK_null
0000dbba   CLK_COUNTSPMS
0000dbba   CLK_HTIMEPERLTIME
0000dbba   CLK_PRD
0000dbba   _CLK_COUNTSPMS
0000dbba   _CLK_PRD
0000dbef   GBL_TRCMASKVALUE
00036ee8   CLK_LTIMEMULT
00036ee8   GBL_FREQ
01940000   CLK_REGS
01940000   _CLK_REGS
082039a3   HWI_INTRMULTHIGH
310718a4   HWI_INTRMULTLOW
ffffffff   HST_DSMBUFSEG
ffffffff   IRAM
ffffffff   RTDX_DATAMEMSEG
ffffffff   SDRAM
ffffffff   _IRAM
ffffffff   _SDRAM
ffffffff   ___TI_pprof_out_hndl
ffffffff   ___TI_prof_data_size
ffffffff   ___TI_prof_data_start
ffffffff   ___binit__
ffffffff   ___c_args__
ffffffff   binit

[598 symbols]
