******************************************************************************
               TMS320C6x Linker PC v7.4.14                     
******************************************************************************
>> Linked Thu Nov 19 17:24:52 2015

OUTPUT FILE NAME:   <130 bios hello PRD TRACE.out>
ENTRY POINT SYMBOL: "_c_int00"  address: 00008680


MEMORY CONFIGURATION

         name            origin    length      used     unused   attr    fill
----------------------  --------  ---------  --------  --------  ----  --------
  IRAM                  00000000   00040000  00009c09  000363f7  RWIX
  SDRAM                 80000000   00800000  00000000  00800000  RWIX


SECTION ALLOCATION MAP

 output                                  attributes/
section   page    origin      length       input sections
--------  ----  ----------  ----------   ----------------
.data      0    00000000    00000000     UNINITIALIZED

.vers      0    00000000    00000040     COPY SECTION
                  00000000    00000040     biostestcfg.obj (.vers)

$BRID      0    00000000    00000090     COPY SECTION
                  00000000    0000000c     dsk6713bsl.lib : dsk6713_dip.obj ($BRID)
                  0000000c    00000030                    : dsk6713_led.obj ($BRID)
                  0000003c    00000054                    : dsk6713.obj ($BRID)

.hwi_vec   0    00000000    00000200     
                  00000000    00000200     biostestcfg.obj (.hwi_vec)

.bios      0    00000200    000041e0     
                  00000200    00000600     lnkrtdx.a67 : rtdx.o67 (.bios)
                  00000800    000005e0     bios.a67 : gbl_setL2CacheMode.o67 (.bios)
                  00000de0    00000540              : swi.o67 (.bios)
                  00001320    00000460              : hwi_disp_asm.o67 (.bios)
                  00001780    000003a0              : prd.o67 (.bios)
                  00001b20    000002c0              : knl_run.o67 (.bios)
                  00001de0    000002c0              : rta.o67 (.bios)
                  000020a0    000002c0              : sem_pend.o67 (.bios)
                  00002360    00000260              : knl_tick.o67 (.bios)
                  000025c0    00000240              : pip.o67 (.bios)
                  00002800    00000220              : sem_dopo.o67 (.bios)
                  00002a20    00000200              : tsk_setu.o67 (.bios)
                  00002c20    000001c0              : knl_swit.o67 (.bios)
                  00002de0    000001c0     biosC6000.a67 : clk.o67 (.bios)
                  00002fa0    000001a0     bios.a67 : tsk_exit.o67 (.bios)
                  00003140    00000180              : autoinit.o67 (.bios)
                  000032c0    00000180              : tsk_stup.o67 (.bios)
                  00003440    00000140              : knl_chec.o67 (.bios)
                  00003580    000000e0              : gbl_cslcacheinit.o67 (.bios)
                  00003660    000000e0              : knl_exit.o67 (.bios)
                  00003740    000000e0              : sem_post.o67 (.bios)
                  00003820    000000e0              : sem_post_asm.o67 (.bios)
                  00003900    000000e0     biosC6000.a67 : clk_meas.o67 (.bios)
                  000039e0    000000c0     bios.a67 : knl_ipos.o67 (.bios)
                  00003aa0    000000c0              : knl_post.o67 (.bios)
                  00003b60    000000c0              : lck.o67 (.bios)
                  00003c20    000000c0              : sys_exit.o67 (.bios)
                  00003ce0    000000c0     biosC6000.a67 : clk_htime.o67 (.bios)
                  00003da0    00000080     bios.a67 : fxn.o67 (.bios)
                  00003e20    00000080              : idl_busy.o67 (.bios)
                  00003ea0    00000080              : log.o67 (.bios)
                  00003f20    00000080              : sts.o67 (.bios)
                  00003fa0    00000080     biosC6000.a67 : idl_cal.o67 (.bios)
                  00004020    00000060     bios.a67 : hwi_c.o67 (.bios)
                  00004080    00000060              : sem_pend_counting.o67 (.bios)
                  000040e0    00000060              : sys_abor.o67 (.bios)
                  00004140    00000060              : utl_putc.o67 (.bios)
                  000041a0    00000060     biosC6000.a67 : clk_start.o67 (.bios)
                  00004200    00000040     bios.a67 : idl_stub.o67 (.bios)
                  00004240    00000040              : rta_andn.o67 (.bios)
                  00004280    00000040              : utl_doab.o67 (.bios)
                  000042c0    00000040     biosC6000.a67 : clk_stop.o67 (.bios)
                  00004300    00000020     bios.a67 : fxn_c.o67 (.bios)
                  00004320    00000020              : gbl_vers.o67 (.bios)
                  00004340    00000020              : idl.o67 (.bios)
                  00004360    00000020              : log_printf.o67 (.bios)
                  00004380    00000020              : sts_set.o67 (.bios)
                  000043a0    00000020              : utl_doer.o67 (.bios)
                  000043c0    00000020              : utl_halt.o67 (.bios)

.text      0    000043e0    000017c0     
                  000043e0    00000460     dsk6713bsl.lib : dsk6713.obj (.text)
                  00004840    00000240     rts6700.lib : memcpy62.obj (.text:_memcpy)
                  00004a80    00000220     csl6713.lib : csl.obj (.text:__CSL_init)
                  00004ca0    00000200     hello.obj (.text)
                  00004ea0    000001c0     csl6713.lib : csl_irq.obj (.text:_mux2Tables)
                  00005060    000001a0     dsk6713bsl.lib : dsk6713_led.obj (.text)
                  00005200    00000180     bios.a67 : gbl_cslpllinit62.o67 (.text)
                  00005380    00000160     rts6700.lib : sinit.obj (.text:_call_dtors)
                  000054e0    00000140     csl6713.lib : csl_timer.obj (.text:_TIMER_open)
                  00005620    00000120                 : csl_timer.obj (.text:_TIMER_reset)
                  00005740    000000e0     rts6700.lib : strasg.obj (.text:__strasg)
                  00005820    000000e0                 : atexit.obj (.text:_atexit)
                  00005900    000000c0     bios.a67 : tsk_stup.o67 (.text)
                  000059c0    000000a0     csl6713.lib : csl_irq.obj (.text:__IRQ_init)
                  00005a60    00000060     dsk6713bsl.lib : dsk6713_dip.obj (.text)
                  00005ac0    00000040     rts6700.lib : sinit.obj (.text:___add_dtor)
                  00005b00    00000020     csl6713.lib : csl.obj (.text:_CSL6713_LIB_)
                  00005b20    00000020     rts6700.lib : _lock.obj (.text:__nop)
                  00005b40    00000020                 : _lock.obj (.text:__register_lock)
                  00005b60    00000020                 : _lock.obj (.text:__register_unlock)
                  00005b80    00000020     csl6713.lib : csl_irq.obj (.text)

.cinit     0    00005ba0    0000100c     
                  00005ba0    00000624     biostestcfg.obj (.cinit)
                  000061c4    00000004     --HOLE-- [fill = 0]
                  000061c8    0000026c     bios.a67 : biosdata.o67 (.cinit)
                  00006434    00000004     --HOLE-- [fill = 0]
                  00006438    000001a4              : knl.o67 (.cinit)
                  000065dc    00000004     --HOLE-- [fill = 0]
                  000065e0    0000012c     csl6713.lib : csl_irq.obj (.cinit)
                  0000670c    00000004     --HOLE-- [fill = 0]
                  00006710    000000b0     bios.a67 : swi.o67 (.cinit)
                  000067c0    00000080              : tsk.o67 (.cinit)
                  00006840    00000060              : tsk_stup.o67 (.cinit)
                  000068a0    0000005c     lnkrtdx.a67 : rtdx.o67 (.cinit)
                  000068fc    00000004     --HOLE-- [fill = 0]
                  00006900    0000004c     bios.a67 : rta.o67 (.cinit)
                  0000694c    00000004     --HOLE-- [fill = 0]
                  00006950    0000004c     csl6713.lib : csl_timer.obj (.cinit)
                  0000699c    00000004     --HOLE-- [fill = 0]
                  000069a0    0000004c     rtdx.lib : buffer1.o62 (.cinit)
                  000069ec    00000004     --HOLE-- [fill = 0]
                  000069f0    0000003c     csl6713.lib : csl.obj (.cinit)
                  00006a2c    00000004     --HOLE-- [fill = 0]
                  00006a30    00000034     bios.a67 : hwi.o67 (.cinit)
                  00006a64    00000004     --HOLE-- [fill = 0]
                  00006a68    0000002c              : utl_putc.o67 (.cinit)
                  00006a94    00000004     --HOLE-- [fill = 0]
                  00006a98    0000002c     rts6700.lib : exit.obj (.cinit)
                  00006ac4    00000004     --HOLE-- [fill = 0]
                  00006ac8    00000024     bios.a67 : obj_init.o67 (.cinit)
                  00006aec    00000004     --HOLE-- [fill = 0]
                  00006af0    0000001c              : sys.o67 (.cinit)
                  00006b0c    00000004     --HOLE-- [fill = 0]
                  00006b10    0000001c     rts6700.lib : _lock.obj (.cinit)
                  00006b2c    00000004     --HOLE-- [fill = 0]
                  00006b30    0000001c                 : atexit.obj (.cinit)
                  00006b4c    00000004     --HOLE-- [fill = 0]
                  00006b50    00000018     bios.a67 : knl_tick.o67 (.cinit)
                  00006b68    0000000c              : gbl_setL2CacheMode.o67 (.cinit)
                  00006b74    00000004     --HOLE-- [fill = 0]
                  00006b78    0000000c              : idl_busy.o67 (.cinit)
                  00006b84    00000004     --HOLE-- [fill = 0]
                  00006b88    0000000c              : knl_swit.o67 (.cinit)
                  00006b94    00000004     --HOLE-- [fill = 0]
                  00006b98    0000000c     rts6700.lib : sinit.obj (.cinit)
                  00006ba4    00000004     --HOLE-- [fill = 0]
                  00006ba8    00000004     (.pad.cinit) [fill = 0]

.hst1      0    00006bac    00000010     UNINITIALIZED
                  00006bac    00000010     biostestcfg.obj (.hst1)

.args      0    00006bbc    00000004     
                  00006bbc    00000004     --HOLE-- [fill = 0]

.rtdx_text 
*          0    00006bc0    00000ea0     
                  00006bc0    00000400     rtdx.lib : rtdx_mon.o62 (.rtdx_text:_RTDX_Poll)
                  00006fc0    00000340              : buffer1.o62 (.rtdx_text:_RTDX_Buffer_WriteCB)
                  00007300    00000300              : buffer1.o62 (.rtdx_text:_RTDX_write_next)
                  00007600    00000140              : rtdx_mon.o62 (.rtdx_text:_RTDX_Mon_Queue)
                  00007740    000000e0              : buffer1.o62 (.rtdx_text:_claim)
                  00007820    00000080              : rtdx_mon.o62 (.rtdx_text:_RTDX_Init_RT_Monitor)
                  000078a0    00000060              : buffer1.o62 (.rtdx_text:_RTDX_Buffer_Initialize)
                  00007900    00000060              : buffer2.o62 (.rtdx_text:_RTDX_Buffer_ReadCB)
                  00007960    00000040              : buffer1.o62 (.rtdx_text:_RTDX_Buffer_Size)
                  000079a0    00000040              : rtdx_mon.o62 (.rtdx_text:_RTDX_Final_RT_Monitor)
                  000079e0    00000020              : buffer2.o62 (.rtdx_text:_RTDX_Buffer_Read)
                  00007a00    00000020              : buffer1.o62 (.rtdx_text:_RTDX_Buffer_Write)
                  00007a20    00000020              : rtdx_mon.o62 (.rtdx_text:_RTDX_checksum)
                  00007a40    00000020              : intr_tgt.o62 (.rtdx_text)

.far       0    00007a60    000004fc     UNINITIALIZED
                  00007a60    00000188     rts6700.lib : atexit.obj (.far)
                  00007be8    000000f4     csl6713.lib : csl_irq.obj (.far)
                  00007cdc    000000d8     bios.a67 : knl.o67 (.far)
                  00007db4    0000005c              : tsk.o67 (.far)
                  00007e10    00000054              : obj_init.o67 (.far)
                  00007e64    00000050              : tsk_stup.o67 (.far)
                  00007eb4    00000028     csl6713.lib : csl.obj (.far)
                  00007edc    00000024                 : csl_timer.obj (.far)
                  00007f00    00000020     bios.a67 : sys.o67 (.far)
                  00007f20    00000010              : knl_tick.o67 (.far)
                  00007f30    0000000c              : utl_putc.o67 (.far)
                  00007f3c    0000000c     rts6700.lib : exit.obj (.far)
                  00007f48    00000008                 : _lock.obj (.far)
                  00007f50    00000004     hello.obj (.far)
                  00007f54    00000004     rts6700.lib : sinit.obj (.far)
                  00007f58    00000002     dsk6713bsl.lib : dsk6713.obj (.far)
                  00007f5a    00000002                    : dsk6713_led.obj (.far)

.rtdx_data 
*          0    00007f5c    0000044c     UNINITIALIZED
                  00007f5c    00000410     biostestcfg.obj (.rtdx_data)
                  0000836c    00000020     rtdx.lib : buffer1.o62 (.rtdx_data)
                  0000838c    0000001c              : rtdx_mon.o62 (.rtdx_data)

.idl       0    000083a8    00000010     UNINITIALIZED
                  000083a8    00000010     biostestcfg.obj (.idl)

.clk       0    000083b8    00000008     UNINITIALIZED
                  000083b8    00000008     biostestcfg.obj (.clk)

.sysinit   0    000083c0    00000420     
                  000083c0    000002c0     biostestcfg.obj (.sysinit)
                  00008680    000000c0     bios.a67 : boot.o67 (.sysinit)
                  00008740    00000080              : tsk_init.o67 (.sysinit)
                  000087c0    00000020              : obj_init.o67 (.sysinit)

.TSK_idle$stk 
*          0    000087e0    00000400     UNINITIALIZED
                  000087e0    00000400     biostestcfg.obj (.TSK_idle$stk)

.stack     0    00008be0    00000400     UNINITIALIZED
                  00008be0    00000400     --HOLE--

.bss       0    00008fe0    00000330     UNINITIALIZED
                  00008fe0    00000100     bios.a67 : hwi_disp_asm.o67 (.bss)
                  000090e0    000000cc              : biosdata.o67 (.bss)
                  000091ac    0000009c              : swi.o67 (.bss)
                  00009248    00000048              : knl.o67 (.bss)
                  00009290    00000018              : hwi.o67 (.bss)
                  000092a8    00000018     biostestcfg.obj (.bss)
                  000092c0    00000018     lnkrtdx.a67 : rtdx.o67 (.bss)
                  000092d8    00000010     rtdx.lib : buffer1.o62 (.bss)
                  000092e8    0000000c     bios.a67 : tsk.o67 (.bss)
                  000092f4    00000008              : clk_data.o67 (.bss)
                  000092fc    00000008              : sys.o67 (.bss)
                  00009304    00000004              : clk_data2.o67 (.bss)
                  00009308    00000004              : gbl_setL2CacheMode.o67 (.bss)
                  0000930c    00000004              : idl_busy.o67 (.bss)

.trace     0    00009310    00000200     
                  00009310    00000200     --HOLE-- [fill = 00000000]

.pip       0    00009510    000000c8     UNINITIALIZED
                  00009510    000000c8     biostestcfg.obj (.pip)

.switch    0    000095d8    00000028     
                  000095d8    00000028     rtdx.lib : rtdx_mon.o62 (.switch)

.LOG_system$buf 
*          0    00009600    00000100     UNINITIALIZED
                  00009600    00000100     biostestcfg.obj (.LOG_system$buf)

.hst0      0    00009700    00000100     UNINITIALIZED
                  00009700    00000100     biostestcfg.obj (.hst0)

.trace$buf 
*          0    00009800    00000100     UNINITIALIZED
                  00009800    00000100     biostestcfg.obj (.trace$buf)

.const     0    00009900    000000f1     
                  00009900    0000004e     bios.a67 : tsk_stup.o67 (.const)
                  0000994e    00000002     --HOLE-- [fill = 0]
                  00009950    00000038     hello.obj (.const:.string)
                  00009988    00000023     bios.a67 : utl_doab.o67 (.const)
                  000099ab    00000022              : utl_doer.o67 (.const)
                  000099cd    00000003     --HOLE-- [fill = 0]
                  000099d0    00000020     dsk6713bsl.lib : dsk6713.obj (.const)
                  000099f0    00000001     bios.a67 : tsk.o67 (.const)

.printf    0    000099f1    00000076     COPY SECTION
                  000099f1    00000076     biostestcfg.obj (.printf)

.tsk       0    000099f4    00000060     UNINITIALIZED
                  000099f4    00000060     biostestcfg.obj (.tsk)

.swi       0    00009a54    00000058     UNINITIALIZED
                  00009a54    00000058     biostestcfg.obj (.swi)

.sts       0    00009aac    00000050     
                  00009aac    00000050     biostestcfg.obj (.sts)

.gblinit   0    00009afc    0000004c     
                  00009afc    0000004c     biostestcfg.obj (.gblinit)

.hst       0    00009b48    0000003c     UNINITIALIZED
                  00009b48    0000003c     biostestcfg.obj (.hst)

.log       0    00009b84    00000030     
                  00009b84    00000030     biostestcfg.obj (.log)

.prd       0    00009bb4    00000020     UNINITIALIZED
                  00009bb4    00000020     biostestcfg.obj (.prd)

.idlcal    0    00009bd4    00000010     UNINITIALIZED
                  00009bd4    00000010     biostestcfg.obj (.idlcal)

.sys       0    00009be4    00000010     UNINITIALIZED
                  00009be4    00000010     biostestcfg.obj (.sys)

.pinit     0    00009bf4    0000000c     
                  00009bf4    00000004     rtdx.lib : buffer1.o62 (.pinit)
                  00009bf8    00000004              : rtdx_mon.o62 (.pinit)
                  00009bfc    00000004     --HOLE-- [fill = 0]

.trcdata   0    00009c00    0000000c     
                  00009c00    0000000c     bios.a67 : trc.o67 (.trcdata)


GLOBAL SYMBOLS: SORTED ALPHABETICALLY BY Name 

address    name
--------   ----
00008fe0   $bss
00008fe0   .bss
00000000   .data
000043e0   .text
00008564   BIOS$$CLKOFF
00008524   BIOS$$CLKON
000083c0   BIOS_init
000085cc   BIOS_start
00000000   BUF$
00000001   BUF_ENABLED
00000001   CLK$
000083b8   CLK_A_TABBEG
00000001   CLK_CALDIV
00000004   CLK_CALMULT
0000dbba   CLK_COUNTSPMS
00000000   CLK_COUNTSPMSHIGH
00009108   CLK_D_idletime
00009104   CLK_D_isrhook
00009100   CLK_D_tabbeg
000090fc   CLK_D_timefxn
00003ce0   CLK_F_getfhtime
00003d00   CLK_F_gethtime
00002de0   CLK_F_getltime
00003d00   CLK_F_getshtime
00002df4   CLK_F_isr
00002f54   CLK_F_itime
00001320   CLK_HOOKFXN
00000001   CLK_HTIMEDIV
00000004   CLK_HTIMEMULT
0000dbba   CLK_HTIMEPERLTIME
00004000   CLK_INTBIT
00000001   CLK_LTIMEDIV
00036ee8   CLK_LTIMEMULT
000003e8   CLK_MICROSECS
0000dbba   CLK_PRD
00000000   CLK_PRDHIGH
01940000   CLK_REGS
000090f8   CLK_R_time
00000020   CLK_TCR
00000000   CLK_TDDR
00000000   CLK_TDDRHIGH
00003d00   CLK_TIMEFXN
00000000   CLK_TIMERNUM
00000001   CLK_USETIMER
000083bc   CLK_null
00000000   DEV$
00000000   DGN$
00000000   DHL$
00000000   DHL_gChannelsAvailable
00000000   DIO$
00000000   DIO_NUMSWIBASE
00000000   DIO_NUMTSKBASE
00000000   DIO_STATIC
00000000   DPI$
00003da0   FXN_F_nop
00003da8   FXN_F_run
00003df8   FXN_F_zero
00000001   GBL$
00005205   GBL_A_VERSION
00000000   GBL_BIGENDIAN
00000000   GBL_C641XL2PRIORITY
00000000   GBL_CACHE
00000001   GBL_CALLCSLCFGINIT
00004e20   GBL_CLKIN
00001770   GBL_CLKTYPE
00001a39   GBL_DSPSUBTYPE
0000003e   GBL_DSPTYPE
00000001   GBL_ENABLEINST
00000042   GBL_FOOTPRINT
00036ee8   GBL_FREQ
00002226   GBL_L2ALLOC
00000000   GBL_L2CONFIGALLOC
00000001   GBL_L2CONFIGURE
00000001   GBL_L2MARMASK
00000000   GBL_L2MARMASK1
00000000   GBL_L2MARMASK2
00000000   GBL_L2MARMASK3
00000000   GBL_L2MARMASK4
00000000   GBL_L2MARMASK5
00000000   GBL_L2MODE
00000000   GBL_L2PRIORITY
00000000   GBL_NULL
00000000   GBL_PROCID
00000000   GBL_ROM
00000000   GBL_SUPPORTCSL
0000dbef   GBL_TRCMASKVALUE
00000001   GBL_USERINIT
00005228   GBL_USERINITFXN
00000001   GBL_boot
00009c08   GBL_initdone
00008be0   GBL_stackbeg
00008fdf   GBL_stackend
00000000   GIO$
00004300   GIO_CREATEFXN
00004300   GIO_DELETEFXN
00004300   GIO_PENDFXN
00004300   GIO_POSTFXN
00000000   HOOK$
00000000   HOOK_KNLID
00000001   HST$
00009b48   HST_A_TABBEG
00009b84   HST_A_TABEND
00000000   HST_DSM
ffffffff   HST_DSMBUFSEG
00000400   HST_DSMMEMSIZE
00009174   HST_D_chanmask
00009178   HST_D_tabbeg
0000917c   HST_D_tabend
000000ff   HST_MAXFRAMEALLOWED
00000040   HST_MAXFRAMESET
00000000   HST_NONE
00000001   HST_RTDX
00000001   HWI$
00000000   HWI_A_VECS
00004008   HWI_CFGDISPATCHED
000092a0   HWI_D_bss
000092a4   HWI_D_ccmask
00009290   HWI_D_spsave
00001320   HWI_F_dispatch
00000000   HWI_GENERATE_RESET_VEC
0000000a   HWI_INT10
00000000   HWI_INT10$hwi
0000000b   HWI_INT11
00000000   HWI_INT11$hwi
0000000c   HWI_INT12
00000000   HWI_INT12$hwi
0000000d   HWI_INT13
00000000   HWI_INT13$hwi
0000000e   HWI_INT14
00000000   HWI_INT14$hwi
0000000f   HWI_INT15
00000000   HWI_INT15$hwi
00000004   HWI_INT4
00000000   HWI_INT4$hwi
00000005   HWI_INT5
00000000   HWI_INT5$hwi
00000006   HWI_INT6
00000000   HWI_INT6$hwi
00000007   HWI_INT7
00000000   HWI_INT7$hwi
00000008   HWI_INT8
00000000   HWI_INT8$hwi
00000009   HWI_INT9
00000000   HWI_INT9$hwi
082039a3   HWI_INTRMULTHIGH
310718a4   HWI_INTRMULTLOW
00000001   HWI_NMI
00000000   HWI_NMI$hwi
00000000   HWI_POLARITYMASK
00000002   HWI_RESERVED0
00000000   HWI_RESERVED0$hwi
00000003   HWI_RESERVED1
00000000   HWI_RESERVED1$hwi
00000000   HWI_RESET
00000000   HWI_RESET$hwi
00000001   HWI_ZEROTAB
00000001   IDL$
00009bd4   IDL_A_CALBEG
000083a8   IDL_A_TABBEG
00000006   IDL_CALIBRERROR
00004200   IDL_CALIBRFXN
0000930c   IDL_D_busyObj
000090e8   IDL_D_calbeg
000090e4   IDL_D_calibrate
000090e0   IDL_D_tabbeg
000083b4   IDL_END
00009be0   IDL_END$
00003e20   IDL_F_busy
00003fa0   IDL_F_calibrate
00004340   IDL_F_loop
00004200   IDL_F_stub
00000001   IDL_USECLKIDLTIME
00009af0   IDL_busyObj
00009a62   IDL_busyObj$avgfmt
00000001   IDL_busyObj$filter
00000001   IDL_busyObj$iA
00000000   IDL_busyObj$iB
00000001   IDL_busyObj$iC
00009a5c   IDL_busyObj$maxfmt
00000000   IDL_busyObj$operation
00009aec   IDL_busyObj$stsobj
00009a5f   IDL_busyObj$sumfmt
00000002   IDL_busyObj$unittype
000083a8   IDL_cpuLoad
00009bd4   IDL_cpuLoad$
ffffffff   IRAM
00000001   ISRC$
00002da0   KNL_glue
00009a54   KNL_swi
00000001   KNL_swi$dorta
00000000   KNL_swi$ord
00000000   KNL_swi$pri
00009ac0   KNL_swi$sts
00009a1e   KNL_swi$sts$avgfmt
00000002   KNL_swi$sts$filter
00000001   KNL_swi$sts$filtmaxmult
00000001   KNL_swi$sts$filtsummult
00009a0e   KNL_swi$sts$maxfmt
00009abc   KNL_swi$sts$stsobj
00009a16   KNL_swi$sts$sumfmt
00000000   KNL_swi$sts$unittype
00000000   KNL_swi$swi
00000001   LCK$
00000200   LNK_F_checkBufferCall
00000280   LNK_F_dataPump
00000220   LNK_F_getChanPtr
00000278   LNK_F_init
000007c4   LNK_F_readCallBack
000083ac   LNK_dataPump
00009bd8   LNK_dataPump$
000092c4   LNK_dspFrameReadyMask
000092c0   LNK_dspFrameRequestMask
00000520   LNK_newin
00000660   LNK_newout
00000294   LNK_rcloop
00000360   LNK_rdrtry
000092cc   LNK_readDone
000092d0   LNK_readFail
000092c8   LNK_readPend
00000370   LNK_rrloop
000092d4   LNK_writeFail
00000444   LNK_wrloop
00000434   LNK_wrrtry
00000001   LOG$
00009b84   LOG_A_TABBEG
00009bb4   LOG_A_TABEND
00000002   LOG_A_TABLEN
000090ec   LOG_D_system
00000001   LOG_ENABLED
00003ea0   LOG_F_event
00009b84   LOG_system
00009600   LOG_system$buf
00000000   LOG_system$datatype
00000000   LOG_system$log
00000040   LOG_system$size
00000000   MBX$
00000001   MEM$
00000000   MEM_MALLOCSEG
00000000   MEM_NULL
00000000   MEM_SEGZERO
00000000   MEM_USEMPC
00000000   MEM_gNumHeap
00000000   MSGQ$
00000000   MSGQ_USEMSGQ
00000000   OBJ$
00000000   PIP$
00009510   PIP_A_TABBEG
000095d8   PIP_A_TABEND
00000002   PIP_A_TABLEN
000090f0   PIP_D_tabbeg
000090f4   PIP_D_tablen
00002654   PIP_F_give
00002654   PIP_F_probe
00002728   PIP_F_start
000025c0   PIP_F_take
00000064   PIP_OBJSIZE
00000000   PIP_gNextId
00000002   PIP_gNumEmbed
00000000   POOL$
00000000   POOL_USEPOOL
00000001   PRD$
00009bb4   PRD0
00009bd0   PRD0$aaa
00000000   PRD0$mode
00000001   PRD0$ord
000003e8   PRD0$period
00000000   PRD0$prd
00009ab0   PRD0$sts
00009a03   PRD0$sts$avgfmt
00000000   PRD0$sts$filter
000099f1   PRD0$sts$maxfmt
00009aac   PRD0$sts$stsobj
000099fa   PRD0$sts$sumfmt
00000002   PRD0$sts$unittype
00009bb4   PRD_A_TABBEG
00009bd4   PRD_A_TABEND
00000001   PRD_A_TABLEN
00009130   PRD_D_cur
00009134   PRD_D_elapsed
00009138   PRD_D_prevtim
0000913c   PRD_D_scalar
00009140   PRD_D_swihandle
00009144   PRD_D_tabbeg
00009148   PRD_D_tablen
0000914c   PRD_D_thook
0000912c   PRD_D_tick
00001780   PRD_F_swi
00001a40   PRD_F_tick
00000008   PRD_SCALAR
00009a80   PRD_SWIHANDLE
000025a0   PRD_THOOKFXN
000083b8   PRD_clock
00009a80   PRD_swi
00000001   PRD_swi$dorta
00000000   PRD_swi$ord
00000001   PRD_swi$pri
00009ad0   PRD_swi$sts
00009a38   PRD_swi$sts$avgfmt
00000002   PRD_swi$sts$filter
00000001   PRD_swi$sts$filtmaxmult
00000001   PRD_swi$sts$filtsummult
00009a28   PRD_swi$sts$maxfmt
00009acc   PRD_swi$sts$stsobj
00009a30   PRD_swi$sts$sumfmt
00000000   PRD_swi$sts$unittype
00000000   PRD_swi$swi
00000001   QUE$
00009150   RTA_D_fromHost
00009158   RTA_D_logval
00009168   RTA_D_stsval
00009154   RTA_D_toHost
00004240   RTA_F_andn
00001ed8   RTA_F_dispatch
00001de0   RTA_F_getlog
00001e24   RTA_F_getsts
00004260   RTA_F_or
00001e6c   RTA_F_readblk
00001e98   RTA_F_resetmem
00001e8c   RTA_F_writeword
000083b0   RTA_dispatcher
00009bdc   RTA_dispatcher$
00001f28   RTA_execute
00009b4c   RTA_fromHost
00006bac   RTA_fromHost$buf
00000004   RTA_fromHost$framesize
00000000   RTA_fromHost$hst
00000001   RTA_fromHost$id
00000000   RTA_fromHost$mode
00009510   RTA_fromHost$pipe
00009540   RTA_fromHost$pipe$aaa
00009570   RTA_fromHost$pipe$bbb
000092a8   RTA_fromHost$pipe$dtab
00009514   RTA_fromHost$pipe$rd
00009544   RTA_fromHost$pipe$wr
00009b54   RTA_fromHost$rtdx
00009b68   RTA_toHost
00009700   RTA_toHost$buf
00000040   RTA_toHost$framesize
00000000   RTA_toHost$hst
00000000   RTA_toHost$id
00000001   RTA_toHost$mode
00009574   RTA_toHost$pipe
000095a4   RTA_toHost$pipe$aaa
000095d4   RTA_toHost$pipe$bbb
000092b4   RTA_toHost$pipe$dtab
00009578   RTA_toHost$pipe$rd
000095a8   RTA_toHost$pipe$wr
00009b70   RTA_toHost$rtdx
00000001   RTDX$
00000408   RTDX_BUFMEMSIZE
ffffffff   RTDX_DATAMEMSEG
00000000   RTDX_MODE
00000001   RTDX_NORMALIZED_HDR
00000001   RTDX_USERTDX
00000000   RTDX_USERTEXECUTION
ffffffff   SDRAM
00000000   SEM$
00000000   SIO$
00000001   STS$
00009aac   STS_A_TABBEG
00009afc   STS_A_TABEND
00003f58   STS_F_add
00003f20   STS_F_delta
00003f84   STS_F_reset
00000001   SWI$
00009a54   SWI_A_TABBEG
00009aac   SWI_A_TABEND
00000002   SWI_A_TABLEN
000091c4   SWI_D_curfxn
000091b4   SWI_D_curmask
000091c0   SWI_D_curmbox
000091b8   SWI_D_curset
000091b0   SWI_D_execaddr
000091cc   SWI_D_inswi
000091bc   SWI_D_lock
000091c8   SWI_D_rdybeg
000091d0   SWI_D_rdytab
000091ac   SWI_D_runaddr
00000000   SWI_EHOOKFXN
00000ffc   SWI_EXECFXN
00000de0   SWI_F_enable
00000ffc   SWI_F_exec
00001028   SWI_F_iexec
00000e50   SWI_F_post
000010b8   SWI_F_run
00000000   SWI_IHOOKFXN
000010b8   SWI_RUNFXN
00000001   SYS$
00009be4   SYS$config
00004280   SYS_ABORTFXN
000043a0   SYS_ERRORFXN
000043c0   SYS_EXITFXN
00004140   SYS_PUTCFXN
00009c04   TRC_R_mask
00009c00   TRC_cinit
00000001   TSK$
00000000   TSK_NUM_HOOKS
00000001   TSK_PRIORITY
00000000   TSK_READYFXN
00000000   TSK_STACKSEG
00000400   TSK_STACKSIZE
00000000   TSK_SWITCHFXN
00004300   TSK_VCREATEFXN
00004300   TSK_VDELETEFXN
00004300   TSK_VEXITFXN
00009a00   TSK_idle
00000000   TSK_idle$ord
00000000   TSK_idle$pri
000087e0   TSK_idle$stack
00008b78   TSK_idle$stkptr
00009ae0   TSK_idle$sts
00009a52   TSK_idle$sts$avgfmt
00000002   TSK_idle$sts$filter
00000001   TSK_idle$sts$filtmaxmult
00000001   TSK_idle$sts$filtsummult
00009a42   TSK_idle$sts$maxfmt
00009adc   TSK_idle$sts$stsobj
00009a4a   TSK_idle$sts$sumfmt
00000000   TSK_idle$sts$unittype
00000000   TSK_idle$tsk
00000000   UDEV$
000083c0   _BIOS_init
000085cc   _BIOS_start
0000dbba   _CLK_COUNTSPMS
000092f4   _CLK_DFLTMICROSECS
00009128   _CLK_D_countspms
0000911c   _CLK_D_dirty
000092f8   _CLK_D_microseconds
00009120   _CLK_D_prd
00009124   _CLK_D_tddr
00002f54   _CLK_F_itime
0000dbba   _CLK_PRD
01940000   _CLK_REGS
00000000   _CLK_TDDR
00000000   _CLK_TIMERNUM
00000001   _CLK_USETIMER
0000910c   _CLK_htimeDiv
00009110   _CLK_htimeMult
00009304   _CLK_htimePerLtime
00002f54   _CLK_itime
00009114   _CLK_ltimeDiv
00009118   _CLK_ltimeMult
00003900   _CLK_measure
000041a0   _CLK_start
000042c0   _CLK_stop
00005b00   _CSL6713_LIB_
00005a68   _DSK6713_DIP_get
00005a60   _DSK6713_DIP_init
00005060   _DSK6713_LED_init
00005088   _DSK6713_LED_off
000050f0   _DSK6713_LED_on
00005154   _DSK6713_LED_toggle
000047b8   _DSK6713_getVersion
00004410   _DSK6713_init
00004710   _DSK6713_rget
00004724   _DSK6713_rset
00007f58   _DSK6713_version
00004738   _DSK6713_wait
0000478c   _DSK6713_waitusec
00004300   _FXN_F_nop
00003da8   _FXN_F_run
00003df8   _FXN_F_zero
00000000   _GBL_CACHE
00009184   _GBL_clkIn
00003580   _GBL_cslCacheInit
00009188   _GBL_freq
00004320   _GBL_getVersion
00009180   _GBL_procId
00005228   _GBL_setPLLto225MHz
00007f50   _Glo
00009b48   _HST_A_TABBEG
00009b84   _HST_A_TABEND
00004008   _HWI_CFGDISPATCHED
0000929c   _HWI_D_inhwi
00009290   _HWI_D_spsave
00001320   _HWI_F_dispatch
0000000a   _HWI_INT10
0000000b   _HWI_INT11
0000000c   _HWI_INT12
0000000d   _HWI_INT13
0000000e   _HWI_INT14
0000000f   _HWI_INT15
00000004   _HWI_INT4
00000005   _HWI_INT5
00000006   _HWI_INT6
00000007   _HWI_INT7
00000008   _HWI_INT8
00000009   _HWI_INT9
00000001   _HWI_NMI
00000002   _HWI_RESERVED0
00000003   _HWI_RESERVED1
00000000   _HWI_RESET
00008fd8   _HWI_STKBOTTOM
00008be0   _HWI_STKTOP
00009290   _HWI_data
00004020   _HWI_disable
00008fe0   _HWI_dispatchTab
00004038   _HWI_enable
0000404c   _HWI_restore
00009af0   _IDL_busyObj
000083a8   _IDL_cpuLoad
00004340   _IDL_loop
ffffffff   _IRAM
00009250   _KNL_alarm
00003440   _KNL_check
00009274   _KNL_curqueue
00009264   _KNL_curtask
0000926c   _KNL_curtime
00007d7c   _KNL_dummy
000036b4   _KNL_enter
00003660   _KNL_exit
00003518   _KNL_idle
0000928c   _KNL_idlefxn
00009258   _KNL_inactive
000039e0   _KNL_ipost
0000353c   _KNL_max
00009278   _KNL_maxqueue
00003aa0   _KNL_post
00009268   _KNL_prevtask
0000925c   _KNL_priority
00007cdc   _KNL_queues
00001b20   _KNL_run
00002c20   _KNL_saveIsrFrame
00009260   _KNL_set
00009254   _KNL_setpri
00009a54   _KNL_swi
00009270   _KNL_swiptr
00002cec   _KNL_switch
00009280   _KNL_tcreatefxn
00009284   _KNL_tdeletefxn
000025a0   _KNL_tick
00009288   _KNL_treadyfxn
0000927c   _KNL_tswitchfxn
00009248   _KNL_wFlag
0000924c   _KNL_wList
00003b90   _LCK_pend
00003b60   _LCK_post
000083ac   _LNK_dataPump
000092c4   _LNK_dspFrameReadyMask
000092c0   _LNK_dspFrameRequestMask
000092cc   _LNK_readDone
000092d0   _LNK_readFail
000092c8   _LNK_readPend
000092d4   _LNK_writeFail
00009b84   _LOG_A_TABBEG
00009bb4   _LOG_A_TABEND
00000002   _LOG_A_TABLEN
000090ec   _LOG_D_system
00003ea0   _LOG_event
00004360   _LOG_printf
00009b84   _LOG_system
0000918c   _MEM_D_NUMSEGMENTS
00009194   _MEM_D_freelist
00009198   _MEM_D_lockaddr
00009190   _MEM_D_memtab
0000919c   _MEM_D_unlockaddr
00000000   _MEM_memtab
000087c0   _OBJ_init
00007e48   _OBJ_segtab
00007e10   _OBJ_table
00009510   _PIP_A_TABBEG
000095d8   _PIP_A_TABEND
00009bb4   _PRD0
0000912c   _PRD_D_tick
000083b8   _PRD_clock
00009a80   _PRD_swi
000083b0   _RTA_dispatcher
00009b4c   _RTA_fromHost
00009b68   _RTA_toHost
00007f5c   _RTDX_Buffer
00008368   _RTDX_Buffer_End
000078a0   _RTDX_Buffer_Initialize
000079e0   _RTDX_Buffer_Read
00007900   _RTDX_Buffer_ReadCB
00007960   _RTDX_Buffer_Size
00008364   _RTDX_Buffer_Start
00007a00   _RTDX_Buffer_Write
00006fc0   _RTDX_Buffer_WriteCB
000079a0   _RTDX_Final_RT_Monitor
00007820   _RTDX_Init_RT_Monitor
00000002   _RTDX_JTAGONLY
00007a40   _RTDX_Mask_IER
00007600   _RTDX_Mon_Queue
00006bc0   _RTDX_Poll
00000000   _RTDX_interrupt_mask
00008378   _RTDX_writing
ffffffff   _SDRAM
00004080   _SEM_pend
000020a0   _SEM_pendEnterKnl
00003820   _SEM_post
00003820   _SEM_postBinary
00003740   _SEM_postEnterKnl
00009aac   _STS_A_TABBEG
00009afc   _STS_A_TABEND
00003f58   _STS_add
00003f20   _STS_delta
00003f84   _STS_reset
00004380   _STS_set
000091c4   _SWI_D_curfxn
000091b4   _SWI_D_curmask
000091b8   _SWI_D_curset
000091b0   _SWI_D_execaddr
000091cc   _SWI_D_inswi
000091bc   _SWI_D_lock
000091c8   _SWI_D_rdybeg
000091ac   _SWI_D_runaddr
000091ac   _SWI_data
00000e50   _SWI_post
000091a0   _SYS
00009310   _SYS_PUTCBEG
0000950f   _SYS_PUTCEND
000040e0   _SYS_abort
00003c20   _SYS_exit
00007f00   _SYS_exitStack
000092fc   _SYS_exitStackPtr
00009300   _SYS_exitStackTop
000054e0   _TIMER_open
00005620   _TIMER_reset
00009c04   _TRC_R_mask
000092f0   _TSK
00007db4   _TSK_ATTRS
00007dd0   _TSK_config
00002fa0   _TSK_exit
00009a00   _TSK_idle
00008740   _TSK_init
000092e8   _TSK_nTasks
000092ec   _TSK_pid
00002a20   _TSK_setup
00003380   _TSK_startup
00007df0   _TSK_timerSem
00004280   _UTL_doAbort
000043a0   _UTL_doError
00004140   _UTL_doPutc
000043c0   _UTL_halt
00002f70   __CLK_lat1beg
00002f9c   __CLK_lat1end
00004a80   __CSL_init
00000c34   __GBL_setL2CacheMode
000091a8   __HOOK_NUMHOOKS
000091a4   __HOOK_knlId
00001320   __HWI_lat1beg
000014a0   __HWI_lat1end
000014a0   __HWI_lat2beg
00001640   __HWI_lat2end1
000015cc   __HWI_lat2end2
00001660   __HWI_lat3beg
00001760   __HWI_lat3end1
000015fc   __HWI_lat3end2
00003e20   __IDL_lat1beg
00003e70   __IDL_lat1end
00007cd4   __IRQ_dispatchTable
00007c10   __IRQ_eventTable
00005b80   __IRQ_hookFetchPacket
000059c0   __IRQ_init
00007c94   __IRQ_intTable
00003490   __KNL_lat1beg
00003518   __KNL_lat1end
00003ea0   __LOG_lat1beg
00007e8c   __MEM_mutex
00001e98   __RTA_lat1beg
00001ed0   __RTA_lat1end
00002800   __SEM_dopost
00008fe0   __STACK_END
00000400   __STACK_SIZE
00000f8c   __SWI_lat1beg
00001040   __SWI_lat1end
00001044   __SWI_lat2beg
000010b4   __SWI_lat2end
00000de0   __SWI_lat3beg
00000e4c   __SWI_lat3end
00007edc   __TIMER_deviceTable
00007efc   __TIMER_hBios
00007ef4   __TIMER_hDev0
00007ef8   __TIMER_hDev1
00007e64   __TSK_mutex
00007f44   ___TI_enable_exit_profile_output
ffffffff   ___TI_pprof_out_hndl
ffffffff   ___TI_prof_data_size
ffffffff   ___TI_prof_data_start
00005ac0   ___add_dtor
00007a60   ___atexit_func_id__
ffffffff   ___binit__
00008fe0   ___bss__
ffffffff   ___c_args__
00005ba0   ___cinit__
00000000   ___data__
00000000   ___edata__
00009310   ___end__
00005ba0   ___etext__
00009bf4   ___pinit__
000043e0   ___text__
00003140   __auto_init
00007f3c   __cleanup_ptr
00007f40   __dtors_ptr
00007f48   __lock
00005b20   __nop
00005b40   __register_lock
00005b60   __register_unlock
00008be0   __stack
00005740   __strasg
00007f4c   __unlock
00005820   _atexit
00008680   _c_int00
00005380   _call_dtors
00007f54   _dtors
00004ce8   _main
00004840   _memcpy
000092e0   _rtdxNullChanCnt
000092e4   _rtdxNullFuncCnt
0000836c   _rtdx_buffer_state
0000838c   _rtdx_mon_state
00004db4   _timer_tick
00009b9c   _trace
00005200   _wait500nS
ffffffff   binit
00005ba0   cinit
00000000   edata
00009310   end
00005ba0   etext
00000000   hwi0
00000020   hwi1
00000140   hwi10
00000160   hwi11
00000180   hwi12
000001a0   hwi13
000001c0   hwi14
000001e0   hwi15
00000040   hwi2
00000060   hwi3
00000080   hwi4
000000a0   hwi5
000000c0   hwi6
000000e0   hwi7
00000100   hwi8
00000120   hwi9
00009bf4   pinit
00009b9c   trace
00009800   trace$buf
00000001   trace$datatype
00000000   trace$log
00000040   trace$size


GLOBAL SYMBOLS: SORTED BY Symbol Address 

address    name
--------   ----
00000000   .data
00000000   BUF$
00000000   CLK_COUNTSPMSHIGH
00000000   CLK_PRDHIGH
00000000   CLK_TDDR
00000000   CLK_TDDRHIGH
00000000   CLK_TIMERNUM
00000000   DEV$
00000000   DGN$
00000000   DHL$
00000000   DHL_gChannelsAvailable
00000000   DIO$
00000000   DIO_NUMSWIBASE
00000000   DIO_NUMTSKBASE
00000000   DIO_STATIC
00000000   DPI$
00000000   GBL_BIGENDIAN
00000000   GBL_C641XL2PRIORITY
00000000   GBL_CACHE
00000000   GBL_L2CONFIGALLOC
00000000   GBL_L2MARMASK1
00000000   GBL_L2MARMASK2
00000000   GBL_L2MARMASK3
00000000   GBL_L2MARMASK4
00000000   GBL_L2MARMASK5
00000000   GBL_L2MODE
00000000   GBL_L2PRIORITY
00000000   GBL_NULL
00000000   GBL_PROCID
00000000   GBL_ROM
00000000   GBL_SUPPORTCSL
00000000   GIO$
00000000   HOOK$
00000000   HOOK_KNLID
00000000   HST_DSM
00000000   HST_NONE
00000000   HWI_A_VECS
00000000   HWI_GENERATE_RESET_VEC
00000000   HWI_INT10$hwi
00000000   HWI_INT11$hwi
00000000   HWI_INT12$hwi
00000000   HWI_INT13$hwi
00000000   HWI_INT14$hwi
00000000   HWI_INT15$hwi
00000000   HWI_INT4$hwi
00000000   HWI_INT5$hwi
00000000   HWI_INT6$hwi
00000000   HWI_INT7$hwi
00000000   HWI_INT8$hwi
00000000   HWI_INT9$hwi
00000000   HWI_NMI$hwi
00000000   HWI_POLARITYMASK
00000000   HWI_RESERVED0$hwi
00000000   HWI_RESERVED1$hwi
00000000   HWI_RESET
00000000   HWI_RESET$hwi
00000000   IDL_busyObj$iB
00000000   IDL_busyObj$operation
00000000   KNL_swi$ord
00000000   KNL_swi$pri
00000000   KNL_swi$sts$unittype
00000000   KNL_swi$swi
00000000   LOG_system$datatype
00000000   LOG_system$log
00000000   MBX$
00000000   MEM_MALLOCSEG
00000000   MEM_NULL
00000000   MEM_SEGZERO
00000000   MEM_USEMPC
00000000   MEM_gNumHeap
00000000   MSGQ$
00000000   MSGQ_USEMSGQ
00000000   OBJ$
00000000   PIP$
00000000   PIP_gNextId
00000000   POOL$
00000000   POOL_USEPOOL
00000000   PRD0$mode
00000000   PRD0$prd
00000000   PRD0$sts$filter
00000000   PRD_swi$ord
00000000   PRD_swi$sts$unittype
00000000   PRD_swi$swi
00000000   RTA_fromHost$hst
00000000   RTA_fromHost$mode
00000000   RTA_toHost$hst
00000000   RTA_toHost$id
00000000   RTDX_MODE
00000000   RTDX_USERTEXECUTION
00000000   SEM$
00000000   SIO$
00000000   SWI_EHOOKFXN
00000000   SWI_IHOOKFXN
00000000   TSK_NUM_HOOKS
00000000   TSK_READYFXN
00000000   TSK_STACKSEG
00000000   TSK_SWITCHFXN
00000000   TSK_idle$ord
00000000   TSK_idle$pri
00000000   TSK_idle$sts$unittype
00000000   TSK_idle$tsk
00000000   UDEV$
00000000   _CLK_TDDR
00000000   _CLK_TIMERNUM
00000000   _GBL_CACHE
00000000   _HWI_RESET
00000000   _MEM_memtab
00000000   _RTDX_interrupt_mask
00000000   ___data__
00000000   ___edata__
00000000   edata
00000000   hwi0
00000000   trace$log
00000001   BUF_ENABLED
00000001   CLK$
00000001   CLK_CALDIV
00000001   CLK_HTIMEDIV
00000001   CLK_LTIMEDIV
00000001   CLK_USETIMER
00000001   GBL$
00000001   GBL_CALLCSLCFGINIT
00000001   GBL_ENABLEINST
00000001   GBL_L2CONFIGURE
00000001   GBL_L2MARMASK
00000001   GBL_USERINIT
00000001   GBL_boot
00000001   HST$
00000001   HST_RTDX
00000001   HWI$
00000001   HWI_NMI
00000001   HWI_ZEROTAB
00000001   IDL$
00000001   IDL_USECLKIDLTIME
00000001   IDL_busyObj$filter
00000001   IDL_busyObj$iA
00000001   IDL_busyObj$iC
00000001   ISRC$
00000001   KNL_swi$dorta
00000001   KNL_swi$sts$filtmaxmult
00000001   KNL_swi$sts$filtsummult
00000001   LCK$
00000001   LOG$
00000001   LOG_ENABLED
00000001   MEM$
00000001   PRD$
00000001   PRD0$ord
00000001   PRD_A_TABLEN
00000001   PRD_swi$dorta
00000001   PRD_swi$pri
00000001   PRD_swi$sts$filtmaxmult
00000001   PRD_swi$sts$filtsummult
00000001   QUE$
00000001   RTA_fromHost$id
00000001   RTA_toHost$mode
00000001   RTDX$
00000001   RTDX_NORMALIZED_HDR
00000001   RTDX_USERTDX
00000001   STS$
00000001   SWI$
00000001   SYS$
00000001   TSK$
00000001   TSK_PRIORITY
00000001   TSK_idle$sts$filtmaxmult
00000001   TSK_idle$sts$filtsummult
00000001   _CLK_USETIMER
00000001   _HWI_NMI
00000001   trace$datatype
00000002   HWI_RESERVED0
00000002   IDL_busyObj$unittype
00000002   KNL_swi$sts$filter
00000002   LOG_A_TABLEN
00000002   PIP_A_TABLEN
00000002   PIP_gNumEmbed
00000002   PRD0$sts$unittype
00000002   PRD_swi$sts$filter
00000002   SWI_A_TABLEN
00000002   TSK_idle$sts$filter
00000002   _HWI_RESERVED0
00000002   _LOG_A_TABLEN
00000002   _RTDX_JTAGONLY
00000003   HWI_RESERVED1
00000003   _HWI_RESERVED1
00000004   CLK_CALMULT
00000004   CLK_HTIMEMULT
00000004   HWI_INT4
00000004   RTA_fromHost$framesize
00000004   _HWI_INT4
00000005   HWI_INT5
00000005   _HWI_INT5
00000006   HWI_INT6
00000006   IDL_CALIBRERROR
00000006   _HWI_INT6
00000007   HWI_INT7
00000007   _HWI_INT7
00000008   HWI_INT8
00000008   PRD_SCALAR
00000008   _HWI_INT8
00000009   HWI_INT9
00000009   _HWI_INT9
0000000a   HWI_INT10
0000000a   _HWI_INT10
0000000b   HWI_INT11
0000000b   _HWI_INT11
0000000c   HWI_INT12
0000000c   _HWI_INT12
0000000d   HWI_INT13
0000000d   _HWI_INT13
0000000e   HWI_INT14
0000000e   _HWI_INT14
0000000f   HWI_INT15
0000000f   _HWI_INT15
00000020   CLK_TCR
00000020   hwi1
0000003e   GBL_DSPTYPE
00000040   HST_MAXFRAMESET
00000040   LOG_system$size
00000040   RTA_toHost$framesize
00000040   hwi2
00000040   trace$size
00000042   GBL_FOOTPRINT
00000060   hwi3
00000064   PIP_OBJSIZE
00000080   hwi4
000000a0   hwi5
000000c0   hwi6
000000e0   hwi7
000000ff   HST_MAXFRAMEALLOWED
00000100   hwi8
00000120   hwi9
00000140   hwi10
00000160   hwi11
00000180   hwi12
000001a0   hwi13
000001c0   hwi14
000001e0   hwi15
00000200   LNK_F_checkBufferCall
00000220   LNK_F_getChanPtr
00000278   LNK_F_init
00000280   LNK_F_dataPump
00000294   LNK_rcloop
00000360   LNK_rdrtry
00000370   LNK_rrloop
000003e8   CLK_MICROSECS
000003e8   PRD0$period
00000400   HST_DSMMEMSIZE
00000400   TSK_STACKSIZE
00000400   __STACK_SIZE
00000408   RTDX_BUFMEMSIZE
00000434   LNK_wrrtry
00000444   LNK_wrloop
00000520   LNK_newin
00000660   LNK_newout
000007c4   LNK_F_readCallBack
00000c34   __GBL_setL2CacheMode
00000de0   SWI_F_enable
00000de0   __SWI_lat3beg
00000e4c   __SWI_lat3end
00000e50   SWI_F_post
00000e50   _SWI_post
00000f8c   __SWI_lat1beg
00000ffc   SWI_EXECFXN
00000ffc   SWI_F_exec
00001028   SWI_F_iexec
00001040   __SWI_lat1end
00001044   __SWI_lat2beg
000010b4   __SWI_lat2end
000010b8   SWI_F_run
000010b8   SWI_RUNFXN
00001320   CLK_HOOKFXN
00001320   HWI_F_dispatch
00001320   _HWI_F_dispatch
00001320   __HWI_lat1beg
000014a0   __HWI_lat1end
000014a0   __HWI_lat2beg
000015cc   __HWI_lat2end2
000015fc   __HWI_lat3end2
00001640   __HWI_lat2end1
00001660   __HWI_lat3beg
00001760   __HWI_lat3end1
00001770   GBL_CLKTYPE
00001780   PRD_F_swi
00001a39   GBL_DSPSUBTYPE
00001a40   PRD_F_tick
00001b20   _KNL_run
00001de0   RTA_F_getlog
00001e24   RTA_F_getsts
00001e6c   RTA_F_readblk
00001e8c   RTA_F_writeword
00001e98   RTA_F_resetmem
00001e98   __RTA_lat1beg
00001ed0   __RTA_lat1end
00001ed8   RTA_F_dispatch
00001f28   RTA_execute
000020a0   _SEM_pendEnterKnl
00002226   GBL_L2ALLOC
000025a0   PRD_THOOKFXN
000025a0   _KNL_tick
000025c0   PIP_F_take
00002654   PIP_F_give
00002654   PIP_F_probe
00002728   PIP_F_start
00002800   __SEM_dopost
00002a20   _TSK_setup
00002c20   _KNL_saveIsrFrame
00002cec   _KNL_switch
00002da0   KNL_glue
00002de0   CLK_F_getltime
00002df4   CLK_F_isr
00002f54   CLK_F_itime
00002f54   _CLK_F_itime
00002f54   _CLK_itime
00002f70   __CLK_lat1beg
00002f9c   __CLK_lat1end
00002fa0   _TSK_exit
00003140   __auto_init
00003380   _TSK_startup
00003440   _KNL_check
00003490   __KNL_lat1beg
00003518   _KNL_idle
00003518   __KNL_lat1end
0000353c   _KNL_max
00003580   _GBL_cslCacheInit
00003660   _KNL_exit
000036b4   _KNL_enter
00003740   _SEM_postEnterKnl
00003820   _SEM_post
00003820   _SEM_postBinary
00003900   _CLK_measure
000039e0   _KNL_ipost
00003aa0   _KNL_post
00003b60   _LCK_post
00003b90   _LCK_pend
00003c20   _SYS_exit
00003ce0   CLK_F_getfhtime
00003d00   CLK_F_gethtime
00003d00   CLK_F_getshtime
00003d00   CLK_TIMEFXN
00003da0   FXN_F_nop
00003da8   FXN_F_run
00003da8   _FXN_F_run
00003df8   FXN_F_zero
00003df8   _FXN_F_zero
00003e20   IDL_F_busy
00003e20   __IDL_lat1beg
00003e70   __IDL_lat1end
00003ea0   LOG_F_event
00003ea0   _LOG_event
00003ea0   __LOG_lat1beg
00003f20   STS_F_delta
00003f20   _STS_delta
00003f58   STS_F_add
00003f58   _STS_add
00003f84   STS_F_reset
00003f84   _STS_reset
00003fa0   IDL_F_calibrate
00004000   CLK_INTBIT
00004008   HWI_CFGDISPATCHED
00004008   _HWI_CFGDISPATCHED
00004020   _HWI_disable
00004038   _HWI_enable
0000404c   _HWI_restore
00004080   _SEM_pend
000040e0   _SYS_abort
00004140   SYS_PUTCFXN
00004140   _UTL_doPutc
000041a0   _CLK_start
00004200   IDL_CALIBRFXN
00004200   IDL_F_stub
00004240   RTA_F_andn
00004260   RTA_F_or
00004280   SYS_ABORTFXN
00004280   _UTL_doAbort
000042c0   _CLK_stop
00004300   GIO_CREATEFXN
00004300   GIO_DELETEFXN
00004300   GIO_PENDFXN
00004300   GIO_POSTFXN
00004300   TSK_VCREATEFXN
00004300   TSK_VDELETEFXN
00004300   TSK_VEXITFXN
00004300   _FXN_F_nop
00004320   _GBL_getVersion
00004340   IDL_F_loop
00004340   _IDL_loop
00004360   _LOG_printf
00004380   _STS_set
000043a0   SYS_ERRORFXN
000043a0   _UTL_doError
000043c0   SYS_EXITFXN
000043c0   _UTL_halt
000043e0   .text
000043e0   ___text__
00004410   _DSK6713_init
00004710   _DSK6713_rget
00004724   _DSK6713_rset
00004738   _DSK6713_wait
0000478c   _DSK6713_waitusec
000047b8   _DSK6713_getVersion
00004840   _memcpy
00004a80   __CSL_init
00004ce8   _main
00004db4   _timer_tick
00004e20   GBL_CLKIN
00005060   _DSK6713_LED_init
00005088   _DSK6713_LED_off
000050f0   _DSK6713_LED_on
00005154   _DSK6713_LED_toggle
00005200   _wait500nS
00005205   GBL_A_VERSION
00005228   GBL_USERINITFXN
00005228   _GBL_setPLLto225MHz
00005380   _call_dtors
000054e0   _TIMER_open
00005620   _TIMER_reset
00005740   __strasg
00005820   _atexit
000059c0   __IRQ_init
00005a60   _DSK6713_DIP_init
00005a68   _DSK6713_DIP_get
00005ac0   ___add_dtor
00005b00   _CSL6713_LIB_
00005b20   __nop
00005b40   __register_lock
00005b60   __register_unlock
00005b80   __IRQ_hookFetchPacket
00005ba0   ___cinit__
00005ba0   ___etext__
00005ba0   cinit
00005ba0   etext
00006bac   RTA_fromHost$buf
00006bc0   _RTDX_Poll
00006fc0   _RTDX_Buffer_WriteCB
00007600   _RTDX_Mon_Queue
00007820   _RTDX_Init_RT_Monitor
000078a0   _RTDX_Buffer_Initialize
00007900   _RTDX_Buffer_ReadCB
00007960   _RTDX_Buffer_Size
000079a0   _RTDX_Final_RT_Monitor
000079e0   _RTDX_Buffer_Read
00007a00   _RTDX_Buffer_Write
00007a40   _RTDX_Mask_IER
00007a60   ___atexit_func_id__
00007c10   __IRQ_eventTable
00007c94   __IRQ_intTable
00007cd4   __IRQ_dispatchTable
00007cdc   _KNL_queues
00007d7c   _KNL_dummy
00007db4   _TSK_ATTRS
00007dd0   _TSK_config
00007df0   _TSK_timerSem
00007e10   _OBJ_table
00007e48   _OBJ_segtab
00007e64   __TSK_mutex
00007e8c   __MEM_mutex
00007edc   __TIMER_deviceTable
00007ef4   __TIMER_hDev0
00007ef8   __TIMER_hDev1
00007efc   __TIMER_hBios
00007f00   _SYS_exitStack
00007f3c   __cleanup_ptr
00007f40   __dtors_ptr
00007f44   ___TI_enable_exit_profile_output
00007f48   __lock
00007f4c   __unlock
00007f50   _Glo
00007f54   _dtors
00007f58   _DSK6713_version
00007f5c   _RTDX_Buffer
00008364   _RTDX_Buffer_Start
00008368   _RTDX_Buffer_End
0000836c   _rtdx_buffer_state
00008378   _RTDX_writing
0000838c   _rtdx_mon_state
000083a8   IDL_A_TABBEG
000083a8   IDL_cpuLoad
000083a8   _IDL_cpuLoad
000083ac   LNK_dataPump
000083ac   _LNK_dataPump
000083b0   RTA_dispatcher
000083b0   _RTA_dispatcher
000083b4   IDL_END
000083b8   CLK_A_TABBEG
000083b8   PRD_clock
000083b8   _PRD_clock
000083bc   CLK_null
000083c0   BIOS_init
000083c0   _BIOS_init
00008524   BIOS$$CLKON
00008564   BIOS$$CLKOFF
000085cc   BIOS_start
000085cc   _BIOS_start
00008680   _c_int00
00008740   _TSK_init
000087c0   _OBJ_init
000087e0   TSK_idle$stack
00008b78   TSK_idle$stkptr
00008be0   GBL_stackbeg
00008be0   _HWI_STKTOP
00008be0   __stack
00008fd8   _HWI_STKBOTTOM
00008fdf   GBL_stackend
00008fe0   $bss
00008fe0   .bss
00008fe0   _HWI_dispatchTab
00008fe0   __STACK_END
00008fe0   ___bss__
000090e0   IDL_D_tabbeg
000090e4   IDL_D_calibrate
000090e8   IDL_D_calbeg
000090ec   LOG_D_system
000090ec   _LOG_D_system
000090f0   PIP_D_tabbeg
000090f4   PIP_D_tablen
000090f8   CLK_R_time
000090fc   CLK_D_timefxn
00009100   CLK_D_tabbeg
00009104   CLK_D_isrhook
00009108   CLK_D_idletime
0000910c   _CLK_htimeDiv
00009110   _CLK_htimeMult
00009114   _CLK_ltimeDiv
00009118   _CLK_ltimeMult
0000911c   _CLK_D_dirty
00009120   _CLK_D_prd
00009124   _CLK_D_tddr
00009128   _CLK_D_countspms
0000912c   PRD_D_tick
0000912c   _PRD_D_tick
00009130   PRD_D_cur
00009134   PRD_D_elapsed
00009138   PRD_D_prevtim
0000913c   PRD_D_scalar
00009140   PRD_D_swihandle
00009144   PRD_D_tabbeg
00009148   PRD_D_tablen
0000914c   PRD_D_thook
00009150   RTA_D_fromHost
00009154   RTA_D_toHost
00009158   RTA_D_logval
00009168   RTA_D_stsval
00009174   HST_D_chanmask
00009178   HST_D_tabbeg
0000917c   HST_D_tabend
00009180   _GBL_procId
00009184   _GBL_clkIn
00009188   _GBL_freq
0000918c   _MEM_D_NUMSEGMENTS
00009190   _MEM_D_memtab
00009194   _MEM_D_freelist
00009198   _MEM_D_lockaddr
0000919c   _MEM_D_unlockaddr
000091a0   _SYS
000091a4   __HOOK_knlId
000091a8   __HOOK_NUMHOOKS
000091ac   SWI_D_runaddr
000091ac   _SWI_D_runaddr
000091ac   _SWI_data
000091b0   SWI_D_execaddr
000091b0   _SWI_D_execaddr
000091b4   SWI_D_curmask
000091b4   _SWI_D_curmask
000091b8   SWI_D_curset
000091b8   _SWI_D_curset
000091bc   SWI_D_lock
000091bc   _SWI_D_lock
000091c0   SWI_D_curmbox
000091c4   SWI_D_curfxn
000091c4   _SWI_D_curfxn
000091c8   SWI_D_rdybeg
000091c8   _SWI_D_rdybeg
000091cc   SWI_D_inswi
000091cc   _SWI_D_inswi
000091d0   SWI_D_rdytab
00009248   _KNL_wFlag
0000924c   _KNL_wList
00009250   _KNL_alarm
00009254   _KNL_setpri
00009258   _KNL_inactive
0000925c   _KNL_priority
00009260   _KNL_set
00009264   _KNL_curtask
00009268   _KNL_prevtask
0000926c   _KNL_curtime
00009270   _KNL_swiptr
00009274   _KNL_curqueue
00009278   _KNL_maxqueue
0000927c   _KNL_tswitchfxn
00009280   _KNL_tcreatefxn
00009284   _KNL_tdeletefxn
00009288   _KNL_treadyfxn
0000928c   _KNL_idlefxn
00009290   HWI_D_spsave
00009290   _HWI_D_spsave
00009290   _HWI_data
0000929c   _HWI_D_inhwi
000092a0   HWI_D_bss
000092a4   HWI_D_ccmask
000092a8   RTA_fromHost$pipe$dtab
000092b4   RTA_toHost$pipe$dtab
000092c0   LNK_dspFrameRequestMask
000092c0   _LNK_dspFrameRequestMask
000092c4   LNK_dspFrameReadyMask
000092c4   _LNK_dspFrameReadyMask
000092c8   LNK_readPend
000092c8   _LNK_readPend
000092cc   LNK_readDone
000092cc   _LNK_readDone
000092d0   LNK_readFail
000092d0   _LNK_readFail
000092d4   LNK_writeFail
000092d4   _LNK_writeFail
000092e0   _rtdxNullChanCnt
000092e4   _rtdxNullFuncCnt
000092e8   _TSK_nTasks
000092ec   _TSK_pid
000092f0   _TSK
000092f4   _CLK_DFLTMICROSECS
000092f8   _CLK_D_microseconds
000092fc   _SYS_exitStackPtr
00009300   _SYS_exitStackTop
00009304   _CLK_htimePerLtime
0000930c   IDL_D_busyObj
00009310   _SYS_PUTCBEG
00009310   ___end__
00009310   end
0000950f   _SYS_PUTCEND
00009510   PIP_A_TABBEG
00009510   RTA_fromHost$pipe
00009510   _PIP_A_TABBEG
00009514   RTA_fromHost$pipe$rd
00009540   RTA_fromHost$pipe$aaa
00009544   RTA_fromHost$pipe$wr
00009570   RTA_fromHost$pipe$bbb
00009574   RTA_toHost$pipe
00009578   RTA_toHost$pipe$rd
000095a4   RTA_toHost$pipe$aaa
000095a8   RTA_toHost$pipe$wr
000095d4   RTA_toHost$pipe$bbb
000095d8   PIP_A_TABEND
000095d8   _PIP_A_TABEND
00009600   LOG_system$buf
00009700   RTA_toHost$buf
00009800   trace$buf
000099f1   PRD0$sts$maxfmt
000099fa   PRD0$sts$sumfmt
00009a00   TSK_idle
00009a00   _TSK_idle
00009a03   PRD0$sts$avgfmt
00009a0e   KNL_swi$sts$maxfmt
00009a16   KNL_swi$sts$sumfmt
00009a1e   KNL_swi$sts$avgfmt
00009a28   PRD_swi$sts$maxfmt
00009a30   PRD_swi$sts$sumfmt
00009a38   PRD_swi$sts$avgfmt
00009a42   TSK_idle$sts$maxfmt
00009a4a   TSK_idle$sts$sumfmt
00009a52   TSK_idle$sts$avgfmt
00009a54   KNL_swi
00009a54   SWI_A_TABBEG
00009a54   _KNL_swi
00009a5c   IDL_busyObj$maxfmt
00009a5f   IDL_busyObj$sumfmt
00009a62   IDL_busyObj$avgfmt
00009a80   PRD_SWIHANDLE
00009a80   PRD_swi
00009a80   _PRD_swi
00009aac   PRD0$sts$stsobj
00009aac   STS_A_TABBEG
00009aac   SWI_A_TABEND
00009aac   _STS_A_TABBEG
00009ab0   PRD0$sts
00009abc   KNL_swi$sts$stsobj
00009ac0   KNL_swi$sts
00009acc   PRD_swi$sts$stsobj
00009ad0   PRD_swi$sts
00009adc   TSK_idle$sts$stsobj
00009ae0   TSK_idle$sts
00009aec   IDL_busyObj$stsobj
00009af0   IDL_busyObj
00009af0   _IDL_busyObj
00009afc   STS_A_TABEND
00009afc   _STS_A_TABEND
00009b48   HST_A_TABBEG
00009b48   _HST_A_TABBEG
00009b4c   RTA_fromHost
00009b4c   _RTA_fromHost
00009b54   RTA_fromHost$rtdx
00009b68   RTA_toHost
00009b68   _RTA_toHost
00009b70   RTA_toHost$rtdx
00009b84   HST_A_TABEND
00009b84   LOG_A_TABBEG
00009b84   LOG_system
00009b84   _HST_A_TABEND
00009b84   _LOG_A_TABBEG
00009b84   _LOG_system
00009b9c   _trace
00009b9c   trace
00009bb4   LOG_A_TABEND
00009bb4   PRD0
00009bb4   PRD_A_TABBEG
00009bb4   _LOG_A_TABEND
00009bb4   _PRD0
00009bd0   PRD0$aaa
00009bd4   IDL_A_CALBEG
00009bd4   IDL_cpuLoad$
00009bd4   PRD_A_TABEND
00009bd8   LNK_dataPump$
00009bdc   RTA_dispatcher$
00009be0   IDL_END$
00009be4   SYS$config
00009bf4   ___pinit__
00009bf4   pinit
00009c00   TRC_cinit
00009c04   TRC_R_mask
00009c04   _TRC_R_mask
00009c08   GBL_initdone
0000dbba   CLK_COUNTSPMS
0000dbba   CLK_HTIMEPERLTIME
0000dbba   CLK_PRD
0000dbba   _CLK_COUNTSPMS
0000dbba   _CLK_PRD
0000dbef   GBL_TRCMASKVALUE
00036ee8   CLK_LTIMEMULT
00036ee8   GBL_FREQ
01940000   CLK_REGS
01940000   _CLK_REGS
082039a3   HWI_INTRMULTHIGH
310718a4   HWI_INTRMULTLOW
ffffffff   HST_DSMBUFSEG
ffffffff   IRAM
ffffffff   RTDX_DATAMEMSEG
ffffffff   SDRAM
ffffffff   _IRAM
ffffffff   _SDRAM
ffffffff   ___TI_pprof_out_hndl
ffffffff   ___TI_prof_data_size
ffffffff   ___TI_prof_data_start
ffffffff   ___binit__
ffffffff   ___c_args__
ffffffff   binit

[741 symbols]
